2015-04-04T00:24:29.824-0100: 0.277: Total time for which application threads were stopped: 0.0001610 seconds
2015-04-04T00:24:29.858-0100: 0.310: Total time for which application threads were stopped: 0.0001320 seconds
2015-04-04T00:24:30.861-0100: 1.313: Total time for which application threads were stopped: 0.0001520 seconds
2015-04-04T00:24:31.863-0100: 2.316: Total time for which application threads were stopped: 0.0004900 seconds
2015-04-04T00:24:32.866-0100: 3.319: Total time for which application threads were stopped: 0.0002540 seconds
{Heap before GC invocations=0 (full 0):
 par new generation   total 109248K, used 87424K [0x00000007dae00000, 0x00000007e2e00000, 0x00000007e2e00000)
  eden space 87424K, 100% used [0x00000007dae00000, 0x00000007e0360000, 0x00000007e0360000)
  from space 21824K,   0% used [0x00000007e0360000, 0x00000007e0360000, 0x00000007e18b0000)
  to   space 21824K,   0% used [0x00000007e18b0000, 0x00000007e18b0000, 0x00000007e2e00000)
 concurrent mark-sweep generation total 393216K, used 0K [0x00000007e2e00000, 0x00000007fae00000, 0x00000007fae00000)
 concurrent-mark-sweep perm gen total 21248K, used 17902K [0x00000007fae00000, 0x00000007fc2c0000, 0x0000000800000000)
2015-04-04T00:24:32.978-0100: 3.430: [GC2015-04-04T00:24:32.978-0100: 3.430: [ParNew
Desired survivor size 20112992 bytes, new threshold 8 (max 8)
- age   1:   11684304 bytes,   11684304 total
: 87424K->11532K(109248K), 0.0245350 secs] 87424K->11532K(502464K), 0.0246160 secs] [Times: user=0.05 sys=0.01, real=0.03 secs] 
Heap after GC invocations=1 (full 0):
 par new generation   total 109248K, used 11532K [0x00000007dae00000, 0x00000007e2e00000, 0x00000007e2e00000)
  eden space 87424K,   0% used [0x00000007dae00000, 0x00000007dae00000, 0x00000007e0360000)
  from space 21824K,  52% used [0x00000007e18b0000, 0x00000007e23f32f0, 0x00000007e2e00000)
  to   space 21824K,   0% used [0x00000007e0360000, 0x00000007e0360000, 0x00000007e18b0000)
 concurrent mark-sweep generation total 393216K, used 0K [0x00000007e2e00000, 0x00000007fae00000, 0x00000007fae00000)
 concurrent-mark-sweep perm gen total 21248K, used 17902K [0x00000007fae00000, 0x00000007fc2c0000, 0x0000000800000000)
}
2015-04-04T00:24:33.003-0100: 3.455: Total time for which application threads were stopped: 0.0247370 seconds
2015-04-04T00:24:33.654-0100: 4.106: Total time for which application threads were stopped: 0.0004480 seconds
2015-04-04T00:24:35.661-0100: 6.113: Total time for which application threads were stopped: 0.0001360 seconds
2015-04-04T00:24:38.043-0100: 8.496: Total time for which application threads were stopped: 0.0002090 seconds
2015-04-04T00:24:41.572-0100: 12.024: Total time for which application threads were stopped: 0.0002290 seconds
2015-04-04T00:24:41.594-0100: 12.046: Total time for which application threads were stopped: 0.0000550 seconds
2015-04-04T00:24:41.677-0100: 12.129: Total time for which application threads were stopped: 0.0001640 seconds
2015-04-04T00:24:41.679-0100: 12.131: Total time for which application threads were stopped: 0.0001580 seconds
2015-04-04T00:24:41.679-0100: 12.131: Total time for which application threads were stopped: 0.0000730 seconds
2015-04-04T00:24:41.679-0100: 12.131: Total time for which application threads were stopped: 0.0000370 seconds
2015-04-04T00:24:41.688-0100: 12.140: Total time for which application threads were stopped: 0.0003430 seconds
2015-04-04T00:24:41.688-0100: 12.141: Total time for which application threads were stopped: 0.0000660 seconds
2015-04-04T00:24:41.688-0100: 12.141: Total time for which application threads were stopped: 0.0000490 seconds
2015-04-04T00:24:41.767-0100: 12.220: Total time for which application threads were stopped: 0.0002200 seconds
2015-04-04T00:24:41.783-0100: 12.235: Total time for which application threads were stopped: 0.0000660 seconds
2015-04-04T00:24:41.788-0100: 12.240: Total time for which application threads were stopped: 0.0001000 seconds
2015-04-04T00:24:42.013-0100: 12.465: Total time for which application threads were stopped: 0.0000600 seconds
2015-04-04T00:24:42.067-0100: 12.519: Total time for which application threads were stopped: 0.0001050 seconds
2015-04-04T00:24:42.070-0100: 12.522: Total time for which application threads were stopped: 0.0001030 seconds
2015-04-04T00:24:42.081-0100: 12.534: Total time for which application threads were stopped: 0.0001050 seconds
2015-04-04T00:24:42.335-0100: 12.788: Total time for which application threads were stopped: 0.0001580 seconds
2015-04-04T00:24:42.336-0100: 12.788: Total time for which application threads were stopped: 0.0000630 seconds
2015-04-04T00:24:42.336-0100: 12.788: Total time for which application threads were stopped: 0.0000540 seconds
2015-04-04T00:24:42.336-0100: 12.788: Total time for which application threads were stopped: 0.0000590 seconds
2015-04-04T00:24:42.338-0100: 12.791: Total time for which application threads were stopped: 0.0004480 seconds
2015-04-04T00:24:42.343-0100: 12.795: Total time for which application threads were stopped: 0.0001640 seconds
2015-04-04T00:24:42.345-0100: 12.797: Total time for which application threads were stopped: 0.0000610 seconds
2015-04-04T00:24:42.347-0100: 12.800: Total time for which application threads were stopped: 0.0000490 seconds
2015-04-04T00:24:42.349-0100: 12.802: Total time for which application threads were stopped: 0.0000410 seconds
2015-04-04T00:24:42.349-0100: 12.802: Total time for which application threads were stopped: 0.0000230 seconds
2015-04-04T00:24:42.350-0100: 12.802: Total time for which application threads were stopped: 0.0000280 seconds
2015-04-04T00:24:42.350-0100: 12.802: Total time for which application threads were stopped: 0.0000250 seconds
2015-04-04T00:24:42.390-0100: 12.842: Total time for which application threads were stopped: 0.0025100 seconds
2015-04-04T00:24:42.402-0100: 12.854: Total time for which application threads were stopped: 0.0002110 seconds
2015-04-04T00:24:42.407-0100: 12.859: Total time for which application threads were stopped: 0.0001060 seconds
2015-04-04T00:24:42.592-0100: 13.044: Total time for which application threads were stopped: 0.0001890 seconds
2015-04-04T00:24:42.658-0100: 13.110: Total time for which application threads were stopped: 0.0001020 seconds
2015-04-04T00:24:42.688-0100: 13.141: Total time for which application threads were stopped: 0.0000880 seconds
2015-04-04T00:24:42.688-0100: 13.141: Total time for which application threads were stopped: 0.0000540 seconds
2015-04-04T00:24:42.689-0100: 13.142: Total time for which application threads were stopped: 0.0001160 seconds
2015-04-04T00:24:42.690-0100: 13.142: Total time for which application threads were stopped: 0.0000550 seconds
2015-04-04T00:24:42.707-0100: 13.160: Total time for which application threads were stopped: 0.0001460 seconds
2015-04-04T00:24:42.721-0100: 13.173: Total time for which application threads were stopped: 0.0002610 seconds
2015-04-04T00:24:42.721-0100: 13.174: Total time for which application threads were stopped: 0.0001370 seconds
2015-04-04T00:24:42.722-0100: 13.174: Total time for which application threads were stopped: 0.0001490 seconds
2015-04-04T00:24:42.763-0100: 13.216: Total time for which application threads were stopped: 0.0000850 seconds
2015-04-04T00:24:42.770-0100: 13.222: Total time for which application threads were stopped: 0.0001050 seconds
2015-04-04T00:24:42.771-0100: 13.223: Total time for which application threads were stopped: 0.0003510 seconds
2015-04-04T00:24:42.774-0100: 13.226: Total time for which application threads were stopped: 0.0000980 seconds
2015-04-04T00:24:42.777-0100: 13.229: Total time for which application threads were stopped: 0.0006890 seconds
2015-04-04T00:24:42.780-0100: 13.232: Total time for which application threads were stopped: 0.0000700 seconds
2015-04-04T00:24:42.803-0100: 13.255: Total time for which application threads were stopped: 0.0001690 seconds
2015-04-04T00:24:42.804-0100: 13.256: Total time for which application threads were stopped: 0.0001370 seconds
2015-04-04T00:24:42.810-0100: 13.262: Total time for which application threads were stopped: 0.0001080 seconds
2015-04-04T00:24:42.940-0100: 13.392: Total time for which application threads were stopped: 0.0001800 seconds
2015-04-04T00:24:42.949-0100: 13.401: Total time for which application threads were stopped: 0.0002360 seconds
2015-04-04T00:24:42.956-0100: 13.408: Total time for which application threads were stopped: 0.0000850 seconds
2015-04-04T00:24:42.958-0100: 13.410: Total time for which application threads were stopped: 0.0000980 seconds
2015-04-04T00:24:42.984-0100: 13.436: Total time for which application threads were stopped: 0.0001400 seconds
2015-04-04T00:24:42.986-0100: 13.438: Total time for which application threads were stopped: 0.0002140 seconds
2015-04-04T00:24:42.998-0100: 13.450: Total time for which application threads were stopped: 0.0001600 seconds
{Heap before GC invocations=1 (full 0):
 par new generation   total 109248K, used 98956K [0x00000007dae00000, 0x00000007e2e00000, 0x00000007e2e00000)
  eden space 87424K, 100% used [0x00000007dae00000, 0x00000007e0360000, 0x00000007e0360000)
  from space 21824K,  52% used [0x00000007e18b0000, 0x00000007e23f32f0, 0x00000007e2e00000)
  to   space 21824K,   0% used [0x00000007e0360000, 0x00000007e0360000, 0x00000007e18b0000)
 concurrent mark-sweep generation total 393216K, used 0K [0x00000007e2e00000, 0x00000007fae00000, 0x00000007fae00000)
 concurrent-mark-sweep perm gen total 23168K, used 23059K [0x00000007fae00000, 0x00000007fc4a0000, 0x0000000800000000)
2015-04-04T00:24:43.361-0100: 13.813: [GC2015-04-04T00:24:43.361-0100: 13.813: [ParNew
Desired survivor size 20112992 bytes, new threshold 8 (max 8)
- age   1:    7321808 bytes,    7321808 total
- age   2:    4283440 bytes,   11605248 total
: 98956K->13595K(109248K), 0.0214770 secs] 98956K->13595K(502464K), 0.0215720 secs] [Times: user=0.06 sys=0.01, real=0.02 secs] 
Heap after GC invocations=2 (full 0):
 par new generation   total 109248K, used 13595K [0x00000007dae00000, 0x00000007e2e00000, 0x00000007e2e00000)
  eden space 87424K,   0% used [0x00000007dae00000, 0x00000007dae00000, 0x00000007e0360000)
  from space 21824K,  62% used [0x00000007e0360000, 0x00000007e10a6e40, 0x00000007e18b0000)
  to   space 21824K,   0% used [0x00000007e18b0000, 0x00000007e18b0000, 0x00000007e2e00000)
 concurrent mark-sweep generation total 393216K, used 0K [0x00000007e2e00000, 0x00000007fae00000, 0x00000007fae00000)
 concurrent-mark-sweep perm gen total 23168K, used 23059K [0x00000007fae00000, 0x00000007fc4a0000, 0x0000000800000000)
}
2015-04-04T00:24:43.382-0100: 13.834: Total time for which application threads were stopped: 0.0219060 seconds
2015-04-04T00:24:43.384-0100: 13.836: Total time for which application threads were stopped: 0.0001870 seconds
2015-04-04T00:24:43.384-0100: 13.836: Total time for which application threads were stopped: 0.0000680 seconds
2015-04-04T00:24:43.384-0100: 13.836: Total time for which application threads were stopped: 0.0000620 seconds
2015-04-04T00:24:43.384-0100: 13.836: Total time for which application threads were stopped: 0.0000760 seconds
2015-04-04T00:24:43.384-0100: 13.836: Total time for which application threads were stopped: 0.0000580 seconds
2015-04-04T00:24:43.384-0100: 13.836: Total time for which application threads were stopped: 0.0000750 seconds
2015-04-04T00:24:43.384-0100: 13.837: Total time for which application threads were stopped: 0.0000510 seconds
2015-04-04T00:24:43.384-0100: 13.837: Total time for which application threads were stopped: 0.0000670 seconds
2015-04-04T00:24:43.384-0100: 13.837: Total time for which application threads were stopped: 0.0000590 seconds
2015-04-04T00:24:43.385-0100: 13.837: Total time for which application threads were stopped: 0.0000420 seconds
2015-04-04T00:24:43.385-0100: 13.837: Total time for which application threads were stopped: 0.0000480 seconds
2015-04-04T00:24:43.385-0100: 13.838: Total time for which application threads were stopped: 0.0001180 seconds
2015-04-04T00:24:43.387-0100: 13.839: Total time for which application threads were stopped: 0.0000790 seconds
2015-04-04T00:24:43.387-0100: 13.839: Total time for which application threads were stopped: 0.0000370 seconds
2015-04-04T00:24:43.388-0100: 13.840: Total time for which application threads were stopped: 0.0008180 seconds
2015-04-04T00:24:43.388-0100: 13.840: Total time for which application threads were stopped: 0.0000560 seconds
2015-04-04T00:24:43.388-0100: 13.840: Total time for which application threads were stopped: 0.0000660 seconds
2015-04-04T00:24:43.388-0100: 13.841: Total time for which application threads were stopped: 0.0000720 seconds
2015-04-04T00:24:43.388-0100: 13.841: Total time for which application threads were stopped: 0.0001000 seconds
2015-04-04T00:24:43.389-0100: 13.841: Total time for which application threads were stopped: 0.0002960 seconds
2015-04-04T00:24:43.389-0100: 13.841: Total time for which application threads were stopped: 0.0000650 seconds
2015-04-04T00:24:43.389-0100: 13.841: Total time for which application threads were stopped: 0.0000530 seconds
2015-04-04T00:24:43.389-0100: 13.841: Total time for which application threads were stopped: 0.0000410 seconds
2015-04-04T00:24:43.389-0100: 13.842: Total time for which application threads were stopped: 0.0001080 seconds
2015-04-04T00:24:43.389-0100: 13.842: Total time for which application threads were stopped: 0.0000520 seconds
2015-04-04T00:24:43.389-0100: 13.842: Total time for which application threads were stopped: 0.0000310 seconds
2015-04-04T00:24:43.390-0100: 13.842: Total time for which application threads were stopped: 0.0000570 seconds
2015-04-04T00:24:43.390-0100: 13.842: Total time for which application threads were stopped: 0.0000500 seconds
2015-04-04T00:24:43.390-0100: 13.842: Total time for which application threads were stopped: 0.0000450 seconds
2015-04-04T00:24:43.390-0100: 13.842: Total time for which application threads were stopped: 0.0000350 seconds
2015-04-04T00:24:43.390-0100: 13.842: Total time for which application threads were stopped: 0.0000510 seconds
2015-04-04T00:24:43.390-0100: 13.842: Total time for which application threads were stopped: 0.0000580 seconds
2015-04-04T00:24:43.391-0100: 13.843: Total time for which application threads were stopped: 0.0007290 seconds
2015-04-04T00:24:43.391-0100: 13.843: Total time for which application threads were stopped: 0.0001060 seconds
2015-04-04T00:24:43.391-0100: 13.843: Total time for which application threads were stopped: 0.0000450 seconds
2015-04-04T00:24:43.391-0100: 13.843: Total time for which application threads were stopped: 0.0000510 seconds
2015-04-04T00:24:43.391-0100: 13.844: Total time for which application threads were stopped: 0.0000600 seconds
2015-04-04T00:24:43.391-0100: 13.844: Total time for which application threads were stopped: 0.0000350 seconds
2015-04-04T00:24:43.393-0100: 13.846: Total time for which application threads were stopped: 0.0005050 seconds
2015-04-04T00:24:43.394-0100: 13.846: Total time for which application threads were stopped: 0.0002650 seconds
2015-04-04T00:24:43.409-0100: 13.861: Total time for which application threads were stopped: 0.0001760 seconds
2015-04-04T00:24:43.409-0100: 13.861: Total time for which application threads were stopped: 0.0000940 seconds
2015-04-04T00:24:43.440-0100: 13.892: Total time for which application threads were stopped: 0.0002240 seconds
2015-04-04T00:24:43.446-0100: 13.898: Total time for which application threads were stopped: 0.0001660 seconds
2015-04-04T00:24:43.611-0100: 14.063: Total time for which application threads were stopped: 0.0001330 seconds
2015-04-04T00:24:43.718-0100: 14.171: Total time for which application threads were stopped: 0.0002210 seconds
2015-04-04T00:24:43.720-0100: 14.172: Total time for which application threads were stopped: 0.0001420 seconds
2015-04-04T00:24:43.779-0100: 14.231: Total time for which application threads were stopped: 0.0001900 seconds
2015-04-04T00:24:43.781-0100: 14.234: Total time for which application threads were stopped: 0.0001610 seconds
2015-04-04T00:24:43.783-0100: 14.235: Total time for which application threads were stopped: 0.0001960 seconds
2015-04-04T00:24:43.784-0100: 14.236: Total time for which application threads were stopped: 0.0001590 seconds
2015-04-04T00:24:43.853-0100: 14.305: Total time for which application threads were stopped: 0.0002260 seconds
2015-04-04T00:24:43.871-0100: 14.323: Total time for which application threads were stopped: 0.0004040 seconds
{Heap before GC invocations=2 (full 0):
 par new generation   total 109248K, used 101019K [0x00000007dae00000, 0x00000007e2e00000, 0x00000007e2e00000)
  eden space 87424K, 100% used [0x00000007dae00000, 0x00000007e0360000, 0x00000007e0360000)
  from space 21824K,  62% used [0x00000007e0360000, 0x00000007e10a6e40, 0x00000007e18b0000)
  to   space 21824K,   0% used [0x00000007e18b0000, 0x00000007e18b0000, 0x00000007e2e00000)
 concurrent mark-sweep generation total 393216K, used 0K [0x00000007e2e00000, 0x00000007fae00000, 0x00000007fae00000)
 concurrent-mark-sweep perm gen total 23744K, used 23659K [0x00000007fae00000, 0x00000007fc530000, 0x0000000800000000)
2015-04-04T00:24:43.886-0100: 14.338: [GC2015-04-04T00:24:43.886-0100: 14.339: [ParNew
Desired survivor size 20112992 bytes, new threshold 8 (max 8)
- age   1:    2433736 bytes,    2433736 total
- age   2:    3213864 bytes,    5647600 total
- age   3:    4281360 bytes,    9928960 total
: 101019K->17848K(109248K), 0.0246580 secs] 101019K->17848K(502464K), 0.0248060 secs] [Times: user=0.06 sys=0.00, real=0.03 secs] 
Heap after GC invocations=3 (full 0):
 par new generation   total 109248K, used 17848K [0x00000007dae00000, 0x00000007e2e00000, 0x00000007e2e00000)
  eden space 87424K,   0% used [0x00000007dae00000, 0x00000007dae00000, 0x00000007e0360000)
  from space 21824K,  81% used [0x00000007e18b0000, 0x00000007e2a1e368, 0x00000007e2e00000)
  to   space 21824K,   0% used [0x00000007e0360000, 0x00000007e0360000, 0x00000007e18b0000)
 concurrent mark-sweep generation total 393216K, used 0K [0x00000007e2e00000, 0x00000007fae00000, 0x00000007fae00000)
 concurrent-mark-sweep perm gen total 23744K, used 23659K [0x00000007fae00000, 0x00000007fc530000, 0x0000000800000000)
}
2015-04-04T00:24:43.911-0100: 14.363: Total time for which application threads were stopped: 0.0251410 seconds
2015-04-04T00:24:43.912-0100: 14.364: Total time for which application threads were stopped: 0.0001650 seconds
2015-04-04T00:24:43.912-0100: 14.364: Total time for which application threads were stopped: 0.0000820 seconds
2015-04-04T00:24:43.917-0100: 14.369: Total time for which application threads were stopped: 0.0001770 seconds
2015-04-04T00:24:43.927-0100: 14.379: Total time for which application threads were stopped: 0.0003290 seconds
2015-04-04T00:24:43.939-0100: 14.391: Total time for which application threads were stopped: 0.0001350 seconds
2015-04-04T00:24:44.111-0100: 14.563: Total time for which application threads were stopped: 0.0001510 seconds
2015-04-04T00:24:44.209-0100: 14.661: Total time for which application threads were stopped: 0.0036400 seconds
2015-04-04T00:24:44.281-0100: 14.734: Total time for which application threads were stopped: 0.0003900 seconds
2015-04-04T00:24:44.287-0100: 14.739: Total time for which application threads were stopped: 0.0001200 seconds
2015-04-04T00:24:44.297-0100: 14.750: Total time for which application threads were stopped: 0.0002240 seconds
{Heap before GC invocations=3 (full 0):
 par new generation   total 109248K, used 105272K [0x00000007dae00000, 0x00000007e2e00000, 0x00000007e2e00000)
  eden space 87424K, 100% used [0x00000007dae00000, 0x00000007e0360000, 0x00000007e0360000)
  from space 21824K,  81% used [0x00000007e18b0000, 0x00000007e2a1e368, 0x00000007e2e00000)
  to   space 21824K,   0% used [0x00000007e0360000, 0x00000007e0360000, 0x00000007e18b0000)
 concurrent mark-sweep generation total 393216K, used 0K [0x00000007e2e00000, 0x00000007fae00000, 0x00000007fae00000)
 concurrent-mark-sweep perm gen total 23936K, used 23817K [0x00000007fae00000, 0x00000007fc560000, 0x0000000800000000)
2015-04-04T00:24:44.482-0100: 14.934: [GC2015-04-04T00:24:44.482-0100: 14.934: [ParNew
Desired survivor size 20112992 bytes, new threshold 8 (max 8)
- age   1:     369384 bytes,     369384 total
- age   2:    1756568 bytes,    2125952 total
- age   3:    3164664 bytes,    5290616 total
- age   4:    4280256 bytes,    9570872 total
: 105272K->10919K(109248K), 0.0349190 secs] 105272K->10919K(502464K), 0.0350590 secs] [Times: user=0.05 sys=0.00, real=0.03 secs] 
Heap after GC invocations=4 (full 0):
 par new generation   total 109248K, used 10919K [0x00000007dae00000, 0x00000007e2e00000, 0x00000007e2e00000)
  eden space 87424K,   0% used [0x00000007dae00000, 0x00000007dae00000, 0x00000007e0360000)
  from space 21824K,  50% used [0x00000007e0360000, 0x00000007e0e09e70, 0x00000007e18b0000)
  to   space 21824K,   0% used [0x00000007e18b0000, 0x00000007e18b0000, 0x00000007e2e00000)
 concurrent mark-sweep generation total 393216K, used 0K [0x00000007e2e00000, 0x00000007fae00000, 0x00000007fae00000)
 concurrent-mark-sweep perm gen total 23936K, used 23817K [0x00000007fae00000, 0x00000007fc560000, 0x0000000800000000)
}
2015-04-04T00:24:44.517-0100: 14.969: Total time for which application threads were stopped: 0.0420590 seconds
2015-04-04T00:24:44.653-0100: 15.105: Total time for which application threads were stopped: 0.0002240 seconds
2015-04-04T00:24:44.821-0100: 15.273: Total time for which application threads were stopped: 0.0002530 seconds
2015-04-04T00:24:44.834-0100: 15.286: Total time for which application threads were stopped: 0.0002760 seconds
2015-04-04T00:24:44.876-0100: 15.328: Total time for which application threads were stopped: 0.0109660 seconds
{Heap before GC invocations=4 (full 0):
 par new generation   total 109248K, used 98343K [0x00000007dae00000, 0x00000007e2e00000, 0x00000007e2e00000)
  eden space 87424K, 100% used [0x00000007dae00000, 0x00000007e0360000, 0x00000007e0360000)
  from space 21824K,  50% used [0x00000007e0360000, 0x00000007e0e09e70, 0x00000007e18b0000)
  to   space 21824K,   0% used [0x00000007e18b0000, 0x00000007e18b0000, 0x00000007e2e00000)
 concurrent mark-sweep generation total 393216K, used 0K [0x00000007e2e00000, 0x00000007fae00000, 0x00000007fae00000)
 concurrent-mark-sweep perm gen total 24320K, used 24139K [0x00000007fae00000, 0x00000007fc5c0000, 0x0000000800000000)
2015-04-04T00:24:45.010-0100: 15.462: [GC2015-04-04T00:24:45.010-0100: 15.462: [ParNew
Desired survivor size 20112992 bytes, new threshold 8 (max 8)
- age   1:     669856 bytes,     669856 total
- age   2:     115080 bytes,     784936 total
- age   3:    1746440 bytes,    2531376 total
- age   4:    3147032 bytes,    5678408 total
- age   5:    4279728 bytes,    9958136 total
: 98343K->12152K(109248K), 0.0155090 secs] 98343K->12152K(502464K), 0.0155960 secs] [Times: user=0.06 sys=0.00, real=0.01 secs] 
Heap after GC invocations=5 (full 0):
 par new generation   total 109248K, used 12152K [0x00000007dae00000, 0x00000007e2e00000, 0x00000007e2e00000)
  eden space 87424K,   0% used [0x00000007dae00000, 0x00000007dae00000, 0x00000007e0360000)
  from space 21824K,  55% used [0x00000007e18b0000, 0x00000007e248e280, 0x00000007e2e00000)
  to   space 21824K,   0% used [0x00000007e0360000, 0x00000007e0360000, 0x00000007e18b0000)
 concurrent mark-sweep generation total 393216K, used 0K [0x00000007e2e00000, 0x00000007fae00000, 0x00000007fae00000)
 concurrent-mark-sweep perm gen total 24320K, used 24139K [0x00000007fae00000, 0x00000007fc5c0000, 0x0000000800000000)
}
2015-04-04T00:24:45.026-0100: 15.478: Total time for which application threads were stopped: 0.0335300 seconds
{Heap before GC invocations=5 (full 0):
 par new generation   total 109248K, used 99576K [0x00000007dae00000, 0x00000007e2e00000, 0x00000007e2e00000)
  eden space 87424K, 100% used [0x00000007dae00000, 0x00000007e0360000, 0x00000007e0360000)
  from space 21824K,  55% used [0x00000007e18b0000, 0x00000007e248e280, 0x00000007e2e00000)
  to   space 21824K,   0% used [0x00000007e0360000, 0x00000007e0360000, 0x00000007e18b0000)
 concurrent mark-sweep generation total 393216K, used 0K [0x00000007e2e00000, 0x00000007fae00000, 0x00000007fae00000)
 concurrent-mark-sweep perm gen total 24320K, used 24224K [0x00000007fae00000, 0x00000007fc5c0000, 0x0000000800000000)
2015-04-04T00:24:45.480-0100: 15.932: [GC2015-04-04T00:24:45.480-0100: 15.932: [ParNew
Desired survivor size 20112992 bytes, new threshold 8 (max 8)
- age   1:     386056 bytes,     386056 total
- age   2:     137824 bytes,     523880 total
- age   3:     106976 bytes,     630856 total
- age   4:    1738704 bytes,    2369560 total
- age   5:    3133896 bytes,    5503456 total
- age   6:    4279728 bytes,    9783184 total
: 99576K->13978K(109248K), 0.0196070 secs] 99576K->13978K(502464K), 0.0197270 secs] [Times: user=0.04 sys=0.00, real=0.02 secs] 
Heap after GC invocations=6 (full 0):
 par new generation   total 109248K, used 13978K [0x00000007dae00000, 0x00000007e2e00000, 0x00000007e2e00000)
  eden space 87424K,   0% used [0x00000007dae00000, 0x00000007dae00000, 0x00000007e0360000)
  from space 21824K,  64% used [0x00000007e0360000, 0x00000007e1106910, 0x00000007e18b0000)
  to   space 21824K,   0% used [0x00000007e18b0000, 0x00000007e18b0000, 0x00000007e2e00000)
 concurrent mark-sweep generation total 393216K, used 0K [0x00000007e2e00000, 0x00000007fae00000, 0x00000007fae00000)
 concurrent-mark-sweep perm gen total 24320K, used 24224K [0x00000007fae00000, 0x00000007fc5c0000, 0x0000000800000000)
}
2015-04-04T00:24:45.500-0100: 15.952: Total time for which application threads were stopped: 0.0201250 seconds
{Heap before GC invocations=6 (full 0):
 par new generation   total 109248K, used 101402K [0x00000007dae00000, 0x00000007e2e00000, 0x00000007e2e00000)
  eden space 87424K, 100% used [0x00000007dae00000, 0x00000007e0360000, 0x00000007e0360000)
  from space 21824K,  64% used [0x00000007e0360000, 0x00000007e1106910, 0x00000007e18b0000)
  to   space 21824K,   0% used [0x00000007e18b0000, 0x00000007e18b0000, 0x00000007e2e00000)
 concurrent mark-sweep generation total 393216K, used 0K [0x00000007e2e00000, 0x00000007fae00000, 0x00000007fae00000)
 concurrent-mark-sweep perm gen total 25280K, used 25108K [0x00000007fae00000, 0x00000007fc6b0000, 0x0000000800000000)
2015-04-04T00:24:46.030-0100: 16.482: [GC2015-04-04T00:24:46.030-0100: 16.482: [ParNew
Desired survivor size 20112992 bytes, new threshold 8 (max 8)
- age   1:    1027128 bytes,    1027128 total
- age   2:     111072 bytes,    1138200 total
- age   3:     132064 bytes,    1270264 total
- age   4:     100536 bytes,    1370800 total
- age   5:    1056528 bytes,    2427328 total
- age   6:    3125128 bytes,    5552456 total
- age   7:    4279536 bytes,    9831992 total
: 101402K->11824K(109248K), 0.0513520 secs] 101402K->11824K(502464K), 0.0514430 secs] [Times: user=0.07 sys=0.00, real=0.05 secs] 
Heap after GC invocations=7 (full 0):
 par new generation   total 109248K, used 11824K [0x00000007dae00000, 0x00000007e2e00000, 0x00000007e2e00000)
  eden space 87424K,   0% used [0x00000007dae00000, 0x00000007dae00000, 0x00000007e0360000)
  from space 21824K,  54% used [0x00000007e18b0000, 0x00000007e243c280, 0x00000007e2e00000)
  to   space 21824K,   0% used [0x00000007e0360000, 0x00000007e0360000, 0x00000007e18b0000)
 concurrent mark-sweep generation total 393216K, used 0K [0x00000007e2e00000, 0x00000007fae00000, 0x00000007fae00000)
 concurrent-mark-sweep perm gen total 25280K, used 25108K [0x00000007fae00000, 0x00000007fc6b0000, 0x0000000800000000)
}
2015-04-04T00:24:46.082-0100: 16.534: Total time for which application threads were stopped: 0.0518870 seconds
2015-04-04T00:24:46.174-0100: 16.627: Total time for which application threads were stopped: 0.0006250 seconds
2015-04-04T00:24:46.363-0100: 16.815: Total time for which application threads were stopped: 0.0002600 seconds
2015-04-04T00:24:46.375-0100: 16.828: Total time for which application threads were stopped: 0.0003270 seconds
2015-04-04T00:24:46.578-0100: 17.030: Total time for which application threads were stopped: 0.0112010 seconds
2015-04-04T00:24:46.595-0100: 17.047: Total time for which application threads were stopped: 0.0001450 seconds
2015-04-04T00:24:46.654-0100: 17.106: Total time for which application threads were stopped: 0.0002490 seconds
2015-04-04T00:24:46.760-0100: 17.212: Total time for which application threads were stopped: 0.0005790 seconds
2015-04-04T00:24:46.794-0100: 17.246: Total time for which application threads were stopped: 0.0001490 seconds
2015-04-04T00:24:46.831-0100: 17.284: Total time for which application threads were stopped: 0.0001460 seconds
2015-04-04T00:24:46.834-0100: 17.286: Total time for which application threads were stopped: 0.0001400 seconds
2015-04-04T00:24:46.980-0100: 17.432: Total time for which application threads were stopped: 0.0013710 seconds
2015-04-04T00:24:46.993-0100: 17.445: Total time for which application threads were stopped: 0.0001400 seconds
2015-04-04T00:24:47.085-0100: 17.537: Total time for which application threads were stopped: 0.0008170 seconds
2015-04-04T00:24:47.106-0100: 17.558: Total time for which application threads were stopped: 0.0002310 seconds
2015-04-04T00:24:47.123-0100: 17.575: Total time for which application threads were stopped: 0.0002570 seconds
2015-04-04T00:24:47.152-0100: 17.604: Total time for which application threads were stopped: 0.0001390 seconds
2015-04-04T00:24:47.154-0100: 17.607: Total time for which application threads were stopped: 0.0004400 seconds
2015-04-04T00:24:47.155-0100: 17.607: Total time for which application threads were stopped: 0.0001470 seconds
2015-04-04T00:24:47.177-0100: 17.630: Total time for which application threads were stopped: 0.0001540 seconds
2015-04-04T00:24:47.187-0100: 17.640: Total time for which application threads were stopped: 0.0002480 seconds
2015-04-04T00:24:47.332-0100: 17.784: Total time for which application threads were stopped: 0.0001660 seconds
2015-04-04T00:24:47.333-0100: 17.785: Total time for which application threads were stopped: 0.0001220 seconds
2015-04-04T00:24:47.333-0100: 17.785: Total time for which application threads were stopped: 0.0000780 seconds
2015-04-04T00:24:47.333-0100: 17.785: Total time for which application threads were stopped: 0.0000790 seconds
2015-04-04T00:24:47.333-0100: 17.785: Total time for which application threads were stopped: 0.0000680 seconds
2015-04-04T00:24:47.333-0100: 17.785: Total time for which application threads were stopped: 0.0000530 seconds
2015-04-04T00:24:47.334-0100: 17.786: Total time for which application threads were stopped: 0.0001270 seconds
2015-04-04T00:24:47.341-0100: 17.793: Total time for which application threads were stopped: 0.0001460 seconds
2015-04-04T00:24:47.347-0100: 17.799: Total time for which application threads were stopped: 0.0001160 seconds
2015-04-04T00:24:47.370-0100: 17.822: Total time for which application threads were stopped: 0.0003160 seconds
2015-04-04T00:24:47.426-0100: 17.878: Total time for which application threads were stopped: 0.0007390 seconds
2015-04-04T00:24:47.432-0100: 17.884: Total time for which application threads were stopped: 0.0003570 seconds
2015-04-04T00:24:47.450-0100: 17.902: Total time for which application threads were stopped: 0.0001470 seconds
2015-04-04T00:24:47.452-0100: 17.904: Total time for which application threads were stopped: 0.0004660 seconds
2015-04-04T00:24:47.528-0100: 17.980: Total time for which application threads were stopped: 0.0001570 seconds
2015-04-04T00:24:47.538-0100: 17.990: Total time for which application threads were stopped: 0.0001100 seconds
2015-04-04T00:24:47.538-0100: 17.990: Total time for which application threads were stopped: 0.0001130 seconds
2015-04-04T00:24:47.539-0100: 17.991: Total time for which application threads were stopped: 0.0001280 seconds
2015-04-04T00:24:47.669-0100: 18.121: Total time for which application threads were stopped: 0.0003240 seconds
2015-04-04T00:24:47.684-0100: 18.136: Total time for which application threads were stopped: 0.0001740 seconds
2015-04-04T00:24:47.822-0100: 18.274: Total time for which application threads were stopped: 0.0003360 seconds
2015-04-04T00:24:47.823-0100: 18.276: Total time for which application threads were stopped: 0.0003170 seconds
2015-04-04T00:24:47.825-0100: 18.277: Total time for which application threads were stopped: 0.0004100 seconds
2015-04-04T00:24:47.826-0100: 18.278: Total time for which application threads were stopped: 0.0003300 seconds
2015-04-04T00:24:47.826-0100: 18.279: Total time for which application threads were stopped: 0.0001580 seconds
2015-04-04T00:24:47.827-0100: 18.279: Total time for which application threads were stopped: 0.0001000 seconds
2015-04-04T00:24:47.827-0100: 18.280: Total time for which application threads were stopped: 0.0001280 seconds
2015-04-04T00:24:47.828-0100: 18.280: Total time for which application threads were stopped: 0.0000980 seconds
2015-04-04T00:24:47.828-0100: 18.280: Total time for which application threads were stopped: 0.0001000 seconds
2015-04-04T00:24:47.828-0100: 18.281: Total time for which application threads were stopped: 0.0000940 seconds
2015-04-04T00:24:47.923-0100: 18.375: Total time for which application threads were stopped: 0.0080410 seconds
2015-04-04T00:24:47.976-0100: 18.428: Total time for which application threads were stopped: 0.0001620 seconds
2015-04-04T00:24:47.985-0100: 18.437: Total time for which application threads were stopped: 0.0003450 seconds
{Heap before GC invocations=7 (full 0):
 par new generation   total 109248K, used 99248K [0x00000007dae00000, 0x00000007e2e00000, 0x00000007e2e00000)
  eden space 87424K, 100% used [0x00000007dae00000, 0x00000007e0360000, 0x00000007e0360000)
  from space 21824K,  54% used [0x00000007e18b0000, 0x00000007e243c280, 0x00000007e2e00000)
  to   space 21824K,   0% used [0x00000007e0360000, 0x00000007e0360000, 0x00000007e18b0000)
 concurrent mark-sweep generation total 393216K, used 0K [0x00000007e2e00000, 0x00000007fae00000, 0x00000007fae00000)
 concurrent-mark-sweep perm gen total 28544K, used 28447K [0x00000007fae00000, 0x00000007fc9e0000, 0x0000000800000000)
2015-04-04T00:24:48.018-0100: 18.471: [GC2015-04-04T00:24:48.019-0100: 18.471: [ParNew
Desired survivor size 20112992 bytes, new threshold 8 (max 8)
- age   1:    4300512 bytes,    4300512 total
- age   2:     219208 bytes,    4519720 total
- age   3:      98504 bytes,    4618224 total
- age   4:     119616 bytes,    4737840 total
- age   5:      89272 bytes,    4827112 total
- age   6:     255528 bytes,    5082640 total
- age   7:    3105976 bytes,    8188616 total
- age   8:    4274328 bytes,   12462944 total
: 99248K->17357K(109248K), 0.0196520 secs] 99248K->17357K(502464K), 0.0198050 secs] [Times: user=0.06 sys=0.00, real=0.02 secs] 
Heap after GC invocations=8 (full 0):
 par new generation   total 109248K, used 17357K [0x00000007dae00000, 0x00000007e2e00000, 0x00000007e2e00000)
  eden space 87424K,   0% used [0x00000007dae00000, 0x00000007dae00000, 0x00000007e0360000)
  from space 21824K,  79% used [0x00000007e0360000, 0x00000007e14537c0, 0x00000007e18b0000)
  to   space 21824K,   0% used [0x00000007e18b0000, 0x00000007e18b0000, 0x00000007e2e00000)
 concurrent mark-sweep generation total 393216K, used 0K [0x00000007e2e00000, 0x00000007fae00000, 0x00000007fae00000)
 concurrent-mark-sweep perm gen total 28544K, used 28447K [0x00000007fae00000, 0x00000007fc9e0000, 0x0000000800000000)
}
2015-04-04T00:24:48.038-0100: 18.491: Total time for which application threads were stopped: 0.0200710 seconds
2015-04-04T00:24:48.078-0100: 18.530: Total time for which application threads were stopped: 0.0002530 seconds
2015-04-04T00:24:48.078-0100: 18.530: Total time for which application threads were stopped: 0.0000940 seconds
2015-04-04T00:24:48.106-0100: 18.558: Total time for which application threads were stopped: 0.0001620 seconds
2015-04-04T00:24:48.117-0100: 18.569: Total time for which application threads were stopped: 0.0002140 seconds
2015-04-04T00:24:48.130-0100: 18.582: Total time for which application threads were stopped: 0.0011730 seconds
2015-04-04T00:24:48.133-0100: 18.586: Total time for which application threads were stopped: 0.0001360 seconds
2015-04-04T00:24:48.284-0100: 18.737: Total time for which application threads were stopped: 0.0004190 seconds
2015-04-04T00:24:48.285-0100: 18.738: Total time for which application threads were stopped: 0.0001870 seconds
2015-04-04T00:24:48.291-0100: 18.744: Total time for which application threads were stopped: 0.0007300 seconds
2015-04-04T00:24:48.294-0100: 18.746: Total time for which application threads were stopped: 0.0002730 seconds
2015-04-04T00:24:48.309-0100: 18.761: Total time for which application threads were stopped: 0.0004370 seconds
2015-04-04T00:24:48.328-0100: 18.781: Total time for which application threads were stopped: 0.0031390 seconds
2015-04-04T00:24:48.377-0100: 18.830: Total time for which application threads were stopped: 0.0061790 seconds
2015-04-04T00:24:48.421-0100: 18.873: Total time for which application threads were stopped: 0.0002690 seconds
2015-04-04T00:24:48.426-0100: 18.879: Total time for which application threads were stopped: 0.0006530 seconds
2015-04-04T00:24:48.506-0100: 18.958: Total time for which application threads were stopped: 0.0034650 seconds
2015-04-04T00:24:48.511-0100: 18.963: Total time for which application threads were stopped: 0.0003000 seconds
2015-04-04T00:24:48.517-0100: 18.970: Total time for which application threads were stopped: 0.0047230 seconds
2015-04-04T00:24:48.575-0100: 19.027: Total time for which application threads were stopped: 0.0009450 seconds
2015-04-04T00:24:48.576-0100: 19.028: Total time for which application threads were stopped: 0.0002340 seconds
2015-04-04T00:24:48.580-0100: 19.032: Total time for which application threads were stopped: 0.0010530 seconds
2015-04-04T00:24:48.638-0100: 19.090: Total time for which application threads were stopped: 0.0002220 seconds
2015-04-04T00:24:48.677-0100: 19.129: Total time for which application threads were stopped: 0.0008180 seconds
2015-04-04T00:24:48.678-0100: 19.131: Total time for which application threads were stopped: 0.0000930 seconds
2015-04-04T00:24:48.680-0100: 19.132: Total time for which application threads were stopped: 0.0000990 seconds
2015-04-04T00:24:48.680-0100: 19.132: Total time for which application threads were stopped: 0.0000840 seconds
2015-04-04T00:24:48.682-0100: 19.135: Total time for which application threads were stopped: 0.0001090 seconds
2015-04-04T00:24:48.683-0100: 19.136: Total time for which application threads were stopped: 0.0001130 seconds
2015-04-04T00:24:48.686-0100: 19.138: Total time for which application threads were stopped: 0.0001580 seconds
2015-04-04T00:24:48.700-0100: 19.152: Total time for which application threads were stopped: 0.0001270 seconds
2015-04-04T00:24:48.704-0100: 19.156: Total time for which application threads were stopped: 0.0003120 seconds
2015-04-04T00:24:48.713-0100: 19.166: Total time for which application threads were stopped: 0.0006200 seconds
2015-04-04T00:24:48.716-0100: 19.168: Total time for which application threads were stopped: 0.0000950 seconds
2015-04-04T00:24:49.719-0100: 20.171: Total time for which application threads were stopped: 0.0008030 seconds
2015-04-04T00:24:50.719-0100: 21.172: Total time for which application threads were stopped: 0.0006310 seconds
{Heap before GC invocations=8 (full 0):
 par new generation   total 109248K, used 104781K [0x00000007dae00000, 0x00000007e2e00000, 0x00000007e2e00000)
  eden space 87424K, 100% used [0x00000007dae00000, 0x00000007e0360000, 0x00000007e0360000)
  from space 21824K,  79% used [0x00000007e0360000, 0x00000007e14537c0, 0x00000007e18b0000)
  to   space 21824K,   0% used [0x00000007e18b0000, 0x00000007e18b0000, 0x00000007e2e00000)
 concurrent mark-sweep generation total 393216K, used 0K [0x00000007e2e00000, 0x00000007fae00000, 0x00000007fae00000)
 concurrent-mark-sweep perm gen total 30080K, used 29965K [0x00000007fae00000, 0x00000007fcb60000, 0x0000000800000000)
2015-04-04T00:24:50.908-0100: 21.360: [GC2015-04-04T00:24:50.908-0100: 21.360: [ParNew
Desired survivor size 20112992 bytes, new threshold 8 (max 8)
- age   1:    1947088 bytes,    1947088 total
- age   2:    1653616 bytes,    3600704 total
- age   3:     209712 bytes,    3810416 total
- age   4:      91344 bytes,    3901760 total
- age   5:     111944 bytes,    4013704 total
- age   6:      80264 bytes,    4093968 total
- age   7:     247696 bytes,    4341664 total
- age   8:    3082288 bytes,    7423952 total
: 104781K->10100K(109248K), 0.0549520 secs] 104781K->14727K(502464K), 0.0553710 secs] [Times: user=0.13 sys=0.02, real=0.06 secs] 
Heap after GC invocations=9 (full 0):
 par new generation   total 109248K, used 10100K [0x00000007dae00000, 0x00000007e2e00000, 0x00000007e2e00000)
  eden space 87424K,   0% used [0x00000007dae00000, 0x00000007dae00000, 0x00000007e0360000)
  from space 21824K,  46% used [0x00000007e18b0000, 0x00000007e228d220, 0x00000007e2e00000)
  to   space 21824K,   0% used [0x00000007e0360000, 0x00000007e0360000, 0x00000007e18b0000)
 concurrent mark-sweep generation total 393216K, used 4627K [0x00000007e2e00000, 0x00000007fae00000, 0x00000007fae00000)
 concurrent-mark-sweep perm gen total 30080K, used 29965K [0x00000007fae00000, 0x00000007fcb60000, 0x0000000800000000)
}
2015-04-04T00:24:50.963-0100: 21.416: Total time for which application threads were stopped: 0.0558800 seconds
2015-04-04T00:24:51.210-0100: 21.663: Total time for which application threads were stopped: 0.0003420 seconds
2015-04-04T00:24:51.228-0100: 21.680: Total time for which application threads were stopped: 0.0004470 seconds
2015-04-04T00:24:51.230-0100: 21.683: Total time for which application threads were stopped: 0.0003970 seconds
2015-04-04T00:24:51.252-0100: 21.705: Total time for which application threads were stopped: 0.0006330 seconds
2015-04-04T00:24:51.258-0100: 21.710: Total time for which application threads were stopped: 0.0017560 seconds
2015-04-04T00:24:51.276-0100: 21.729: Total time for which application threads were stopped: 0.0004170 seconds
2015-04-04T00:24:51.280-0100: 21.732: Total time for which application threads were stopped: 0.0001570 seconds
2015-04-04T00:24:51.442-0100: 21.895: Total time for which application threads were stopped: 0.0002670 seconds
2015-04-04T00:24:51.444-0100: 21.896: Total time for which application threads were stopped: 0.0002040 seconds
2015-04-04T00:24:51.452-0100: 21.904: Total time for which application threads were stopped: 0.0001870 seconds
2015-04-04T00:24:51.454-0100: 21.906: Total time for which application threads were stopped: 0.0001990 seconds
2015-04-04T00:24:51.791-0100: 22.243: Total time for which application threads were stopped: 0.0004510 seconds
2015-04-04T00:24:51.801-0100: 22.253: Total time for which application threads were stopped: 0.0003730 seconds
2015-04-04T00:24:51.805-0100: 22.258: Total time for which application threads were stopped: 0.0005110 seconds
2015-04-04T00:24:51.811-0100: 22.264: Total time for which application threads were stopped: 0.0001280 seconds
2015-04-04T00:24:51.946-0100: 22.398: Total time for which application threads were stopped: 0.0001610 seconds
2015-04-04T00:24:51.946-0100: 22.399: Total time for which application threads were stopped: 0.0000930 seconds
2015-04-04T00:24:51.947-0100: 22.399: Total time for which application threads were stopped: 0.0000870 seconds
2015-04-04T00:24:51.955-0100: 22.407: Total time for which application threads were stopped: 0.0001440 seconds
2015-04-04T00:24:51.991-0100: 22.443: Total time for which application threads were stopped: 0.0015020 seconds
2015-04-04T00:24:51.991-0100: 22.443: Total time for which application threads were stopped: 0.0001070 seconds
2015-04-04T00:24:54.011-0100: 24.463: Total time for which application threads were stopped: 0.0002930 seconds
2015-04-04T00:24:54.011-0100: 24.463: Total time for which application threads were stopped: 0.0000880 seconds
2015-04-04T00:24:54.011-0100: 24.463: Total time for which application threads were stopped: 0.0000650 seconds
2015-04-04T00:24:54.011-0100: 24.464: Total time for which application threads were stopped: 0.0000840 seconds
2015-04-04T00:24:54.012-0100: 24.464: Total time for which application threads were stopped: 0.0003930 seconds
2015-04-04T00:24:54.014-0100: 24.466: Total time for which application threads were stopped: 0.0001720 seconds
2015-04-04T00:24:54.014-0100: 24.466: Total time for which application threads were stopped: 0.0001140 seconds
2015-04-04T00:24:54.025-0100: 24.477: Total time for which application threads were stopped: 0.0002400 seconds
2015-04-04T00:24:54.026-0100: 24.478: Total time for which application threads were stopped: 0.0002520 seconds
2015-04-04T00:24:54.027-0100: 24.479: Total time for which application threads were stopped: 0.0001990 seconds
2015-04-04T00:24:54.027-0100: 24.479: Total time for which application threads were stopped: 0.0002160 seconds
2015-04-04T00:24:54.027-0100: 24.480: Total time for which application threads were stopped: 0.0001480 seconds
2015-04-04T00:24:54.028-0100: 24.480: Total time for which application threads were stopped: 0.0001250 seconds
2015-04-04T00:24:54.028-0100: 24.480: Total time for which application threads were stopped: 0.0002610 seconds
2015-04-04T00:24:54.029-0100: 24.481: Total time for which application threads were stopped: 0.0001150 seconds
2015-04-04T00:24:54.030-0100: 24.482: Total time for which application threads were stopped: 0.0001290 seconds
2015-04-04T00:24:55.034-0100: 25.486: Total time for which application threads were stopped: 0.0004160 seconds
2015-04-04T00:24:56.266-0100: 26.719: Total time for which application threads were stopped: 0.0002530 seconds
2015-04-04T00:24:56.443-0100: 26.895: Total time for which application threads were stopped: 0.0002110 seconds
2015-04-04T00:24:56.464-0100: 26.916: Total time for which application threads were stopped: 0.0001560 seconds
2015-04-04T00:24:56.793-0100: 27.245: Total time for which application threads were stopped: 0.0002100 seconds
2015-04-04T00:24:56.801-0100: 27.253: Total time for which application threads were stopped: 0.0001740 seconds
2015-04-04T00:25:12.707-0100: 43.160: Total time for which application threads were stopped: 0.0002490 seconds
2015-04-04T00:25:12.708-0100: 43.160: Total time for which application threads were stopped: 0.0001510 seconds
2015-04-04T00:25:12.714-0100: 43.166: Total time for which application threads were stopped: 0.0002290 seconds
2015-04-04T00:25:12.723-0100: 43.175: Total time for which application threads were stopped: 0.0001860 seconds
2015-04-04T00:25:12.723-0100: 43.175: Total time for which application threads were stopped: 0.0000960 seconds
2015-04-04T00:25:12.723-0100: 43.176: Total time for which application threads were stopped: 0.0000790 seconds
2015-04-04T00:25:12.812-0100: 43.264: Total time for which application threads were stopped: 0.0005210 seconds
2015-04-04T00:25:13.005-0100: 43.458: Total time for which application threads were stopped: 0.0002270 seconds
2015-04-04T00:25:13.006-0100: 43.458: Total time for which application threads were stopped: 0.0001350 seconds
2015-04-04T00:25:13.016-0100: 43.469: Total time for which application threads were stopped: 0.0002630 seconds
2015-04-04T00:25:13.018-0100: 43.470: Total time for which application threads were stopped: 0.0001620 seconds
2015-04-04T00:25:13.019-0100: 43.471: Total time for which application threads were stopped: 0.0001590 seconds
2015-04-04T00:25:13.069-0100: 43.522: Total time for which application threads were stopped: 0.0002720 seconds
2015-04-04T00:25:13.086-0100: 43.538: Total time for which application threads were stopped: 0.0002770 seconds
2015-04-04T00:25:13.122-0100: 43.574: Total time for which application threads were stopped: 0.0114900 seconds
2015-04-04T00:25:13.124-0100: 43.576: Total time for which application threads were stopped: 0.0002000 seconds
{Heap before GC invocations=9 (full 0):
 par new generation   total 109248K, used 97524K [0x00000007dae00000, 0x00000007e2e00000, 0x00000007e2e00000)
  eden space 87424K, 100% used [0x00000007dae00000, 0x00000007e0360000, 0x00000007e0360000)
  from space 21824K,  46% used [0x00000007e18b0000, 0x00000007e228d220, 0x00000007e2e00000)
  to   space 21824K,   0% used [0x00000007e0360000, 0x00000007e0360000, 0x00000007e18b0000)
 concurrent mark-sweep generation total 393216K, used 4627K [0x00000007e2e00000, 0x00000007fae00000, 0x00000007fae00000)
 concurrent-mark-sweep perm gen total 31616K, used 31519K [0x00000007fae00000, 0x00000007fcce0000, 0x0000000800000000)
2015-04-04T00:25:13.168-0100: 43.620: [GC2015-04-04T00:25:13.168-0100: 43.620: [ParNew
Desired survivor size 20112992 bytes, new threshold 8 (max 8)
- age   1:    5927496 bytes,    5927496 total
- age   2:     738696 bytes,    6666192 total
- age   3:    1642768 bytes,    8308960 total
- age   4:     206832 bytes,    8515792 total
- age   5:      89640 bytes,    8605432 total
- age   6:     110120 bytes,    8715552 total
- age   7:      78992 bytes,    8794544 total
- age   8:     246432 bytes,    9040976 total
: 97524K->10980K(109248K), 0.0924030 secs] 102151K->18571K(502464K), 0.0925910 secs] [Times: user=0.11 sys=0.01, real=0.10 secs] 
Heap after GC invocations=10 (full 0):
 par new generation   total 109248K, used 10980K [0x00000007dae00000, 0x00000007e2e00000, 0x00000007e2e00000)
  eden space 87424K,   0% used [0x00000007dae00000, 0x00000007dae00000, 0x00000007e0360000)
  from space 21824K,  50% used [0x00000007e0360000, 0x00000007e0e19110, 0x00000007e18b0000)
  to   space 21824K,   0% used [0x00000007e18b0000, 0x00000007e18b0000, 0x00000007e2e00000)
 concurrent mark-sweep generation total 393216K, used 7590K [0x00000007e2e00000, 0x00000007fae00000, 0x00000007fae00000)
 concurrent-mark-sweep perm gen total 31616K, used 31519K [0x00000007fae00000, 0x00000007fcce0000, 0x0000000800000000)
}
2015-04-04T00:25:13.261-0100: 43.713: Total time for which application threads were stopped: 0.0930150 seconds
2015-04-04T00:25:13.488-0100: 43.940: Total time for which application threads were stopped: 0.0109800 seconds
2015-04-04T00:25:13.497-0100: 43.949: Total time for which application threads were stopped: 0.0079560 seconds
2015-04-04T00:25:13.503-0100: 43.955: Total time for which application threads were stopped: 0.0002230 seconds
2015-04-04T00:25:13.506-0100: 43.959: Total time for which application threads were stopped: 0.0001770 seconds
2015-04-04T00:25:13.509-0100: 43.961: Total time for which application threads were stopped: 0.0001770 seconds
2015-04-04T00:25:13.511-0100: 43.963: Total time for which application threads were stopped: 0.0001600 seconds
2015-04-04T00:25:13.515-0100: 43.967: Total time for which application threads were stopped: 0.0004970 seconds
2015-04-04T00:25:13.520-0100: 43.972: Total time for which application threads were stopped: 0.0003100 seconds
2015-04-04T00:25:13.532-0100: 43.984: Total time for which application threads were stopped: 0.0001550 seconds
2015-04-04T00:25:13.537-0100: 43.989: Total time for which application threads were stopped: 0.0003450 seconds
2015-04-04T00:25:13.540-0100: 43.992: Total time for which application threads were stopped: 0.0001930 seconds
2015-04-04T00:25:13.542-0100: 43.995: Total time for which application threads were stopped: 0.0003970 seconds
2015-04-04T00:25:13.546-0100: 43.998: Total time for which application threads were stopped: 0.0002740 seconds
2015-04-04T00:25:13.550-0100: 44.002: Total time for which application threads were stopped: 0.0001430 seconds
2015-04-04T00:25:13.552-0100: 44.004: Total time for which application threads were stopped: 0.0001650 seconds
2015-04-04T00:25:13.555-0100: 44.007: Total time for which application threads were stopped: 0.0001700 seconds
2015-04-04T00:25:13.557-0100: 44.009: Total time for which application threads were stopped: 0.0001930 seconds
2015-04-04T00:25:13.560-0100: 44.012: Total time for which application threads were stopped: 0.0001690 seconds
2015-04-04T00:25:13.563-0100: 44.015: Total time for which application threads were stopped: 0.0001590 seconds
2015-04-04T00:25:13.579-0100: 44.031: Total time for which application threads were stopped: 0.0121530 seconds
{Heap before GC invocations=10 (full 0):
 par new generation   total 109248K, used 98404K [0x00000007dae00000, 0x00000007e2e00000, 0x00000007e2e00000)
  eden space 87424K, 100% used [0x00000007dae00000, 0x00000007e0360000, 0x00000007e0360000)
  from space 21824K,  50% used [0x00000007e0360000, 0x00000007e0e19110, 0x00000007e18b0000)
  to   space 21824K,   0% used [0x00000007e18b0000, 0x00000007e18b0000, 0x00000007e2e00000)
 concurrent mark-sweep generation total 393216K, used 7590K [0x00000007e2e00000, 0x00000007fae00000, 0x00000007fae00000)
 concurrent-mark-sweep perm gen total 31616K, used 31529K [0x00000007fae00000, 0x00000007fcce0000, 0x0000000800000000)
2015-04-04T00:25:13.582-0100: 44.034: [GC2015-04-04T00:25:13.582-0100: 44.034: [ParNew
Desired survivor size 20112992 bytes, new threshold 8 (max 8)
- age   1:     576504 bytes,     576504 total
- age   2:    4568704 bytes,    5145208 total
- age   3:     738720 bytes,    5883928 total
- age   4:    1642648 bytes,    7526576 total
- age   5:     206832 bytes,    7733408 total
- age   6:      89640 bytes,    7823048 total
- age   7:     110120 bytes,    7933168 total
- age   8:      78896 bytes,    8012064 total
: 98404K->9366K(109248K), 0.0745150 secs] 105995K->17201K(502464K), 0.0746310 secs] [Times: user=0.08 sys=0.00, real=0.07 secs] 
Heap after GC invocations=11 (full 0):
 par new generation   total 109248K, used 9366K [0x00000007dae00000, 0x00000007e2e00000, 0x00000007e2e00000)
  eden space 87424K,   0% used [0x00000007dae00000, 0x00000007dae00000, 0x00000007e0360000)
  from space 21824K,  42% used [0x00000007e18b0000, 0x00000007e21d5b10, 0x00000007e2e00000)
  to   space 21824K,   0% used [0x00000007e0360000, 0x00000007e0360000, 0x00000007e18b0000)
 concurrent mark-sweep generation total 393216K, used 7834K [0x00000007e2e00000, 0x00000007fae00000, 0x00000007fae00000)
 concurrent-mark-sweep perm gen total 31616K, used 31529K [0x00000007fae00000, 0x00000007fcce0000, 0x0000000800000000)
}
2015-04-04T00:25:13.656-0100: 44.108: Total time for which application threads were stopped: 0.0748800 seconds
2015-04-04T00:25:13.659-0100: 44.112: Total time for which application threads were stopped: 0.0003610 seconds
2015-04-04T00:25:13.665-0100: 44.118: Total time for which application threads were stopped: 0.0003000 seconds
2015-04-04T00:25:13.668-0100: 44.121: Total time for which application threads were stopped: 0.0001590 seconds
2015-04-04T00:25:13.672-0100: 44.124: Total time for which application threads were stopped: 0.0001590 seconds
2015-04-04T00:25:13.675-0100: 44.127: Total time for which application threads were stopped: 0.0001800 seconds
2015-04-04T00:25:13.678-0100: 44.130: Total time for which application threads were stopped: 0.0001670 seconds
2015-04-04T00:25:13.680-0100: 44.133: Total time for which application threads were stopped: 0.0001670 seconds
2015-04-04T00:25:13.686-0100: 44.138: Total time for which application threads were stopped: 0.0001740 seconds
2015-04-04T00:25:13.692-0100: 44.144: Total time for which application threads were stopped: 0.0004470 seconds
2015-04-04T00:25:13.694-0100: 44.147: Total time for which application threads were stopped: 0.0001750 seconds
2015-04-04T00:25:13.697-0100: 44.149: Total time for which application threads were stopped: 0.0001920 seconds
2015-04-04T00:25:13.700-0100: 44.152: Total time for which application threads were stopped: 0.0003680 seconds
{Heap before GC invocations=11 (full 0):
 par new generation   total 109248K, used 96790K [0x00000007dae00000, 0x00000007e2e00000, 0x00000007e2e00000)
  eden space 87424K, 100% used [0x00000007dae00000, 0x00000007e0360000, 0x00000007e0360000)
  from space 21824K,  42% used [0x00000007e18b0000, 0x00000007e21d5b10, 0x00000007e2e00000)
  to   space 21824K,   0% used [0x00000007e0360000, 0x00000007e0360000, 0x00000007e18b0000)
 concurrent mark-sweep generation total 393216K, used 7834K [0x00000007e2e00000, 0x00000007fae00000, 0x00000007fae00000)
 concurrent-mark-sweep perm gen total 31616K, used 31559K [0x00000007fae00000, 0x00000007fcce0000, 0x0000000800000000)
2015-04-04T00:25:14.010-0100: 44.462: [GC2015-04-04T00:25:14.010-0100: 44.462: [ParNew
Desired survivor size 20112992 bytes, new threshold 8 (max 8)
- age   1:     325992 bytes,     325992 total
- age   2:      46256 bytes,     372248 total
- age   3:    4568480 bytes,    4940728 total
- age   4:     738624 bytes,    5679352 total
- age   5:    1642672 bytes,    7322024 total
- age   6:     206832 bytes,    7528856 total
- age   7:      89640 bytes,    7618496 total
- age   8:     110120 bytes,    7728616 total
: 96790K->11162K(109248K), 0.0534030 secs] 104625K->19075K(502464K), 0.0554020 secs] [Times: user=0.03 sys=0.00, real=0.05 secs] 
Heap after GC invocations=12 (full 0):
 par new generation   total 109248K, used 11162K [0x00000007dae00000, 0x00000007e2e00000, 0x00000007e2e00000)
  eden space 87424K,   0% used [0x00000007dae00000, 0x00000007dae00000, 0x00000007e0360000)
  from space 21824K,  51% used [0x00000007e0360000, 0x00000007e0e46948, 0x00000007e18b0000)
  to   space 21824K,   0% used [0x00000007e18b0000, 0x00000007e18b0000, 0x00000007e2e00000)
 concurrent mark-sweep generation total 393216K, used 7913K [0x00000007e2e00000, 0x00000007fae00000, 0x00000007fae00000)
 concurrent-mark-sweep perm gen total 31616K, used 31559K [0x00000007fae00000, 0x00000007fcce0000, 0x0000000800000000)
}
2015-04-04T00:25:14.065-0100: 44.518: Total time for which application threads were stopped: 0.0665860 seconds
{Heap before GC invocations=12 (full 0):
 par new generation   total 109248K, used 98586K [0x00000007dae00000, 0x00000007e2e00000, 0x00000007e2e00000)
  eden space 87424K, 100% used [0x00000007dae00000, 0x00000007e0360000, 0x00000007e0360000)
  from space 21824K,  51% used [0x00000007e0360000, 0x00000007e0e46948, 0x00000007e18b0000)
  to   space 21824K,   0% used [0x00000007e18b0000, 0x00000007e18b0000, 0x00000007e2e00000)
 concurrent mark-sweep generation total 393216K, used 7913K [0x00000007e2e00000, 0x00000007fae00000, 0x00000007fae00000)
 concurrent-mark-sweep perm gen total 31616K, used 31570K [0x00000007fae00000, 0x00000007fcce0000, 0x0000000800000000)
2015-04-04T00:25:14.304-0100: 44.756: [GC2015-04-04T00:25:14.304-0100: 44.756: [ParNew
Desired survivor size 20112992 bytes, new threshold 8 (max 8)
- age   1:     761200 bytes,     761200 total
- age   2:     106352 bytes,     867552 total
- age   3:      45712 bytes,     913264 total
- age   4:    4568296 bytes,    5481560 total
- age   5:     738696 bytes,    6220256 total
- age   6:    1642776 bytes,    7863032 total
- age   7:     206832 bytes,    8069864 total
- age   8:      89640 bytes,    8159504 total
: 98586K->9399K(109248K), 0.0170750 secs] 106499K->17423K(502464K), 0.0172210 secs] [Times: user=0.03 sys=0.00, real=0.02 secs] 
Heap after GC invocations=13 (full 0):
 par new generation   total 109248K, used 9399K [0x00000007dae00000, 0x00000007e2e00000, 0x00000007e2e00000)
  eden space 87424K,   0% used [0x00000007dae00000, 0x00000007dae00000, 0x00000007e0360000)
  from space 21824K,  43% used [0x00000007e18b0000, 0x00000007e21ddcf0, 0x00000007e2e00000)
  to   space 21824K,   0% used [0x00000007e0360000, 0x00000007e0360000, 0x00000007e18b0000)
 concurrent mark-sweep generation total 393216K, used 8023K [0x00000007e2e00000, 0x00000007fae00000, 0x00000007fae00000)
 concurrent-mark-sweep perm gen total 31616K, used 31570K [0x00000007fae00000, 0x00000007fcce0000, 0x0000000800000000)
}
2015-04-04T00:25:14.321-0100: 44.773: Total time for which application threads were stopped: 0.0178520 seconds
2015-04-04T00:25:14.419-0100: 44.872: Total time for which application threads were stopped: 0.0032770 seconds
2015-04-04T00:25:14.520-0100: 44.972: Total time for which application threads were stopped: 0.0005780 seconds
2015-04-04T00:25:14.535-0100: 44.987: Total time for which application threads were stopped: 0.0014230 seconds
2015-04-04T00:25:14.537-0100: 44.989: Total time for which application threads were stopped: 0.0002270 seconds
2015-04-04T00:25:14.955-0100: 45.407: Total time for which application threads were stopped: 0.0002340 seconds
2015-04-04T00:25:14.976-0100: 45.429: Total time for which application threads were stopped: 0.0001640 seconds
2015-04-04T00:25:14.977-0100: 45.430: Total time for which application threads were stopped: 0.0002450 seconds
2015-04-04T00:25:14.978-0100: 45.430: Total time for which application threads were stopped: 0.0000700 seconds
2015-04-04T00:25:14.978-0100: 45.430: Total time for which application threads were stopped: 0.0000700 seconds
2015-04-04T00:25:14.978-0100: 45.430: Total time for which application threads were stopped: 0.0000860 seconds
2015-04-04T00:25:14.978-0100: 45.430: Total time for which application threads were stopped: 0.0000740 seconds
2015-04-04T00:25:14.978-0100: 45.430: Total time for which application threads were stopped: 0.0000600 seconds
2015-04-04T00:25:14.979-0100: 45.431: Total time for which application threads were stopped: 0.0001360 seconds
2015-04-04T00:25:14.980-0100: 45.432: Total time for which application threads were stopped: 0.0000980 seconds
2015-04-04T00:25:14.981-0100: 45.433: Total time for which application threads were stopped: 0.0001630 seconds
2015-04-04T00:25:14.982-0100: 45.434: Total time for which application threads were stopped: 0.0001150 seconds
2015-04-04T00:25:14.982-0100: 45.434: Total time for which application threads were stopped: 0.0000750 seconds
2015-04-04T00:25:14.988-0100: 45.440: Total time for which application threads were stopped: 0.0001670 seconds
2015-04-04T00:25:14.993-0100: 45.445: Total time for which application threads were stopped: 0.0001670 seconds
2015-04-04T00:25:14.994-0100: 45.446: Total time for which application threads were stopped: 0.0001450 seconds
2015-04-04T00:25:15.026-0100: 45.478: Total time for which application threads were stopped: 0.0002570 seconds
2015-04-04T00:25:15.031-0100: 45.483: Total time for which application threads were stopped: 0.0001740 seconds
2015-04-04T00:25:15.035-0100: 45.488: Total time for which application threads were stopped: 0.0002630 seconds
2015-04-04T00:25:15.037-0100: 45.489: Total time for which application threads were stopped: 0.0001550 seconds
2015-04-04T00:25:15.038-0100: 45.490: Total time for which application threads were stopped: 0.0001210 seconds
2015-04-04T00:25:15.064-0100: 45.516: Total time for which application threads were stopped: 0.0001810 seconds
2015-04-04T00:25:15.065-0100: 45.517: Total time for which application threads were stopped: 0.0001640 seconds
2015-04-04T00:25:15.065-0100: 45.517: Total time for which application threads were stopped: 0.0001140 seconds
2015-04-04T00:25:15.065-0100: 45.518: Total time for which application threads were stopped: 0.0000960 seconds
2015-04-04T00:25:15.179-0100: 45.631: Total time for which application threads were stopped: 0.0001300 seconds
2015-04-04T00:25:15.179-0100: 45.631: Total time for which application threads were stopped: 0.0000600 seconds
2015-04-04T00:25:15.199-0100: 45.651: Total time for which application threads were stopped: 0.0001700 seconds
2015-04-04T00:25:16.205-0100: 46.657: Total time for which application threads were stopped: 0.0003930 seconds
2015-04-04T00:25:41.447-0100: 71.900: Total time for which application threads were stopped: 0.0002830 seconds
2015-04-04T00:25:41.465-0100: 71.918: Total time for which application threads were stopped: 0.0001330 seconds
2015-04-04T00:25:41.696-0100: 72.149: Total time for which application threads were stopped: 0.0003640 seconds
2015-04-04T00:25:44.042-0100: 74.494: Total time for which application threads were stopped: 0.0010670 seconds
2015-04-04T00:26:05.076-0100: 95.529: Total time for which application threads were stopped: 0.0001620 seconds
2015-04-04T00:26:15.076-0100: 105.528: Total time for which application threads were stopped: 0.0002120 seconds
2015-04-04T00:26:15.181-0100: 105.634: Total time for which application threads were stopped: 0.0001530 seconds
2015-04-04T00:35:13.437-0100: 643.889: Total time for which application threads were stopped: 0.0006160 seconds
2015-04-04T00:35:13.437-0100: 643.890: Total time for which application threads were stopped: 0.0001010 seconds
2015-04-04T00:35:13.457-0100: 643.909: Total time for which application threads were stopped: 0.0001110 seconds
2015-04-04T00:35:13.457-0100: 643.909: Total time for which application threads were stopped: 0.0000960 seconds
2015-04-04T00:35:13.458-0100: 643.910: Total time for which application threads were stopped: 0.0000900 seconds
2015-04-04T00:35:13.458-0100: 643.910: Total time for which application threads were stopped: 0.0000560 seconds
2015-04-04T00:35:13.462-0100: 643.914: Total time for which application threads were stopped: 0.0001200 seconds
2015-04-04T00:35:13.477-0100: 643.930: Total time for which application threads were stopped: 0.0001050 seconds
2015-04-04T00:35:13.494-0100: 643.946: Total time for which application threads were stopped: 0.0001130 seconds
2015-04-04T00:35:13.501-0100: 643.953: Total time for which application threads were stopped: 0.0003310 seconds
2015-04-04T00:35:18.486-0100: 648.939: Total time for which application threads were stopped: 0.0002000 seconds
2015-04-04T00:35:18.502-0100: 648.954: Total time for which application threads were stopped: 0.0001300 seconds
2015-04-04T00:42:29.695-0100: 1080.148: Total time for which application threads were stopped: 0.0004590 seconds
2015-04-04T00:42:29.696-0100: 1080.148: Total time for which application threads were stopped: 0.0002410 seconds
2015-04-04T00:42:33.393-0100: 1083.845: Total time for which application threads were stopped: 0.0002210 seconds
2015-04-04T00:42:33.393-0100: 1083.845: Total time for which application threads were stopped: 0.0000920 seconds
2015-04-04T00:42:33.395-0100: 1083.847: Total time for which application threads were stopped: 0.0001670 seconds
2015-04-04T00:42:33.396-0100: 1083.848: Total time for which application threads were stopped: 0.0001560 seconds
2015-04-04T00:42:33.431-0100: 1083.883: Total time for which application threads were stopped: 0.0002580 seconds
2015-04-04T00:42:33.432-0100: 1083.884: Total time for which application threads were stopped: 0.0002720 seconds
2015-04-04T00:42:34.194-0100: 1084.647: Total time for which application threads were stopped: 0.0003170 seconds
2015-04-04T00:42:34.195-0100: 1084.647: Total time for which application threads were stopped: 0.0001780 seconds
2015-04-04T00:42:34.207-0100: 1084.659: Total time for which application threads were stopped: 0.0001470 seconds
2015-04-04T00:42:34.207-0100: 1084.660: Total time for which application threads were stopped: 0.0003130 seconds
2015-04-04T00:42:35.212-0100: 1085.664: Total time for which application threads were stopped: 0.0004830 seconds
2015-04-04T00:43:24.422-0100: 1134.874: Total time for which application threads were stopped: 0.0003720 seconds
2015-04-04T00:43:24.424-0100: 1134.876: Total time for which application threads were stopped: 0.0001600 seconds
2015-04-04T00:43:24.432-0100: 1134.884: Total time for which application threads were stopped: 0.0002310 seconds
2015-04-04T00:43:24.448-0100: 1134.901: Total time for which application threads were stopped: 0.0001260 seconds
2015-04-04T00:43:24.452-0100: 1134.904: Total time for which application threads were stopped: 0.0001720 seconds
2015-04-04T00:43:34.214-0100: 1144.666: Total time for which application threads were stopped: 0.0005020 seconds
2015-04-04T00:46:05.878-0100: 1296.330: Total time for which application threads were stopped: 0.0002990 seconds
2015-04-04T00:46:05.879-0100: 1296.331: Total time for which application threads were stopped: 0.0003660 seconds
2015-04-04T00:46:05.928-0100: 1296.380: Total time for which application threads were stopped: 0.0004940 seconds
2015-04-04T00:46:05.928-0100: 1296.380: Total time for which application threads were stopped: 0.0002370 seconds
2015-04-04T00:46:06.296-0100: 1296.748: Total time for which application threads were stopped: 0.0005720 seconds
2015-04-04T00:46:06.297-0100: 1296.749: Total time for which application threads were stopped: 0.0001560 seconds
2015-04-04T00:46:06.298-0100: 1296.750: Total time for which application threads were stopped: 0.0001930 seconds
2015-04-04T00:46:06.878-0100: 1297.330: Total time for which application threads were stopped: 0.0004230 seconds
2015-04-04T00:46:06.878-0100: 1297.331: Total time for which application threads were stopped: 0.0001290 seconds
2015-04-04T00:46:06.888-0100: 1297.341: Total time for which application threads were stopped: 0.0001680 seconds
2015-04-04T00:46:06.889-0100: 1297.341: Total time for which application threads were stopped: 0.0001310 seconds
2015-04-04T00:46:25.949-0100: 1316.401: Total time for which application threads were stopped: 0.0004110 seconds
2015-04-04T00:46:25.949-0100: 1316.401: Total time for which application threads were stopped: 0.0000700 seconds
2015-04-04T00:46:25.991-0100: 1316.443: Total time for which application threads were stopped: 0.0001720 seconds
2015-04-04T00:46:56.547-0100: 1346.999: Total time for which application threads were stopped: 0.0003540 seconds
2015-04-04T00:46:56.562-0100: 1347.014: Total time for which application threads were stopped: 0.0002070 seconds
2015-04-04T00:46:56.563-0100: 1347.015: Total time for which application threads were stopped: 0.0001380 seconds
2015-04-04T00:47:01.293-0100: 1351.745: Total time for which application threads were stopped: 0.0004070 seconds
2015-04-04T00:47:01.293-0100: 1351.745: Total time for which application threads were stopped: 0.0000620 seconds
2015-04-04T00:47:01.294-0100: 1351.746: Total time for which application threads were stopped: 0.0000630 seconds
2015-04-04T00:47:01.296-0100: 1351.749: Total time for which application threads were stopped: 0.0001370 seconds
2015-04-04T00:47:01.297-0100: 1351.749: Total time for which application threads were stopped: 0.0000880 seconds
2015-04-04T00:47:01.298-0100: 1351.750: Total time for which application threads were stopped: 0.0001010 seconds
2015-04-04T00:47:01.367-0100: 1351.820: Total time for which application threads were stopped: 0.0001780 seconds
2015-04-04T00:47:06.303-0100: 1356.756: Total time for which application threads were stopped: 0.0004130 seconds
2015-04-04T00:47:06.322-0100: 1356.774: Total time for which application threads were stopped: 0.0001500 seconds
2015-04-04T00:47:06.895-0100: 1357.348: Total time for which application threads were stopped: 0.0002600 seconds
2015-04-04T00:47:27.054-0100: 1377.506: Total time for which application threads were stopped: 0.0003050 seconds
2015-04-04T00:47:27.054-0100: 1377.506: Total time for which application threads were stopped: 0.0000530 seconds
2015-04-04T00:47:27.056-0100: 1377.508: Total time for which application threads were stopped: 0.0000750 seconds
2015-04-04T00:47:27.104-0100: 1377.557: Total time for which application threads were stopped: 0.0001370 seconds
2015-04-04T00:47:32.064-0100: 1382.516: Total time for which application threads were stopped: 0.0004300 seconds
2015-04-04T00:47:32.065-0100: 1382.517: Total time for which application threads were stopped: 0.0003390 seconds
2015-04-04T00:47:38.023-0100: 1388.475: Total time for which application threads were stopped: 0.0003130 seconds
2015-04-04T00:47:51.306-0100: 1401.758: Total time for which application threads were stopped: 0.0004930 seconds
2015-04-04T00:50:34.722-0100: 1565.174: Total time for which application threads were stopped: 0.0003010 seconds
2015-04-04T00:50:34.722-0100: 1565.174: Total time for which application threads were stopped: 0.0000520 seconds
2015-04-04T00:50:34.724-0100: 1565.176: Total time for which application threads were stopped: 0.0000820 seconds
2015-04-04T00:50:34.724-0100: 1565.176: Total time for which application threads were stopped: 0.0000560 seconds
2015-04-04T00:50:34.725-0100: 1565.177: Total time for which application threads were stopped: 0.0000790 seconds
2015-04-04T00:50:34.725-0100: 1565.177: Total time for which application threads were stopped: 0.0000830 seconds
2015-04-04T00:50:34.774-0100: 1565.226: Total time for which application threads were stopped: 0.0003430 seconds
2015-04-04T00:50:39.730-0100: 1570.182: Total time for which application threads were stopped: 0.0003940 seconds
2015-04-04T00:50:39.737-0100: 1570.190: Total time for which application threads were stopped: 0.0001800 seconds
2015-04-04T00:55:11.816-0100: 1842.268: Total time for which application threads were stopped: 0.0003610 seconds
2015-04-04T00:55:11.816-0100: 1842.269: Total time for which application threads were stopped: 0.0000580 seconds
2015-04-04T00:55:11.859-0100: 1842.311: Total time for which application threads were stopped: 0.0001490 seconds
2015-04-04T00:56:03.368-0100: 1893.820: Total time for which application threads were stopped: 0.0003170 seconds
2015-04-04T00:56:03.368-0100: 1893.820: Total time for which application threads were stopped: 0.0000550 seconds
2015-04-04T00:56:03.370-0100: 1893.822: Total time for which application threads were stopped: 0.0001080 seconds
2015-04-04T00:56:03.370-0100: 1893.823: Total time for which application threads were stopped: 0.0000530 seconds
2015-04-04T00:56:03.372-0100: 1893.824: Total time for which application threads were stopped: 0.0001150 seconds
2015-04-04T00:56:03.380-0100: 1893.832: Total time for which application threads were stopped: 0.0001760 seconds
2015-04-04T00:56:03.431-0100: 1893.883: Total time for which application threads were stopped: 0.0001840 seconds
2015-04-04T00:56:08.382-0100: 1898.835: Total time for which application threads were stopped: 0.0003580 seconds
2015-04-04T00:56:08.387-0100: 1898.839: Total time for which application threads were stopped: 0.0001260 seconds
2015-04-04T00:56:53.390-0100: 1943.843: Total time for which application threads were stopped: 0.0003320 seconds
2015-04-04T01:03:14.327-0100: 2324.780: Total time for which application threads were stopped: 0.0131670 seconds
2015-04-04T01:03:14.333-0100: 2324.785: Total time for which application threads were stopped: 0.0001550 seconds
2015-04-04T01:03:14.393-0100: 2324.845: Total time for which application threads were stopped: 0.0001610 seconds
2015-04-04T01:03:14.396-0100: 2324.848: Total time for which application threads were stopped: 0.0001320 seconds
2015-04-04T01:03:14.396-0100: 2324.848: Total time for which application threads were stopped: 0.0000820 seconds
2015-04-04T01:03:14.399-0100: 2324.851: Total time for which application threads were stopped: 0.0003340 seconds
2015-04-04T01:03:14.415-0100: 2324.868: Total time for which application threads were stopped: 0.0001280 seconds
2015-04-04T01:03:14.416-0100: 2324.868: Total time for which application threads were stopped: 0.0001300 seconds
2015-04-04T01:03:14.428-0100: 2324.880: Total time for which application threads were stopped: 0.0001670 seconds
2015-04-04T01:03:14.481-0100: 2324.933: Total time for which application threads were stopped: 0.0001540 seconds
2015-04-04T01:03:19.436-0100: 2329.888: Total time for which application threads were stopped: 0.0021360 seconds
2015-04-04T01:03:19.440-0100: 2329.892: Total time for which application threads were stopped: 0.0001600 seconds
2015-04-04T01:04:04.435-0100: 2374.887: Total time for which application threads were stopped: 0.0020060 seconds
2015-04-04T01:04:04.442-0100: 2374.894: Total time for which application threads were stopped: 0.0001380 seconds
2015-04-04T01:13:42.028-0100: 2952.481: Total time for which application threads were stopped: 0.0015820 seconds
2015-04-04T01:13:42.029-0100: 2952.481: Total time for which application threads were stopped: 0.0000770 seconds
2015-04-04T01:13:42.031-0100: 2952.483: Total time for which application threads were stopped: 0.0001410 seconds
2015-04-04T01:13:42.133-0100: 2952.586: Total time for which application threads were stopped: 0.0002020 seconds
2015-04-04T01:13:47.073-0100: 2957.525: Total time for which application threads were stopped: 0.0022990 seconds
2015-04-04T01:13:47.086-0100: 2957.539: Total time for which application threads were stopped: 0.0001410 seconds
2015-04-04T01:16:03.761-0100: 3094.214: Total time for which application threads were stopped: 0.0017720 seconds
2015-04-04T01:16:03.762-0100: 3094.214: Total time for which application threads were stopped: 0.0001620 seconds
2015-04-04T01:16:03.764-0100: 3094.216: Total time for which application threads were stopped: 0.0000870 seconds
2015-04-04T01:16:03.764-0100: 3094.216: Total time for which application threads were stopped: 0.0000900 seconds
2015-04-04T01:16:03.765-0100: 3094.217: Total time for which application threads were stopped: 0.0000870 seconds
2015-04-04T01:16:03.765-0100: 3094.217: Total time for which application threads were stopped: 0.0000650 seconds
2015-04-04T01:16:03.766-0100: 3094.218: Total time for which application threads were stopped: 0.0001070 seconds
2015-04-04T01:16:03.829-0100: 3094.281: Total time for which application threads were stopped: 0.0001800 seconds
2015-04-04T01:16:08.782-0100: 3099.234: Total time for which application threads were stopped: 0.0020380 seconds
2015-04-04T01:16:08.782-0100: 3099.234: Total time for which application threads were stopped: 0.0001030 seconds
2015-04-04T01:16:53.787-0100: 3144.239: Total time for which application threads were stopped: 0.0026470 seconds
2015-04-04T01:17:33.218-0100: 3183.670: Total time for which application threads were stopped: 0.0012150 seconds
2015-04-04T01:17:33.219-0100: 3183.671: Total time for which application threads were stopped: 0.0001040 seconds
2015-04-04T01:17:33.220-0100: 3183.672: Total time for which application threads were stopped: 0.0000930 seconds
2015-04-04T01:17:33.220-0100: 3183.673: Total time for which application threads were stopped: 0.0001030 seconds
2015-04-04T01:17:33.221-0100: 3183.673: Total time for which application threads were stopped: 0.0000840 seconds
2015-04-04T01:17:33.221-0100: 3183.674: Total time for which application threads were stopped: 0.0000510 seconds
2015-04-04T01:17:33.232-0100: 3183.684: Total time for which application threads were stopped: 0.0001070 seconds
2015-04-04T01:17:33.289-0100: 3183.741: Total time for which application threads were stopped: 0.0002530 seconds
2015-04-04T01:17:38.238-0100: 3188.690: Total time for which application threads were stopped: 0.0018980 seconds
2015-04-04T01:17:38.240-0100: 3188.692: Total time for which application threads were stopped: 0.0001320 seconds
2015-04-04T01:18:23.242-0100: 3233.694: Total time for which application threads were stopped: 0.0018540 seconds
2015-04-04T01:21:27.856-0100: 3418.308: Total time for which application threads were stopped: 0.0011880 seconds
2015-04-04T01:21:27.856-0100: 3418.308: Total time for which application threads were stopped: 0.0000670 seconds
{Heap before GC invocations=13 (full 0):
 par new generation   total 109248K, used 96823K [0x00000007dae00000, 0x00000007e2e00000, 0x00000007e2e00000)
  eden space 87424K, 100% used [0x00000007dae00000, 0x00000007e0360000, 0x00000007e0360000)
  from space 21824K,  43% used [0x00000007e18b0000, 0x00000007e21ddcf0, 0x00000007e2e00000)
  to   space 21824K,   0% used [0x00000007e0360000, 0x00000007e0360000, 0x00000007e18b0000)
 concurrent mark-sweep generation total 393216K, used 8023K [0x00000007e2e00000, 0x00000007fae00000, 0x00000007fae00000)
 concurrent-mark-sweep perm gen total 33152K, used 32955K [0x00000007fae00000, 0x00000007fce60000, 0x0000000800000000)
2015-04-04T01:21:27.858-0100: 3418.311: [GC2015-04-04T01:21:27.859-0100: 3418.311: [ParNew
Desired survivor size 20112992 bytes, new threshold 8 (max 8)
- age   1:    4611392 bytes,    4611392 total
- age   2:      74128 bytes,    4685520 total
- age   3:     104256 bytes,    4789776 total
- age   4:      42544 bytes,    4832320 total
- age   5:    5307336 bytes,   10139656 total
- age   6:     694312 bytes,   10833968 total
- age   7:    1633168 bytes,   12467136 total
- age   8:     204720 bytes,   12671856 total
: 96823K->16311K(109248K), 0.0842720 secs] 104847K->24422K(502464K), 0.0844040 secs] [Times: user=0.05 sys=0.16, real=0.09 secs] 
Heap after GC invocations=14 (full 0):
 par new generation   total 109248K, used 16311K [0x00000007dae00000, 0x00000007e2e00000, 0x00000007e2e00000)
  eden space 87424K,   0% used [0x00000007dae00000, 0x00000007dae00000, 0x00000007e0360000)
  from space 21824K,  74% used [0x00000007e0360000, 0x00000007e134dc88, 0x00000007e18b0000)
  to   space 21824K,   0% used [0x00000007e18b0000, 0x00000007e18b0000, 0x00000007e2e00000)
 concurrent mark-sweep generation total 393216K, used 8111K [0x00000007e2e00000, 0x00000007fae00000, 0x00000007fae00000)
 concurrent-mark-sweep perm gen total 33152K, used 32955K [0x00000007fae00000, 0x00000007fce60000, 0x0000000800000000)
}
2015-04-04T01:21:27.943-0100: 3418.395: Total time for which application threads were stopped: 0.0854560 seconds
2015-04-04T01:21:27.945-0100: 3418.397: Total time for which application threads were stopped: 0.0001810 seconds
2015-04-04T01:21:27.946-0100: 3418.399: Total time for which application threads were stopped: 0.0001400 seconds
2015-04-04T01:21:27.947-0100: 3418.399: Total time for which application threads were stopped: 0.0000960 seconds
2015-04-04T01:21:27.947-0100: 3418.399: Total time for which application threads were stopped: 0.0000770 seconds
2015-04-04T01:21:27.947-0100: 3418.400: Total time for which application threads were stopped: 0.0001000 seconds
2015-04-04T01:21:28.034-0100: 3418.486: Total time for which application threads were stopped: 0.0004580 seconds
2015-04-04T01:21:32.972-0100: 3423.424: Total time for which application threads were stopped: 0.0015710 seconds
2015-04-04T01:21:32.980-0100: 3423.432: Total time for which application threads were stopped: 0.0001960 seconds
2015-04-04T01:22:24.806-0100: 3475.259: Total time for which application threads were stopped: 0.0008470 seconds
2015-04-04T01:22:24.807-0100: 3475.259: Total time for which application threads were stopped: 0.0000670 seconds
2015-04-04T01:22:24.809-0100: 3475.261: Total time for which application threads were stopped: 0.0001160 seconds
2015-04-04T01:22:24.809-0100: 3475.261: Total time for which application threads were stopped: 0.0000750 seconds
2015-04-04T01:22:24.824-0100: 3475.276: Total time for which application threads were stopped: 0.0001080 seconds
2015-04-04T01:22:24.878-0100: 3475.331: Total time for which application threads were stopped: 0.0001630 seconds
2015-04-04T01:22:29.831-0100: 3480.283: Total time for which application threads were stopped: 0.0012520 seconds
2015-04-04T01:22:29.833-0100: 3480.286: Total time for which application threads were stopped: 0.0001380 seconds
2015-04-04T01:23:14.816-0100: 3525.269: Total time for which application threads were stopped: 0.0014070 seconds
2015-04-04T01:30:24.928-0100: 3955.380: Total time for which application threads were stopped: 0.0023760 seconds
2015-04-04T01:30:24.928-0100: 3955.380: Total time for which application threads were stopped: 0.0000750 seconds
2015-04-04T01:30:24.930-0100: 3955.382: Total time for which application threads were stopped: 0.0000920 seconds
2015-04-04T01:30:24.931-0100: 3955.383: Total time for which application threads were stopped: 0.0001180 seconds
2015-04-04T01:30:24.931-0100: 3955.383: Total time for which application threads were stopped: 0.0000610 seconds
2015-04-04T01:30:24.936-0100: 3955.388: Total time for which application threads were stopped: 0.0001050 seconds
2015-04-04T01:30:24.958-0100: 3955.410: Total time for which application threads were stopped: 0.0004390 seconds
2015-04-04T01:30:24.996-0100: 3955.448: Total time for which application threads were stopped: 0.0001890 seconds
2015-04-04T01:30:25.040-0100: 3955.493: Total time for which application threads were stopped: 0.0001440 seconds
2015-04-04T01:30:25.041-0100: 3955.493: Total time for which application threads were stopped: 0.0000960 seconds
2015-04-04T01:30:25.041-0100: 3955.493: Total time for which application threads were stopped: 0.0001220 seconds
2015-04-04T01:30:25.041-0100: 3955.493: Total time for which application threads were stopped: 0.0001190 seconds
2015-04-04T01:30:25.041-0100: 3955.494: Total time for which application threads were stopped: 0.0008590 seconds
2015-04-04T01:30:25.042-0100: 3955.495: Total time for which application threads were stopped: 0.0001250 seconds
2015-04-04T01:30:25.042-0100: 3955.495: Total time for which application threads were stopped: 0.0000690 seconds
2015-04-04T01:30:25.043-0100: 3955.495: Total time for which application threads were stopped: 0.0001330 seconds
2015-04-04T01:30:25.044-0100: 3955.496: Total time for which application threads were stopped: 0.0001500 seconds
2015-04-04T01:30:25.044-0100: 3955.497: Total time for which application threads were stopped: 0.0001060 seconds
2015-04-04T01:30:25.046-0100: 3955.498: Total time for which application threads were stopped: 0.0001680 seconds
2015-04-04T01:30:25.050-0100: 3955.502: Total time for which application threads were stopped: 0.0003930 seconds
2015-04-04T01:30:25.055-0100: 3955.507: Total time for which application threads were stopped: 0.0001430 seconds
2015-04-04T01:30:25.065-0100: 3955.518: Total time for which application threads were stopped: 0.0012770 seconds
2015-04-04T01:30:25.066-0100: 3955.518: Total time for which application threads were stopped: 0.0001200 seconds
2015-04-04T01:30:25.066-0100: 3955.518: Total time for which application threads were stopped: 0.0001080 seconds
2015-04-04T01:30:25.066-0100: 3955.518: Total time for which application threads were stopped: 0.0000790 seconds
2015-04-04T01:30:25.072-0100: 3955.524: Total time for which application threads were stopped: 0.0001600 seconds
2015-04-04T01:30:25.072-0100: 3955.524: Total time for which application threads were stopped: 0.0000930 seconds
2015-04-04T01:30:25.072-0100: 3955.524: Total time for which application threads were stopped: 0.0000720 seconds
2015-04-04T01:30:25.072-0100: 3955.524: Total time for which application threads were stopped: 0.0000740 seconds
2015-04-04T01:30:25.074-0100: 3955.526: Total time for which application threads were stopped: 0.0001170 seconds
2015-04-04T01:30:25.074-0100: 3955.527: Total time for which application threads were stopped: 0.0000590 seconds
2015-04-04T01:30:25.091-0100: 3955.544: Total time for which application threads were stopped: 0.0001310 seconds
2015-04-04T01:30:25.092-0100: 3955.544: Total time for which application threads were stopped: 0.0001010 seconds
2015-04-04T01:30:25.093-0100: 3955.545: Total time for which application threads were stopped: 0.0002370 seconds
2015-04-04T01:30:25.096-0100: 3955.548: Total time for which application threads were stopped: 0.0001930 seconds
2015-04-04T01:30:25.097-0100: 3955.549: Total time for which application threads were stopped: 0.0001280 seconds
2015-04-04T01:30:25.098-0100: 3955.550: Total time for which application threads were stopped: 0.0001230 seconds
2015-04-04T01:30:25.101-0100: 3955.553: Total time for which application threads were stopped: 0.0001370 seconds
2015-04-04T01:30:25.101-0100: 3955.553: Total time for which application threads were stopped: 0.0001050 seconds
2015-04-04T01:30:25.102-0100: 3955.554: Total time for which application threads were stopped: 0.0000920 seconds
2015-04-04T01:30:25.117-0100: 3955.570: Total time for which application threads were stopped: 0.0001500 seconds
2015-04-04T01:30:25.119-0100: 3955.571: Total time for which application threads were stopped: 0.0001180 seconds
2015-04-04T01:30:25.119-0100: 3955.571: Total time for which application threads were stopped: 0.0000900 seconds
2015-04-04T01:30:25.119-0100: 3955.571: Total time for which application threads were stopped: 0.0001100 seconds
2015-04-04T01:30:25.119-0100: 3955.572: Total time for which application threads were stopped: 0.0000760 seconds
2015-04-04T01:30:25.120-0100: 3955.572: Total time for which application threads were stopped: 0.0001080 seconds
2015-04-04T01:30:25.126-0100: 3955.579: Total time for which application threads were stopped: 0.0001540 seconds
2015-04-04T01:30:25.126-0100: 3955.579: Total time for which application threads were stopped: 0.0000590 seconds
2015-04-04T01:30:25.126-0100: 3955.579: Total time for which application threads were stopped: 0.0000590 seconds
2015-04-04T01:30:25.127-0100: 3955.579: Total time for which application threads were stopped: 0.0000750 seconds
2015-04-04T01:30:25.127-0100: 3955.579: Total time for which application threads were stopped: 0.0000620 seconds
2015-04-04T01:30:25.127-0100: 3955.579: Total time for which application threads were stopped: 0.0000400 seconds
2015-04-04T01:30:25.129-0100: 3955.582: Total time for which application threads were stopped: 0.0001750 seconds
2015-04-04T01:30:25.130-0100: 3955.582: Total time for which application threads were stopped: 0.0001460 seconds
2015-04-04T01:30:25.130-0100: 3955.582: Total time for which application threads were stopped: 0.0000970 seconds
2015-04-04T01:30:25.130-0100: 3955.582: Total time for which application threads were stopped: 0.0000860 seconds
2015-04-04T01:30:25.130-0100: 3955.583: Total time for which application threads were stopped: 0.0000870 seconds
2015-04-04T01:30:25.130-0100: 3955.583: Total time for which application threads were stopped: 0.0000960 seconds
2015-04-04T01:30:25.131-0100: 3955.583: Total time for which application threads were stopped: 0.0003070 seconds
2015-04-04T01:30:25.131-0100: 3955.583: Total time for which application threads were stopped: 0.0001300 seconds
2015-04-04T01:30:25.131-0100: 3955.584: Total time for which application threads were stopped: 0.0001250 seconds
2015-04-04T01:30:25.143-0100: 3955.595: Total time for which application threads were stopped: 0.0001550 seconds
2015-04-04T01:30:25.146-0100: 3955.598: Total time for which application threads were stopped: 0.0001350 seconds
2015-04-04T01:30:25.207-0100: 3955.660: Total time for which application threads were stopped: 0.0001520 seconds
2015-04-04T01:30:30.154-0100: 3960.607: Total time for which application threads were stopped: 0.0010740 seconds
2015-04-04T01:31:15.142-0100: 4005.594: Total time for which application threads were stopped: 0.0009310 seconds
2015-04-04T01:31:15.142-0100: 4005.594: Total time for which application threads were stopped: 0.0001310 seconds
2015-04-04T01:31:15.157-0100: 4005.609: Total time for which application threads were stopped: 0.0001420 seconds
2015-04-04T01:31:25.144-0100: 4015.596: Total time for which application threads were stopped: 0.0013170 seconds
2015-04-04T01:31:49.422-0100: 4039.874: Total time for which application threads were stopped: 0.0006560 seconds
2015-04-04T01:31:49.422-0100: 4039.874: Total time for which application threads were stopped: 0.0000750 seconds
2015-04-04T01:31:49.424-0100: 4039.877: Total time for which application threads were stopped: 0.0001360 seconds
2015-04-04T01:31:49.425-0100: 4039.877: Total time for which application threads were stopped: 0.0000810 seconds
2015-04-04T01:31:49.426-0100: 4039.878: Total time for which application threads were stopped: 0.0001150 seconds
2015-04-04T01:31:49.439-0100: 4039.892: Total time for which application threads were stopped: 0.0001030 seconds
2015-04-04T01:31:49.446-0100: 4039.898: Total time for which application threads were stopped: 0.0001730 seconds
2015-04-04T01:31:49.447-0100: 4039.899: Total time for which application threads were stopped: 0.0001820 seconds
2015-04-04T01:31:49.447-0100: 4039.899: Total time for which application threads were stopped: 0.0000980 seconds
2015-04-04T01:31:49.447-0100: 4039.899: Total time for which application threads were stopped: 0.0001170 seconds
2015-04-04T01:31:49.447-0100: 4039.900: Total time for which application threads were stopped: 0.0000620 seconds
2015-04-04T01:31:49.448-0100: 4039.900: Total time for which application threads were stopped: 0.0001080 seconds
2015-04-04T01:31:49.448-0100: 4039.900: Total time for which application threads were stopped: 0.0000650 seconds
2015-04-04T01:31:49.449-0100: 4039.901: Total time for which application threads were stopped: 0.0001270 seconds
2015-04-04T01:31:49.449-0100: 4039.902: Total time for which application threads were stopped: 0.0001240 seconds
2015-04-04T01:31:49.450-0100: 4039.902: Total time for which application threads were stopped: 0.0000940 seconds
2015-04-04T01:31:49.455-0100: 4039.908: Total time for which application threads were stopped: 0.0001370 seconds
2015-04-04T01:31:49.456-0100: 4039.908: Total time for which application threads were stopped: 0.0001000 seconds
2015-04-04T01:31:49.456-0100: 4039.908: Total time for which application threads were stopped: 0.0000530 seconds
2015-04-04T01:31:49.457-0100: 4039.909: Total time for which application threads were stopped: 0.0002160 seconds
2015-04-04T01:31:49.457-0100: 4039.909: Total time for which application threads were stopped: 0.0000560 seconds
2015-04-04T01:31:49.457-0100: 4039.909: Total time for which application threads were stopped: 0.0000660 seconds
2015-04-04T01:31:49.459-0100: 4039.911: Total time for which application threads were stopped: 0.0001090 seconds
2015-04-04T01:31:49.460-0100: 4039.912: Total time for which application threads were stopped: 0.0000850 seconds
2015-04-04T01:31:49.460-0100: 4039.912: Total time for which application threads were stopped: 0.0000720 seconds
2015-04-04T01:31:49.472-0100: 4039.924: Total time for which application threads were stopped: 0.0001570 seconds
2015-04-04T01:31:49.472-0100: 4039.925: Total time for which application threads were stopped: 0.0002860 seconds
2015-04-04T01:31:49.473-0100: 4039.925: Total time for which application threads were stopped: 0.0001060 seconds
2015-04-04T01:31:49.473-0100: 4039.925: Total time for which application threads were stopped: 0.0001300 seconds
2015-04-04T01:31:49.474-0100: 4039.926: Total time for which application threads were stopped: 0.0001010 seconds
2015-04-04T01:31:49.474-0100: 4039.926: Total time for which application threads were stopped: 0.0000720 seconds
2015-04-04T01:31:49.476-0100: 4039.929: Total time for which application threads were stopped: 0.0001640 seconds
2015-04-04T01:31:49.479-0100: 4039.931: Total time for which application threads were stopped: 0.0001620 seconds
2015-04-04T01:31:49.481-0100: 4039.933: Total time for which application threads were stopped: 0.0001460 seconds
2015-04-04T01:31:49.483-0100: 4039.935: Total time for which application threads were stopped: 0.0001100 seconds
2015-04-04T01:31:49.497-0100: 4039.949: Total time for which application threads were stopped: 0.0001800 seconds
2015-04-04T01:31:49.501-0100: 4039.953: Total time for which application threads were stopped: 0.0001880 seconds
2015-04-04T01:31:49.502-0100: 4039.954: Total time for which application threads were stopped: 0.0001500 seconds
2015-04-04T01:31:49.519-0100: 4039.972: Total time for which application threads were stopped: 0.0001850 seconds
2015-04-04T01:31:49.520-0100: 4039.972: Total time for which application threads were stopped: 0.0001220 seconds
2015-04-04T01:31:49.520-0100: 4039.972: Total time for which application threads were stopped: 0.0001110 seconds
2015-04-04T01:31:49.520-0100: 4039.972: Total time for which application threads were stopped: 0.0001090 seconds
2015-04-04T01:31:49.530-0100: 4039.982: Total time for which application threads were stopped: 0.0001940 seconds
2015-04-04T01:31:49.531-0100: 4039.983: Total time for which application threads were stopped: 0.0001410 seconds
2015-04-04T01:31:49.532-0100: 4039.984: Total time for which application threads were stopped: 0.0001240 seconds
2015-04-04T01:31:49.532-0100: 4039.984: Total time for which application threads were stopped: 0.0001030 seconds
2015-04-04T01:31:49.532-0100: 4039.984: Total time for which application threads were stopped: 0.0000940 seconds
2015-04-04T01:31:49.532-0100: 4039.984: Total time for which application threads were stopped: 0.0000850 seconds
2015-04-04T01:31:49.532-0100: 4039.984: Total time for which application threads were stopped: 0.0000830 seconds
2015-04-04T01:31:49.532-0100: 4039.984: Total time for which application threads were stopped: 0.0000770 seconds
2015-04-04T01:31:49.537-0100: 4039.990: Total time for which application threads were stopped: 0.0003070 seconds
2015-04-04T01:31:49.538-0100: 4039.990: Total time for which application threads were stopped: 0.0002260 seconds
2015-04-04T01:31:49.567-0100: 4040.019: Total time for which application threads were stopped: 0.0001970 seconds
2015-04-04T01:31:49.641-0100: 4040.093: Total time for which application threads were stopped: 0.0002460 seconds
2015-04-04T01:31:54.574-0100: 4045.026: Total time for which application threads were stopped: 0.0010630 seconds
2015-04-04T01:32:39.543-0100: 4089.995: Total time for which application threads were stopped: 0.0010940 seconds
2015-04-04T01:32:49.540-0100: 4099.992: Total time for which application threads were stopped: 0.0008450 seconds
2015-04-04T01:32:49.551-0100: 4100.003: Total time for which application threads were stopped: 0.0001390 seconds
2015-04-04T01:32:49.555-0100: 4100.007: Total time for which application threads were stopped: 0.0001660 seconds
2015-04-04T01:32:49.560-0100: 4100.013: Total time for which application threads were stopped: 0.0001480 seconds
2015-04-04T01:33:13.164-0100: 4123.616: Total time for which application threads were stopped: 0.0006430 seconds
2015-04-04T01:33:13.164-0100: 4123.616: Total time for which application threads were stopped: 0.0000680 seconds
2015-04-04T01:33:13.187-0100: 4123.639: Total time for which application threads were stopped: 0.0002160 seconds
2015-04-04T01:33:13.187-0100: 4123.640: Total time for which application threads were stopped: 0.0001680 seconds
2015-04-04T01:33:13.188-0100: 4123.640: Total time for which application threads were stopped: 0.0000880 seconds
2015-04-04T01:33:13.188-0100: 4123.640: Total time for which application threads were stopped: 0.0000830 seconds
2015-04-04T01:33:13.188-0100: 4123.640: Total time for which application threads were stopped: 0.0000950 seconds
2015-04-04T01:33:13.188-0100: 4123.641: Total time for which application threads were stopped: 0.0000740 seconds
2015-04-04T01:33:13.188-0100: 4123.641: Total time for which application threads were stopped: 0.0000810 seconds
2015-04-04T01:33:13.189-0100: 4123.641: Total time for which application threads were stopped: 0.0000990 seconds
2015-04-04T01:33:13.190-0100: 4123.642: Total time for which application threads were stopped: 0.0001070 seconds
2015-04-04T01:33:13.191-0100: 4123.644: Total time for which application threads were stopped: 0.0004830 seconds
2015-04-04T01:33:13.196-0100: 4123.648: Total time for which application threads were stopped: 0.0002740 seconds
2015-04-04T01:33:13.197-0100: 4123.649: Total time for which application threads were stopped: 0.0001500 seconds
2015-04-04T01:33:13.197-0100: 4123.650: Total time for which application threads were stopped: 0.0001360 seconds
2015-04-04T01:33:13.200-0100: 4123.652: Total time for which application threads were stopped: 0.0001110 seconds
2015-04-04T01:33:13.200-0100: 4123.652: Total time for which application threads were stopped: 0.0000470 seconds
2015-04-04T01:33:13.203-0100: 4123.655: Total time for which application threads were stopped: 0.0001740 seconds
2015-04-04T01:33:13.210-0100: 4123.662: Total time for which application threads were stopped: 0.0001920 seconds
2015-04-04T01:33:13.211-0100: 4123.663: Total time for which application threads were stopped: 0.0001690 seconds
2015-04-04T01:33:13.212-0100: 4123.664: Total time for which application threads were stopped: 0.0000960 seconds
2015-04-04T01:33:13.216-0100: 4123.668: Total time for which application threads were stopped: 0.0001560 seconds
2015-04-04T01:33:13.217-0100: 4123.669: Total time for which application threads were stopped: 0.0001770 seconds
2015-04-04T01:33:13.219-0100: 4123.671: Total time for which application threads were stopped: 0.0002290 seconds
2015-04-04T01:33:13.232-0100: 4123.685: Total time for which application threads were stopped: 0.0001310 seconds
2015-04-04T01:33:13.239-0100: 4123.692: Total time for which application threads were stopped: 0.0001690 seconds
2015-04-04T01:33:13.243-0100: 4123.695: Total time for which application threads were stopped: 0.0002320 seconds
2015-04-04T01:33:13.245-0100: 4123.698: Total time for which application threads were stopped: 0.0001700 seconds
2015-04-04T01:33:13.248-0100: 4123.701: Total time for which application threads were stopped: 0.0001760 seconds
2015-04-04T01:33:13.249-0100: 4123.701: Total time for which application threads were stopped: 0.0002480 seconds
2015-04-04T01:33:13.249-0100: 4123.701: Total time for which application threads were stopped: 0.0000750 seconds
2015-04-04T01:33:13.249-0100: 4123.701: Total time for which application threads were stopped: 0.0000610 seconds
2015-04-04T01:33:13.252-0100: 4123.705: Total time for which application threads were stopped: 0.0001500 seconds
2015-04-04T01:33:13.271-0100: 4123.724: Total time for which application threads were stopped: 0.0002310 seconds
2015-04-04T01:33:13.272-0100: 4123.724: Total time for which application threads were stopped: 0.0001170 seconds
2015-04-04T01:33:13.272-0100: 4123.724: Total time for which application threads were stopped: 0.0001470 seconds
2015-04-04T01:33:13.272-0100: 4123.724: Total time for which application threads were stopped: 0.0001420 seconds
2015-04-04T01:33:13.272-0100: 4123.724: Total time for which application threads were stopped: 0.0001010 seconds
2015-04-04T01:33:13.272-0100: 4123.724: Total time for which application threads were stopped: 0.0000810 seconds
2015-04-04T01:33:13.272-0100: 4123.725: Total time for which application threads were stopped: 0.0001170 seconds
2015-04-04T01:33:13.273-0100: 4123.725: Total time for which application threads were stopped: 0.0001060 seconds
2015-04-04T01:33:13.280-0100: 4123.732: Total time for which application threads were stopped: 0.0001350 seconds
2015-04-04T01:33:13.280-0100: 4123.732: Total time for which application threads were stopped: 0.0001040 seconds
2015-04-04T01:33:13.343-0100: 4123.795: Total time for which application threads were stopped: 0.0001670 seconds
2015-04-04T01:33:18.288-0100: 4128.740: Total time for which application threads were stopped: 0.0009520 seconds
2015-04-04T01:34:03.270-0100: 4173.722: Total time for which application threads were stopped: 0.0009110 seconds
2015-04-04T01:34:03.271-0100: 4173.723: Total time for which application threads were stopped: 0.0007820 seconds
2015-04-04T01:34:03.285-0100: 4173.737: Total time for which application threads were stopped: 0.0001450 seconds
2015-04-04T01:34:13.271-0100: 4183.723: Total time for which application threads were stopped: 0.0010550 seconds
2015-04-04T01:34:13.276-0100: 4183.728: Total time for which application threads were stopped: 0.0001250 seconds
2015-04-04T01:36:19.045-0100: 4309.498: Total time for which application threads were stopped: 0.0008670 seconds
2015-04-04T01:36:19.046-0100: 4309.498: Total time for which application threads were stopped: 0.0001630 seconds
2015-04-04T01:36:19.048-0100: 4309.500: Total time for which application threads were stopped: 0.0001140 seconds
2015-04-04T01:36:19.048-0100: 4309.501: Total time for which application threads were stopped: 0.0001140 seconds
2015-04-04T01:36:19.049-0100: 4309.501: Total time for which application threads were stopped: 0.0000790 seconds
2015-04-04T01:36:19.049-0100: 4309.501: Total time for which application threads were stopped: 0.0000580 seconds
2015-04-04T01:36:19.049-0100: 4309.502: Total time for which application threads were stopped: 0.0001170 seconds
2015-04-04T01:36:19.071-0100: 4309.524: Total time for which application threads were stopped: 0.0003290 seconds
2015-04-04T01:36:19.072-0100: 4309.524: Total time for which application threads were stopped: 0.0001260 seconds
2015-04-04T01:36:19.074-0100: 4309.526: Total time for which application threads were stopped: 0.0001510 seconds
2015-04-04T01:36:19.075-0100: 4309.527: Total time for which application threads were stopped: 0.0001470 seconds
2015-04-04T01:36:19.076-0100: 4309.528: Total time for which application threads were stopped: 0.0001520 seconds
2015-04-04T01:36:19.076-0100: 4309.528: Total time for which application threads were stopped: 0.0000940 seconds
2015-04-04T01:36:19.077-0100: 4309.529: Total time for which application threads were stopped: 0.0001140 seconds
2015-04-04T01:36:19.080-0100: 4309.532: Total time for which application threads were stopped: 0.0001780 seconds
2015-04-04T01:36:19.080-0100: 4309.533: Total time for which application threads were stopped: 0.0001560 seconds
2015-04-04T01:36:19.081-0100: 4309.533: Total time for which application threads were stopped: 0.0001290 seconds
2015-04-04T01:36:19.087-0100: 4309.539: Total time for which application threads were stopped: 0.0001640 seconds
2015-04-04T01:36:19.087-0100: 4309.540: Total time for which application threads were stopped: 0.0000860 seconds
2015-04-04T01:36:19.087-0100: 4309.540: Total time for which application threads were stopped: 0.0000700 seconds
2015-04-04T01:36:19.089-0100: 4309.542: Total time for which application threads were stopped: 0.0001290 seconds
{Heap before GC invocations=14 (full 0):
 par new generation   total 109248K, used 103735K [0x00000007dae00000, 0x00000007e2e00000, 0x00000007e2e00000)
  eden space 87424K, 100% used [0x00000007dae00000, 0x00000007e0360000, 0x00000007e0360000)
  from space 21824K,  74% used [0x00000007e0360000, 0x00000007e134dc88, 0x00000007e18b0000)
  to   space 21824K,   0% used [0x00000007e18b0000, 0x00000007e18b0000, 0x00000007e2e00000)
 concurrent mark-sweep generation total 393216K, used 8111K [0x00000007e2e00000, 0x00000007fae00000, 0x00000007fae00000)
 concurrent-mark-sweep perm gen total 33728K, used 33591K [0x00000007fae00000, 0x00000007fcef0000, 0x0000000800000000)
2015-04-04T01:36:19.565-0100: 4310.017: [GC2015-04-04T01:36:19.565-0100: 4310.017: [ParNew
Desired survivor size 20112992 bytes, new threshold 8 (max 8)
- age   1:    3413296 bytes,    3413296 total
- age   2:    3166400 bytes,    6579696 total
- age   3:      74104 bytes,    6653800 total
- age   4:     104184 bytes,    6757984 total
- age   5:      42520 bytes,    6800504 total
- age   6:    2951048 bytes,    9751552 total
- age   7:     681520 bytes,   10433072 total
- age   8:    1604584 bytes,   12037656 total
: 103735K->13659K(109248K), 0.0363260 secs] 111846K->21977K(502464K), 0.0364580 secs] [Times: user=0.04 sys=0.02, real=0.04 secs] 
Heap after GC invocations=15 (full 0):
 par new generation   total 109248K, used 13659K [0x00000007dae00000, 0x00000007e2e00000, 0x00000007e2e00000)
  eden space 87424K,   0% used [0x00000007dae00000, 0x00000007dae00000, 0x00000007e0360000)
  from space 21824K,  62% used [0x00000007e18b0000, 0x00000007e2606fd8, 0x00000007e2e00000)
  to   space 21824K,   0% used [0x00000007e0360000, 0x00000007e0360000, 0x00000007e18b0000)
 concurrent mark-sweep generation total 393216K, used 8318K [0x00000007e2e00000, 0x00000007fae00000, 0x00000007fae00000)
 concurrent-mark-sweep perm gen total 33728K, used 33591K [0x00000007fae00000, 0x00000007fcef0000, 0x0000000800000000)
}
2015-04-04T01:36:19.602-0100: 4310.054: Total time for which application threads were stopped: 0.0403030 seconds
{Heap before GC invocations=15 (full 0):
 par new generation   total 109248K, used 101083K [0x00000007dae00000, 0x00000007e2e00000, 0x00000007e2e00000)
  eden space 87424K, 100% used [0x00000007dae00000, 0x00000007e0360000, 0x00000007e0360000)
  from space 21824K,  62% used [0x00000007e18b0000, 0x00000007e2606fd8, 0x00000007e2e00000)
  to   space 21824K,   0% used [0x00000007e0360000, 0x00000007e0360000, 0x00000007e18b0000)
 concurrent mark-sweep generation total 393216K, used 8318K [0x00000007e2e00000, 0x00000007fae00000, 0x00000007fae00000)
 concurrent-mark-sweep perm gen total 33728K, used 33594K [0x00000007fae00000, 0x00000007fcef0000, 0x0000000800000000)
2015-04-04T01:36:19.777-0100: 4310.229: [GC2015-04-04T01:36:19.777-0100: 4310.229: [ParNew
Desired survivor size 20112992 bytes, new threshold 8 (max 8)
- age   1:     204672 bytes,     204672 total
- age   2:    2775384 bytes,    2980056 total
- age   3:    3159344 bytes,    6139400 total
- age   4:      74104 bytes,    6213504 total
- age   5:     104184 bytes,    6317688 total
- age   6:      42520 bytes,    6360208 total
- age   7:    2949256 bytes,    9309464 total
- age   8:     663944 bytes,    9973408 total
: 101083K->15167K(109248K), 0.0240610 secs] 109401K->25067K(502464K), 0.0241540 secs] [Times: user=0.04 sys=0.00, real=0.03 secs] 
Heap after GC invocations=16 (full 0):
 par new generation   total 109248K, used 15167K [0x00000007dae00000, 0x00000007e2e00000, 0x00000007e2e00000)
  eden space 87424K,   0% used [0x00000007dae00000, 0x00000007dae00000, 0x00000007e0360000)
  from space 21824K,  69% used [0x00000007e0360000, 0x00000007e122fe18, 0x00000007e18b0000)
  to   space 21824K,   0% used [0x00000007e18b0000, 0x00000007e18b0000, 0x00000007e2e00000)
 concurrent mark-sweep generation total 393216K, used 9899K [0x00000007e2e00000, 0x00000007fae00000, 0x00000007fae00000)
 concurrent-mark-sweep perm gen total 33728K, used 33594K [0x00000007fae00000, 0x00000007fcef0000, 0x0000000800000000)
}
2015-04-04T01:36:19.801-0100: 4310.253: Total time for which application threads were stopped: 0.0244610 seconds
{Heap before GC invocations=16 (full 0):
 par new generation   total 109248K, used 102591K [0x00000007dae00000, 0x00000007e2e00000, 0x00000007e2e00000)
  eden space 87424K, 100% used [0x00000007dae00000, 0x00000007e0360000, 0x00000007e0360000)
  from space 21824K,  69% used [0x00000007e0360000, 0x00000007e122fe18, 0x00000007e18b0000)
  to   space 21824K,   0% used [0x00000007e18b0000, 0x00000007e18b0000, 0x00000007e2e00000)
 concurrent mark-sweep generation total 393216K, used 9899K [0x00000007e2e00000, 0x00000007fae00000, 0x00000007fae00000)
 concurrent-mark-sweep perm gen total 33728K, used 33597K [0x00000007fae00000, 0x00000007fcef0000, 0x0000000800000000)
2015-04-04T01:36:19.924-0100: 4310.376: [GC2015-04-04T01:36:19.924-0100: 4310.376: [ParNew
Desired survivor size 20112992 bytes, new threshold 8 (max 8)
- age   1:    1097640 bytes,    1097640 total
- age   2:      68936 bytes,    1166576 total
- age   3:    2775384 bytes,    3941960 total
- age   4:    3159344 bytes,    7101304 total
- age   5:      74104 bytes,    7175408 total
- age   6:     104184 bytes,    7279592 total
- age   7:      42520 bytes,    7322112 total
- age   8:    2949256 bytes,   10271368 total
: 102591K->11869K(109248K), 0.0134550 secs] 112491K->22430K(502464K), 0.0135610 secs] [Times: user=0.03 sys=0.00, real=0.01 secs] 
Heap after GC invocations=17 (full 0):
 par new generation   total 109248K, used 11869K [0x00000007dae00000, 0x00000007e2e00000, 0x00000007e2e00000)
  eden space 87424K,   0% used [0x00000007dae00000, 0x00000007dae00000, 0x00000007e0360000)
  from space 21824K,  54% used [0x00000007e18b0000, 0x00000007e2447770, 0x00000007e2e00000)
  to   space 21824K,   0% used [0x00000007e0360000, 0x00000007e0360000, 0x00000007e18b0000)
 concurrent mark-sweep generation total 393216K, used 10560K [0x00000007e2e00000, 0x00000007fae00000, 0x00000007fae00000)
 concurrent-mark-sweep perm gen total 33728K, used 33597K [0x00000007fae00000, 0x00000007fcef0000, 0x0000000800000000)
}
2015-04-04T01:36:19.937-0100: 4310.390: Total time for which application threads were stopped: 0.0138350 seconds
2015-04-04T01:36:20.063-0100: 4310.515: Total time for which application threads were stopped: 0.0008740 seconds
{Heap before GC invocations=17 (full 0):
 par new generation   total 109248K, used 99293K [0x00000007dae00000, 0x00000007e2e00000, 0x00000007e2e00000)
  eden space 87424K, 100% used [0x00000007dae00000, 0x00000007e0360000, 0x00000007e0360000)
  from space 21824K,  54% used [0x00000007e18b0000, 0x00000007e2447770, 0x00000007e2e00000)
  to   space 21824K,   0% used [0x00000007e0360000, 0x00000007e0360000, 0x00000007e18b0000)
 concurrent mark-sweep generation total 393216K, used 10560K [0x00000007e2e00000, 0x00000007fae00000, 0x00000007fae00000)
 concurrent-mark-sweep perm gen total 33728K, used 33598K [0x00000007fae00000, 0x00000007fcef0000, 0x0000000800000000)
2015-04-04T01:36:20.087-0100: 4310.540: [GC2015-04-04T01:36:20.087-0100: 4310.540: [ParNew
Desired survivor size 20112992 bytes, new threshold 8 (max 8)
- age   1:     423112 bytes,     423112 total
- age   2:      90160 bytes,     513272 total
- age   3:      66584 bytes,     579856 total
- age   4:    2381704 bytes,    2961560 total
- age   5:    3155800 bytes,    6117360 total
- age   6:      74104 bytes,    6191464 total
- age   7:     104184 bytes,    6295648 total
- age   8:      42520 bytes,    6338168 total
: 99293K->10123K(109248K), 0.0172930 secs] 109854K->23568K(502464K), 0.0173830 secs] [Times: user=0.05 sys=0.00, real=0.02 secs] 
Heap after GC invocations=18 (full 0):
 par new generation   total 109248K, used 10123K [0x00000007dae00000, 0x00000007e2e00000, 0x00000007e2e00000)
  eden space 87424K,   0% used [0x00000007dae00000, 0x00000007dae00000, 0x00000007e0360000)
  from space 21824K,  46% used [0x00000007e0360000, 0x00000007e0d42cf0, 0x00000007e18b0000)
  to   space 21824K,   0% used [0x00000007e18b0000, 0x00000007e18b0000, 0x00000007e2e00000)
 concurrent mark-sweep generation total 393216K, used 13445K [0x00000007e2e00000, 0x00000007fae00000, 0x00000007fae00000)
 concurrent-mark-sweep perm gen total 33728K, used 33598K [0x00000007fae00000, 0x00000007fcef0000, 0x0000000800000000)
}
2015-04-04T01:36:20.105-0100: 4310.557: Total time for which application threads were stopped: 0.0176440 seconds
2015-04-04T01:36:20.107-0100: 4310.560: Total time for which application threads were stopped: 0.0001760 seconds
2015-04-04T01:36:20.291-0100: 4310.743: Total time for which application threads were stopped: 0.0001720 seconds
2015-04-04T01:36:20.294-0100: 4310.746: Total time for which application threads were stopped: 0.0002120 seconds
2015-04-04T01:36:20.342-0100: 4310.795: Total time for which application threads were stopped: 0.0001870 seconds
2015-04-04T01:36:25.298-0100: 4315.750: Total time for which application threads were stopped: 0.0007520 seconds
2015-04-04T01:36:34.368-0100: 4324.820: Total time for which application threads were stopped: 0.0007460 seconds
2015-04-04T01:36:34.368-0100: 4324.821: Total time for which application threads were stopped: 0.0000830 seconds
2015-04-04T01:36:34.369-0100: 4324.821: Total time for which application threads were stopped: 0.0000810 seconds
2015-04-04T01:36:34.392-0100: 4324.845: Total time for which application threads were stopped: 0.0001010 seconds
2015-04-04T01:36:34.393-0100: 4324.846: Total time for which application threads were stopped: 0.0001100 seconds
2015-04-04T01:36:34.394-0100: 4324.846: Total time for which application threads were stopped: 0.0000660 seconds
2015-04-04T01:36:34.394-0100: 4324.846: Total time for which application threads were stopped: 0.0000470 seconds
2015-04-04T01:36:36.295-0100: 4326.748: Total time for which application threads were stopped: 0.0004320 seconds
2015-04-04T01:36:36.296-0100: 4326.748: Total time for which application threads were stopped: 0.0000510 seconds
2015-04-04T01:36:36.297-0100: 4326.749: Total time for which application threads were stopped: 0.0001140 seconds
2015-04-04T01:36:36.297-0100: 4326.750: Total time for which application threads were stopped: 0.0000590 seconds
2015-04-04T01:36:36.301-0100: 4326.753: Total time for which application threads were stopped: 0.0001090 seconds
2015-04-04T01:36:36.311-0100: 4326.763: Total time for which application threads were stopped: 0.0001980 seconds
2015-04-04T01:36:36.311-0100: 4326.764: Total time for which application threads were stopped: 0.0001030 seconds
2015-04-04T01:36:36.311-0100: 4326.764: Total time for which application threads were stopped: 0.0000640 seconds
2015-04-04T01:36:36.315-0100: 4326.767: Total time for which application threads were stopped: 0.0002220 seconds
2015-04-04T01:36:36.326-0100: 4326.778: Total time for which application threads were stopped: 0.0001260 seconds
2015-04-04T01:36:36.326-0100: 4326.779: Total time for which application threads were stopped: 0.0000720 seconds
2015-04-04T01:36:36.326-0100: 4326.779: Total time for which application threads were stopped: 0.0000600 seconds
2015-04-04T01:36:36.326-0100: 4326.779: Total time for which application threads were stopped: 0.0000550 seconds
2015-04-04T01:36:36.328-0100: 4326.780: Total time for which application threads were stopped: 0.0001090 seconds
2015-04-04T01:36:36.328-0100: 4326.780: Total time for which application threads were stopped: 0.0000860 seconds
2015-04-04T01:36:36.328-0100: 4326.780: Total time for which application threads were stopped: 0.0001060 seconds
2015-04-04T01:36:36.329-0100: 4326.781: Total time for which application threads were stopped: 0.0001300 seconds
2015-04-04T01:36:36.333-0100: 4326.785: Total time for which application threads were stopped: 0.0001490 seconds
2015-04-04T01:36:36.333-0100: 4326.785: Total time for which application threads were stopped: 0.0000510 seconds
2015-04-04T01:36:36.333-0100: 4326.786: Total time for which application threads were stopped: 0.0000440 seconds
2015-04-04T01:36:36.333-0100: 4326.786: Total time for which application threads were stopped: 0.0000500 seconds
2015-04-04T01:36:36.333-0100: 4326.786: Total time for which application threads were stopped: 0.0000670 seconds
2015-04-04T01:36:36.334-0100: 4326.786: Total time for which application threads were stopped: 0.0000530 seconds
2015-04-04T01:36:36.334-0100: 4326.786: Total time for which application threads were stopped: 0.0002400 seconds
2015-04-04T01:36:36.334-0100: 4326.786: Total time for which application threads were stopped: 0.0000600 seconds
2015-04-04T01:36:36.355-0100: 4326.808: Total time for which application threads were stopped: 0.0001190 seconds
2015-04-04T01:36:36.356-0100: 4326.808: Total time for which application threads were stopped: 0.0000620 seconds
2015-04-04T01:36:36.358-0100: 4326.810: Total time for which application threads were stopped: 0.0001220 seconds
2015-04-04T01:36:36.358-0100: 4326.810: Total time for which application threads were stopped: 0.0000740 seconds
2015-04-04T01:36:36.404-0100: 4326.856: Total time for which application threads were stopped: 0.0001510 seconds
2015-04-04T01:36:41.363-0100: 4331.815: Total time for which application threads were stopped: 0.0004720 seconds
2015-04-04T01:36:51.346-0100: 4341.798: Total time for which application threads were stopped: 0.0008450 seconds
2015-04-04T01:36:51.347-0100: 4341.799: Total time for which application threads were stopped: 0.0000960 seconds
2015-04-04T01:36:51.348-0100: 4341.801: Total time for which application threads were stopped: 0.0000780 seconds
2015-04-04T01:36:51.375-0100: 4341.827: Total time for which application threads were stopped: 0.0001270 seconds
2015-04-04T01:36:51.375-0100: 4341.827: Total time for which application threads were stopped: 0.0000620 seconds
2015-04-04T01:36:51.375-0100: 4341.827: Total time for which application threads were stopped: 0.0000570 seconds
2015-04-04T01:37:10.059-0100: 4360.511: Total time for which application threads were stopped: 0.0004320 seconds
2015-04-04T01:37:10.059-0100: 4360.511: Total time for which application threads were stopped: 0.0000540 seconds
2015-04-04T01:37:10.063-0100: 4360.515: Total time for which application threads were stopped: 0.0001410 seconds
2015-04-04T01:37:10.063-0100: 4360.516: Total time for which application threads were stopped: 0.0000830 seconds
2015-04-04T01:37:10.082-0100: 4360.535: Total time for which application threads were stopped: 0.0001300 seconds
2015-04-04T01:37:10.083-0100: 4360.535: Total time for which application threads were stopped: 0.0002140 seconds
2015-04-04T01:37:10.087-0100: 4360.539: Total time for which application threads were stopped: 0.0001300 seconds
2015-04-04T01:37:10.092-0100: 4360.544: Total time for which application threads were stopped: 0.0001000 seconds
2015-04-04T01:37:10.092-0100: 4360.545: Total time for which application threads were stopped: 0.0002430 seconds
2015-04-04T01:37:10.094-0100: 4360.546: Total time for which application threads were stopped: 0.0001530 seconds
2015-04-04T01:37:10.094-0100: 4360.546: Total time for which application threads were stopped: 0.0001080 seconds
2015-04-04T01:37:10.094-0100: 4360.546: Total time for which application threads were stopped: 0.0000770 seconds
2015-04-04T01:37:10.094-0100: 4360.546: Total time for which application threads were stopped: 0.0001080 seconds
2015-04-04T01:37:10.098-0100: 4360.551: Total time for which application threads were stopped: 0.0001260 seconds
2015-04-04T01:37:10.098-0100: 4360.551: Total time for which application threads were stopped: 0.0000670 seconds
2015-04-04T01:37:10.099-0100: 4360.551: Total time for which application threads were stopped: 0.0000540 seconds
2015-04-04T01:37:10.099-0100: 4360.551: Total time for which application threads were stopped: 0.0000540 seconds
2015-04-04T01:37:10.099-0100: 4360.551: Total time for which application threads were stopped: 0.0000600 seconds
2015-04-04T01:37:10.099-0100: 4360.551: Total time for which application threads were stopped: 0.0000570 seconds
2015-04-04T01:37:10.099-0100: 4360.551: Total time for which application threads were stopped: 0.0000550 seconds
2015-04-04T01:37:10.099-0100: 4360.551: Total time for which application threads were stopped: 0.0000540 seconds
2015-04-04T01:37:10.103-0100: 4360.555: Total time for which application threads were stopped: 0.0001410 seconds
2015-04-04T01:37:10.104-0100: 4360.556: Total time for which application threads were stopped: 0.0001170 seconds
2015-04-04T01:37:10.110-0100: 4360.562: Total time for which application threads were stopped: 0.0001860 seconds
2015-04-04T01:37:10.110-0100: 4360.562: Total time for which application threads were stopped: 0.0000670 seconds
2015-04-04T01:37:10.110-0100: 4360.562: Total time for which application threads were stopped: 0.0000600 seconds
2015-04-04T01:37:10.110-0100: 4360.562: Total time for which application threads were stopped: 0.0000720 seconds
2015-04-04T01:37:10.115-0100: 4360.567: Total time for which application threads were stopped: 0.0001700 seconds
2015-04-04T01:37:10.115-0100: 4360.567: Total time for which application threads were stopped: 0.0001450 seconds
2015-04-04T01:37:10.115-0100: 4360.568: Total time for which application threads were stopped: 0.0001010 seconds
2015-04-04T01:37:10.132-0100: 4360.585: Total time for which application threads were stopped: 0.0001980 seconds
2015-04-04T01:37:10.133-0100: 4360.585: Total time for which application threads were stopped: 0.0001500 seconds
2015-04-04T01:37:10.133-0100: 4360.585: Total time for which application threads were stopped: 0.0001120 seconds
2015-04-04T01:37:10.133-0100: 4360.585: Total time for which application threads were stopped: 0.0000980 seconds
2015-04-04T01:37:10.137-0100: 4360.589: Total time for which application threads were stopped: 0.0001450 seconds
2015-04-04T01:37:10.137-0100: 4360.590: Total time for which application threads were stopped: 0.0002850 seconds
2015-04-04T01:37:10.137-0100: 4360.590: Total time for which application threads were stopped: 0.0000750 seconds
2015-04-04T01:37:15.150-0100: 4365.602: Total time for which application threads were stopped: 0.0009620 seconds
2015-04-04T01:40:07.357-0100: 4537.810: Total time for which application threads were stopped: 0.0004340 seconds
2015-04-04T01:40:07.358-0100: 4537.810: Total time for which application threads were stopped: 0.0000600 seconds
2015-04-04T01:40:07.360-0100: 4537.812: Total time for which application threads were stopped: 0.0000920 seconds
2015-04-04T01:40:07.360-0100: 4537.812: Total time for which application threads were stopped: 0.0000500 seconds
2015-04-04T01:40:07.360-0100: 4537.813: Total time for which application threads were stopped: 0.0000850 seconds
2015-04-04T01:40:07.382-0100: 4537.834: Total time for which application threads were stopped: 0.0001450 seconds
2015-04-04T01:40:07.383-0100: 4537.835: Total time for which application threads were stopped: 0.0001150 seconds
2015-04-04T01:40:07.383-0100: 4537.835: Total time for which application threads were stopped: 0.0001360 seconds
2015-04-04T01:40:07.383-0100: 4537.835: Total time for which application threads were stopped: 0.0000830 seconds
2015-04-04T01:40:07.383-0100: 4537.835: Total time for which application threads were stopped: 0.0000900 seconds
2015-04-04T01:40:07.383-0100: 4537.835: Total time for which application threads were stopped: 0.0000900 seconds
2015-04-04T01:40:07.383-0100: 4537.836: Total time for which application threads were stopped: 0.0000870 seconds
2015-04-04T01:40:07.384-0100: 4537.836: Total time for which application threads were stopped: 0.0000820 seconds
2015-04-04T01:40:07.385-0100: 4537.837: Total time for which application threads were stopped: 0.0001460 seconds
2015-04-04T01:40:07.385-0100: 4537.837: Total time for which application threads were stopped: 0.0001370 seconds
2015-04-04T01:40:07.386-0100: 4537.838: Total time for which application threads were stopped: 0.0001120 seconds
2015-04-04T01:40:07.387-0100: 4537.839: Total time for which application threads were stopped: 0.0001380 seconds
2015-04-04T01:40:07.392-0100: 4537.844: Total time for which application threads were stopped: 0.0001770 seconds
2015-04-04T01:40:07.392-0100: 4537.844: Total time for which application threads were stopped: 0.0000630 seconds
2015-04-04T01:40:07.392-0100: 4537.844: Total time for which application threads were stopped: 0.0000500 seconds
2015-04-04T01:40:07.393-0100: 4537.845: Total time for which application threads were stopped: 0.0000900 seconds
2015-04-04T01:40:07.393-0100: 4537.845: Total time for which application threads were stopped: 0.0000440 seconds
2015-04-04T01:40:07.393-0100: 4537.846: Total time for which application threads were stopped: 0.0000760 seconds
2015-04-04T01:40:07.433-0100: 4537.886: Total time for which application threads were stopped: 0.0001690 seconds
2015-04-04T01:40:12.372-0100: 4542.824: Total time for which application threads were stopped: 0.0005870 seconds
2015-04-04T01:40:57.373-0100: 4587.825: Total time for which application threads were stopped: 0.0007790 seconds
2015-04-04T01:40:57.396-0100: 4587.848: Total time for which application threads were stopped: 0.0001800 seconds
2015-04-04T01:41:07.395-0100: 4597.847: Total time for which application threads were stopped: 0.0005580 seconds
2015-04-04T01:41:07.398-0100: 4597.850: Total time for which application threads were stopped: 0.0001190 seconds
2015-04-04T01:41:20.834-0100: 4611.287: Total time for which application threads were stopped: 0.0003680 seconds
2015-04-04T01:41:20.835-0100: 4611.287: Total time for which application threads were stopped: 0.0000640 seconds
2015-04-04T01:41:20.836-0100: 4611.288: Total time for which application threads were stopped: 0.0001290 seconds
2015-04-04T01:41:20.861-0100: 4611.313: Total time for which application threads were stopped: 0.0000990 seconds
2015-04-04T01:41:20.862-0100: 4611.314: Total time for which application threads were stopped: 0.0000780 seconds
2015-04-04T01:41:20.862-0100: 4611.315: Total time for which application threads were stopped: 0.0000520 seconds
2015-04-04T01:41:20.863-0100: 4611.315: Total time for which application threads were stopped: 0.0000530 seconds
2015-04-04T01:41:20.863-0100: 4611.316: Total time for which application threads were stopped: 0.0000500 seconds
2015-04-04T01:41:20.865-0100: 4611.317: Total time for which application threads were stopped: 0.0000940 seconds
2015-04-04T01:41:20.871-0100: 4611.323: Total time for which application threads were stopped: 0.0001570 seconds
2015-04-04T01:41:20.872-0100: 4611.324: Total time for which application threads were stopped: 0.0001160 seconds
2015-04-04T01:41:20.872-0100: 4611.324: Total time for which application threads were stopped: 0.0001660 seconds
2015-04-04T01:41:20.872-0100: 4611.324: Total time for which application threads were stopped: 0.0000900 seconds
2015-04-04T01:41:20.872-0100: 4611.324: Total time for which application threads were stopped: 0.0001020 seconds
2015-04-04T01:41:20.872-0100: 4611.324: Total time for which application threads were stopped: 0.0000720 seconds
2015-04-04T01:41:20.873-0100: 4611.325: Total time for which application threads were stopped: 0.0000470 seconds
2015-04-04T01:41:20.873-0100: 4611.325: Total time for which application threads were stopped: 0.0001070 seconds
2015-04-04T01:41:20.874-0100: 4611.326: Total time for which application threads were stopped: 0.0000820 seconds
2015-04-04T01:41:20.874-0100: 4611.326: Total time for which application threads were stopped: 0.0001250 seconds
2015-04-04T01:41:20.875-0100: 4611.327: Total time for which application threads were stopped: 0.0001610 seconds
2015-04-04T01:41:20.876-0100: 4611.328: Total time for which application threads were stopped: 0.0001440 seconds
2015-04-04T01:41:20.876-0100: 4611.328: Total time for which application threads were stopped: 0.0001080 seconds
2015-04-04T01:41:20.879-0100: 4611.331: Total time for which application threads were stopped: 0.0004520 seconds
2015-04-04T01:41:20.885-0100: 4611.337: Total time for which application threads were stopped: 0.0001580 seconds
2015-04-04T01:41:20.885-0100: 4611.337: Total time for which application threads were stopped: 0.0001670 seconds
2015-04-04T01:41:20.886-0100: 4611.338: Total time for which application threads were stopped: 0.0001950 seconds
2015-04-04T01:41:20.891-0100: 4611.343: Total time for which application threads were stopped: 0.0004410 seconds
2015-04-04T01:41:20.896-0100: 4611.348: Total time for which application threads were stopped: 0.0001530 seconds
2015-04-04T01:41:20.897-0100: 4611.349: Total time for which application threads were stopped: 0.0001480 seconds
2015-04-04T01:41:20.899-0100: 4611.351: Total time for which application threads were stopped: 0.0001720 seconds
2015-04-04T01:41:20.900-0100: 4611.353: Total time for which application threads were stopped: 0.0001180 seconds
2015-04-04T01:41:20.901-0100: 4611.353: Total time for which application threads were stopped: 0.0000920 seconds
2015-04-04T01:41:20.905-0100: 4611.357: Total time for which application threads were stopped: 0.0002020 seconds
2015-04-04T01:41:20.915-0100: 4611.367: Total time for which application threads were stopped: 0.0001300 seconds
2015-04-04T01:41:20.915-0100: 4611.367: Total time for which application threads were stopped: 0.0000760 seconds
2015-04-04T01:41:20.915-0100: 4611.368: Total time for which application threads were stopped: 0.0000560 seconds
2015-04-04T01:41:20.915-0100: 4611.368: Total time for which application threads were stopped: 0.0000540 seconds
2015-04-04T01:41:20.915-0100: 4611.368: Total time for which application threads were stopped: 0.0000690 seconds
2015-04-04T01:41:20.916-0100: 4611.368: Total time for which application threads were stopped: 0.0000570 seconds
2015-04-04T01:41:20.916-0100: 4611.368: Total time for which application threads were stopped: 0.0002430 seconds
2015-04-04T01:41:20.916-0100: 4611.368: Total time for which application threads were stopped: 0.0000650 seconds
2015-04-04T01:41:20.919-0100: 4611.372: Total time for which application threads were stopped: 0.0001460 seconds
2015-04-04T01:41:20.968-0100: 4611.420: Total time for which application threads were stopped: 0.0001720 seconds
2015-04-04T01:41:25.926-0100: 4616.378: Total time for which application threads were stopped: 0.0005000 seconds
2015-04-04T01:41:26.696-0100: 4617.149: Total time for which application threads were stopped: 0.0004330 seconds
2015-04-04T01:41:26.696-0100: 4617.149: Total time for which application threads were stopped: 0.0000510 seconds
2015-04-04T01:41:26.698-0100: 4617.150: Total time for which application threads were stopped: 0.0001280 seconds
2015-04-04T01:41:26.699-0100: 4617.151: Total time for which application threads were stopped: 0.0000840 seconds
2015-04-04T01:41:26.699-0100: 4617.151: Total time for which application threads were stopped: 0.0000450 seconds
2015-04-04T01:41:26.699-0100: 4617.151: Total time for which application threads were stopped: 0.0000440 seconds
2015-04-04T01:41:26.700-0100: 4617.152: Total time for which application threads were stopped: 0.0000810 seconds
2015-04-04T01:41:26.716-0100: 4617.168: Total time for which application threads were stopped: 0.0001410 seconds
2015-04-04T01:41:26.716-0100: 4617.169: Total time for which application threads were stopped: 0.0001030 seconds
2015-04-04T01:41:26.717-0100: 4617.169: Total time for which application threads were stopped: 0.0001120 seconds
2015-04-04T01:41:26.717-0100: 4617.169: Total time for which application threads were stopped: 0.0000500 seconds
2015-04-04T01:41:26.720-0100: 4617.172: Total time for which application threads were stopped: 0.0001500 seconds
2015-04-04T01:41:26.721-0100: 4617.173: Total time for which application threads were stopped: 0.0001120 seconds
2015-04-04T01:41:26.721-0100: 4617.173: Total time for which application threads were stopped: 0.0000920 seconds
2015-04-04T01:41:26.745-0100: 4617.197: Total time for which application threads were stopped: 0.0001780 seconds
2015-04-04T01:41:26.747-0100: 4617.199: Total time for which application threads were stopped: 0.0001670 seconds
2015-04-04T01:41:26.749-0100: 4617.201: Total time for which application threads were stopped: 0.0001890 seconds
2015-04-04T01:41:26.749-0100: 4617.201: Total time for which application threads were stopped: 0.0001160 seconds
2015-04-04T01:41:26.752-0100: 4617.205: Total time for which application threads were stopped: 0.0001400 seconds
2015-04-04T01:41:26.752-0100: 4617.205: Total time for which application threads were stopped: 0.0000740 seconds
2015-04-04T01:41:26.753-0100: 4617.205: Total time for which application threads were stopped: 0.0000600 seconds
2015-04-04T01:41:26.753-0100: 4617.205: Total time for which application threads were stopped: 0.0000440 seconds
2015-04-04T01:41:26.753-0100: 4617.205: Total time for which application threads were stopped: 0.0000550 seconds
2015-04-04T01:41:26.753-0100: 4617.205: Total time for which application threads were stopped: 0.0002250 seconds
2015-04-04T01:41:26.756-0100: 4617.208: Total time for which application threads were stopped: 0.0003530 seconds
2015-04-04T01:41:26.771-0100: 4617.223: Total time for which application threads were stopped: 0.0001410 seconds
2015-04-04T01:41:26.771-0100: 4617.223: Total time for which application threads were stopped: 0.0001050 seconds
2015-04-04T01:41:26.771-0100: 4617.223: Total time for which application threads were stopped: 0.0001270 seconds
2015-04-04T01:41:26.771-0100: 4617.224: Total time for which application threads were stopped: 0.0000580 seconds
2015-04-04T01:41:26.771-0100: 4617.224: Total time for which application threads were stopped: 0.0000530 seconds
2015-04-04T01:41:26.772-0100: 4617.224: Total time for which application threads were stopped: 0.0000480 seconds
2015-04-04T01:41:26.772-0100: 4617.224: Total time for which application threads were stopped: 0.0000480 seconds
2015-04-04T01:41:26.772-0100: 4617.224: Total time for which application threads were stopped: 0.0000500 seconds
2015-04-04T01:41:26.775-0100: 4617.228: Total time for which application threads were stopped: 0.0001340 seconds
2015-04-04T01:41:26.831-0100: 4617.284: Total time for which application threads were stopped: 0.0001620 seconds
2015-04-04T01:41:31.785-0100: 4622.237: Total time for which application threads were stopped: 0.0006950 seconds
2015-04-04T01:41:57.402-0100: 4647.854: Total time for which application threads were stopped: 0.0004620 seconds
2015-04-04T01:41:57.402-0100: 4647.855: Total time for which application threads were stopped: 0.0000650 seconds
2015-04-04T01:41:57.407-0100: 4647.859: Total time for which application threads were stopped: 0.0001160 seconds
2015-04-04T01:41:57.426-0100: 4647.879: Total time for which application threads were stopped: 0.0001500 seconds
2015-04-04T01:41:57.428-0100: 4647.880: Total time for which application threads were stopped: 0.0003310 seconds
2015-04-04T01:41:57.432-0100: 4647.884: Total time for which application threads were stopped: 0.0002390 seconds
2015-04-04T01:41:57.433-0100: 4647.885: Total time for which application threads were stopped: 0.0001380 seconds
2015-04-04T01:41:57.433-0100: 4647.885: Total time for which application threads were stopped: 0.0002580 seconds
2015-04-04T01:41:57.435-0100: 4647.887: Total time for which application threads were stopped: 0.0001160 seconds
2015-04-04T01:41:57.458-0100: 4647.910: Total time for which application threads were stopped: 0.0002220 seconds
2015-04-04T01:41:57.459-0100: 4647.911: Total time for which application threads were stopped: 0.0001660 seconds
2015-04-04T01:41:57.459-0100: 4647.911: Total time for which application threads were stopped: 0.0001040 seconds
2015-04-04T01:41:57.460-0100: 4647.912: Total time for which application threads were stopped: 0.0001150 seconds
2015-04-04T01:41:57.464-0100: 4647.916: Total time for which application threads were stopped: 0.0001260 seconds
2015-04-04T01:41:57.464-0100: 4647.916: Total time for which application threads were stopped: 0.0000670 seconds
2015-04-04T01:41:57.464-0100: 4647.916: Total time for which application threads were stopped: 0.0000820 seconds
2015-04-04T01:41:57.464-0100: 4647.916: Total time for which application threads were stopped: 0.0000680 seconds
2015-04-04T01:41:57.464-0100: 4647.916: Total time for which application threads were stopped: 0.0000620 seconds
2015-04-04T01:41:57.464-0100: 4647.916: Total time for which application threads were stopped: 0.0000590 seconds
2015-04-04T01:41:57.464-0100: 4647.916: Total time for which application threads were stopped: 0.0000570 seconds
2015-04-04T01:41:57.464-0100: 4647.917: Total time for which application threads were stopped: 0.0000560 seconds
2015-04-04T01:42:02.477-0100: 4652.929: Total time for which application threads were stopped: 0.0005410 seconds
2015-04-04T01:42:02.799-0100: 4653.251: Total time for which application threads were stopped: 0.0001060 seconds
2015-04-04T01:42:02.799-0100: 4653.252: Total time for which application threads were stopped: 0.0000610 seconds
2015-04-04T01:42:02.804-0100: 4653.256: Total time for which application threads were stopped: 0.0001950 seconds
2015-04-04T01:42:02.822-0100: 4653.274: Total time for which application threads were stopped: 0.0001670 seconds
2015-04-04T01:42:02.823-0100: 4653.275: Total time for which application threads were stopped: 0.0001290 seconds
2015-04-04T01:42:02.826-0100: 4653.278: Total time for which application threads were stopped: 0.0001410 seconds
2015-04-04T01:42:02.827-0100: 4653.279: Total time for which application threads were stopped: 0.0001130 seconds
2015-04-04T01:42:02.827-0100: 4653.279: Total time for which application threads were stopped: 0.0000770 seconds
2015-04-04T01:42:02.829-0100: 4653.281: Total time for which application threads were stopped: 0.0001070 seconds
2015-04-04T01:42:02.853-0100: 4653.305: Total time for which application threads were stopped: 0.0004010 seconds
2015-04-04T01:42:02.853-0100: 4653.305: Total time for which application threads were stopped: 0.0001230 seconds
2015-04-04T01:42:02.853-0100: 4653.305: Total time for which application threads were stopped: 0.0000910 seconds
2015-04-04T01:42:02.853-0100: 4653.306: Total time for which application threads were stopped: 0.0001160 seconds
2015-04-04T01:42:02.857-0100: 4653.309: Total time for which application threads were stopped: 0.0001560 seconds
2015-04-04T01:42:02.857-0100: 4653.309: Total time for which application threads were stopped: 0.0000640 seconds
2015-04-04T01:42:02.857-0100: 4653.309: Total time for which application threads were stopped: 0.0000730 seconds
2015-04-04T01:42:02.857-0100: 4653.310: Total time for which application threads were stopped: 0.0000610 seconds
2015-04-04T01:42:02.860-0100: 4653.312: Total time for which application threads were stopped: 0.0001260 seconds
2015-04-04T01:42:02.860-0100: 4653.312: Total time for which application threads were stopped: 0.0000580 seconds
2015-04-04T01:42:02.860-0100: 4653.312: Total time for which application threads were stopped: 0.0000390 seconds
2015-04-04T01:42:02.860-0100: 4653.312: Total time for which application threads were stopped: 0.0000370 seconds
2015-04-04T01:42:02.860-0100: 4653.312: Total time for which application threads were stopped: 0.0000370 seconds
2015-04-04T01:42:02.860-0100: 4653.312: Total time for which application threads were stopped: 0.0000380 seconds
2015-04-04T01:42:02.860-0100: 4653.313: Total time for which application threads were stopped: 0.0000370 seconds
2015-04-04T01:42:02.860-0100: 4653.313: Total time for which application threads were stopped: 0.0000370 seconds
2015-04-04T01:42:02.865-0100: 4653.317: Total time for which application threads were stopped: 0.0001260 seconds
2015-04-04T01:42:02.910-0100: 4653.362: Total time for which application threads were stopped: 0.0001710 seconds
2015-04-04T01:42:07.871-0100: 4658.323: Total time for which application threads were stopped: 0.0005180 seconds
2015-04-04T01:43:02.836-0100: 4713.288: Total time for which application threads were stopped: 0.0006780 seconds
2015-04-04T01:43:02.862-0100: 4713.315: Total time for which application threads were stopped: 0.0002130 seconds
2015-04-04T01:43:49.172-0100: 4759.624: Total time for which application threads were stopped: 0.0005630 seconds
2015-04-04T01:43:49.172-0100: 4759.624: Total time for which application threads were stopped: 0.0000700 seconds
2015-04-04T01:43:49.236-0100: 4759.689: Total time for which application threads were stopped: 0.0001720 seconds
2015-04-04T01:43:54.189-0100: 4764.642: Total time for which application threads were stopped: 0.0007710 seconds
2015-04-04T01:43:54.198-0100: 4764.650: Total time for which application threads were stopped: 0.0002580 seconds
2015-04-04T01:44:25.383-0100: 4795.835: Total time for which application threads were stopped: 0.0004400 seconds
2015-04-04T01:44:25.383-0100: 4795.835: Total time for which application threads were stopped: 0.0000560 seconds
2015-04-04T01:44:25.385-0100: 4795.837: Total time for which application threads were stopped: 0.0001250 seconds
2015-04-04T01:44:25.385-0100: 4795.838: Total time for which application threads were stopped: 0.0000690 seconds
2015-04-04T01:44:25.386-0100: 4795.838: Total time for which application threads were stopped: 0.0000470 seconds
2015-04-04T01:44:25.430-0100: 4795.882: Total time for which application threads were stopped: 0.0001590 seconds
2015-04-04T01:44:30.389-0100: 4800.841: Total time for which application threads were stopped: 0.0005510 seconds
2015-04-04T01:44:30.397-0100: 4800.849: Total time for which application threads were stopped: 0.0001290 seconds
2015-04-04T01:45:14.929-0100: 4845.381: Total time for which application threads were stopped: 0.0003820 seconds
2015-04-04T01:45:14.929-0100: 4845.381: Total time for which application threads were stopped: 0.0000490 seconds
2015-04-04T01:45:14.930-0100: 4845.383: Total time for which application threads were stopped: 0.0000790 seconds
2015-04-04T01:45:14.934-0100: 4845.386: Total time for which application threads were stopped: 0.0001140 seconds
2015-04-04T01:45:14.979-0100: 4845.431: Total time for which application threads were stopped: 0.0001730 seconds
2015-04-04T01:45:19.937-0100: 4850.389: Total time for which application threads were stopped: 0.0005590 seconds
2015-04-04T01:45:19.945-0100: 4850.398: Total time for which application threads were stopped: 0.0001600 seconds
2015-04-04T01:45:40.553-0100: 4871.005: Total time for which application threads were stopped: 0.0004860 seconds
2015-04-04T01:45:40.553-0100: 4871.005: Total time for which application threads were stopped: 0.0000760 seconds
2015-04-04T01:45:40.578-0100: 4871.030: Total time for which application threads were stopped: 0.0001410 seconds
2015-04-04T01:45:40.579-0100: 4871.031: Total time for which application threads were stopped: 0.0001530 seconds
2015-04-04T01:45:40.579-0100: 4871.031: Total time for which application threads were stopped: 0.0000970 seconds
2015-04-04T01:45:40.579-0100: 4871.031: Total time for which application threads were stopped: 0.0000770 seconds
2015-04-04T01:45:40.579-0100: 4871.032: Total time for which application threads were stopped: 0.0000630 seconds
2015-04-04T01:45:40.580-0100: 4871.032: Total time for which application threads were stopped: 0.0001140 seconds
2015-04-04T01:45:40.580-0100: 4871.032: Total time for which application threads were stopped: 0.0000650 seconds
2015-04-04T01:45:40.580-0100: 4871.032: Total time for which application threads were stopped: 0.0002220 seconds
2015-04-04T01:45:40.581-0100: 4871.033: Total time for which application threads were stopped: 0.0002250 seconds
2015-04-04T01:45:40.582-0100: 4871.034: Total time for which application threads were stopped: 0.0001780 seconds
2015-04-04T01:45:40.583-0100: 4871.035: Total time for which application threads were stopped: 0.0001410 seconds
2015-04-04T01:45:40.583-0100: 4871.035: Total time for which application threads were stopped: 0.0000890 seconds
2015-04-04T01:45:40.609-0100: 4871.062: Total time for which application threads were stopped: 0.0001700 seconds
2015-04-04T01:45:40.610-0100: 4871.062: Total time for which application threads were stopped: 0.0003750 seconds
2015-04-04T01:45:40.610-0100: 4871.062: Total time for which application threads were stopped: 0.0003150 seconds
2015-04-04T01:45:40.610-0100: 4871.063: Total time for which application threads were stopped: 0.0001230 seconds
2015-04-04T01:45:40.614-0100: 4871.066: Total time for which application threads were stopped: 0.0001500 seconds
2015-04-04T01:45:40.614-0100: 4871.066: Total time for which application threads were stopped: 0.0000970 seconds
2015-04-04T01:45:40.614-0100: 4871.066: Total time for which application threads were stopped: 0.0000820 seconds
2015-04-04T01:45:40.614-0100: 4871.066: Total time for which application threads were stopped: 0.0000880 seconds
2015-04-04T01:45:40.616-0100: 4871.068: Total time for which application threads were stopped: 0.0001270 seconds
2015-04-04T01:45:40.616-0100: 4871.068: Total time for which application threads were stopped: 0.0000680 seconds
2015-04-04T01:45:40.620-0100: 4871.072: Total time for which application threads were stopped: 0.0001220 seconds
2015-04-04T01:45:40.621-0100: 4871.073: Total time for which application threads were stopped: 0.0001380 seconds
2015-04-04T01:45:40.621-0100: 4871.073: Total time for which application threads were stopped: 0.0001330 seconds
2015-04-04T01:45:40.622-0100: 4871.074: Total time for which application threads were stopped: 0.0001490 seconds
2015-04-04T01:45:40.623-0100: 4871.075: Total time for which application threads were stopped: 0.0000970 seconds
2015-04-04T01:45:40.667-0100: 4871.119: Total time for which application threads were stopped: 0.0001680 seconds
2015-04-04T01:45:45.625-0100: 4876.077: Total time for which application threads were stopped: 0.0005150 seconds
2015-04-04T01:45:45.632-0100: 4876.085: Total time for which application threads were stopped: 0.0001310 seconds
2015-04-04T01:46:03.373-0100: 4893.825: Total time for which application threads were stopped: 0.0004130 seconds
2015-04-04T01:46:03.373-0100: 4893.826: Total time for which application threads were stopped: 0.0000540 seconds
2015-04-04T01:46:03.393-0100: 4893.845: Total time for which application threads were stopped: 0.0001300 seconds
2015-04-04T01:46:03.393-0100: 4893.845: Total time for which application threads were stopped: 0.0000810 seconds
2015-04-04T01:46:03.411-0100: 4893.864: Total time for which application threads were stopped: 0.0001900 seconds
2015-04-04T01:46:03.412-0100: 4893.864: Total time for which application threads were stopped: 0.0001790 seconds
2015-04-04T01:46:03.412-0100: 4893.864: Total time for which application threads were stopped: 0.0000620 seconds
2015-04-04T01:46:03.412-0100: 4893.864: Total time for which application threads were stopped: 0.0000880 seconds
2015-04-04T01:46:03.415-0100: 4893.867: Total time for which application threads were stopped: 0.0001220 seconds
2015-04-04T01:46:03.415-0100: 4893.867: Total time for which application threads were stopped: 0.0000690 seconds
2015-04-04T01:46:03.415-0100: 4893.867: Total time for which application threads were stopped: 0.0000850 seconds
2015-04-04T01:46:03.415-0100: 4893.868: Total time for which application threads were stopped: 0.0000940 seconds
2015-04-04T01:46:03.418-0100: 4893.870: Total time for which application threads were stopped: 0.0001290 seconds
2015-04-04T01:46:03.418-0100: 4893.870: Total time for which application threads were stopped: 0.0002790 seconds
2015-04-04T01:46:03.418-0100: 4893.871: Total time for which application threads were stopped: 0.0000790 seconds
2015-04-04T01:46:03.419-0100: 4893.871: Total time for which application threads were stopped: 0.0000720 seconds
2015-04-04T01:46:03.419-0100: 4893.871: Total time for which application threads were stopped: 0.0000640 seconds
2015-04-04T01:46:03.425-0100: 4893.877: Total time for which application threads were stopped: 0.0001410 seconds
2015-04-04T01:46:03.474-0100: 4893.926: Total time for which application threads were stopped: 0.0003010 seconds
2015-04-04T01:46:08.431-0100: 4898.883: Total time for which application threads were stopped: 0.0007480 seconds
2015-04-04T01:46:30.628-0100: 4921.080: Total time for which application threads were stopped: 0.0006530 seconds
2015-04-04T01:46:53.402-0100: 4943.854: Total time for which application threads were stopped: 0.0004770 seconds
2015-04-04T01:46:53.421-0100: 4943.874: Total time for which application threads were stopped: 0.0001920 seconds
2015-04-04T01:46:53.428-0100: 4943.880: Total time for which application threads were stopped: 0.0001610 seconds
2015-04-04T01:47:03.405-0100: 4953.858: Total time for which application threads were stopped: 0.0005440 seconds
2015-04-04T01:47:03.420-0100: 4953.872: Total time for which application threads were stopped: 0.0002270 seconds
2015-04-04T01:47:03.420-0100: 4953.872: Total time for which application threads were stopped: 0.0000840 seconds
2015-04-04T01:50:00.101-0100: 5130.553: Total time for which application threads were stopped: 0.0005210 seconds
2015-04-04T01:50:00.101-0100: 5130.554: Total time for which application threads were stopped: 0.0000640 seconds
2015-04-04T01:50:00.103-0100: 5130.556: Total time for which application threads were stopped: 0.0001050 seconds
2015-04-04T01:50:00.104-0100: 5130.556: Total time for which application threads were stopped: 0.0000520 seconds
2015-04-04T01:50:00.124-0100: 5130.576: Total time for which application threads were stopped: 0.0001350 seconds
2015-04-04T01:50:00.124-0100: 5130.576: Total time for which application threads were stopped: 0.0001080 seconds
2015-04-04T01:50:00.124-0100: 5130.576: Total time for which application threads were stopped: 0.0000760 seconds
2015-04-04T01:50:00.124-0100: 5130.576: Total time for which application threads were stopped: 0.0000710 seconds
2015-04-04T01:50:00.124-0100: 5130.577: Total time for which application threads were stopped: 0.0000750 seconds
2015-04-04T01:50:00.125-0100: 5130.577: Total time for which application threads were stopped: 0.0001180 seconds
2015-04-04T01:50:00.125-0100: 5130.577: Total time for which application threads were stopped: 0.0000900 seconds
2015-04-04T01:50:00.125-0100: 5130.577: Total time for which application threads were stopped: 0.0000590 seconds
2015-04-04T01:50:00.125-0100: 5130.577: Total time for which application threads were stopped: 0.0000830 seconds
2015-04-04T01:50:00.126-0100: 5130.578: Total time for which application threads were stopped: 0.0001220 seconds
2015-04-04T01:50:00.126-0100: 5130.578: Total time for which application threads were stopped: 0.0000870 seconds
2015-04-04T01:50:00.133-0100: 5130.585: Total time for which application threads were stopped: 0.0001180 seconds
2015-04-04T01:50:00.133-0100: 5130.585: Total time for which application threads were stopped: 0.0000610 seconds
2015-04-04T01:50:00.133-0100: 5130.585: Total time for which application threads were stopped: 0.0000700 seconds
2015-04-04T01:50:00.135-0100: 5130.587: Total time for which application threads were stopped: 0.0002400 seconds
2015-04-04T01:50:00.135-0100: 5130.587: Total time for which application threads were stopped: 0.0000610 seconds
2015-04-04T01:50:00.135-0100: 5130.587: Total time for which application threads were stopped: 0.0000490 seconds
2015-04-04T01:50:00.175-0100: 5130.628: Total time for which application threads were stopped: 0.0001690 seconds
2015-04-04T01:50:05.116-0100: 5135.568: Total time for which application threads were stopped: 0.0004990 seconds
2015-04-04T01:50:30.546-0100: 5160.998: Total time for which application threads were stopped: 0.0003130 seconds
2015-04-04T01:50:30.546-0100: 5160.998: Total time for which application threads were stopped: 0.0000540 seconds
2015-04-04T01:50:30.547-0100: 5161.000: Total time for which application threads were stopped: 0.0000890 seconds
2015-04-04T01:50:30.548-0100: 5161.000: Total time for which application threads were stopped: 0.0001810 seconds
2015-04-04T01:50:30.548-0100: 5161.001: Total time for which application threads were stopped: 0.0000640 seconds
2015-04-04T01:50:30.548-0100: 5161.001: Total time for which application threads were stopped: 0.0000450 seconds
2015-04-04T01:50:30.567-0100: 5161.019: Total time for which application threads were stopped: 0.0001270 seconds
2015-04-04T01:50:30.576-0100: 5161.028: Total time for which application threads were stopped: 0.0002050 seconds
2015-04-04T01:50:30.576-0100: 5161.029: Total time for which application threads were stopped: 0.0000570 seconds
2015-04-04T01:50:30.576-0100: 5161.029: Total time for which application threads were stopped: 0.0000470 seconds
2015-04-04T01:50:30.579-0100: 5161.031: Total time for which application threads were stopped: 0.0001010 seconds
2015-04-04T01:50:30.579-0100: 5161.031: Total time for which application threads were stopped: 0.0000450 seconds
2015-04-04T01:50:30.579-0100: 5161.031: Total time for which application threads were stopped: 0.0000410 seconds
2015-04-04T01:50:30.579-0100: 5161.031: Total time for which application threads were stopped: 0.0000470 seconds
2015-04-04T01:50:30.579-0100: 5161.031: Total time for which application threads were stopped: 0.0000410 seconds
2015-04-04T01:50:30.579-0100: 5161.031: Total time for which application threads were stopped: 0.0000390 seconds
2015-04-04T01:50:30.579-0100: 5161.031: Total time for which application threads were stopped: 0.0000390 seconds
2015-04-04T01:50:30.579-0100: 5161.031: Total time for which application threads were stopped: 0.0000540 seconds
2015-04-04T01:50:30.579-0100: 5161.032: Total time for which application threads were stopped: 0.0000430 seconds
2015-04-04T01:50:30.596-0100: 5161.049: Total time for which application threads were stopped: 0.0001290 seconds
2015-04-04T01:50:30.597-0100: 5161.049: Total time for which application threads were stopped: 0.0001300 seconds
2015-04-04T01:50:30.597-0100: 5161.049: Total time for which application threads were stopped: 0.0000870 seconds
2015-04-04T01:50:30.602-0100: 5161.054: Total time for which application threads were stopped: 0.0003860 seconds
2015-04-04T01:50:30.604-0100: 5161.056: Total time for which application threads were stopped: 0.0001580 seconds
2015-04-04T01:50:30.605-0100: 5161.057: Total time for which application threads were stopped: 0.0001130 seconds
2015-04-04T01:50:30.629-0100: 5161.081: Total time for which application threads were stopped: 0.0002100 seconds
2015-04-04T01:50:30.629-0100: 5161.081: Total time for which application threads were stopped: 0.0001490 seconds
2015-04-04T01:50:30.632-0100: 5161.085: Total time for which application threads were stopped: 0.0001760 seconds
2015-04-04T01:50:30.638-0100: 5161.090: Total time for which application threads were stopped: 0.0001440 seconds
2015-04-04T01:50:30.638-0100: 5161.090: Total time for which application threads were stopped: 0.0000600 seconds
2015-04-04T01:50:30.638-0100: 5161.091: Total time for which application threads were stopped: 0.0000520 seconds
2015-04-04T01:50:30.638-0100: 5161.091: Total time for which application threads were stopped: 0.0000530 seconds
2015-04-04T01:50:30.639-0100: 5161.091: Total time for which application threads were stopped: 0.0000530 seconds
2015-04-04T01:50:30.639-0100: 5161.091: Total time for which application threads were stopped: 0.0000680 seconds
2015-04-04T01:50:30.639-0100: 5161.091: Total time for which application threads were stopped: 0.0000540 seconds
2015-04-04T01:50:30.639-0100: 5161.091: Total time for which application threads were stopped: 0.0000500 seconds
2015-04-04T01:50:35.503-0100: 5165.956: Total time for which application threads were stopped: 0.0003560 seconds
2015-04-04T01:50:35.504-0100: 5165.956: Total time for which application threads were stopped: 0.0000810 seconds
2015-04-04T01:50:35.505-0100: 5165.957: Total time for which application threads were stopped: 0.0001030 seconds
2015-04-04T01:50:35.527-0100: 5165.979: Total time for which application threads were stopped: 0.0002940 seconds
2015-04-04T01:50:35.538-0100: 5165.990: Total time for which application threads were stopped: 0.0001740 seconds
2015-04-04T01:50:35.540-0100: 5165.992: Total time for which application threads were stopped: 0.0001730 seconds
2015-04-04T01:50:35.542-0100: 5165.994: Total time for which application threads were stopped: 0.0001940 seconds
2015-04-04T01:50:35.543-0100: 5165.995: Total time for which application threads were stopped: 0.0002180 seconds
2015-04-04T01:50:35.543-0100: 5165.995: Total time for which application threads were stopped: 0.0001120 seconds
2015-04-04T01:50:35.543-0100: 5165.995: Total time for which application threads were stopped: 0.0000880 seconds
2015-04-04T01:50:35.546-0100: 5165.998: Total time for which application threads were stopped: 0.0001300 seconds
2015-04-04T01:50:35.546-0100: 5165.998: Total time for which application threads were stopped: 0.0000500 seconds
2015-04-04T01:50:35.546-0100: 5165.998: Total time for which application threads were stopped: 0.0000420 seconds
2015-04-04T01:50:35.546-0100: 5165.998: Total time for which application threads were stopped: 0.0000400 seconds
2015-04-04T01:50:35.546-0100: 5165.998: Total time for which application threads were stopped: 0.0000490 seconds
2015-04-04T01:50:35.546-0100: 5165.999: Total time for which application threads were stopped: 0.0000540 seconds
2015-04-04T01:50:35.546-0100: 5165.999: Total time for which application threads were stopped: 0.0000540 seconds
2015-04-04T01:50:35.547-0100: 5165.999: Total time for which application threads were stopped: 0.0002400 seconds
2015-04-04T01:50:35.568-0100: 5166.021: Total time for which application threads were stopped: 0.0001440 seconds
2015-04-04T01:50:35.569-0100: 5166.021: Total time for which application threads were stopped: 0.0000660 seconds
2015-04-04T01:50:35.569-0100: 5166.021: Total time for which application threads were stopped: 0.0000540 seconds
2015-04-04T01:50:35.572-0100: 5166.024: Total time for which application threads were stopped: 0.0001680 seconds
2015-04-04T01:50:35.574-0100: 5166.026: Total time for which application threads were stopped: 0.0001710 seconds
2015-04-04T01:50:35.575-0100: 5166.027: Total time for which application threads were stopped: 0.0001640 seconds
2015-04-04T01:50:35.598-0100: 5166.051: Total time for which application threads were stopped: 0.0002440 seconds
2015-04-04T01:50:35.599-0100: 5166.051: Total time for which application threads were stopped: 0.0001590 seconds
2015-04-04T01:50:35.599-0100: 5166.051: Total time for which application threads were stopped: 0.0001440 seconds
2015-04-04T01:50:35.603-0100: 5166.055: Total time for which application threads were stopped: 0.0001180 seconds
2015-04-04T01:50:35.603-0100: 5166.055: Total time for which application threads were stopped: 0.0000730 seconds
2015-04-04T01:50:35.603-0100: 5166.055: Total time for which application threads were stopped: 0.0000860 seconds
2015-04-04T01:50:35.603-0100: 5166.055: Total time for which application threads were stopped: 0.0000590 seconds
2015-04-04T01:50:35.603-0100: 5166.055: Total time for which application threads were stopped: 0.0000560 seconds
2015-04-04T01:50:35.603-0100: 5166.055: Total time for which application threads were stopped: 0.0000540 seconds
2015-04-04T01:50:35.649-0100: 5166.101: Total time for which application threads were stopped: 0.0001710 seconds
2015-04-04T01:50:40.610-0100: 5171.062: Total time for which application threads were stopped: 0.0008750 seconds
2015-04-04T01:51:20.565-0100: 5211.017: Total time for which application threads were stopped: 0.0002250 seconds
2015-04-04T01:51:35.580-0100: 5226.032: Total time for which application threads were stopped: 0.0003170 seconds
2015-04-04T01:51:35.585-0100: 5226.037: Total time for which application threads were stopped: 0.0001540 seconds
2015-04-04T01:51:35.606-0100: 5226.058: Total time for which application threads were stopped: 0.0002650 seconds
2015-04-04T01:56:07.877-0100: 5498.329: Total time for which application threads were stopped: 0.0003920 seconds
2015-04-04T01:56:07.877-0100: 5498.330: Total time for which application threads were stopped: 0.0000960 seconds
2015-04-04T01:56:07.879-0100: 5498.331: Total time for which application threads were stopped: 0.0000830 seconds
2015-04-04T01:56:07.880-0100: 5498.340: Total time for which application threads were stopped: 0.0075990 seconds
2015-04-04T01:56:07.888-0100: 5498.340: Total time for which application threads were stopped: 0.0001290 seconds
2015-04-04T01:56:07.889-0100: 5498.341: Total time for which application threads were stopped: 0.0003490 seconds
2015-04-04T01:56:07.916-0100: 5498.368: Total time for which application threads were stopped: 0.0001350 seconds
2015-04-04T01:56:07.917-0100: 5498.369: Total time for which application threads were stopped: 0.0000960 seconds
2015-04-04T01:56:07.917-0100: 5498.369: Total time for which application threads were stopped: 0.0001590 seconds
2015-04-04T01:56:07.917-0100: 5498.369: Total time for which application threads were stopped: 0.0000730 seconds
2015-04-04T01:56:07.917-0100: 5498.370: Total time for which application threads were stopped: 0.0000810 seconds
2015-04-04T01:56:07.917-0100: 5498.370: Total time for which application threads were stopped: 0.0000630 seconds
2015-04-04T01:56:07.918-0100: 5498.370: Total time for which application threads were stopped: 0.0001020 seconds
2015-04-04T01:56:07.918-0100: 5498.371: Total time for which application threads were stopped: 0.0001210 seconds
2015-04-04T01:56:07.919-0100: 5498.371: Total time for which application threads were stopped: 0.0000880 seconds
2015-04-04T01:56:07.920-0100: 5498.373: Total time for which application threads were stopped: 0.0001390 seconds
2015-04-04T01:56:07.921-0100: 5498.373: Total time for which application threads were stopped: 0.0001460 seconds
2015-04-04T01:56:07.922-0100: 5498.374: Total time for which application threads were stopped: 0.0001160 seconds
2015-04-04T01:56:07.927-0100: 5498.379: Total time for which application threads were stopped: 0.0001260 seconds
2015-04-04T01:56:07.941-0100: 5498.393: Total time for which application threads were stopped: 0.0001680 seconds
2015-04-04T01:56:07.941-0100: 5498.394: Total time for which application threads were stopped: 0.0001080 seconds
2015-04-04T01:56:07.942-0100: 5498.394: Total time for which application threads were stopped: 0.0001140 seconds
2015-04-04T01:56:07.945-0100: 5498.397: Total time for which application threads were stopped: 0.0001290 seconds
2015-04-04T01:56:07.945-0100: 5498.397: Total time for which application threads were stopped: 0.0000920 seconds
2015-04-04T01:56:07.945-0100: 5498.398: Total time for which application threads were stopped: 0.0000840 seconds
2015-04-04T01:56:07.946-0100: 5498.398: Total time for which application threads were stopped: 0.0000780 seconds
2015-04-04T01:56:07.948-0100: 5498.401: Total time for which application threads were stopped: 0.0003080 seconds
2015-04-04T01:56:07.949-0100: 5498.401: Total time for which application threads were stopped: 0.0000790 seconds
2015-04-04T01:56:07.955-0100: 5498.407: Total time for which application threads were stopped: 0.0001660 seconds
2015-04-04T01:56:07.995-0100: 5498.447: Total time for which application threads were stopped: 0.0001730 seconds
2015-04-04T01:56:12.958-0100: 5503.410: Total time for which application threads were stopped: 0.0001890 seconds
2015-04-04T01:56:13.258-0100: 5503.710: Total time for which application threads were stopped: 0.0001280 seconds
2015-04-04T01:56:13.258-0100: 5503.710: Total time for which application threads were stopped: 0.0000510 seconds
2015-04-04T01:56:13.285-0100: 5503.738: Total time for which application threads were stopped: 0.0001520 seconds
2015-04-04T01:56:13.286-0100: 5503.738: Total time for which application threads were stopped: 0.0001060 seconds
2015-04-04T01:56:13.286-0100: 5503.738: Total time for which application threads were stopped: 0.0000510 seconds
2015-04-04T01:56:13.289-0100: 5503.742: Total time for which application threads were stopped: 0.0001670 seconds
2015-04-04T01:56:13.292-0100: 5503.744: Total time for which application threads were stopped: 0.0001560 seconds
2015-04-04T01:56:13.293-0100: 5503.745: Total time for which application threads were stopped: 0.0001380 seconds
2015-04-04T01:56:13.323-0100: 5503.776: Total time for which application threads were stopped: 0.0002150 seconds
2015-04-04T01:56:13.324-0100: 5503.776: Total time for which application threads were stopped: 0.0001370 seconds
2015-04-04T01:56:13.324-0100: 5503.776: Total time for which application threads were stopped: 0.0001260 seconds
2015-04-04T01:56:13.324-0100: 5503.777: Total time for which application threads were stopped: 0.0001010 seconds
2015-04-04T01:56:13.327-0100: 5503.779: Total time for which application threads were stopped: 0.0001440 seconds
2015-04-04T01:56:13.327-0100: 5503.780: Total time for which application threads were stopped: 0.0001120 seconds
2015-04-04T01:56:13.327-0100: 5503.780: Total time for which application threads were stopped: 0.0000980 seconds
2015-04-04T01:56:13.328-0100: 5503.780: Total time for which application threads were stopped: 0.0001010 seconds
2015-04-04T01:56:13.330-0100: 5503.782: Total time for which application threads were stopped: 0.0001310 seconds
2015-04-04T01:56:13.330-0100: 5503.783: Total time for which application threads were stopped: 0.0000990 seconds
2015-04-04T01:56:13.331-0100: 5503.783: Total time for which application threads were stopped: 0.0000840 seconds
2015-04-04T01:56:13.331-0100: 5503.783: Total time for which application threads were stopped: 0.0000720 seconds
2015-04-04T01:56:13.331-0100: 5503.783: Total time for which application threads were stopped: 0.0000730 seconds
2015-04-04T01:56:13.331-0100: 5503.783: Total time for which application threads were stopped: 0.0000720 seconds
2015-04-04T01:56:13.331-0100: 5503.783: Total time for which application threads were stopped: 0.0000700 seconds
2015-04-04T01:56:13.331-0100: 5503.783: Total time for which application threads were stopped: 0.0000510 seconds
2015-04-04T01:56:13.334-0100: 5503.787: Total time for which application threads were stopped: 0.0001410 seconds
2015-04-04T01:56:13.389-0100: 5503.841: Total time for which application threads were stopped: 0.0001680 seconds
2015-04-04T01:56:18.340-0100: 5508.792: Total time for which application threads were stopped: 0.0003340 seconds
2015-04-04T01:56:18.340-0100: 5508.792: Total time for which application threads were stopped: 0.0000830 seconds
2015-04-04T01:56:39.851-0100: 5530.303: Total time for which application threads were stopped: 0.0001860 seconds
2015-04-04T01:56:39.851-0100: 5530.304: Total time for which application threads were stopped: 0.0000780 seconds
2015-04-04T01:56:39.881-0100: 5530.333: Total time for which application threads were stopped: 0.0001950 seconds
2015-04-04T01:56:39.882-0100: 5530.334: Total time for which application threads were stopped: 0.0001130 seconds
2015-04-04T01:56:39.888-0100: 5530.340: Total time for which application threads were stopped: 0.0002050 seconds
2015-04-04T01:56:39.890-0100: 5530.342: Total time for which application threads were stopped: 0.0002000 seconds
2015-04-04T01:56:39.890-0100: 5530.343: Total time for which application threads were stopped: 0.0001270 seconds
2015-04-04T01:56:39.898-0100: 5530.351: Total time for which application threads were stopped: 0.0002000 seconds
2015-04-04T01:56:39.926-0100: 5530.378: Total time for which application threads were stopped: 0.0001790 seconds
2015-04-04T01:56:39.926-0100: 5530.378: Total time for which application threads were stopped: 0.0001640 seconds
2015-04-04T01:56:39.928-0100: 5530.380: Total time for which application threads were stopped: 0.0001710 seconds
2015-04-04T01:56:39.929-0100: 5530.382: Total time for which application threads were stopped: 0.0001460 seconds
2015-04-04T01:56:39.930-0100: 5530.382: Total time for which application threads were stopped: 0.0001100 seconds
2015-04-04T01:56:39.930-0100: 5530.382: Total time for which application threads were stopped: 0.0000910 seconds
2015-04-04T01:56:39.930-0100: 5530.382: Total time for which application threads were stopped: 0.0000830 seconds
2015-04-04T01:56:39.933-0100: 5530.386: Total time for which application threads were stopped: 0.0001290 seconds
2015-04-04T01:56:39.934-0100: 5530.386: Total time for which application threads were stopped: 0.0000610 seconds
2015-04-04T01:56:39.934-0100: 5530.386: Total time for which application threads were stopped: 0.0000600 seconds
2015-04-04T01:56:39.934-0100: 5530.386: Total time for which application threads were stopped: 0.0000520 seconds
2015-04-04T01:56:39.934-0100: 5530.386: Total time for which application threads were stopped: 0.0000520 seconds
2015-04-04T01:56:39.934-0100: 5530.386: Total time for which application threads were stopped: 0.0000510 seconds
2015-04-04T01:56:39.934-0100: 5530.386: Total time for which application threads were stopped: 0.0000500 seconds
2015-04-04T01:56:39.934-0100: 5530.386: Total time for which application threads were stopped: 0.0000500 seconds
2015-04-04T01:56:39.937-0100: 5530.390: Total time for which application threads were stopped: 0.0001100 seconds
2015-04-04T01:56:39.940-0100: 5530.392: Total time for which application threads were stopped: 0.0001500 seconds
2015-04-04T01:56:39.988-0100: 5530.440: Total time for which application threads were stopped: 0.0001720 seconds
2015-04-04T01:56:44.946-0100: 5535.398: Total time for which application threads were stopped: 0.0002710 seconds
2015-04-04T01:57:20.216-0100: 5570.669: Total time for which application threads were stopped: 0.0001770 seconds
2015-04-04T01:57:20.216-0100: 5570.669: Total time for which application threads were stopped: 0.0000520 seconds
2015-04-04T01:57:20.218-0100: 5570.670: Total time for which application threads were stopped: 0.0001240 seconds
2015-04-04T01:57:20.218-0100: 5570.670: Total time for which application threads were stopped: 0.0000420 seconds
2015-04-04T01:57:20.240-0100: 5570.692: Total time for which application threads were stopped: 0.0003420 seconds
2015-04-04T01:57:20.247-0100: 5570.699: Total time for which application threads were stopped: 0.0001460 seconds
2015-04-04T01:57:20.251-0100: 5570.703: Total time for which application threads were stopped: 0.0001990 seconds
2015-04-04T01:57:20.252-0100: 5570.704: Total time for which application threads were stopped: 0.0001440 seconds
2015-04-04T01:57:20.253-0100: 5570.705: Total time for which application threads were stopped: 0.0001200 seconds
2015-04-04T01:57:20.260-0100: 5570.713: Total time for which application threads were stopped: 0.0001270 seconds
2015-04-04T01:57:20.282-0100: 5570.734: Total time for which application threads were stopped: 0.0002740 seconds
2015-04-04T01:57:20.282-0100: 5570.734: Total time for which application threads were stopped: 0.0001200 seconds
2015-04-04T01:57:20.282-0100: 5570.735: Total time for which application threads were stopped: 0.0001020 seconds
2015-04-04T01:57:20.283-0100: 5570.735: Total time for which application threads were stopped: 0.0000810 seconds
2015-04-04T01:57:20.283-0100: 5570.735: Total time for which application threads were stopped: 0.0001140 seconds
2015-04-04T01:57:20.287-0100: 5570.739: Total time for which application threads were stopped: 0.0001250 seconds
2015-04-04T01:57:20.287-0100: 5570.739: Total time for which application threads were stopped: 0.0000680 seconds
2015-04-04T01:57:20.287-0100: 5570.739: Total time for which application threads were stopped: 0.0000590 seconds
2015-04-04T01:57:20.287-0100: 5570.739: Total time for which application threads were stopped: 0.0002810 seconds
2015-04-04T01:57:20.292-0100: 5570.745: Total time for which application threads were stopped: 0.0001650 seconds
2015-04-04T01:57:20.293-0100: 5570.745: Total time for which application threads were stopped: 0.0000860 seconds
2015-04-04T01:57:20.293-0100: 5570.745: Total time for which application threads were stopped: 0.0001450 seconds
2015-04-04T01:57:20.293-0100: 5570.745: Total time for which application threads were stopped: 0.0001330 seconds
2015-04-04T01:57:20.293-0100: 5570.745: Total time for which application threads were stopped: 0.0000640 seconds
2015-04-04T01:57:20.293-0100: 5570.745: Total time for which application threads were stopped: 0.0000690 seconds
2015-04-04T01:57:20.293-0100: 5570.746: Total time for which application threads were stopped: 0.0000500 seconds
2015-04-04T01:57:20.293-0100: 5570.746: Total time for which application threads were stopped: 0.0000570 seconds
2015-04-04T01:57:20.350-0100: 5570.803: Total time for which application threads were stopped: 0.0001680 seconds
2015-04-04T01:57:25.305-0100: 5575.757: Total time for which application threads were stopped: 0.0002510 seconds
2015-04-04T01:57:25.312-0100: 5575.764: Total time for which application threads were stopped: 0.0003910 seconds
2015-04-04T01:57:29.945-0100: 5580.397: Total time for which application threads were stopped: 0.0002280 seconds
2015-04-04T01:57:45.469-0100: 5595.921: Total time for which application threads were stopped: 0.0001620 seconds
2015-04-04T01:57:45.469-0100: 5595.922: Total time for which application threads were stopped: 0.0001560 seconds
2015-04-04T01:57:45.494-0100: 5595.946: Total time for which application threads were stopped: 0.0001810 seconds
2015-04-04T01:57:45.494-0100: 5595.947: Total time for which application threads were stopped: 0.0001200 seconds
2015-04-04T01:57:45.500-0100: 5595.952: Total time for which application threads were stopped: 0.0001480 seconds
2015-04-04T01:57:45.500-0100: 5595.953: Total time for which application threads were stopped: 0.0001410 seconds
2015-04-04T01:57:45.500-0100: 5595.953: Total time for which application threads were stopped: 0.0000760 seconds
2015-04-04T01:57:45.502-0100: 5595.955: Total time for which application threads were stopped: 0.0001070 seconds
2015-04-04T01:57:45.525-0100: 5595.977: Total time for which application threads were stopped: 0.0002610 seconds
2015-04-04T01:57:45.525-0100: 5595.977: Total time for which application threads were stopped: 0.0001160 seconds
2015-04-04T01:57:45.525-0100: 5595.977: Total time for which application threads were stopped: 0.0000940 seconds
2015-04-04T01:57:45.525-0100: 5595.978: Total time for which application threads were stopped: 0.0000940 seconds
2015-04-04T01:57:45.530-0100: 5595.983: Total time for which application threads were stopped: 0.0001670 seconds
2015-04-04T01:57:45.531-0100: 5595.983: Total time for which application threads were stopped: 0.0000730 seconds
2015-04-04T01:57:45.531-0100: 5595.983: Total time for which application threads were stopped: 0.0000550 seconds
2015-04-04T01:57:45.531-0100: 5595.983: Total time for which application threads were stopped: 0.0000690 seconds
2015-04-04T01:57:45.531-0100: 5595.983: Total time for which application threads were stopped: 0.0000540 seconds
2015-04-04T01:57:45.531-0100: 5595.983: Total time for which application threads were stopped: 0.0000540 seconds
2015-04-04T01:57:45.533-0100: 5595.985: Total time for which application threads were stopped: 0.0001750 seconds
2015-04-04T01:57:45.542-0100: 5595.995: Total time for which application threads were stopped: 0.0001730 seconds
2015-04-04T01:57:45.543-0100: 5595.995: Total time for which application threads were stopped: 0.0001310 seconds
2015-04-04T01:57:45.543-0100: 5595.995: Total time for which application threads were stopped: 0.0000970 seconds
2015-04-04T01:57:45.543-0100: 5595.995: Total time for which application threads were stopped: 0.0001470 seconds
2015-04-04T01:57:45.543-0100: 5595.995: Total time for which application threads were stopped: 0.0001520 seconds
2015-04-04T01:57:45.543-0100: 5595.996: Total time for which application threads were stopped: 0.0001510 seconds
2015-04-04T01:57:45.543-0100: 5595.996: Total time for which application threads were stopped: 0.0001020 seconds
2015-04-04T01:57:45.544-0100: 5595.996: Total time for which application threads were stopped: 0.0000790 seconds
2015-04-04T01:57:45.547-0100: 5596.000: Total time for which application threads were stopped: 0.0001780 seconds
2015-04-04T01:57:45.596-0100: 5596.048: Total time for which application threads were stopped: 0.0001480 seconds
2015-04-04T01:57:50.554-0100: 5601.006: Total time for which application threads were stopped: 0.0003180 seconds
2015-04-04T01:58:10.306-0100: 5620.758: Total time for which application threads were stopped: 0.0001810 seconds
2015-04-04T01:58:28.678-0100: 5639.131: Total time for which application threads were stopped: 0.0002130 seconds
2015-04-04T01:58:28.679-0100: 5639.131: Total time for which application threads were stopped: 0.0000770 seconds
2015-04-04T01:58:28.681-0100: 5639.133: Total time for which application threads were stopped: 0.0001030 seconds
2015-04-04T01:58:28.681-0100: 5639.133: Total time for which application threads were stopped: 0.0000510 seconds
2015-04-04T01:58:28.682-0100: 5639.134: Total time for which application threads were stopped: 0.0000750 seconds
2015-04-04T01:58:28.705-0100: 5639.157: Total time for which application threads were stopped: 0.0002920 seconds
2015-04-04T01:58:28.710-0100: 5639.162: Total time for which application threads were stopped: 0.0001710 seconds
2015-04-04T01:58:28.711-0100: 5639.163: Total time for which application threads were stopped: 0.0001630 seconds
2015-04-04T01:58:28.711-0100: 5639.163: Total time for which application threads were stopped: 0.0001050 seconds
2015-04-04T01:58:28.746-0100: 5639.198: Total time for which application threads were stopped: 0.0002720 seconds
2015-04-04T01:58:28.748-0100: 5639.200: Total time for which application threads were stopped: 0.0001970 seconds
2015-04-04T01:58:28.749-0100: 5639.201: Total time for which application threads were stopped: 0.0001600 seconds
2015-04-04T01:58:28.756-0100: 5639.208: Total time for which application threads were stopped: 0.0001340 seconds
2015-04-04T01:58:28.756-0100: 5639.208: Total time for which application threads were stopped: 0.0000620 seconds
2015-04-04T01:58:28.756-0100: 5639.208: Total time for which application threads were stopped: 0.0000500 seconds
2015-04-04T01:58:28.756-0100: 5639.208: Total time for which application threads were stopped: 0.0000500 seconds
2015-04-04T01:58:28.756-0100: 5639.208: Total time for which application threads were stopped: 0.0000480 seconds
2015-04-04T01:58:28.756-0100: 5639.208: Total time for which application threads were stopped: 0.0000460 seconds
2015-04-04T01:58:28.756-0100: 5639.209: Total time for which application threads were stopped: 0.0002240 seconds
2015-04-04T01:58:28.757-0100: 5639.209: Total time for which application threads were stopped: 0.0000520 seconds
2015-04-04T01:58:28.768-0100: 5639.220: Total time for which application threads were stopped: 0.0001440 seconds
2015-04-04T01:58:28.770-0100: 5639.222: Total time for which application threads were stopped: 0.0001350 seconds
2015-04-04T01:58:28.838-0100: 5639.290: Total time for which application threads were stopped: 0.0001400 seconds
2015-04-04T01:58:33.773-0100: 5644.225: Total time for which application threads were stopped: 0.0002630 seconds
2015-04-04T01:58:33.781-0100: 5644.233: Total time for which application threads were stopped: 0.0001880 seconds
2015-04-04T01:58:47.260-0100: 5657.712: Total time for which application threads were stopped: 0.0002840 seconds
2015-04-04T01:58:47.260-0100: 5657.713: Total time for which application threads were stopped: 0.0001150 seconds
2015-04-04T01:58:47.262-0100: 5657.714: Total time for which application threads were stopped: 0.0002650 seconds
2015-04-04T01:58:47.291-0100: 5657.743: Total time for which application threads were stopped: 0.0001160 seconds
2015-04-04T01:58:47.295-0100: 5657.748: Total time for which application threads were stopped: 0.0001760 seconds
2015-04-04T01:58:47.296-0100: 5657.748: Total time for which application threads were stopped: 0.0001270 seconds
2015-04-04T01:58:47.296-0100: 5657.749: Total time for which application threads were stopped: 0.0003500 seconds
2015-04-04T01:58:47.303-0100: 5657.755: Total time for which application threads were stopped: 0.0001440 seconds
2015-04-04T01:58:47.303-0100: 5657.755: Total time for which application threads were stopped: 0.0000820 seconds
2015-04-04T01:58:47.322-0100: 5657.775: Total time for which application threads were stopped: 0.0001430 seconds
2015-04-04T01:58:47.325-0100: 5657.777: Total time for which application threads were stopped: 0.0001810 seconds
2015-04-04T01:58:47.334-0100: 5657.786: Total time for which application threads were stopped: 0.0002440 seconds
2015-04-04T01:58:47.336-0100: 5657.788: Total time for which application threads were stopped: 0.0002180 seconds
2015-04-04T01:58:47.339-0100: 5657.791: Total time for which application threads were stopped: 0.0001430 seconds
2015-04-04T01:58:47.339-0100: 5657.791: Total time for which application threads were stopped: 0.0000910 seconds
2015-04-04T01:58:47.339-0100: 5657.791: Total time for which application threads were stopped: 0.0000800 seconds
2015-04-04T01:58:47.339-0100: 5657.791: Total time for which application threads were stopped: 0.0000840 seconds
2015-04-04T01:58:47.342-0100: 5657.794: Total time for which application threads were stopped: 0.0001310 seconds
2015-04-04T01:58:47.342-0100: 5657.794: Total time for which application threads were stopped: 0.0000760 seconds
2015-04-04T01:58:47.342-0100: 5657.795: Total time for which application threads were stopped: 0.0000570 seconds
2015-04-04T01:58:47.342-0100: 5657.795: Total time for which application threads were stopped: 0.0000510 seconds
2015-04-04T01:58:47.342-0100: 5657.795: Total time for which application threads were stopped: 0.0000500 seconds
2015-04-04T01:58:47.343-0100: 5657.795: Total time for which application threads were stopped: 0.0003780 seconds
2015-04-04T01:58:47.343-0100: 5657.795: Total time for which application threads were stopped: 0.0001030 seconds
2015-04-04T01:58:52.354-0100: 5662.806: Total time for which application threads were stopped: 0.0004220 seconds
2015-04-04T01:58:52.362-0100: 5662.814: Total time for which application threads were stopped: 0.0002410 seconds
2015-04-04T01:59:12.553-0100: 5683.005: Total time for which application threads were stopped: 0.0001910 seconds
2015-04-04T01:59:12.553-0100: 5683.005: Total time for which application threads were stopped: 0.0000630 seconds
2015-04-04T01:59:12.557-0100: 5683.009: Total time for which application threads were stopped: 0.0001220 seconds
2015-04-04T01:59:12.558-0100: 5683.010: Total time for which application threads were stopped: 0.0000890 seconds
2015-04-04T01:59:12.595-0100: 5683.047: Total time for which application threads were stopped: 0.0001430 seconds
2015-04-04T01:59:12.600-0100: 5683.052: Total time for which application threads were stopped: 0.0001560 seconds
2015-04-04T01:59:12.601-0100: 5683.054: Total time for which application threads were stopped: 0.0001750 seconds
2015-04-04T01:59:12.602-0100: 5683.054: Total time for which application threads were stopped: 0.0001280 seconds
{Heap before GC invocations=18 (full 0):
 par new generation   total 109248K, used 97534K [0x00000007dae00000, 0x00000007e2e00000, 0x00000007e2e00000)
  eden space 87424K,  99% used [0x00000007dae00000, 0x00000007e035cc50, 0x00000007e0360000)
  from space 21824K,  46% used [0x00000007e0360000, 0x00000007e0d42cf0, 0x00000007e18b0000)
  to   space 21824K,   0% used [0x00000007e18b0000, 0x00000007e18b0000, 0x00000007e2e00000)
 concurrent mark-sweep generation total 393216K, used 13445K [0x00000007e2e00000, 0x00000007fae00000, 0x00000007fae00000)
 concurrent-mark-sweep perm gen total 33920K, used 33759K [0x00000007fae00000, 0x00000007fcf20000, 0x0000000800000000)
2015-04-04T01:59:12.608-0100: 5683.060: [GC2015-04-04T01:59:12.608-0100: 5683.060: [ParNew
Desired survivor size 20112992 bytes, new threshold 8 (max 8)
- age   1:    2606008 bytes,    2606008 total
- age   2:     401064 bytes,    3007072 total
- age   3:      90160 bytes,    3097232 total
- age   4:      66584 bytes,    3163816 total
- age   5:     572352 bytes,    3736168 total
- age   6:    3126448 bytes,    6862616 total
- age   7:      74104 bytes,    6936720 total
- age   8:     104184 bytes,    7040904 total
: 97534K->8609K(109248K), 0.0124410 secs] 110979K->22098K(502464K), 0.0125430 secs] [Times: user=0.03 sys=0.00, real=0.02 secs] 
Heap after GC invocations=19 (full 0):
 par new generation   total 109248K, used 8609K [0x00000007dae00000, 0x00000007e2e00000, 0x00000007e2e00000)
  eden space 87424K,   0% used [0x00000007dae00000, 0x00000007dae00000, 0x00000007e0360000)
  from space 21824K,  39% used [0x00000007e18b0000, 0x00000007e2118640, 0x00000007e2e00000)
  to   space 21824K,   0% used [0x00000007e0360000, 0x00000007e0360000, 0x00000007e18b0000)
 concurrent mark-sweep generation total 393216K, used 13488K [0x00000007e2e00000, 0x00000007fae00000, 0x00000007fae00000)
 concurrent-mark-sweep perm gen total 33920K, used 33759K [0x00000007fae00000, 0x00000007fcf20000, 0x0000000800000000)
}
2015-04-04T01:59:12.620-0100: 5683.072: Total time for which application threads were stopped: 0.0128030 seconds
2015-04-04T01:59:12.623-0100: 5683.075: Total time for which application threads were stopped: 0.0004030 seconds
2015-04-04T01:59:12.623-0100: 5683.076: Total time for which application threads were stopped: 0.0000830 seconds
2015-04-04T01:59:12.637-0100: 5683.090: Total time for which application threads were stopped: 0.0001420 seconds
2015-04-04T01:59:12.639-0100: 5683.091: Total time for which application threads were stopped: 0.0002200 seconds
2015-04-04T01:59:12.639-0100: 5683.092: Total time for which application threads were stopped: 0.0001300 seconds
2015-04-04T01:59:12.640-0100: 5683.092: Total time for which application threads were stopped: 0.0001030 seconds
2015-04-04T01:59:12.640-0100: 5683.092: Total time for which application threads were stopped: 0.0001100 seconds
2015-04-04T01:59:12.643-0100: 5683.096: Total time for which application threads were stopped: 0.0001310 seconds
2015-04-04T01:59:12.643-0100: 5683.096: Total time for which application threads were stopped: 0.0001000 seconds
2015-04-04T01:59:12.644-0100: 5683.096: Total time for which application threads were stopped: 0.0000770 seconds
2015-04-04T01:59:12.644-0100: 5683.096: Total time for which application threads were stopped: 0.0000770 seconds
2015-04-04T01:59:12.646-0100: 5683.099: Total time for which application threads were stopped: 0.0001340 seconds
2015-04-04T01:59:12.647-0100: 5683.099: Total time for which application threads were stopped: 0.0000730 seconds
2015-04-04T01:59:12.647-0100: 5683.099: Total time for which application threads were stopped: 0.0000630 seconds
2015-04-04T01:59:12.647-0100: 5683.099: Total time for which application threads were stopped: 0.0000580 seconds
2015-04-04T01:59:12.647-0100: 5683.099: Total time for which application threads were stopped: 0.0000680 seconds
2015-04-04T01:59:12.647-0100: 5683.099: Total time for which application threads were stopped: 0.0000530 seconds
2015-04-04T01:59:12.647-0100: 5683.099: Total time for which application threads were stopped: 0.0000500 seconds
2015-04-04T01:59:12.647-0100: 5683.099: Total time for which application threads were stopped: 0.0000490 seconds
2015-04-04T01:59:12.650-0100: 5683.102: Total time for which application threads were stopped: 0.0001480 seconds
2015-04-04T01:59:12.703-0100: 5683.155: Total time for which application threads were stopped: 0.0001690 seconds
2015-04-04T01:59:17.653-0100: 5688.106: Total time for which application threads were stopped: 0.0002240 seconds
2015-04-04T01:59:17.665-0100: 5688.117: Total time for which application threads were stopped: 0.0002210 seconds
2015-04-04T01:59:29.079-0100: 5699.531: Total time for which application threads were stopped: 0.0001620 seconds
2015-04-04T01:59:29.079-0100: 5699.531: Total time for which application threads were stopped: 0.0000470 seconds
2015-04-04T01:59:29.083-0100: 5699.535: Total time for which application threads were stopped: 0.0001880 seconds
2015-04-04T01:59:29.084-0100: 5699.536: Total time for which application threads were stopped: 0.0000880 seconds
2015-04-04T01:59:29.111-0100: 5699.563: Total time for which application threads were stopped: 0.0001630 seconds
2015-04-04T01:59:29.115-0100: 5699.567: Total time for which application threads were stopped: 0.0001700 seconds
2015-04-04T01:59:29.115-0100: 5699.567: Total time for which application threads were stopped: 0.0001540 seconds
2015-04-04T01:59:29.116-0100: 5699.568: Total time for which application threads were stopped: 0.0001270 seconds
2015-04-04T01:59:29.148-0100: 5699.600: Total time for which application threads were stopped: 0.0002270 seconds
2015-04-04T01:59:29.148-0100: 5699.600: Total time for which application threads were stopped: 0.0002900 seconds
2015-04-04T01:59:29.149-0100: 5699.601: Total time for which application threads were stopped: 0.0001670 seconds
2015-04-04T01:59:29.153-0100: 5699.606: Total time for which application threads were stopped: 0.0002470 seconds
2015-04-04T01:59:29.154-0100: 5699.606: Total time for which application threads were stopped: 0.0002390 seconds
2015-04-04T01:59:29.154-0100: 5699.606: Total time for which application threads were stopped: 0.0000990 seconds
2015-04-04T01:59:29.154-0100: 5699.606: Total time for which application threads were stopped: 0.0000740 seconds
2015-04-04T01:59:29.157-0100: 5699.610: Total time for which application threads were stopped: 0.0002480 seconds
2015-04-04T01:59:29.158-0100: 5699.610: Total time for which application threads were stopped: 0.0000910 seconds
2015-04-04T01:59:29.158-0100: 5699.610: Total time for which application threads were stopped: 0.0000690 seconds
2015-04-04T01:59:29.158-0100: 5699.610: Total time for which application threads were stopped: 0.0000730 seconds
2015-04-04T01:59:29.158-0100: 5699.610: Total time for which application threads were stopped: 0.0000670 seconds
2015-04-04T01:59:29.158-0100: 5699.610: Total time for which application threads were stopped: 0.0000550 seconds
2015-04-04T01:59:29.158-0100: 5699.610: Total time for which application threads were stopped: 0.0000550 seconds
2015-04-04T01:59:29.158-0100: 5699.610: Total time for which application threads were stopped: 0.0000460 seconds
2015-04-04T01:59:29.162-0100: 5699.615: Total time for which application threads were stopped: 0.0001680 seconds
2015-04-04T01:59:29.165-0100: 5699.617: Total time for which application threads were stopped: 0.0001980 seconds
2015-04-04T01:59:29.166-0100: 5699.619: Total time for which application threads were stopped: 0.0001100 seconds
2015-04-04T01:59:29.216-0100: 5699.668: Total time for which application threads were stopped: 0.0003000 seconds
2015-04-04T01:59:34.169-0100: 5704.621: Total time for which application threads were stopped: 0.0002070 seconds
2015-04-04T01:59:34.176-0100: 5704.628: Total time for which application threads were stopped: 0.0001140 seconds
2015-04-04T02:00:29.122-0100: 5759.574: Total time for which application threads were stopped: 0.0006990 seconds
2015-04-04T02:15:31.615-0100: 6662.067: Total time for which application threads were stopped: 0.0013620 seconds
2015-04-04T02:15:31.615-0100: 6662.067: Total time for which application threads were stopped: 0.0000680 seconds
2015-04-04T02:15:31.671-0100: 6662.123: Total time for which application threads were stopped: 0.0001380 seconds
2015-04-04T02:15:31.671-0100: 6662.124: Total time for which application threads were stopped: 0.0001440 seconds
2015-04-04T02:15:31.671-0100: 6662.124: Total time for which application threads were stopped: 0.0001290 seconds
2015-04-04T02:15:31.672-0100: 6662.124: Total time for which application threads were stopped: 0.0000830 seconds
2015-04-04T02:15:31.672-0100: 6662.124: Total time for which application threads were stopped: 0.0000960 seconds
2015-04-04T02:15:31.672-0100: 6662.124: Total time for which application threads were stopped: 0.0000870 seconds
2015-04-04T02:15:31.672-0100: 6662.124: Total time for which application threads were stopped: 0.0000880 seconds
2015-04-04T02:15:31.673-0100: 6662.125: Total time for which application threads were stopped: 0.0001270 seconds
2015-04-04T02:15:31.673-0100: 6662.126: Total time for which application threads were stopped: 0.0000620 seconds
2015-04-04T02:15:31.675-0100: 6662.127: Total time for which application threads were stopped: 0.0002020 seconds
2015-04-04T02:15:31.676-0100: 6662.128: Total time for which application threads were stopped: 0.0001480 seconds
2015-04-04T02:15:31.677-0100: 6662.129: Total time for which application threads were stopped: 0.0001310 seconds
2015-04-04T02:15:31.684-0100: 6662.136: Total time for which application threads were stopped: 0.0001140 seconds
2015-04-04T02:15:31.707-0100: 6662.159: Total time for which application threads were stopped: 0.0002010 seconds
2015-04-04T02:15:31.707-0100: 6662.159: Total time for which application threads were stopped: 0.0002140 seconds
2015-04-04T02:15:31.707-0100: 6662.160: Total time for which application threads were stopped: 0.0000830 seconds
2015-04-04T02:15:31.708-0100: 6662.160: Total time for which application threads were stopped: 0.0001680 seconds
2015-04-04T02:15:31.713-0100: 6662.166: Total time for which application threads were stopped: 0.0006370 seconds
2015-04-04T02:15:31.719-0100: 6662.172: Total time for which application threads were stopped: 0.0001230 seconds
2015-04-04T02:15:31.719-0100: 6662.172: Total time for which application threads were stopped: 0.0000880 seconds
2015-04-04T02:15:31.722-0100: 6662.174: Total time for which application threads were stopped: 0.0001290 seconds
2015-04-04T02:15:31.726-0100: 6662.178: Total time for which application threads were stopped: 0.0001560 seconds
2015-04-04T02:15:31.727-0100: 6662.179: Total time for which application threads were stopped: 0.0002450 seconds
2015-04-04T02:15:31.739-0100: 6662.191: Total time for which application threads were stopped: 0.0001080 seconds
2015-04-04T02:15:31.753-0100: 6662.206: Total time for which application threads were stopped: 0.0001240 seconds
2015-04-04T02:15:31.754-0100: 6662.206: Total time for which application threads were stopped: 0.0000760 seconds
2015-04-04T02:15:31.754-0100: 6662.206: Total time for which application threads were stopped: 0.0001160 seconds
2015-04-04T02:15:31.754-0100: 6662.206: Total time for which application threads were stopped: 0.0001030 seconds
2015-04-04T02:15:31.754-0100: 6662.206: Total time for which application threads were stopped: 0.0000640 seconds
2015-04-04T02:15:31.754-0100: 6662.207: Total time for which application threads were stopped: 0.0001150 seconds
2015-04-04T02:15:31.754-0100: 6662.207: Total time for which application threads were stopped: 0.0000630 seconds
2015-04-04T02:15:31.755-0100: 6662.207: Total time for which application threads were stopped: 0.0000990 seconds
2015-04-04T02:15:31.755-0100: 6662.207: Total time for which application threads were stopped: 0.0000510 seconds
2015-04-04T02:15:31.766-0100: 6662.218: Total time for which application threads were stopped: 0.0001000 seconds
2015-04-04T02:15:31.789-0100: 6662.241: Total time for which application threads were stopped: 0.0003830 seconds
2015-04-04T02:15:31.793-0100: 6662.245: Total time for which application threads were stopped: 0.0001290 seconds
2015-04-04T02:15:31.794-0100: 6662.247: Total time for which application threads were stopped: 0.0001410 seconds
2015-04-04T02:15:31.794-0100: 6662.247: Total time for which application threads were stopped: 0.0001180 seconds
2015-04-04T02:15:31.800-0100: 6662.253: Total time for which application threads were stopped: 0.0001340 seconds
2015-04-04T02:15:31.834-0100: 6662.287: Total time for which application threads were stopped: 0.0003500 seconds
2015-04-04T02:15:31.840-0100: 6662.292: Total time for which application threads were stopped: 0.0001870 seconds
2015-04-04T02:15:31.840-0100: 6662.292: Total time for which application threads were stopped: 0.0001070 seconds
2015-04-04T02:15:31.840-0100: 6662.293: Total time for which application threads were stopped: 0.0000880 seconds
2015-04-04T02:15:31.848-0100: 6662.301: Total time for which application threads were stopped: 0.0009590 seconds
2015-04-04T02:15:31.849-0100: 6662.301: Total time for which application threads were stopped: 0.0001500 seconds
2015-04-04T02:15:31.849-0100: 6662.302: Total time for which application threads were stopped: 0.0001160 seconds
2015-04-04T02:15:31.868-0100: 6662.320: Total time for which application threads were stopped: 0.0001360 seconds
2015-04-04T02:15:31.868-0100: 6662.320: Total time for which application threads were stopped: 0.0000740 seconds
2015-04-04T02:15:31.868-0100: 6662.321: Total time for which application threads were stopped: 0.0000610 seconds
2015-04-04T02:15:31.870-0100: 6662.323: Total time for which application threads were stopped: 0.0002340 seconds
2015-04-04T02:15:31.873-0100: 6662.326: Total time for which application threads were stopped: 0.0001490 seconds
2015-04-04T02:15:31.874-0100: 6662.326: Total time for which application threads were stopped: 0.0000770 seconds
2015-04-04T02:15:31.874-0100: 6662.326: Total time for which application threads were stopped: 0.0000880 seconds
2015-04-04T02:15:31.874-0100: 6662.326: Total time for which application threads were stopped: 0.0000590 seconds
2015-04-04T02:15:31.965-0100: 6662.417: Total time for which application threads were stopped: 0.0001370 seconds
2015-04-04T02:15:31.965-0100: 6662.417: Total time for which application threads were stopped: 0.0000720 seconds
2015-04-04T02:15:31.965-0100: 6662.417: Total time for which application threads were stopped: 0.0000500 seconds
2015-04-04T02:15:31.965-0100: 6662.417: Total time for which application threads were stopped: 0.0000510 seconds
2015-04-04T02:15:31.965-0100: 6662.417: Total time for which application threads were stopped: 0.0000520 seconds
2015-04-04T02:15:31.965-0100: 6662.417: Total time for which application threads were stopped: 0.0000530 seconds
2015-04-04T02:15:31.966-0100: 6662.418: Total time for which application threads were stopped: 0.0002300 seconds
2015-04-04T02:15:31.966-0100: 6662.418: Total time for which application threads were stopped: 0.0000590 seconds
2015-04-04T02:15:31.970-0100: 6662.422: Total time for which application threads were stopped: 0.0001270 seconds
2015-04-04T02:15:31.970-0100: 6662.422: Total time for which application threads were stopped: 0.0000690 seconds
2015-04-04T02:15:31.971-0100: 6662.423: Total time for which application threads were stopped: 0.0001240 seconds
2015-04-04T02:15:31.972-0100: 6662.424: Total time for which application threads were stopped: 0.0001070 seconds
2015-04-04T02:15:31.973-0100: 6662.425: Total time for which application threads were stopped: 0.0001690 seconds
2015-04-04T02:15:32.032-0100: 6662.484: Total time for which application threads were stopped: 0.0003740 seconds
2015-04-04T02:15:32.033-0100: 6662.485: Total time for which application threads were stopped: 0.0002660 seconds
2015-04-04T02:15:32.034-0100: 6662.486: Total time for which application threads were stopped: 0.0008580 seconds
2015-04-04T02:15:32.034-0100: 6662.486: Total time for which application threads were stopped: 0.0001470 seconds
2015-04-04T02:15:32.034-0100: 6662.486: Total time for which application threads were stopped: 0.0001000 seconds
2015-04-04T02:15:32.034-0100: 6662.486: Total time for which application threads were stopped: 0.0001860 seconds
2015-04-04T02:15:32.034-0100: 6662.487: Total time for which application threads were stopped: 0.0000690 seconds
2015-04-04T02:15:32.035-0100: 6662.487: Total time for which application threads were stopped: 0.0002330 seconds
2015-04-04T02:15:32.035-0100: 6662.487: Total time for which application threads were stopped: 0.0003450 seconds
2015-04-04T02:15:32.039-0100: 6662.491: Total time for which application threads were stopped: 0.0002550 seconds
2015-04-04T02:15:32.040-0100: 6662.493: Total time for which application threads were stopped: 0.0001660 seconds
2015-04-04T02:15:32.041-0100: 6662.493: Total time for which application threads were stopped: 0.0003250 seconds
2015-04-04T02:15:32.080-0100: 6662.532: Total time for which application threads were stopped: 0.0011640 seconds
2015-04-04T02:15:32.080-0100: 6662.532: Total time for which application threads were stopped: 0.0002410 seconds
2015-04-04T02:15:32.080-0100: 6662.532: Total time for which application threads were stopped: 0.0001280 seconds
2015-04-04T02:15:32.080-0100: 6662.533: Total time for which application threads were stopped: 0.0001110 seconds
2015-04-04T02:15:32.099-0100: 6662.552: Total time for which application threads were stopped: 0.0002960 seconds
2015-04-04T02:15:32.101-0100: 6662.554: Total time for which application threads were stopped: 0.0001920 seconds
2015-04-04T02:15:32.107-0100: 6662.559: Total time for which application threads were stopped: 0.0002440 seconds
2015-04-04T02:15:32.118-0100: 6662.570: Total time for which application threads were stopped: 0.0012270 seconds
2015-04-04T02:15:32.183-0100: 6662.635: Total time for which application threads were stopped: 0.0001780 seconds
2015-04-04T02:15:37.135-0100: 6667.587: Total time for which application threads were stopped: 0.0009620 seconds
2015-04-04T02:15:37.144-0100: 6667.596: Total time for which application threads were stopped: 0.0001400 seconds
2015-04-04T02:15:42.597-0100: 6673.049: Total time for which application threads were stopped: 0.0010600 seconds
2015-04-04T02:15:42.597-0100: 6673.049: Total time for which application threads were stopped: 0.0000850 seconds
2015-04-04T02:15:42.616-0100: 6673.068: Total time for which application threads were stopped: 0.0001400 seconds
2015-04-04T02:15:42.620-0100: 6673.072: Total time for which application threads were stopped: 0.0002030 seconds
2015-04-04T02:15:42.622-0100: 6673.074: Total time for which application threads were stopped: 0.0001400 seconds
2015-04-04T02:15:42.622-0100: 6673.074: Total time for which application threads were stopped: 0.0001060 seconds
2015-04-04T02:15:42.627-0100: 6673.079: Total time for which application threads were stopped: 0.0001100 seconds
2015-04-04T02:15:42.650-0100: 6673.102: Total time for which application threads were stopped: 0.0001360 seconds
2015-04-04T02:15:42.650-0100: 6673.102: Total time for which application threads were stopped: 0.0000750 seconds
2015-04-04T02:15:42.650-0100: 6673.102: Total time for which application threads were stopped: 0.0000530 seconds
2015-04-04T02:15:42.650-0100: 6673.102: Total time for which application threads were stopped: 0.0000980 seconds
2015-04-04T02:15:42.654-0100: 6673.106: Total time for which application threads were stopped: 0.0001450 seconds
2015-04-04T02:15:42.654-0100: 6673.107: Total time for which application threads were stopped: 0.0000860 seconds
2015-04-04T02:15:42.654-0100: 6673.107: Total time for which application threads were stopped: 0.0000760 seconds
2015-04-04T02:15:42.655-0100: 6673.107: Total time for which application threads were stopped: 0.0000650 seconds
2015-04-04T02:15:42.658-0100: 6673.110: Total time for which application threads were stopped: 0.0001780 seconds
2015-04-04T02:15:42.658-0100: 6673.110: Total time for which application threads were stopped: 0.0000790 seconds
2015-04-04T02:15:42.658-0100: 6673.111: Total time for which application threads were stopped: 0.0000570 seconds
2015-04-04T02:15:42.658-0100: 6673.111: Total time for which application threads were stopped: 0.0000640 seconds
2015-04-04T02:15:42.694-0100: 6673.146: Total time for which application threads were stopped: 0.0001550 seconds
2015-04-04T02:15:42.695-0100: 6673.147: Total time for which application threads were stopped: 0.0004230 seconds
2015-04-04T02:15:42.695-0100: 6673.148: Total time for which application threads were stopped: 0.0002770 seconds
2015-04-04T02:15:42.695-0100: 6673.148: Total time for which application threads were stopped: 0.0000770 seconds
2015-04-04T02:15:42.696-0100: 6673.148: Total time for which application threads were stopped: 0.0001840 seconds
2015-04-04T02:15:42.698-0100: 6673.151: Total time for which application threads were stopped: 0.0001760 seconds
2015-04-04T02:15:42.702-0100: 6673.154: Total time for which application threads were stopped: 0.0001400 seconds
2015-04-04T02:15:42.703-0100: 6673.155: Total time for which application threads were stopped: 0.0001350 seconds
2015-04-04T02:15:42.723-0100: 6673.176: Total time for which application threads were stopped: 0.0001320 seconds
2015-04-04T02:15:42.724-0100: 6673.176: Total time for which application threads were stopped: 0.0000660 seconds
2015-04-04T02:15:42.724-0100: 6673.176: Total time for which application threads were stopped: 0.0003410 seconds
2015-04-04T02:15:42.725-0100: 6673.177: Total time for which application threads were stopped: 0.0001310 seconds
2015-04-04T02:15:42.727-0100: 6673.180: Total time for which application threads were stopped: 0.0001320 seconds
2015-04-04T02:15:42.727-0100: 6673.180: Total time for which application threads were stopped: 0.0001170 seconds
2015-04-04T02:15:42.728-0100: 6673.180: Total time for which application threads were stopped: 0.0000880 seconds
2015-04-04T02:15:42.728-0100: 6673.180: Total time for which application threads were stopped: 0.0001870 seconds
2015-04-04T02:15:42.763-0100: 6673.215: Total time for which application threads were stopped: 0.0002540 seconds
2015-04-04T02:15:42.764-0100: 6673.216: Total time for which application threads were stopped: 0.0003780 seconds
2015-04-04T02:15:42.764-0100: 6673.217: Total time for which application threads were stopped: 0.0001520 seconds
2015-04-04T02:15:42.765-0100: 6673.217: Total time for which application threads were stopped: 0.0001210 seconds
2015-04-04T02:15:42.775-0100: 6673.227: Total time for which application threads were stopped: 0.0001390 seconds
2015-04-04T02:15:42.775-0100: 6673.227: Total time for which application threads were stopped: 0.0001110 seconds
2015-04-04T02:15:42.791-0100: 6673.243: Total time for which application threads were stopped: 0.0001210 seconds
2015-04-04T02:15:42.791-0100: 6673.244: Total time for which application threads were stopped: 0.0000820 seconds
2015-04-04T02:15:42.823-0100: 6673.275: Total time for which application threads were stopped: 0.0001340 seconds
2015-04-04T02:15:42.823-0100: 6673.275: Total time for which application threads were stopped: 0.0002690 seconds
2015-04-04T02:15:42.823-0100: 6673.276: Total time for which application threads were stopped: 0.0001300 seconds
2015-04-04T02:15:42.824-0100: 6673.276: Total time for which application threads were stopped: 0.0001440 seconds
2015-04-04T02:15:42.830-0100: 6673.282: Total time for which application threads were stopped: 0.0001450 seconds
2015-04-04T02:15:42.836-0100: 6673.288: Total time for which application threads were stopped: 0.0001450 seconds
2015-04-04T02:15:42.838-0100: 6673.290: Total time for which application threads were stopped: 0.0001420 seconds
2015-04-04T02:15:42.849-0100: 6673.301: Total time for which application threads were stopped: 0.0001340 seconds
2015-04-04T02:15:42.883-0100: 6673.335: Total time for which application threads were stopped: 0.0001500 seconds
2015-04-04T02:15:42.885-0100: 6673.337: Total time for which application threads were stopped: 0.0001570 seconds
2015-04-04T02:15:42.950-0100: 6673.402: Total time for which application threads were stopped: 0.0001640 seconds
2015-04-04T02:15:47.891-0100: 6678.343: Total time for which application threads were stopped: 0.0011200 seconds
2015-04-04T02:15:47.893-0100: 6678.345: Total time for which application threads were stopped: 0.0001420 seconds
2015-04-04T02:15:52.562-0100: 6683.015: Total time for which application threads were stopped: 0.0008930 seconds
2015-04-04T02:15:52.563-0100: 6683.015: Total time for which application threads were stopped: 0.0000740 seconds
2015-04-04T02:15:52.589-0100: 6683.041: Total time for which application threads were stopped: 0.0001410 seconds
2015-04-04T02:15:52.594-0100: 6683.046: Total time for which application threads were stopped: 0.0001420 seconds
2015-04-04T02:15:52.594-0100: 6683.046: Total time for which application threads were stopped: 0.0001160 seconds
2015-04-04T02:15:52.599-0100: 6683.052: Total time for which application threads were stopped: 0.0001110 seconds
2015-04-04T02:15:52.616-0100: 6683.068: Total time for which application threads were stopped: 0.0001680 seconds
2015-04-04T02:15:52.616-0100: 6683.068: Total time for which application threads were stopped: 0.0000930 seconds
2015-04-04T02:15:52.616-0100: 6683.068: Total time for which application threads were stopped: 0.0000750 seconds
2015-04-04T02:15:52.616-0100: 6683.069: Total time for which application threads were stopped: 0.0000880 seconds
2015-04-04T02:15:52.622-0100: 6683.074: Total time for which application threads were stopped: 0.0001650 seconds
2015-04-04T02:15:52.622-0100: 6683.075: Total time for which application threads were stopped: 0.0000720 seconds
2015-04-04T02:15:52.622-0100: 6683.075: Total time for which application threads were stopped: 0.0000570 seconds
2015-04-04T02:15:52.623-0100: 6683.075: Total time for which application threads were stopped: 0.0002510 seconds
2015-04-04T02:15:52.649-0100: 6683.102: Total time for which application threads were stopped: 0.0001320 seconds
2015-04-04T02:15:52.659-0100: 6683.112: Total time for which application threads were stopped: 0.0001150 seconds
2015-04-04T02:15:52.674-0100: 6683.126: Total time for which application threads were stopped: 0.0001430 seconds
2015-04-04T02:15:52.709-0100: 6683.161: Total time for which application threads were stopped: 0.0001340 seconds
2015-04-04T02:15:52.733-0100: 6683.185: Total time for which application threads were stopped: 0.0001610 seconds
2015-04-04T02:15:52.744-0100: 6683.196: Total time for which application threads were stopped: 0.0003430 seconds
2015-04-04T02:15:52.757-0100: 6683.209: Total time for which application threads were stopped: 0.0001900 seconds
2015-04-04T02:15:52.832-0100: 6683.285: Total time for which application threads were stopped: 0.0002290 seconds
2015-04-04T02:15:57.779-0100: 6688.231: Total time for which application threads were stopped: 0.0014300 seconds
2015-04-04T02:15:57.785-0100: 6688.237: Total time for which application threads were stopped: 0.0001390 seconds
2015-04-04T02:16:42.721-0100: 6733.174: Total time for which application threads were stopped: 0.0011250 seconds
2015-04-04T02:16:42.744-0100: 6733.196: Total time for which application threads were stopped: 0.0001680 seconds
2015-04-04T02:16:42.765-0100: 6733.218: Total time for which application threads were stopped: 0.0001270 seconds
2015-04-04T02:16:42.770-0100: 6733.222: Total time for which application threads were stopped: 0.0002650 seconds
2015-04-04T02:16:52.721-0100: 6743.174: Total time for which application threads were stopped: 0.0007870 seconds
2015-04-04T02:16:52.740-0100: 6743.193: Total time for which application threads were stopped: 0.0003720 seconds
2015-04-04T02:21:45.428-0100: 7035.880: Total time for which application threads were stopped: 0.0016510 seconds
2015-04-04T04:11:52.459-0100: 13642.912: Total time for which application threads were stopped: 0.0308210 seconds
2015-04-04T04:11:52.461-0100: 13642.913: Total time for which application threads were stopped: 0.0001160 seconds
2015-04-04T04:11:52.560-0100: 13643.012: Total time for which application threads were stopped: 0.0002350 seconds
2015-04-04T04:11:52.561-0100: 13643.014: Total time for which application threads were stopped: 0.0001840 seconds
2015-04-04T04:11:52.562-0100: 13643.014: Total time for which application threads were stopped: 0.0001350 seconds
2015-04-04T04:11:52.562-0100: 13643.014: Total time for which application threads were stopped: 0.0000920 seconds
2015-04-04T04:11:52.564-0100: 13643.016: Total time for which application threads were stopped: 0.0001890 seconds
2015-04-04T04:11:52.566-0100: 13643.018: Total time for which application threads were stopped: 0.0003820 seconds
2015-04-04T04:11:52.567-0100: 13643.019: Total time for which application threads were stopped: 0.0002350 seconds
2015-04-04T04:11:52.569-0100: 13643.021: Total time for which application threads were stopped: 0.0017630 seconds
2015-04-04T04:11:52.583-0100: 13643.035: Total time for which application threads were stopped: 0.0001580 seconds
{Heap before GC invocations=19 (full 0):
 par new generation   total 109248K, used 96033K [0x00000007dae00000, 0x00000007e2e00000, 0x00000007e2e00000)
  eden space 87424K, 100% used [0x00000007dae00000, 0x00000007e0360000, 0x00000007e0360000)
  from space 21824K,  39% used [0x00000007e18b0000, 0x00000007e2118640, 0x00000007e2e00000)
  to   space 21824K,   0% used [0x00000007e0360000, 0x00000007e0360000, 0x00000007e18b0000)
 concurrent mark-sweep generation total 393216K, used 13488K [0x00000007e2e00000, 0x00000007fae00000, 0x00000007fae00000)
 concurrent-mark-sweep perm gen total 33920K, used 33831K [0x00000007fae00000, 0x00000007fcf20000, 0x0000000800000000)
2015-04-04T04:11:52.606-0100: 13643.058: [GC2015-04-04T04:11:52.607-0100: 13643.059: [ParNew
Desired survivor size 20112992 bytes, new threshold 8 (max 8)
- age   1:    1532384 bytes,    1532384 total
- age   2:    1283656 bytes,    2816040 total
- age   3:     400152 bytes,    3216192 total
- age   4:      90136 bytes,    3306328 total
- age   5:      66560 bytes,    3372888 total
- age   6:     503048 bytes,    3875936 total
- age   7:    3073192 bytes,    6949128 total
- age   8:      74104 bytes,    7023232 total
: 96033K->8909K(109248K), 0.0568810 secs] 109522K->22501K(502464K), 0.0577460 secs] [Times: user=0.04 sys=0.08, real=0.06 secs] 
Heap after GC invocations=20 (full 0):
 par new generation   total 109248K, used 8909K [0x00000007dae00000, 0x00000007e2e00000, 0x00000007e2e00000)
  eden space 87424K,   0% used [0x00000007dae00000, 0x00000007dae00000, 0x00000007e0360000)
  from space 21824K,  40% used [0x00000007e0360000, 0x00000007e0c135c0, 0x00000007e18b0000)
  to   space 21824K,   0% used [0x00000007e18b0000, 0x00000007e18b0000, 0x00000007e2e00000)
 concurrent mark-sweep generation total 393216K, used 13592K [0x00000007e2e00000, 0x00000007fae00000, 0x00000007fae00000)
 concurrent-mark-sweep perm gen total 33920K, used 33831K [0x00000007fae00000, 0x00000007fcf20000, 0x0000000800000000)
}
2015-04-04T04:11:52.664-0100: 13643.117: Total time for which application threads were stopped: 0.0605370 seconds
2015-04-04T04:11:52.667-0100: 13643.120: Total time for which application threads were stopped: 0.0001160 seconds
2015-04-04T04:11:52.668-0100: 13643.120: Total time for which application threads were stopped: 0.0000810 seconds
2015-04-04T04:11:52.668-0100: 13643.120: Total time for which application threads were stopped: 0.0000770 seconds
2015-04-04T04:11:52.668-0100: 13643.120: Total time for which application threads were stopped: 0.0000650 seconds
2015-04-04T04:11:52.670-0100: 13643.122: Total time for which application threads were stopped: 0.0001940 seconds
2015-04-04T04:11:52.670-0100: 13643.122: Total time for which application threads were stopped: 0.0001300 seconds
2015-04-04T04:11:52.670-0100: 13643.122: Total time for which application threads were stopped: 0.0000930 seconds
2015-04-04T04:11:52.670-0100: 13643.122: Total time for which application threads were stopped: 0.0000850 seconds
2015-04-04T04:11:52.704-0100: 13643.156: Total time for which application threads were stopped: 0.0001820 seconds
2015-04-04T04:11:52.709-0100: 13643.161: Total time for which application threads were stopped: 0.0001750 seconds
2015-04-04T04:11:52.709-0100: 13643.161: Total time for which application threads were stopped: 0.0001280 seconds
2015-04-04T04:11:52.715-0100: 13643.167: Total time for which application threads were stopped: 0.0001360 seconds
2015-04-04T04:11:52.715-0100: 13643.168: Total time for which application threads were stopped: 0.0001130 seconds
2015-04-04T04:11:52.731-0100: 13643.183: Total time for which application threads were stopped: 0.0001560 seconds
2015-04-04T04:11:52.733-0100: 13643.185: Total time for which application threads were stopped: 0.0001810 seconds
2015-04-04T04:11:52.733-0100: 13643.185: Total time for which application threads were stopped: 0.0001300 seconds
2015-04-04T04:11:52.733-0100: 13643.185: Total time for which application threads were stopped: 0.0001300 seconds
2015-04-04T04:11:52.734-0100: 13643.186: Total time for which application threads were stopped: 0.0001420 seconds
2015-04-04T04:11:52.743-0100: 13643.195: Total time for which application threads were stopped: 0.0001790 seconds
2015-04-04T04:11:52.747-0100: 13643.199: Total time for which application threads were stopped: 0.0001480 seconds
2015-04-04T04:11:52.772-0100: 13643.224: Total time for which application threads were stopped: 0.0001600 seconds
2015-04-04T04:11:52.772-0100: 13643.225: Total time for which application threads were stopped: 0.0001330 seconds
2015-04-04T04:11:52.776-0100: 13643.229: Total time for which application threads were stopped: 0.0002330 seconds
2015-04-04T04:11:52.777-0100: 13643.229: Total time for which application threads were stopped: 0.0001650 seconds
2015-04-04T04:11:52.782-0100: 13643.234: Total time for which application threads were stopped: 0.0001590 seconds
2015-04-04T04:11:52.798-0100: 13643.250: Total time for which application threads were stopped: 0.0001940 seconds
2015-04-04T04:11:52.798-0100: 13643.250: Total time for which application threads were stopped: 0.0001290 seconds
2015-04-04T04:11:52.798-0100: 13643.251: Total time for which application threads were stopped: 0.0001410 seconds
2015-04-04T04:11:52.799-0100: 13643.251: Total time for which application threads were stopped: 0.0001510 seconds
2015-04-04T04:11:52.863-0100: 13643.315: Total time for which application threads were stopped: 0.0002420 seconds
2015-04-04T04:11:52.863-0100: 13643.315: Total time for which application threads were stopped: 0.0001690 seconds
2015-04-04T04:11:52.864-0100: 13643.316: Total time for which application threads were stopped: 0.0001480 seconds
2015-04-04T04:11:52.867-0100: 13643.319: Total time for which application threads were stopped: 0.0001760 seconds
2015-04-04T04:11:52.902-0100: 13643.354: Total time for which application threads were stopped: 0.0003140 seconds
2015-04-04T04:11:52.903-0100: 13643.356: Total time for which application threads were stopped: 0.0001340 seconds
2015-04-04T04:11:52.905-0100: 13643.358: Total time for which application threads were stopped: 0.0001290 seconds
2015-04-04T04:11:52.955-0100: 13643.408: Total time for which application threads were stopped: 0.0002300 seconds
2015-04-04T04:11:57.909-0100: 13648.361: Total time for which application threads were stopped: 0.0015990 seconds
2015-04-04T04:11:57.915-0100: 13648.367: Total time for which application threads were stopped: 0.0002420 seconds
2015-04-04T04:12:42.781-0100: 13693.233: Total time for which application threads were stopped: 0.0012430 seconds
2015-04-04T04:12:42.808-0100: 13693.260: Total time for which application threads were stopped: 0.0001570 seconds
2015-04-04T04:12:42.913-0100: 13693.365: Total time for which application threads were stopped: 0.0001710 seconds
2015-04-04T04:12:52.784-0100: 13703.236: Total time for which application threads were stopped: 0.0017130 seconds
2015-04-04T04:12:52.812-0100: 13703.264: Total time for which application threads were stopped: 0.0001730 seconds
2015-04-04T04:12:52.862-0100: 13703.314: Total time for which application threads were stopped: 0.0001850 seconds
2015-04-04T04:14:38.935-0100: 13809.387: Total time for which application threads were stopped: 0.0011110 seconds
2015-04-04T04:14:38.935-0100: 13809.388: Total time for which application threads were stopped: 0.0000880 seconds
2015-04-04T04:14:38.986-0100: 13809.438: Total time for which application threads were stopped: 0.0001620 seconds
2015-04-04T04:14:38.987-0100: 13809.439: Total time for which application threads were stopped: 0.0001170 seconds
2015-04-04T04:14:38.988-0100: 13809.440: Total time for which application threads were stopped: 0.0001220 seconds
2015-04-04T04:14:38.988-0100: 13809.440: Total time for which application threads were stopped: 0.0001010 seconds
2015-04-04T04:14:38.988-0100: 13809.441: Total time for which application threads were stopped: 0.0002540 seconds
2015-04-04T04:14:38.990-0100: 13809.442: Total time for which application threads were stopped: 0.0001830 seconds
2015-04-04T04:14:38.991-0100: 13809.443: Total time for which application threads were stopped: 0.0001740 seconds
2015-04-04T04:14:38.996-0100: 13809.448: Total time for which application threads were stopped: 0.0001660 seconds
2015-04-04T04:14:39.022-0100: 13809.474: Total time for which application threads were stopped: 0.0004420 seconds
2015-04-04T04:14:39.022-0100: 13809.475: Total time for which application threads were stopped: 0.0001730 seconds
2015-04-04T04:14:39.023-0100: 13809.475: Total time for which application threads were stopped: 0.0001350 seconds
2015-04-04T04:14:39.069-0100: 13809.521: Total time for which application threads were stopped: 0.0002530 seconds
2015-04-04T04:14:39.070-0100: 13809.522: Total time for which application threads were stopped: 0.0001720 seconds
2015-04-04T04:14:39.070-0100: 13809.522: Total time for which application threads were stopped: 0.0001050 seconds
2015-04-04T04:14:39.070-0100: 13809.522: Total time for which application threads were stopped: 0.0000630 seconds
2015-04-04T04:14:39.080-0100: 13809.533: Total time for which application threads were stopped: 0.0001510 seconds
2015-04-04T04:14:39.101-0100: 13809.553: Total time for which application threads were stopped: 0.0002000 seconds
2015-04-04T04:14:39.152-0100: 13809.605: Total time for which application threads were stopped: 0.0001670 seconds
2015-04-04T04:14:39.174-0100: 13809.627: Total time for which application threads were stopped: 0.0005140 seconds
2015-04-04T04:14:39.185-0100: 13809.637: Total time for which application threads were stopped: 0.0001630 seconds
2015-04-04T04:14:39.201-0100: 13809.653: Total time for which application threads were stopped: 0.0001670 seconds
2015-04-04T04:14:39.202-0100: 13809.654: Total time for which application threads were stopped: 0.0001450 seconds
2015-04-04T04:14:39.202-0100: 13809.654: Total time for which application threads were stopped: 0.0001470 seconds
2015-04-04T04:14:39.203-0100: 13809.655: Total time for which application threads were stopped: 0.0001510 seconds
2015-04-04T04:14:39.215-0100: 13809.667: Total time for which application threads were stopped: 0.0001790 seconds
2015-04-04T04:14:39.276-0100: 13809.729: Total time for which application threads were stopped: 0.0001650 seconds
2015-04-04T04:14:44.224-0100: 13814.677: Total time for which application threads were stopped: 0.0011970 seconds
2015-04-04T04:14:44.227-0100: 13814.679: Total time for which application threads were stopped: 0.0001160 seconds
2015-04-04T04:15:29.164-0100: 13859.616: Total time for which application threads were stopped: 0.0014350 seconds
2015-04-04T04:15:29.185-0100: 13859.638: Total time for which application threads were stopped: 0.0001590 seconds
2015-04-04T04:15:29.224-0100: 13859.676: Total time for which application threads were stopped: 0.0004460 seconds
2015-04-04T04:15:39.167-0100: 13869.619: Total time for which application threads were stopped: 0.0027420 seconds
2015-04-04T04:15:39.167-0100: 13869.620: Total time for which application threads were stopped: 0.0003620 seconds
2015-04-04T05:15:04.399-0100: 17434.851: Total time for which application threads were stopped: 0.0236460 seconds
2015-04-04T05:15:04.400-0100: 17434.852: Total time for which application threads were stopped: 0.0001250 seconds
2015-04-04T05:15:04.518-0100: 17434.971: Total time for which application threads were stopped: 0.0002970 seconds
2015-04-04T05:15:04.521-0100: 17434.973: Total time for which application threads were stopped: 0.0001870 seconds
2015-04-04T05:15:04.522-0100: 17434.974: Total time for which application threads were stopped: 0.0001710 seconds
2015-04-04T05:15:04.528-0100: 17434.981: Total time for which application threads were stopped: 0.0062310 seconds
2015-04-04T05:15:04.529-0100: 17434.982: Total time for which application threads were stopped: 0.0002330 seconds
2015-04-04T05:15:04.543-0100: 17434.995: Total time for which application threads were stopped: 0.0005570 seconds
2015-04-04T05:15:04.545-0100: 17434.997: Total time for which application threads were stopped: 0.0003040 seconds
2015-04-04T05:15:04.588-0100: 17435.041: Total time for which application threads were stopped: 0.0012790 seconds
2015-04-04T05:15:04.641-0100: 17435.093: Total time for which application threads were stopped: 0.0005150 seconds
2015-04-04T05:15:04.642-0100: 17435.094: Total time for which application threads were stopped: 0.0002220 seconds
2015-04-04T05:15:04.642-0100: 17435.095: Total time for which application threads were stopped: 0.0001960 seconds
2015-04-04T05:15:04.713-0100: 17435.165: Total time for which application threads were stopped: 0.0001960 seconds
2015-04-04T05:15:04.714-0100: 17435.166: Total time for which application threads were stopped: 0.0001450 seconds
2015-04-04T05:15:04.718-0100: 17435.170: Total time for which application threads were stopped: 0.0002570 seconds
2015-04-04T05:15:04.719-0100: 17435.171: Total time for which application threads were stopped: 0.0006000 seconds
2015-04-04T05:15:04.747-0100: 17435.199: Total time for which application threads were stopped: 0.0001860 seconds
2015-04-04T05:15:04.747-0100: 17435.199: Total time for which application threads were stopped: 0.0000870 seconds
2015-04-04T05:15:04.747-0100: 17435.200: Total time for which application threads were stopped: 0.0000960 seconds
2015-04-04T05:15:04.748-0100: 17435.200: Total time for which application threads were stopped: 0.0001200 seconds
2015-04-04T05:15:04.763-0100: 17435.215: Total time for which application threads were stopped: 0.0001610 seconds
2015-04-04T05:15:04.794-0100: 17435.247: Total time for which application threads were stopped: 0.0001680 seconds
2015-04-04T05:15:04.799-0100: 17435.251: Total time for which application threads were stopped: 0.0001820 seconds
2015-04-04T05:15:04.799-0100: 17435.252: Total time for which application threads were stopped: 0.0001820 seconds
2015-04-04T05:15:04.806-0100: 17435.258: Total time for which application threads were stopped: 0.0001640 seconds
2015-04-04T05:15:04.806-0100: 17435.258: Total time for which application threads were stopped: 0.0001340 seconds
2015-04-04T05:15:04.835-0100: 17435.287: Total time for which application threads were stopped: 0.0001660 seconds
2015-04-04T05:15:04.835-0100: 17435.287: Total time for which application threads were stopped: 0.0001250 seconds
2015-04-04T05:15:04.835-0100: 17435.287: Total time for which application threads were stopped: 0.0001260 seconds
2015-04-04T05:15:04.835-0100: 17435.288: Total time for which application threads were stopped: 0.0001290 seconds
2015-04-04T05:15:04.852-0100: 17435.305: Total time for which application threads were stopped: 0.0001600 seconds
2015-04-04T05:15:04.853-0100: 17435.305: Total time for which application threads were stopped: 0.0001310 seconds
2015-04-04T05:15:04.854-0100: 17435.306: Total time for which application threads were stopped: 0.0001440 seconds
2015-04-04T05:15:04.858-0100: 17435.311: Total time for which application threads were stopped: 0.0001630 seconds
2015-04-04T05:15:04.881-0100: 17435.333: Total time for which application threads were stopped: 0.0001520 seconds
2015-04-04T05:15:04.881-0100: 17435.334: Total time for which application threads were stopped: 0.0001140 seconds
2015-04-04T05:15:04.883-0100: 17435.335: Total time for which application threads were stopped: 0.0001520 seconds
2015-04-04T05:15:04.885-0100: 17435.337: Total time for which application threads were stopped: 0.0001890 seconds
2015-04-04T05:15:04.895-0100: 17435.347: Total time for which application threads were stopped: 0.0001680 seconds
2015-04-04T05:15:04.977-0100: 17435.430: Total time for which application threads were stopped: 0.0016560 seconds
2015-04-04T05:15:09.902-0100: 17440.354: Total time for which application threads were stopped: 0.0016810 seconds
2015-04-04T05:15:09.906-0100: 17440.359: Total time for which application threads were stopped: 0.0001800 seconds
2015-04-04T05:15:54.805-0100: 17485.257: Total time for which application threads were stopped: 0.0017870 seconds
2015-04-04T05:15:54.847-0100: 17485.300: Total time for which application threads were stopped: 0.0001460 seconds
2015-04-04T05:15:54.889-0100: 17485.341: Total time for which application threads were stopped: 0.0001440 seconds
2015-04-04T05:15:54.911-0100: 17485.363: Total time for which application threads were stopped: 0.0001480 seconds
2015-04-04T05:16:04.807-0100: 17495.259: Total time for which application threads were stopped: 0.0023000 seconds
2015-04-04T05:16:04.807-0100: 17495.259: Total time for which application threads were stopped: 0.0001960 seconds
2015-04-04T05:16:04.845-0100: 17495.297: Total time for which application threads were stopped: 0.0001600 seconds
2015-04-04T05:16:04.852-0100: 17495.304: Total time for which application threads were stopped: 0.0001470 seconds
2015-04-04T05:19:21.651-0100: 17692.103: Total time for which application threads were stopped: 0.0025170 seconds
2015-04-04T05:19:21.652-0100: 17692.104: Total time for which application threads were stopped: 0.0001270 seconds
2015-04-04T05:19:21.758-0100: 17692.210: Total time for which application threads were stopped: 0.0002090 seconds
2015-04-04T05:19:21.759-0100: 17692.211: Total time for which application threads were stopped: 0.0001280 seconds
2015-04-04T05:19:21.759-0100: 17692.211: Total time for which application threads were stopped: 0.0001080 seconds
2015-04-04T05:19:21.760-0100: 17692.212: Total time for which application threads were stopped: 0.0001540 seconds
2015-04-04T05:19:21.761-0100: 17692.213: Total time for which application threads were stopped: 0.0001580 seconds
2015-04-04T05:19:21.761-0100: 17692.213: Total time for which application threads were stopped: 0.0001250 seconds
2015-04-04T05:19:21.761-0100: 17692.214: Total time for which application threads were stopped: 0.0001140 seconds
2015-04-04T05:19:21.767-0100: 17692.219: Total time for which application threads were stopped: 0.0002160 seconds
2015-04-04T05:19:21.768-0100: 17692.220: Total time for which application threads were stopped: 0.0002280 seconds
2015-04-04T05:19:21.777-0100: 17692.229: Total time for which application threads were stopped: 0.0001570 seconds
2015-04-04T05:19:21.812-0100: 17692.264: Total time for which application threads were stopped: 0.0002340 seconds
2015-04-04T05:19:21.812-0100: 17692.265: Total time for which application threads were stopped: 0.0001550 seconds
2015-04-04T05:19:21.813-0100: 17692.265: Total time for which application threads were stopped: 0.0001640 seconds
2015-04-04T05:19:21.813-0100: 17692.265: Total time for which application threads were stopped: 0.0001390 seconds
2015-04-04T05:19:21.827-0100: 17692.279: Total time for which application threads were stopped: 0.0001480 seconds
2015-04-04T05:19:21.830-0100: 17692.283: Total time for which application threads were stopped: 0.0001390 seconds
2015-04-04T05:19:21.854-0100: 17692.306: Total time for which application threads were stopped: 0.0001540 seconds
2015-04-04T05:19:21.855-0100: 17692.307: Total time for which application threads were stopped: 0.0000880 seconds
2015-04-04T05:19:21.859-0100: 17692.311: Total time for which application threads were stopped: 0.0002060 seconds
2015-04-04T05:19:21.859-0100: 17692.311: Total time for which application threads were stopped: 0.0001580 seconds
2015-04-04T05:19:21.863-0100: 17692.316: Total time for which application threads were stopped: 0.0001300 seconds
2015-04-04T05:19:21.880-0100: 17692.332: Total time for which application threads were stopped: 0.0001840 seconds
2015-04-04T05:19:21.880-0100: 17692.333: Total time for which application threads were stopped: 0.0001530 seconds
2015-04-04T05:19:21.880-0100: 17692.333: Total time for which application threads were stopped: 0.0001200 seconds
2015-04-04T05:19:21.881-0100: 17692.333: Total time for which application threads were stopped: 0.0001450 seconds
2015-04-04T05:19:21.881-0100: 17692.333: Total time for which application threads were stopped: 0.0001420 seconds
2015-04-04T05:19:21.919-0100: 17692.372: Total time for which application threads were stopped: 0.0001840 seconds
2015-04-04T05:19:21.924-0100: 17692.377: Total time for which application threads were stopped: 0.0002140 seconds
2015-04-04T05:19:21.925-0100: 17692.377: Total time for which application threads were stopped: 0.0001520 seconds
2015-04-04T05:19:21.930-0100: 17692.382: Total time for which application threads were stopped: 0.0001470 seconds
2015-04-04T05:19:21.945-0100: 17692.398: Total time for which application threads were stopped: 0.0002460 seconds
2015-04-04T05:19:21.946-0100: 17692.398: Total time for which application threads were stopped: 0.0001540 seconds
2015-04-04T05:19:21.946-0100: 17692.398: Total time for which application threads were stopped: 0.0001510 seconds
2015-04-04T05:19:21.946-0100: 17692.398: Total time for which application threads were stopped: 0.0001200 seconds
2015-04-04T05:19:21.947-0100: 17692.399: Total time for which application threads were stopped: 0.0001400 seconds
2015-04-04T05:19:21.962-0100: 17692.414: Total time for which application threads were stopped: 0.0001600 seconds
2015-04-04T05:19:21.962-0100: 17692.414: Total time for which application threads were stopped: 0.0000790 seconds
2015-04-04T05:19:21.963-0100: 17692.415: Total time for which application threads were stopped: 0.0000850 seconds
2015-04-04T05:19:21.965-0100: 17692.417: Total time for which application threads were stopped: 0.0001090 seconds
2015-04-04T05:19:21.967-0100: 17692.419: Total time for which application threads were stopped: 0.0001090 seconds
2015-04-04T05:19:21.976-0100: 17692.428: Total time for which application threads were stopped: 0.0001280 seconds
2015-04-04T05:19:21.977-0100: 17692.429: Total time for which application threads were stopped: 0.0001220 seconds
2015-04-04T05:19:21.977-0100: 17692.430: Total time for which application threads were stopped: 0.0001040 seconds
2015-04-04T05:19:21.978-0100: 17692.431: Total time for which application threads were stopped: 0.0001510 seconds
2015-04-04T05:19:21.980-0100: 17692.432: Total time for which application threads were stopped: 0.0002130 seconds
2015-04-04T05:19:22.045-0100: 17692.497: Total time for which application threads were stopped: 0.0001750 seconds
2015-04-04T05:19:26.999-0100: 17697.451: Total time for which application threads were stopped: 0.0013480 seconds
2015-04-04T05:19:27.004-0100: 17697.456: Total time for which application threads were stopped: 0.0001750 seconds
2015-04-04T05:20:11.934-0100: 17742.386: Total time for which application threads were stopped: 0.0023940 seconds
2015-04-04T05:20:11.956-0100: 17742.408: Total time for which application threads were stopped: 0.0001630 seconds
2015-04-04T05:20:12.001-0100: 17742.453: Total time for which application threads were stopped: 0.0011140 seconds
2015-04-04T05:20:21.953-0100: 17752.406: Total time for which application threads were stopped: 0.0244180 seconds
2015-04-04T05:20:21.954-0100: 17752.406: Total time for which application threads were stopped: 0.0001430 seconds
2015-04-04T05:20:21.957-0100: 17752.409: Total time for which application threads were stopped: 0.0001510 seconds
2015-04-04T05:21:19.008-0100: 17809.460: Total time for which application threads were stopped: 0.0254640 seconds
2015-04-04T05:21:19.014-0100: 17809.467: Total time for which application threads were stopped: 0.0001640 seconds
2015-04-04T05:21:19.146-0100: 17809.599: Total time for which application threads were stopped: 0.0009930 seconds
2015-04-04T05:21:19.151-0100: 17809.603: Total time for which application threads were stopped: 0.0001640 seconds
2015-04-04T05:21:19.152-0100: 17809.604: Total time for which application threads were stopped: 0.0005100 seconds
2015-04-04T05:21:19.154-0100: 17809.606: Total time for which application threads were stopped: 0.0001770 seconds
2015-04-04T05:21:19.157-0100: 17809.610: Total time for which application threads were stopped: 0.0002100 seconds
2015-04-04T05:21:19.158-0100: 17809.610: Total time for which application threads were stopped: 0.0001540 seconds
2015-04-04T05:21:19.170-0100: 17809.623: Total time for which application threads were stopped: 0.0001630 seconds
2015-04-04T05:21:19.238-0100: 17809.691: Total time for which application threads were stopped: 0.0005150 seconds
2015-04-04T05:21:19.239-0100: 17809.691: Total time for which application threads were stopped: 0.0001990 seconds
2015-04-04T05:21:19.239-0100: 17809.692: Total time for which application threads were stopped: 0.0001760 seconds
2015-04-04T05:21:19.297-0100: 17809.750: Total time for which application threads were stopped: 0.0015200 seconds
2015-04-04T05:21:19.300-0100: 17809.752: Total time for which application threads were stopped: 0.0005890 seconds
2015-04-04T05:21:19.309-0100: 17809.761: Total time for which application threads were stopped: 0.0001760 seconds
2015-04-04T05:21:19.311-0100: 17809.763: Total time for which application threads were stopped: 0.0001640 seconds
2015-04-04T05:21:19.326-0100: 17809.778: Total time for which application threads were stopped: 0.0001680 seconds
2015-04-04T05:21:19.345-0100: 17809.798: Total time for which application threads were stopped: 0.0002560 seconds
2015-04-04T05:21:19.346-0100: 17809.798: Total time for which application threads were stopped: 0.0002350 seconds
2015-04-04T05:21:19.348-0100: 17809.800: Total time for which application threads were stopped: 0.0012910 seconds
2015-04-04T05:21:19.350-0100: 17809.802: Total time for which application threads were stopped: 0.0003810 seconds
2015-04-04T05:21:19.352-0100: 17809.804: Total time for which application threads were stopped: 0.0001850 seconds
2015-04-04T05:21:19.420-0100: 17809.872: Total time for which application threads were stopped: 0.0001800 seconds
2015-04-04T05:21:19.421-0100: 17809.873: Total time for which application threads were stopped: 0.0001640 seconds
2015-04-04T05:21:19.421-0100: 17809.873: Total time for which application threads were stopped: 0.0001430 seconds
2015-04-04T05:21:19.429-0100: 17809.881: Total time for which application threads were stopped: 0.0002320 seconds
2015-04-04T05:21:19.430-0100: 17809.882: Total time for which application threads were stopped: 0.0004540 seconds
2015-04-04T05:21:19.434-0100: 17809.887: Total time for which application threads were stopped: 0.0001650 seconds
2015-04-04T05:21:19.462-0100: 17809.914: Total time for which application threads were stopped: 0.0002510 seconds
2015-04-04T05:21:19.462-0100: 17809.915: Total time for which application threads were stopped: 0.0001410 seconds
2015-04-04T05:21:19.463-0100: 17809.915: Total time for which application threads were stopped: 0.0001420 seconds
2015-04-04T05:21:19.463-0100: 17809.915: Total time for which application threads were stopped: 0.0001460 seconds
2015-04-04T05:21:19.477-0100: 17809.929: Total time for which application threads were stopped: 0.0001720 seconds
2015-04-04T05:21:19.477-0100: 17809.929: Total time for which application threads were stopped: 0.0001180 seconds
2015-04-04T05:21:19.478-0100: 17809.930: Total time for which application threads were stopped: 0.0001670 seconds
2015-04-04T05:21:19.480-0100: 17809.933: Total time for which application threads were stopped: 0.0001610 seconds
2015-04-04T05:21:19.581-0100: 17810.034: Total time for which application threads were stopped: 0.0086240 seconds
2015-04-04T05:21:19.582-0100: 17810.034: Total time for which application threads were stopped: 0.0001630 seconds
2015-04-04T05:21:19.583-0100: 17810.035: Total time for which application threads were stopped: 0.0001850 seconds
2015-04-04T05:21:19.653-0100: 17810.106: Total time for which application threads were stopped: 0.0001840 seconds
2015-04-04T05:21:24.590-0100: 17815.042: Total time for which application threads were stopped: 0.0030050 seconds
2015-04-04T05:22:09.448-0100: 17859.900: Total time for which application threads were stopped: 0.0119880 seconds
2015-04-04T05:22:09.470-0100: 17859.923: Total time for which application threads were stopped: 0.0001440 seconds
2015-04-04T05:22:09.590-0100: 17860.042: Total time for which application threads were stopped: 0.0001480 seconds
2015-04-04T05:22:19.440-0100: 17869.892: Total time for which application threads were stopped: 0.0018870 seconds
2015-04-04T05:22:19.440-0100: 17869.893: Total time for which application threads were stopped: 0.0001300 seconds
2015-04-04T05:22:19.468-0100: 17869.920: Total time for which application threads were stopped: 0.0001490 seconds
2015-04-04T05:22:19.473-0100: 17869.926: Total time for which application threads were stopped: 0.0001610 seconds
2015-04-04T05:23:14.262-0100: 17924.714: Total time for which application threads were stopped: 0.0124720 seconds
2015-04-04T05:23:14.264-0100: 17924.717: Total time for which application threads were stopped: 0.0001600 seconds
2015-04-04T05:23:14.370-0100: 17924.822: Total time for which application threads were stopped: 0.0003150 seconds
2015-04-04T05:23:14.371-0100: 17924.823: Total time for which application threads were stopped: 0.0001700 seconds
2015-04-04T05:23:14.372-0100: 17924.824: Total time for which application threads were stopped: 0.0001460 seconds
2015-04-04T05:23:14.372-0100: 17924.824: Total time for which application threads were stopped: 0.0001340 seconds
2015-04-04T05:23:14.382-0100: 17924.835: Total time for which application threads were stopped: 0.0010540 seconds
2015-04-04T05:23:14.385-0100: 17924.837: Total time for which application threads were stopped: 0.0004810 seconds
2015-04-04T05:23:14.462-0100: 17924.915: Total time for which application threads were stopped: 0.0003760 seconds
2015-04-04T05:23:14.463-0100: 17924.915: Total time for which application threads were stopped: 0.0001780 seconds
2015-04-04T05:23:14.463-0100: 17924.915: Total time for which application threads were stopped: 0.0001910 seconds
2015-04-04T05:23:14.465-0100: 17924.917: Total time for which application threads were stopped: 0.0002190 seconds
2015-04-04T05:23:14.509-0100: 17924.961: Total time for which application threads were stopped: 0.0002280 seconds
2015-04-04T05:23:14.509-0100: 17924.962: Total time for which application threads were stopped: 0.0001080 seconds
2015-04-04T05:23:14.510-0100: 17924.962: Total time for which application threads were stopped: 0.0000900 seconds
2015-04-04T05:23:14.510-0100: 17924.962: Total time for which application threads were stopped: 0.0000590 seconds
2015-04-04T05:23:14.551-0100: 17925.003: Total time for which application threads were stopped: 0.0002330 seconds
2015-04-04T05:23:14.623-0100: 17925.076: Total time for which application threads were stopped: 0.0002080 seconds
2015-04-04T05:23:14.627-0100: 17925.080: Total time for which application threads were stopped: 0.0002600 seconds
2015-04-04T05:23:14.628-0100: 17925.080: Total time for which application threads were stopped: 0.0002390 seconds
2015-04-04T05:23:14.633-0100: 17925.085: Total time for which application threads were stopped: 0.0001330 seconds
2015-04-04T05:23:14.633-0100: 17925.085: Total time for which application threads were stopped: 0.0000920 seconds
2015-04-04T05:23:14.649-0100: 17925.102: Total time for which application threads were stopped: 0.0006140 seconds
2015-04-04T05:23:14.651-0100: 17925.103: Total time for which application threads were stopped: 0.0010930 seconds
2015-04-04T05:23:14.652-0100: 17925.104: Total time for which application threads were stopped: 0.0006780 seconds
2015-04-04T05:23:14.653-0100: 17925.105: Total time for which application threads were stopped: 0.0006710 seconds
2015-04-04T05:23:14.685-0100: 17925.138: Total time for which application threads were stopped: 0.0002100 seconds
2015-04-04T05:23:14.686-0100: 17925.138: Total time for which application threads were stopped: 0.0001180 seconds
2015-04-04T05:23:14.713-0100: 17925.165: Total time for which application threads were stopped: 0.0001800 seconds
2015-04-04T05:23:14.714-0100: 17925.166: Total time for which application threads were stopped: 0.0001460 seconds
2015-04-04T05:23:14.715-0100: 17925.167: Total time for which application threads were stopped: 0.0007590 seconds
2015-04-04T05:23:14.716-0100: 17925.168: Total time for which application threads were stopped: 0.0001510 seconds
2015-04-04T05:23:14.720-0100: 17925.172: Total time for which application threads were stopped: 0.0002040 seconds
2015-04-04T05:23:14.747-0100: 17925.199: Total time for which application threads were stopped: 0.0002250 seconds
2015-04-04T05:23:14.748-0100: 17925.200: Total time for which application threads were stopped: 0.0004580 seconds
2015-04-04T05:23:14.781-0100: 17925.233: Total time for which application threads were stopped: 0.0139580 seconds
2015-04-04T05:23:14.881-0100: 17925.333: Total time for which application threads were stopped: 0.0003790 seconds
2015-04-04T05:23:19.789-0100: 17930.241: Total time for which application threads were stopped: 0.0025410 seconds
2015-04-04T05:23:19.803-0100: 17930.256: Total time for which application threads were stopped: 0.0004260 seconds
2015-04-04T05:24:04.635-0100: 17975.087: Total time for which application threads were stopped: 0.0038130 seconds
2015-04-04T05:24:04.671-0100: 17975.123: Total time for which application threads were stopped: 0.0052790 seconds
2015-04-04T05:24:25.764-0100: 17996.216: Total time for which application threads were stopped: 0.0191490 seconds
2015-04-04T05:24:25.765-0100: 17996.217: Total time for which application threads were stopped: 0.0001840 seconds
2015-04-04T05:24:25.812-0100: 17996.265: Total time for which application threads were stopped: 0.0001300 seconds
2015-04-04T05:24:25.834-0100: 17996.286: Total time for which application threads were stopped: 0.0001450 seconds
2015-04-04T05:24:25.834-0100: 17996.286: Total time for which application threads were stopped: 0.0001250 seconds
2015-04-04T05:24:25.837-0100: 17996.289: Total time for which application threads were stopped: 0.0006890 seconds
2015-04-04T05:24:25.837-0100: 17996.289: Total time for which application threads were stopped: 0.0001620 seconds
2015-04-04T05:24:25.838-0100: 17996.290: Total time for which application threads were stopped: 0.0002890 seconds
2015-04-04T05:24:25.839-0100: 17996.291: Total time for which application threads were stopped: 0.0002170 seconds
2015-04-04T05:24:25.842-0100: 17996.294: Total time for which application threads were stopped: 0.0002200 seconds
2015-04-04T05:24:25.842-0100: 17996.295: Total time for which application threads were stopped: 0.0001530 seconds
2015-04-04T05:24:25.856-0100: 17996.308: Total time for which application threads were stopped: 0.0001810 seconds
{Heap before GC invocations=20 (full 0):
 par new generation   total 109248K, used 96333K [0x00000007dae00000, 0x00000007e2e00000, 0x00000007e2e00000)
  eden space 87424K, 100% used [0x00000007dae00000, 0x00000007e0360000, 0x00000007e0360000)
  from space 21824K,  40% used [0x00000007e0360000, 0x00000007e0c135c0, 0x00000007e18b0000)
  to   space 21824K,   0% used [0x00000007e18b0000, 0x00000007e18b0000, 0x00000007e2e00000)
 concurrent mark-sweep generation total 393216K, used 13592K [0x00000007e2e00000, 0x00000007fae00000, 0x00000007fae00000)
 concurrent-mark-sweep perm gen total 33920K, used 33871K [0x00000007fae00000, 0x00000007fcf20000, 0x0000000800000000)
2015-04-04T05:24:25.877-0100: 17996.330: [GC2015-04-04T05:24:25.878-0100: 17996.331: [ParNew
Desired survivor size 20112992 bytes, new threshold 8 (max 8)
- age   1:    1938368 bytes,    1938368 total
- age   2:     386632 bytes,    2325000 total
- age   3:     840136 bytes,    3165136 total
- age   4:     400152 bytes,    3565288 total
- age   5:      90136 bytes,    3655424 total
- age   6:      66560 bytes,    3721984 total
- age   7:     433368 bytes,    4155352 total
- age   8:    3006016 bytes,    7161368 total
: 96333K->8689K(109248K), 0.1225110 secs] 109925K->22356K(502464K), 0.1235660 secs] [Times: user=0.04 sys=0.11, real=0.13 secs] 
Heap after GC invocations=21 (full 0):
 par new generation   total 109248K, used 8689K [0x00000007dae00000, 0x00000007e2e00000, 0x00000007e2e00000)
  eden space 87424K,   0% used [0x00000007dae00000, 0x00000007dae00000, 0x00000007e0360000)
  from space 21824K,  39% used [0x00000007e18b0000, 0x00000007e212c730, 0x00000007e2e00000)
  to   space 21824K,   0% used [0x00000007e0360000, 0x00000007e0360000, 0x00000007e18b0000)
 concurrent mark-sweep generation total 393216K, used 13666K [0x00000007e2e00000, 0x00000007fae00000, 0x00000007fae00000)
 concurrent-mark-sweep perm gen total 33920K, used 33871K [0x00000007fae00000, 0x00000007fcf20000, 0x0000000800000000)
}
2015-04-04T05:24:26.001-0100: 17996.454: Total time for which application threads were stopped: 0.1278910 seconds
2015-04-04T05:24:26.004-0100: 17996.457: Total time for which application threads were stopped: 0.0001880 seconds
2015-04-04T05:24:26.005-0100: 17996.457: Total time for which application threads were stopped: 0.0001170 seconds
2015-04-04T05:24:26.005-0100: 17996.457: Total time for which application threads were stopped: 0.0000910 seconds
2015-04-04T05:24:26.005-0100: 17996.457: Total time for which application threads were stopped: 0.0002280 seconds
2015-04-04T05:24:26.007-0100: 17996.459: Total time for which application threads were stopped: 0.0002430 seconds
2015-04-04T05:24:26.008-0100: 17996.461: Total time for which application threads were stopped: 0.0001040 seconds
2015-04-04T05:24:26.049-0100: 17996.501: Total time for which application threads were stopped: 0.0002130 seconds
2015-04-04T05:24:26.049-0100: 17996.502: Total time for which application threads were stopped: 0.0001500 seconds
2015-04-04T05:24:26.050-0100: 17996.502: Total time for which application threads were stopped: 0.0000860 seconds
2015-04-04T05:24:26.053-0100: 17996.505: Total time for which application threads were stopped: 0.0002230 seconds
2015-04-04T05:24:26.053-0100: 17996.506: Total time for which application threads were stopped: 0.0001780 seconds
2015-04-04T05:24:26.063-0100: 17996.516: Total time for which application threads were stopped: 0.0001480 seconds
2015-04-04T05:24:26.080-0100: 17996.532: Total time for which application threads were stopped: 0.0001510 seconds
2015-04-04T05:24:26.081-0100: 17996.533: Total time for which application threads were stopped: 0.0002270 seconds
2015-04-04T05:24:26.083-0100: 17996.535: Total time for which application threads were stopped: 0.0001750 seconds
2015-04-04T05:24:26.083-0100: 17996.535: Total time for which application threads were stopped: 0.0003420 seconds
2015-04-04T05:24:26.126-0100: 17996.579: Total time for which application threads were stopped: 0.0007080 seconds
2015-04-04T05:24:26.129-0100: 17996.582: Total time for which application threads were stopped: 0.0009760 seconds
2015-04-04T05:24:26.133-0100: 17996.585: Total time for which application threads were stopped: 0.0001230 seconds
2015-04-04T05:24:26.133-0100: 17996.585: Total time for which application threads were stopped: 0.0000900 seconds
2015-04-04T05:24:26.146-0100: 17996.598: Total time for which application threads were stopped: 0.0003950 seconds
2015-04-04T05:24:26.159-0100: 17996.612: Total time for which application threads were stopped: 0.0001570 seconds
2015-04-04T05:24:26.160-0100: 17996.612: Total time for which application threads were stopped: 0.0001940 seconds
2015-04-04T05:24:26.160-0100: 17996.612: Total time for which application threads were stopped: 0.0001360 seconds
2015-04-04T05:24:26.160-0100: 17996.612: Total time for which application threads were stopped: 0.0001240 seconds
2015-04-04T05:24:26.172-0100: 17996.624: Total time for which application threads were stopped: 0.0004470 seconds
2015-04-04T05:24:26.172-0100: 17996.624: Total time for which application threads were stopped: 0.0001740 seconds
2015-04-04T05:24:26.173-0100: 17996.625: Total time for which application threads were stopped: 0.0001600 seconds
2015-04-04T05:24:26.175-0100: 17996.627: Total time for which application threads were stopped: 0.0001740 seconds
2015-04-04T05:24:26.200-0100: 17996.652: Total time for which application threads were stopped: 0.0002280 seconds
2015-04-04T05:24:26.206-0100: 17996.658: Total time for which application threads were stopped: 0.0001800 seconds
2015-04-04T05:24:26.206-0100: 17996.658: Total time for which application threads were stopped: 0.0001480 seconds
2015-04-04T05:24:26.221-0100: 17996.673: Total time for which application threads were stopped: 0.0001810 seconds
2015-04-04T05:24:26.250-0100: 17996.702: Total time for which application threads were stopped: 0.0026950 seconds
2015-04-04T05:24:26.307-0100: 17996.759: Total time for which application threads were stopped: 0.0001850 seconds
2015-04-04T05:24:31.247-0100: 18001.700: Total time for which application threads were stopped: 0.0014160 seconds
2015-04-04T05:24:31.259-0100: 18001.711: Total time for which application threads were stopped: 0.0001990 seconds
2015-04-04T05:24:52.666-0100: 18023.118: Total time for which application threads were stopped: 0.0025910 seconds
2015-04-04T05:24:52.666-0100: 18023.118: Total time for which application threads were stopped: 0.0001340 seconds
2015-04-04T05:24:52.689-0100: 18023.141: Total time for which application threads were stopped: 0.0002920 seconds
2015-04-04T05:24:52.697-0100: 18023.149: Total time for which application threads were stopped: 0.0001940 seconds
2015-04-04T05:24:52.697-0100: 18023.150: Total time for which application threads were stopped: 0.0001290 seconds
2015-04-04T05:24:52.719-0100: 18023.171: Total time for which application threads were stopped: 0.0001990 seconds
2015-04-04T05:24:52.719-0100: 18023.172: Total time for which application threads were stopped: 0.0001590 seconds
2015-04-04T05:24:52.720-0100: 18023.172: Total time for which application threads were stopped: 0.0001610 seconds
2015-04-04T05:24:52.779-0100: 18023.231: Total time for which application threads were stopped: 0.0003660 seconds
2015-04-04T05:24:52.783-0100: 18023.235: Total time for which application threads were stopped: 0.0001820 seconds
2015-04-04T05:24:52.783-0100: 18023.236: Total time for which application threads were stopped: 0.0002090 seconds
2015-04-04T05:24:52.789-0100: 18023.241: Total time for which application threads were stopped: 0.0001620 seconds
2015-04-04T05:24:52.789-0100: 18023.241: Total time for which application threads were stopped: 0.0001330 seconds
2015-04-04T05:24:52.812-0100: 18023.264: Total time for which application threads were stopped: 0.0002010 seconds
2015-04-04T05:24:52.812-0100: 18023.264: Total time for which application threads were stopped: 0.0004430 seconds
2015-04-04T05:24:52.812-0100: 18023.265: Total time for which application threads were stopped: 0.0001240 seconds
2015-04-04T05:24:52.813-0100: 18023.265: Total time for which application threads were stopped: 0.0001580 seconds
2015-04-04T05:24:52.875-0100: 18023.327: Total time for which application threads were stopped: 0.0002840 seconds
2015-04-04T05:24:52.879-0100: 18023.332: Total time for which application threads were stopped: 0.0003370 seconds
2015-04-04T05:24:52.880-0100: 18023.332: Total time for which application threads were stopped: 0.0001370 seconds
2015-04-04T05:24:52.885-0100: 18023.337: Total time for which application threads were stopped: 0.0001820 seconds
2015-04-04T05:24:52.900-0100: 18023.352: Total time for which application threads were stopped: 0.0001620 seconds
2015-04-04T05:24:52.900-0100: 18023.352: Total time for which application threads were stopped: 0.0001780 seconds
2015-04-04T05:24:52.900-0100: 18023.353: Total time for which application threads were stopped: 0.0001250 seconds
2015-04-04T05:24:52.932-0100: 18023.384: Total time for which application threads were stopped: 0.0001650 seconds
2015-04-04T05:24:52.986-0100: 18023.438: Total time for which application threads were stopped: 0.0001720 seconds
2015-04-04T05:24:52.988-0100: 18023.440: Total time for which application threads were stopped: 0.0001910 seconds
2015-04-04T05:24:53.000-0100: 18023.452: Total time for which application threads were stopped: 0.0001590 seconds
2015-04-04T05:24:53.003-0100: 18023.455: Total time for which application threads were stopped: 0.0004640 seconds
2015-04-04T05:24:53.014-0100: 18023.466: Total time for which application threads were stopped: 0.0001680 seconds
2015-04-04T05:24:53.085-0100: 18023.537: Total time for which application threads were stopped: 0.0001800 seconds
2015-04-04T05:24:58.029-0100: 18028.481: Total time for which application threads were stopped: 0.0015830 seconds
2015-04-04T05:25:23.038-0100: 18053.491: Total time for which application threads were stopped: 0.0100300 seconds
2015-04-04T05:25:23.039-0100: 18053.491: Total time for which application threads were stopped: 0.0001270 seconds
2015-04-04T05:25:23.069-0100: 18053.521: Total time for which application threads were stopped: 0.0003430 seconds
2015-04-04T05:25:23.069-0100: 18053.521: Total time for which application threads were stopped: 0.0001400 seconds
2015-04-04T05:25:23.074-0100: 18053.526: Total time for which application threads were stopped: 0.0002050 seconds
2015-04-04T05:25:23.074-0100: 18053.526: Total time for which application threads were stopped: 0.0001320 seconds
2015-04-04T05:25:23.107-0100: 18053.559: Total time for which application threads were stopped: 0.0001530 seconds
2015-04-04T05:25:23.107-0100: 18053.559: Total time for which application threads were stopped: 0.0001260 seconds
2015-04-04T05:25:23.107-0100: 18053.560: Total time for which application threads were stopped: 0.0001210 seconds
2015-04-04T05:25:23.108-0100: 18053.560: Total time for which application threads were stopped: 0.0001800 seconds
2015-04-04T05:25:23.162-0100: 18053.614: Total time for which application threads were stopped: 0.0005680 seconds
2015-04-04T05:25:23.193-0100: 18053.646: Total time for which application threads were stopped: 0.0002730 seconds
2015-04-04T05:25:23.233-0100: 18053.685: Total time for which application threads were stopped: 0.0002280 seconds
2015-04-04T05:25:23.260-0100: 18053.712: Total time for which application threads were stopped: 0.0001760 seconds
2015-04-04T05:25:23.274-0100: 18053.726: Total time for which application threads were stopped: 0.0001590 seconds
2015-04-04T05:25:23.290-0100: 18053.742: Total time for which application threads were stopped: 0.0002240 seconds
2015-04-04T05:25:23.292-0100: 18053.744: Total time for which application threads were stopped: 0.0002870 seconds
2015-04-04T05:25:23.431-0100: 18053.883: Total time for which application threads were stopped: 0.0002040 seconds
2015-04-04T05:25:28.366-0100: 18058.818: Total time for which application threads were stopped: 0.0043190 seconds
2015-04-04T05:25:45.380-0100: 18075.832: Total time for which application threads were stopped: 0.0114420 seconds
2015-04-04T05:25:45.380-0100: 18075.832: Total time for which application threads were stopped: 0.0001320 seconds
2015-04-04T05:25:45.400-0100: 18075.852: Total time for which application threads were stopped: 0.0001490 seconds
2015-04-04T05:25:45.405-0100: 18075.858: Total time for which application threads were stopped: 0.0002280 seconds
2015-04-04T05:25:45.406-0100: 18075.858: Total time for which application threads were stopped: 0.0005600 seconds
2015-04-04T05:25:45.427-0100: 18075.879: Total time for which application threads were stopped: 0.0001800 seconds
2015-04-04T05:25:45.427-0100: 18075.880: Total time for which application threads were stopped: 0.0001320 seconds
2015-04-04T05:25:45.428-0100: 18075.880: Total time for which application threads were stopped: 0.0001450 seconds
2015-04-04T05:25:45.428-0100: 18075.880: Total time for which application threads were stopped: 0.0001300 seconds
2015-04-04T05:25:45.477-0100: 18075.930: Total time for which application threads were stopped: 0.0001840 seconds
2015-04-04T05:25:45.482-0100: 18075.934: Total time for which application threads were stopped: 0.0002220 seconds
2015-04-04T05:25:45.482-0100: 18075.934: Total time for which application threads were stopped: 0.0001840 seconds
2015-04-04T05:25:45.487-0100: 18075.940: Total time for which application threads were stopped: 0.0001820 seconds
2015-04-04T05:25:45.488-0100: 18075.940: Total time for which application threads were stopped: 0.0001080 seconds
2015-04-04T05:25:45.502-0100: 18075.954: Total time for which application threads were stopped: 0.0001990 seconds
2015-04-04T05:25:45.502-0100: 18075.955: Total time for which application threads were stopped: 0.0001610 seconds
2015-04-04T05:25:45.503-0100: 18075.955: Total time for which application threads were stopped: 0.0001260 seconds
2015-04-04T05:25:45.549-0100: 18076.001: Total time for which application threads were stopped: 0.0001890 seconds
2015-04-04T05:25:45.557-0100: 18076.009: Total time for which application threads were stopped: 0.0002620 seconds
2015-04-04T05:25:45.557-0100: 18076.009: Total time for which application threads were stopped: 0.0001530 seconds
2015-04-04T05:25:45.561-0100: 18076.013: Total time for which application threads were stopped: 0.0001390 seconds
2015-04-04T05:25:45.580-0100: 18076.033: Total time for which application threads were stopped: 0.0001910 seconds
2015-04-04T05:25:45.580-0100: 18076.033: Total time for which application threads were stopped: 0.0001460 seconds
2015-04-04T05:25:45.581-0100: 18076.033: Total time for which application threads were stopped: 0.0001680 seconds
2015-04-04T05:25:45.617-0100: 18076.070: Total time for which application threads were stopped: 0.0002520 seconds
2015-04-04T05:25:45.619-0100: 18076.072: Total time for which application threads were stopped: 0.0001890 seconds
2015-04-04T05:25:45.634-0100: 18076.086: Total time for which application threads were stopped: 0.0003840 seconds
2015-04-04T05:25:45.649-0100: 18076.101: Total time for which application threads were stopped: 0.0002070 seconds
2015-04-04T05:25:45.665-0100: 18076.117: Total time for which application threads were stopped: 0.0001450 seconds
2015-04-04T05:25:45.748-0100: 18076.200: Total time for which application threads were stopped: 0.0001920 seconds
2015-04-04T05:25:50.698-0100: 18081.151: Total time for which application threads were stopped: 0.0015510 seconds
2015-04-04T05:26:13.316-0100: 18103.768: Total time for which application threads were stopped: 0.0214310 seconds
2015-04-04T05:26:29.693-0100: 18120.145: Total time for which application threads were stopped: 0.0171950 seconds
2015-04-04T05:26:29.693-0100: 18120.145: Total time for which application threads were stopped: 0.0001340 seconds
2015-04-04T05:26:29.719-0100: 18120.172: Total time for which application threads were stopped: 0.0001610 seconds
2015-04-04T05:26:29.724-0100: 18120.176: Total time for which application threads were stopped: 0.0001770 seconds
2015-04-04T05:26:29.724-0100: 18120.176: Total time for which application threads were stopped: 0.0001620 seconds
2015-04-04T05:26:29.742-0100: 18120.194: Total time for which application threads were stopped: 0.0001480 seconds
2015-04-04T05:26:29.742-0100: 18120.194: Total time for which application threads were stopped: 0.0000880 seconds
2015-04-04T05:26:29.742-0100: 18120.195: Total time for which application threads were stopped: 0.0000750 seconds
2015-04-04T05:26:29.742-0100: 18120.195: Total time for which application threads were stopped: 0.0000660 seconds
2015-04-04T05:26:29.812-0100: 18120.264: Total time for which application threads were stopped: 0.0001930 seconds
2015-04-04T05:26:29.816-0100: 18120.268: Total time for which application threads were stopped: 0.0001960 seconds
2015-04-04T05:26:29.817-0100: 18120.269: Total time for which application threads were stopped: 0.0001670 seconds
2015-04-04T05:26:29.821-0100: 18120.274: Total time for which application threads were stopped: 0.0001670 seconds
2015-04-04T05:26:29.837-0100: 18120.289: Total time for which application threads were stopped: 0.0001730 seconds
2015-04-04T05:26:29.837-0100: 18120.289: Total time for which application threads were stopped: 0.0001380 seconds
2015-04-04T05:26:29.837-0100: 18120.289: Total time for which application threads were stopped: 0.0001340 seconds
2015-04-04T05:26:29.837-0100: 18120.290: Total time for which application threads were stopped: 0.0001100 seconds
2015-04-04T05:26:29.875-0100: 18120.328: Total time for which application threads were stopped: 0.0001770 seconds
2015-04-04T05:26:29.881-0100: 18120.334: Total time for which application threads were stopped: 0.0001840 seconds
2015-04-04T05:26:29.883-0100: 18120.335: Total time for which application threads were stopped: 0.0004380 seconds
2015-04-04T05:26:29.896-0100: 18120.348: Total time for which application threads were stopped: 0.0001880 seconds
2015-04-04T05:26:29.912-0100: 18120.365: Total time for which application threads were stopped: 0.0001720 seconds
2015-04-04T05:26:29.913-0100: 18120.365: Total time for which application threads were stopped: 0.0001270 seconds
2015-04-04T05:26:29.913-0100: 18120.365: Total time for which application threads were stopped: 0.0001050 seconds
2015-04-04T05:26:29.913-0100: 18120.365: Total time for which application threads were stopped: 0.0001240 seconds
2015-04-04T05:26:29.976-0100: 18120.428: Total time for which application threads were stopped: 0.0001650 seconds
2015-04-04T05:26:30.010-0100: 18120.462: Total time for which application threads were stopped: 0.0001450 seconds
2015-04-04T05:26:30.140-0100: 18120.592: Total time for which application threads were stopped: 0.0003980 seconds
2015-04-04T05:26:35.092-0100: 18125.544: Total time for which application threads were stopped: 0.0076980 seconds
2015-04-04T05:26:38.747-0100: 18129.199: Total time for which application threads were stopped: 0.0166920 seconds
2015-04-04T05:26:38.747-0100: 18129.200: Total time for which application threads were stopped: 0.0001290 seconds
2015-04-04T05:26:38.774-0100: 18129.226: Total time for which application threads were stopped: 0.0002150 seconds
2015-04-04T05:26:38.779-0100: 18129.231: Total time for which application threads were stopped: 0.0002370 seconds
2015-04-04T05:26:38.779-0100: 18129.232: Total time for which application threads were stopped: 0.0002100 seconds
2015-04-04T05:26:38.784-0100: 18129.236: Total time for which application threads were stopped: 0.0001380 seconds
2015-04-04T05:26:38.810-0100: 18129.262: Total time for which application threads were stopped: 0.0001780 seconds
2015-04-04T05:26:38.810-0100: 18129.262: Total time for which application threads were stopped: 0.0001110 seconds
2015-04-04T05:26:38.810-0100: 18129.263: Total time for which application threads were stopped: 0.0000840 seconds
2015-04-04T05:26:38.811-0100: 18129.263: Total time for which application threads were stopped: 0.0001140 seconds
2015-04-04T05:26:38.860-0100: 18129.312: Total time for which application threads were stopped: 0.0001710 seconds
2015-04-04T05:26:38.864-0100: 18129.316: Total time for which application threads were stopped: 0.0001940 seconds
2015-04-04T05:26:38.865-0100: 18129.317: Total time for which application threads were stopped: 0.0002040 seconds
2015-04-04T05:26:38.886-0100: 18129.339: Total time for which application threads were stopped: 0.0001920 seconds
2015-04-04T05:26:38.887-0100: 18129.339: Total time for which application threads were stopped: 0.0001560 seconds
2015-04-04T05:26:38.887-0100: 18129.339: Total time for which application threads were stopped: 0.0001610 seconds
2015-04-04T05:26:38.887-0100: 18129.340: Total time for which application threads were stopped: 0.0001200 seconds
2015-04-04T05:26:38.929-0100: 18129.381: Total time for which application threads were stopped: 0.0002360 seconds
2015-04-04T05:26:38.933-0100: 18129.386: Total time for which application threads were stopped: 0.0002090 seconds
2015-04-04T05:26:38.934-0100: 18129.386: Total time for which application threads were stopped: 0.0001670 seconds
2015-04-04T05:26:38.939-0100: 18129.391: Total time for which application threads were stopped: 0.0001880 seconds
2015-04-04T05:26:38.939-0100: 18129.391: Total time for which application threads were stopped: 0.0001410 seconds
2015-04-04T05:26:38.954-0100: 18129.406: Total time for which application threads were stopped: 0.0001920 seconds
2015-04-04T05:26:38.954-0100: 18129.406: Total time for which application threads were stopped: 0.0002010 seconds
2015-04-04T05:26:38.955-0100: 18129.407: Total time for which application threads were stopped: 0.0001520 seconds
2015-04-04T05:26:39.059-0100: 18129.511: Total time for which application threads were stopped: 0.0001740 seconds
2015-04-04T05:26:39.059-0100: 18129.511: Total time for which application threads were stopped: 0.0001740 seconds
2015-04-04T05:26:39.060-0100: 18129.512: Total time for which application threads were stopped: 0.0001890 seconds
2015-04-04T05:26:39.060-0100: 18129.513: Total time for which application threads were stopped: 0.0001450 seconds
2015-04-04T05:26:39.062-0100: 18129.515: Total time for which application threads were stopped: 0.0002470 seconds
2015-04-04T05:26:39.095-0100: 18129.547: Total time for which application threads were stopped: 0.0002080 seconds
2015-04-04T05:26:39.100-0100: 18129.552: Total time for which application threads were stopped: 0.0005730 seconds
2015-04-04T05:26:39.118-0100: 18129.570: Total time for which application threads were stopped: 0.0001850 seconds
2015-04-04T05:26:39.119-0100: 18129.571: Total time for which application threads were stopped: 0.0001360 seconds
2015-04-04T05:26:39.239-0100: 18129.691: Total time for which application threads were stopped: 0.0040960 seconds
2015-04-04T05:26:44.193-0100: 18134.645: Total time for which application threads were stopped: 0.0108440 seconds
2015-04-04T05:26:44.193-0100: 18134.645: Total time for which application threads were stopped: 0.0001280 seconds
2015-04-04T05:27:28.947-0100: 18179.400: Total time for which application threads were stopped: 0.0104310 seconds
2015-04-04T05:27:28.964-0100: 18179.416: Total time for which application threads were stopped: 0.0001460 seconds
2015-04-04T05:27:29.161-0100: 18179.614: Total time for which application threads were stopped: 0.0001480 seconds
2015-04-04T05:27:29.180-0100: 18179.632: Total time for which application threads were stopped: 0.0001460 seconds
2015-04-04T05:27:38.949-0100: 18189.401: Total time for which application threads were stopped: 0.0105510 seconds
2015-04-04T05:27:38.967-0100: 18189.419: Total time for which application threads were stopped: 0.0001390 seconds
2015-04-04T05:27:39.040-0100: 18189.493: Total time for which application threads were stopped: 0.0001870 seconds
2015-04-04T05:35:59.629-0100: 18690.081: Total time for which application threads were stopped: 0.0263230 seconds
2015-04-04T05:35:59.630-0100: 18690.082: Total time for which application threads were stopped: 0.0001290 seconds
2015-04-04T05:35:59.738-0100: 18690.190: Total time for which application threads were stopped: 0.0003050 seconds
2015-04-04T05:35:59.739-0100: 18690.191: Total time for which application threads were stopped: 0.0001470 seconds
2015-04-04T05:35:59.740-0100: 18690.192: Total time for which application threads were stopped: 0.0001420 seconds
2015-04-04T05:35:59.740-0100: 18690.193: Total time for which application threads were stopped: 0.0001430 seconds
2015-04-04T05:35:59.744-0100: 18690.196: Total time for which application threads were stopped: 0.0002870 seconds
2015-04-04T05:35:59.745-0100: 18690.197: Total time for which application threads were stopped: 0.0001950 seconds
2015-04-04T05:35:59.755-0100: 18690.207: Total time for which application threads were stopped: 0.0001690 seconds
2015-04-04T05:35:59.804-0100: 18690.256: Total time for which application threads were stopped: 0.0006400 seconds
2015-04-04T05:35:59.804-0100: 18690.256: Total time for which application threads were stopped: 0.0002060 seconds
2015-04-04T05:35:59.804-0100: 18690.256: Total time for which application threads were stopped: 0.0001380 seconds
2015-04-04T05:35:59.805-0100: 18690.257: Total time for which application threads were stopped: 0.0001920 seconds
2015-04-04T05:35:59.848-0100: 18690.301: Total time for which application threads were stopped: 0.0005220 seconds
2015-04-04T05:35:59.849-0100: 18690.301: Total time for which application threads were stopped: 0.0001360 seconds
2015-04-04T05:35:59.858-0100: 18690.310: Total time for which application threads were stopped: 0.0001750 seconds
2015-04-04T05:35:59.877-0100: 18690.329: Total time for which application threads were stopped: 0.0001760 seconds
2015-04-04T05:35:59.895-0100: 18690.347: Total time for which application threads were stopped: 0.0001610 seconds
2015-04-04T05:35:59.922-0100: 18690.374: Total time for which application threads were stopped: 0.0002030 seconds
2015-04-04T05:35:59.926-0100: 18690.378: Total time for which application threads were stopped: 0.0001940 seconds
2015-04-04T05:35:59.926-0100: 18690.379: Total time for which application threads were stopped: 0.0002210 seconds
2015-04-04T05:35:59.931-0100: 18690.383: Total time for which application threads were stopped: 0.0001820 seconds
2015-04-04T05:35:59.948-0100: 18690.400: Total time for which application threads were stopped: 0.0002070 seconds
2015-04-04T05:35:59.948-0100: 18690.400: Total time for which application threads were stopped: 0.0001530 seconds
2015-04-04T05:35:59.949-0100: 18690.401: Total time for which application threads were stopped: 0.0002250 seconds
2015-04-04T05:35:59.950-0100: 18690.402: Total time for which application threads were stopped: 0.0002230 seconds
2015-04-04T05:35:59.951-0100: 18690.403: Total time for which application threads were stopped: 0.0001480 seconds
2015-04-04T05:35:59.963-0100: 18690.415: Total time for which application threads were stopped: 0.0001640 seconds
2015-04-04T05:35:59.963-0100: 18690.415: Total time for which application threads were stopped: 0.0001450 seconds
2015-04-04T05:35:59.964-0100: 18690.417: Total time for which application threads were stopped: 0.0001560 seconds
2015-04-04T05:35:59.998-0100: 18690.451: Total time for which application threads were stopped: 0.0001600 seconds
2015-04-04T05:36:00.012-0100: 18690.464: Total time for which application threads were stopped: 0.0002380 seconds
2015-04-04T05:36:00.013-0100: 18690.465: Total time for which application threads were stopped: 0.0009760 seconds
2015-04-04T05:36:00.032-0100: 18690.484: Total time for which application threads were stopped: 0.0005940 seconds
2015-04-04T05:36:00.130-0100: 18690.582: Total time for which application threads were stopped: 0.0064960 seconds
2015-04-04T05:36:00.131-0100: 18690.583: Total time for which application threads were stopped: 0.0002080 seconds
2015-04-04T05:36:00.133-0100: 18690.585: Total time for which application threads were stopped: 0.0009330 seconds
2015-04-04T05:36:00.134-0100: 18690.586: Total time for which application threads were stopped: 0.0002270 seconds
2015-04-04T05:36:00.141-0100: 18690.593: Total time for which application threads were stopped: 0.0004950 seconds
2015-04-04T05:36:00.142-0100: 18690.595: Total time for which application threads were stopped: 0.0006900 seconds
2015-04-04T05:36:00.216-0100: 18690.669: Total time for which application threads were stopped: 0.0002200 seconds
2015-04-04T05:36:00.231-0100: 18690.683: Total time for which application threads were stopped: 0.0003440 seconds
2015-04-04T05:36:05.287-0100: 18695.739: Total time for which application threads were stopped: 0.0160860 seconds
2015-04-04T05:36:50.233-0100: 18740.685: Total time for which application threads were stopped: 0.0118340 seconds
2015-04-04T05:36:58.289-0100: 18748.741: Total time for which application threads were stopped: 0.0162770 seconds
2015-04-04T05:36:58.289-0100: 18748.741: Total time for which application threads were stopped: 0.0001340 seconds
2015-04-04T05:36:58.321-0100: 18748.773: Total time for which application threads were stopped: 0.0002220 seconds
2015-04-04T05:36:58.322-0100: 18748.775: Total time for which application threads were stopped: 0.0001730 seconds
2015-04-04T05:36:58.328-0100: 18748.780: Total time for which application threads were stopped: 0.0007400 seconds
2015-04-04T05:36:58.330-0100: 18748.782: Total time for which application threads were stopped: 0.0019660 seconds
2015-04-04T05:36:58.330-0100: 18748.782: Total time for which application threads were stopped: 0.0001070 seconds
2015-04-04T05:36:58.331-0100: 18748.783: Total time for which application threads were stopped: 0.0001620 seconds
2015-04-04T05:36:58.333-0100: 18748.786: Total time for which application threads were stopped: 0.0002080 seconds
2015-04-04T05:36:58.334-0100: 18748.786: Total time for which application threads were stopped: 0.0001210 seconds
2015-04-04T05:36:58.337-0100: 18748.789: Total time for which application threads were stopped: 0.0001300 seconds
2015-04-04T05:36:58.350-0100: 18748.803: Total time for which application threads were stopped: 0.0001970 seconds
2015-04-04T05:36:58.351-0100: 18748.803: Total time for which application threads were stopped: 0.0001210 seconds
2015-04-04T05:36:58.351-0100: 18748.803: Total time for which application threads were stopped: 0.0000990 seconds
2015-04-04T05:36:58.351-0100: 18748.803: Total time for which application threads were stopped: 0.0001280 seconds
2015-04-04T05:36:58.367-0100: 18748.819: Total time for which application threads were stopped: 0.0001390 seconds
2015-04-04T05:36:58.393-0100: 18748.845: Total time for which application threads were stopped: 0.0002050 seconds
2015-04-04T05:36:58.393-0100: 18748.846: Total time for which application threads were stopped: 0.0000930 seconds
2015-04-04T05:36:58.401-0100: 18748.853: Total time for which application threads were stopped: 0.0001320 seconds
{Heap before GC invocations=21 (full 0):
 par new generation   total 109248K, used 96113K [0x00000007dae00000, 0x00000007e2e00000, 0x00000007e2e00000)
  eden space 87424K, 100% used [0x00000007dae00000, 0x00000007e0360000, 0x00000007e0360000)
  from space 21824K,  39% used [0x00000007e18b0000, 0x00000007e212c730, 0x00000007e2e00000)
  to   space 21824K,   0% used [0x00000007e0360000, 0x00000007e0360000, 0x00000007e18b0000)
 concurrent mark-sweep generation total 393216K, used 13666K [0x00000007e2e00000, 0x00000007fae00000, 0x00000007fae00000)
 concurrent-mark-sweep perm gen total 34112K, used 33946K [0x00000007fae00000, 0x00000007fcf50000, 0x0000000800000000)
2015-04-04T05:36:58.406-0100: 18748.859: [GC2015-04-04T05:36:58.406-0100: 18748.859: [ParNew
Desired survivor size 20112992 bytes, new threshold 8 (max 8)
- age   1:    1975088 bytes,    1975088 total
- age   2:     351384 bytes,    2326472 total
- age   3:      44160 bytes,    2370632 total
- age   4:     826112 bytes,    3196744 total
- age   5:     400152 bytes,    3596896 total
- age   6:      90136 bytes,    3687032 total
- age   7:      66560 bytes,    3753592 total
- age   8:     433336 bytes,    4186928 total
: 96113K->7284K(109248K), 0.1069970 secs] 109780K->23896K(502464K), 0.1071080 secs] [Times: user=0.05 sys=0.08, real=0.11 secs] 
Heap after GC invocations=22 (full 0):
 par new generation   total 109248K, used 7284K [0x00000007dae00000, 0x00000007e2e00000, 0x00000007e2e00000)
  eden space 87424K,   0% used [0x00000007dae00000, 0x00000007dae00000, 0x00000007e0360000)
  from space 21824K,  33% used [0x00000007e0360000, 0x00000007e0a7d090, 0x00000007e18b0000)
  to   space 21824K,   0% used [0x00000007e18b0000, 0x00000007e18b0000, 0x00000007e2e00000)
 concurrent mark-sweep generation total 393216K, used 16612K [0x00000007e2e00000, 0x00000007fae00000, 0x00000007fae00000)
 concurrent-mark-sweep perm gen total 34112K, used 33946K [0x00000007fae00000, 0x00000007fcf50000, 0x0000000800000000)
}
2015-04-04T05:36:58.514-0100: 18748.966: Total time for which application threads were stopped: 0.1073870 seconds
2015-04-04T05:36:58.533-0100: 18748.985: Total time for which application threads were stopped: 0.0004230 seconds
2015-04-04T05:36:58.539-0100: 18748.991: Total time for which application threads were stopped: 0.0001630 seconds
2015-04-04T05:36:58.539-0100: 18748.991: Total time for which application threads were stopped: 0.0001070 seconds
2015-04-04T05:36:58.539-0100: 18748.992: Total time for which application threads were stopped: 0.0001580 seconds
2015-04-04T05:36:58.572-0100: 18749.024: Total time for which application threads were stopped: 0.0007770 seconds
2015-04-04T05:36:58.578-0100: 18749.031: Total time for which application threads were stopped: 0.0002620 seconds
2015-04-04T05:36:58.579-0100: 18749.031: Total time for which application threads were stopped: 0.0003890 seconds
2015-04-04T05:36:58.586-0100: 18749.039: Total time for which application threads were stopped: 0.0001770 seconds
2015-04-04T05:36:58.607-0100: 18749.060: Total time for which application threads were stopped: 0.0004010 seconds
2015-04-04T05:36:58.611-0100: 18749.063: Total time for which application threads were stopped: 0.0001650 seconds
2015-04-04T05:36:58.611-0100: 18749.064: Total time for which application threads were stopped: 0.0001630 seconds
2015-04-04T05:36:58.612-0100: 18749.064: Total time for which application threads were stopped: 0.0003870 seconds
2015-04-04T05:36:58.633-0100: 18749.085: Total time for which application threads were stopped: 0.0001590 seconds
2015-04-04T05:36:58.634-0100: 18749.086: Total time for which application threads were stopped: 0.0001300 seconds
2015-04-04T05:36:58.634-0100: 18749.087: Total time for which application threads were stopped: 0.0003550 seconds
2015-04-04T05:36:58.635-0100: 18749.087: Total time for which application threads were stopped: 0.0001670 seconds
2015-04-04T05:36:58.636-0100: 18749.088: Total time for which application threads were stopped: 0.0001770 seconds
2015-04-04T05:36:58.636-0100: 18749.088: Total time for which application threads were stopped: 0.0001280 seconds
2015-04-04T05:36:58.638-0100: 18749.091: Total time for which application threads were stopped: 0.0001540 seconds
2015-04-04T05:36:58.666-0100: 18749.119: Total time for which application threads were stopped: 0.0001900 seconds
2015-04-04T05:36:58.714-0100: 18749.167: Total time for which application threads were stopped: 0.0002050 seconds
2015-04-04T05:36:58.729-0100: 18749.181: Total time for which application threads were stopped: 0.0002710 seconds
2015-04-04T05:36:58.729-0100: 18749.181: Total time for which application threads were stopped: 0.0001690 seconds
2015-04-04T05:36:58.733-0100: 18749.185: Total time for which application threads were stopped: 0.0001880 seconds
2015-04-04T05:36:58.745-0100: 18749.197: Total time for which application threads were stopped: 0.0025210 seconds
2015-04-04T05:36:58.747-0100: 18749.200: Total time for which application threads were stopped: 0.0013370 seconds
2015-04-04T05:36:58.894-0100: 18749.346: Total time for which application threads were stopped: 0.0037470 seconds
2015-04-04T05:37:03.859-0100: 18754.311: Total time for which application threads were stopped: 0.0101630 seconds
2015-04-04T05:37:24.942-0100: 18775.394: Total time for which application threads were stopped: 0.0052110 seconds
2015-04-04T05:37:24.942-0100: 18775.395: Total time for which application threads were stopped: 0.0004270 seconds
2015-04-04T05:37:24.961-0100: 18775.413: Total time for which application threads were stopped: 0.0001440 seconds
2015-04-04T05:37:24.961-0100: 18775.414: Total time for which application threads were stopped: 0.0000930 seconds
2015-04-04T05:37:24.965-0100: 18775.417: Total time for which application threads were stopped: 0.0001790 seconds
2015-04-04T05:37:24.965-0100: 18775.418: Total time for which application threads were stopped: 0.0001080 seconds
2015-04-04T05:37:24.987-0100: 18775.439: Total time for which application threads were stopped: 0.0002370 seconds
2015-04-04T05:37:24.988-0100: 18775.440: Total time for which application threads were stopped: 0.0002030 seconds
2015-04-04T05:37:24.988-0100: 18775.441: Total time for which application threads were stopped: 0.0001500 seconds
2015-04-04T05:37:25.044-0100: 18775.496: Total time for which application threads were stopped: 0.0004360 seconds
2015-04-04T05:37:25.048-0100: 18775.500: Total time for which application threads were stopped: 0.0002060 seconds
2015-04-04T05:37:25.048-0100: 18775.500: Total time for which application threads were stopped: 0.0001360 seconds
2015-04-04T05:37:25.068-0100: 18775.520: Total time for which application threads were stopped: 0.0001760 seconds
2015-04-04T05:37:25.068-0100: 18775.520: Total time for which application threads were stopped: 0.0001160 seconds
2015-04-04T05:37:25.068-0100: 18775.520: Total time for which application threads were stopped: 0.0000840 seconds
2015-04-04T05:37:25.106-0100: 18775.558: Total time for which application threads were stopped: 0.0002320 seconds
2015-04-04T05:37:25.110-0100: 18775.563: Total time for which application threads were stopped: 0.0001910 seconds
2015-04-04T05:37:25.112-0100: 18775.564: Total time for which application threads were stopped: 0.0001440 seconds
2015-04-04T05:37:25.123-0100: 18775.575: Total time for which application threads were stopped: 0.0001540 seconds
2015-04-04T05:37:25.123-0100: 18775.575: Total time for which application threads were stopped: 0.0001690 seconds
2015-04-04T05:37:25.138-0100: 18775.590: Total time for which application threads were stopped: 0.0001730 seconds
2015-04-04T05:37:25.138-0100: 18775.591: Total time for which application threads were stopped: 0.0001310 seconds
2015-04-04T05:37:25.138-0100: 18775.591: Total time for which application threads were stopped: 0.0000890 seconds
2015-04-04T05:37:25.139-0100: 18775.591: Total time for which application threads were stopped: 0.0001090 seconds
2015-04-04T05:37:25.150-0100: 18775.603: Total time for which application threads were stopped: 0.0002080 seconds
2015-04-04T05:37:25.167-0100: 18775.619: Total time for which application threads were stopped: 0.0001750 seconds
2015-04-04T05:37:25.169-0100: 18775.621: Total time for which application threads were stopped: 0.0002570 seconds
2015-04-04T05:37:25.175-0100: 18775.627: Total time for which application threads were stopped: 0.0001760 seconds
2015-04-04T05:37:25.176-0100: 18775.628: Total time for which application threads were stopped: 0.0001920 seconds
2015-04-04T05:37:25.216-0100: 18775.668: Total time for which application threads were stopped: 0.0001770 seconds
2015-04-04T05:37:25.456-0100: 18775.908: Total time for which application threads were stopped: 0.0035030 seconds
2015-04-04T05:37:30.392-0100: 18780.844: Total time for which application threads were stopped: 0.0016750 seconds
2015-04-04T05:38:15.120-0100: 18825.572: Total time for which application threads were stopped: 0.0062830 seconds
2015-04-04T05:38:15.151-0100: 18825.603: Total time for which application threads were stopped: 0.0004010 seconds
2015-04-04T05:38:15.257-0100: 18825.710: Total time for which application threads were stopped: 0.0001780 seconds
2015-04-04T05:38:15.370-0100: 18825.822: Total time for which application threads were stopped: 0.0001420 seconds
2015-04-04T05:39:50.312-0100: 18920.764: Total time for which application threads were stopped: 0.0141520 seconds
2015-04-04T05:39:50.313-0100: 18920.766: Total time for which application threads were stopped: 0.0010510 seconds
2015-04-04T05:39:50.464-0100: 18920.916: Total time for which application threads were stopped: 0.0003560 seconds
2015-04-04T05:39:50.465-0100: 18920.917: Total time for which application threads were stopped: 0.0002070 seconds
2015-04-04T05:39:50.467-0100: 18920.919: Total time for which application threads were stopped: 0.0014640 seconds
2015-04-04T05:39:50.468-0100: 18920.920: Total time for which application threads were stopped: 0.0001670 seconds
2015-04-04T05:39:50.472-0100: 18920.925: Total time for which application threads were stopped: 0.0002430 seconds
2015-04-04T05:39:50.473-0100: 18920.925: Total time for which application threads were stopped: 0.0001220 seconds
2015-04-04T05:39:50.481-0100: 18920.933: Total time for which application threads were stopped: 0.0003410 seconds
2015-04-04T05:39:50.503-0100: 18920.955: Total time for which application threads were stopped: 0.0003080 seconds
2015-04-04T05:39:50.503-0100: 18920.956: Total time for which application threads were stopped: 0.0003200 seconds
2015-04-04T05:39:50.504-0100: 18920.956: Total time for which application threads were stopped: 0.0001610 seconds
2015-04-04T05:39:50.504-0100: 18920.956: Total time for which application threads were stopped: 0.0001190 seconds
2015-04-04T05:39:50.546-0100: 18920.998: Total time for which application threads were stopped: 0.0001520 seconds
2015-04-04T05:39:50.546-0100: 18920.998: Total time for which application threads were stopped: 0.0001410 seconds
2015-04-04T05:39:50.546-0100: 18920.999: Total time for which application threads were stopped: 0.0000850 seconds
2015-04-04T05:39:50.547-0100: 18920.999: Total time for which application threads were stopped: 0.0002100 seconds
2015-04-04T05:39:50.576-0100: 18921.028: Total time for which application threads were stopped: 0.0005490 seconds
2015-04-04T05:39:50.624-0100: 18921.076: Total time for which application threads were stopped: 0.0002110 seconds
2015-04-04T05:39:50.628-0100: 18921.080: Total time for which application threads were stopped: 0.0001830 seconds
2015-04-04T05:39:50.629-0100: 18921.081: Total time for which application threads were stopped: 0.0001850 seconds
2015-04-04T05:39:50.633-0100: 18921.086: Total time for which application threads were stopped: 0.0001660 seconds
2015-04-04T05:39:50.634-0100: 18921.086: Total time for which application threads were stopped: 0.0001060 seconds
2015-04-04T05:39:50.649-0100: 18921.101: Total time for which application threads were stopped: 0.0002030 seconds
2015-04-04T05:39:50.649-0100: 18921.101: Total time for which application threads were stopped: 0.0001660 seconds
2015-04-04T05:39:50.649-0100: 18921.101: Total time for which application threads were stopped: 0.0001220 seconds
2015-04-04T05:39:50.649-0100: 18921.102: Total time for which application threads were stopped: 0.0001380 seconds
2015-04-04T05:39:50.671-0100: 18921.123: Total time for which application threads were stopped: 0.0001770 seconds
2015-04-04T05:39:50.671-0100: 18921.123: Total time for which application threads were stopped: 0.0001290 seconds
2015-04-04T05:39:50.672-0100: 18921.124: Total time for which application threads were stopped: 0.0001840 seconds
2015-04-04T05:39:50.702-0100: 18921.154: Total time for which application threads were stopped: 0.0001860 seconds
2015-04-04T05:39:50.705-0100: 18921.157: Total time for which application threads were stopped: 0.0001710 seconds
2015-04-04T05:39:50.718-0100: 18921.170: Total time for which application threads were stopped: 0.0001480 seconds
2015-04-04T05:39:50.718-0100: 18921.170: Total time for which application threads were stopped: 0.0001580 seconds
2015-04-04T05:39:50.721-0100: 18921.173: Total time for which application threads were stopped: 0.0002430 seconds
2015-04-04T05:39:50.755-0100: 18921.207: Total time for which application threads were stopped: 0.0002690 seconds
2015-04-04T05:39:50.873-0100: 18921.325: Total time for which application threads were stopped: 0.0014920 seconds
2015-04-04T05:39:50.901-0100: 18921.353: Total time for which application threads were stopped: 0.0001730 seconds
2015-04-04T05:39:55.937-0100: 18926.390: Total time for which application threads were stopped: 0.0037830 seconds
2015-04-04T05:39:58.277-0100: 18928.729: Total time for which application threads were stopped: 0.0028700 seconds
2015-04-04T05:39:58.277-0100: 18928.729: Total time for which application threads were stopped: 0.0001240 seconds
2015-04-04T05:39:58.300-0100: 18928.752: Total time for which application threads were stopped: 0.0011210 seconds
2015-04-04T05:39:58.302-0100: 18928.755: Total time for which application threads were stopped: 0.0020920 seconds
2015-04-04T05:39:58.309-0100: 18928.761: Total time for which application threads were stopped: 0.0001920 seconds
2015-04-04T05:39:58.309-0100: 18928.762: Total time for which application threads were stopped: 0.0001370 seconds
2015-04-04T05:39:58.314-0100: 18928.766: Total time for which application threads were stopped: 0.0001640 seconds
2015-04-04T05:39:58.330-0100: 18928.783: Total time for which application threads were stopped: 0.0001960 seconds
2015-04-04T05:39:58.331-0100: 18928.783: Total time for which application threads were stopped: 0.0002240 seconds
2015-04-04T05:39:58.331-0100: 18928.783: Total time for which application threads were stopped: 0.0001230 seconds
2015-04-04T05:39:58.331-0100: 18928.783: Total time for which application threads were stopped: 0.0001300 seconds
2015-04-04T05:39:58.367-0100: 18928.819: Total time for which application threads were stopped: 0.0001800 seconds
2015-04-04T05:39:58.391-0100: 18928.843: Total time for which application threads were stopped: 0.0001840 seconds
2015-04-04T05:39:58.430-0100: 18928.882: Total time for which application threads were stopped: 0.0001960 seconds
2015-04-04T05:39:58.455-0100: 18928.908: Total time for which application threads were stopped: 0.0001700 seconds
2015-04-04T05:39:58.469-0100: 18928.921: Total time for which application threads were stopped: 0.0002110 seconds
2015-04-04T05:39:58.472-0100: 18928.924: Total time for which application threads were stopped: 0.0001720 seconds
2015-04-04T05:39:58.502-0100: 18928.955: Total time for which application threads were stopped: 0.0003160 seconds
2015-04-04T05:39:58.505-0100: 18928.957: Total time for which application threads were stopped: 0.0004730 seconds
2015-04-04T05:39:58.552-0100: 18929.005: Total time for which application threads were stopped: 0.0001690 seconds
2015-04-04T05:39:58.690-0100: 18929.142: Total time for which application threads were stopped: 0.0002230 seconds
2015-04-04T05:40:03.642-0100: 18934.094: Total time for which application threads were stopped: 0.0012510 seconds
2015-04-04T05:40:27.568-0100: 18958.020: Total time for which application threads were stopped: 0.0032810 seconds
2015-04-04T05:40:27.568-0100: 18958.020: Total time for which application threads were stopped: 0.0001560 seconds
2015-04-04T05:40:27.594-0100: 18958.046: Total time for which application threads were stopped: 0.0001740 seconds
2015-04-04T05:40:27.602-0100: 18958.054: Total time for which application threads were stopped: 0.0002020 seconds
2015-04-04T05:40:27.602-0100: 18958.055: Total time for which application threads were stopped: 0.0001730 seconds
2015-04-04T05:40:27.628-0100: 18958.081: Total time for which application threads were stopped: 0.0001840 seconds
2015-04-04T05:40:27.629-0100: 18958.081: Total time for which application threads were stopped: 0.0001870 seconds
2015-04-04T05:40:27.631-0100: 18958.084: Total time for which application threads were stopped: 0.0001840 seconds
2015-04-04T05:40:27.669-0100: 18958.122: Total time for which application threads were stopped: 0.0002100 seconds
2015-04-04T05:40:27.674-0100: 18958.126: Total time for which application threads were stopped: 0.0005450 seconds
2015-04-04T05:40:27.675-0100: 18958.127: Total time for which application threads were stopped: 0.0002100 seconds
2015-04-04T05:40:27.680-0100: 18958.132: Total time for which application threads were stopped: 0.0001720 seconds
2015-04-04T05:40:27.681-0100: 18958.133: Total time for which application threads were stopped: 0.0001610 seconds
2015-04-04T05:40:27.698-0100: 18958.150: Total time for which application threads were stopped: 0.0002390 seconds
2015-04-04T05:40:27.708-0100: 18958.160: Total time for which application threads were stopped: 0.0002720 seconds
2015-04-04T05:40:27.709-0100: 18958.161: Total time for which application threads were stopped: 0.0001640 seconds
2015-04-04T05:40:27.711-0100: 18958.163: Total time for which application threads were stopped: 0.0001660 seconds
2015-04-04T05:40:27.756-0100: 18958.208: Total time for which application threads were stopped: 0.0001630 seconds
2015-04-04T05:40:27.760-0100: 18958.212: Total time for which application threads were stopped: 0.0001930 seconds
2015-04-04T05:40:27.760-0100: 18958.213: Total time for which application threads were stopped: 0.0001700 seconds
2015-04-04T05:40:27.765-0100: 18958.217: Total time for which application threads were stopped: 0.0001860 seconds
2015-04-04T05:40:27.784-0100: 18958.236: Total time for which application threads were stopped: 0.0002300 seconds
2015-04-04T05:40:27.784-0100: 18958.236: Total time for which application threads were stopped: 0.0001160 seconds
2015-04-04T05:40:27.784-0100: 18958.236: Total time for which application threads were stopped: 0.0000700 seconds
2015-04-04T05:40:27.784-0100: 18958.237: Total time for which application threads were stopped: 0.0001470 seconds
2015-04-04T05:40:27.795-0100: 18958.247: Total time for which application threads were stopped: 0.0001870 seconds
2015-04-04T05:40:27.796-0100: 18958.248: Total time for which application threads were stopped: 0.0001800 seconds
2015-04-04T05:40:27.812-0100: 18958.264: Total time for which application threads were stopped: 0.0002470 seconds
2015-04-04T05:40:27.881-0100: 18958.333: Total time for which application threads were stopped: 0.0001650 seconds
2015-04-04T05:40:27.958-0100: 18958.411: Total time for which application threads were stopped: 0.0002170 seconds
2015-04-04T05:40:32.895-0100: 18963.347: Total time for which application threads were stopped: 0.0017280 seconds
2015-04-04T05:40:32.895-0100: 18963.348: Total time for which application threads were stopped: 0.0004840 seconds
2015-04-04T05:41:17.874-0100: 19008.326: Total time for which application threads were stopped: 0.0016040 seconds
2015-04-04T05:41:17.896-0100: 19008.348: Total time for which application threads were stopped: 0.0001590 seconds
2015-04-04T05:41:27.770-0100: 19018.222: Total time for which application threads were stopped: 0.0015300 seconds
2015-04-04T05:41:27.786-0100: 19018.238: Total time for which application threads were stopped: 0.0001760 seconds
2015-04-04T05:41:27.794-0100: 19018.246: Total time for which application threads were stopped: 0.0001600 seconds
2015-04-04T05:46:16.985-0100: 19307.437: Total time for which application threads were stopped: 0.0044330 seconds
2015-04-04T05:46:16.986-0100: 19307.438: Total time for which application threads were stopped: 0.0001080 seconds
2015-04-04T05:46:17.085-0100: 19307.537: Total time for which application threads were stopped: 0.0002550 seconds
2015-04-04T05:46:17.086-0100: 19307.539: Total time for which application threads were stopped: 0.0006230 seconds
2015-04-04T05:46:17.089-0100: 19307.542: Total time for which application threads were stopped: 0.0006380 seconds
2015-04-04T05:46:17.090-0100: 19307.542: Total time for which application threads were stopped: 0.0002890 seconds
2015-04-04T05:46:17.091-0100: 19307.543: Total time for which application threads were stopped: 0.0003460 seconds
2015-04-04T05:46:17.091-0100: 19307.543: Total time for which application threads were stopped: 0.0000890 seconds
2015-04-04T05:46:17.104-0100: 19307.556: Total time for which application threads were stopped: 0.0004430 seconds
2015-04-04T05:46:17.112-0100: 19307.565: Total time for which application threads were stopped: 0.0074610 seconds
2015-04-04T05:46:17.153-0100: 19307.605: Total time for which application threads were stopped: 0.0004150 seconds
2015-04-04T05:46:17.153-0100: 19307.605: Total time for which application threads were stopped: 0.0001780 seconds
2015-04-04T05:46:17.153-0100: 19307.606: Total time for which application threads were stopped: 0.0001310 seconds
2015-04-04T05:46:17.154-0100: 19307.606: Total time for which application threads were stopped: 0.0001110 seconds
2015-04-04T05:46:17.193-0100: 19307.646: Total time for which application threads were stopped: 0.0003510 seconds
2015-04-04T05:46:17.194-0100: 19307.646: Total time for which application threads were stopped: 0.0001160 seconds
2015-04-04T05:46:17.194-0100: 19307.646: Total time for which application threads were stopped: 0.0000900 seconds
2015-04-04T05:46:17.194-0100: 19307.647: Total time for which application threads were stopped: 0.0000620 seconds
2015-04-04T05:46:17.251-0100: 19307.703: Total time for which application threads were stopped: 0.0003310 seconds
2015-04-04T05:46:17.252-0100: 19307.704: Total time for which application threads were stopped: 0.0003720 seconds
2015-04-04T05:46:17.311-0100: 19307.763: Total time for which application threads were stopped: 0.0002270 seconds
2015-04-04T05:46:17.319-0100: 19307.771: Total time for which application threads were stopped: 0.0007900 seconds
2015-04-04T05:46:17.319-0100: 19307.771: Total time for which application threads were stopped: 0.0001830 seconds
2015-04-04T05:46:17.324-0100: 19307.776: Total time for which application threads were stopped: 0.0002270 seconds
2015-04-04T05:46:17.324-0100: 19307.776: Total time for which application threads were stopped: 0.0001630 seconds
2015-04-04T05:46:17.352-0100: 19307.804: Total time for which application threads were stopped: 0.0003750 seconds
2015-04-04T05:46:17.353-0100: 19307.806: Total time for which application threads were stopped: 0.0008430 seconds
2015-04-04T05:46:17.354-0100: 19307.806: Total time for which application threads were stopped: 0.0007350 seconds
2015-04-04T05:46:17.354-0100: 19307.807: Total time for which application threads were stopped: 0.0001860 seconds
2015-04-04T05:46:17.371-0100: 19307.823: Total time for which application threads were stopped: 0.0001660 seconds
2015-04-04T05:46:17.371-0100: 19307.823: Total time for which application threads were stopped: 0.0001310 seconds
2015-04-04T05:46:17.372-0100: 19307.824: Total time for which application threads were stopped: 0.0001800 seconds
2015-04-04T05:46:17.374-0100: 19307.827: Total time for which application threads were stopped: 0.0001750 seconds
2015-04-04T05:46:17.427-0100: 19307.879: Total time for which application threads were stopped: 0.0001690 seconds
2015-04-04T05:46:17.427-0100: 19307.880: Total time for which application threads were stopped: 0.0001630 seconds
2015-04-04T05:46:17.431-0100: 19307.884: Total time for which application threads were stopped: 0.0001860 seconds
2015-04-04T05:46:17.477-0100: 19307.930: Total time for which application threads were stopped: 0.0001840 seconds
2015-04-04T05:46:17.504-0100: 19307.957: Total time for which application threads were stopped: 0.0023400 seconds
2015-04-04T05:46:17.554-0100: 19308.007: Total time for which application threads were stopped: 0.0003110 seconds
2015-04-04T05:46:17.657-0100: 19308.109: Total time for which application threads were stopped: 0.0002030 seconds
2015-04-04T05:46:22.585-0100: 19313.037: Total time for which application threads were stopped: 0.0026940 seconds
2015-04-04T05:46:22.611-0100: 19313.063: Total time for which application threads were stopped: 0.0001630 seconds
2015-04-04T05:47:07.331-0100: 19357.784: Total time for which application threads were stopped: 0.0021060 seconds
2015-04-04T05:47:07.368-0100: 19357.820: Total time for which application threads were stopped: 0.0002000 seconds
2015-04-04T05:47:07.435-0100: 19357.887: Total time for which application threads were stopped: 0.0001480 seconds
2015-04-04T05:47:07.583-0100: 19358.035: Total time for which application threads were stopped: 0.0001650 seconds
2015-04-04T05:47:17.330-0100: 19367.782: Total time for which application threads were stopped: 0.0017390 seconds
2015-04-04T05:47:17.338-0100: 19367.790: Total time for which application threads were stopped: 0.0002220 seconds
2015-04-04T05:47:17.368-0100: 19367.820: Total time for which application threads were stopped: 0.0001520 seconds
2015-04-04T05:47:17.371-0100: 19367.823: Total time for which application threads were stopped: 0.0001500 seconds
{Heap before GC invocations=22 (full 0):
 par new generation   total 109248K, used 94708K [0x00000007dae00000, 0x00000007e2e00000, 0x00000007e2e00000)
  eden space 87424K, 100% used [0x00000007dae00000, 0x00000007e0360000, 0x00000007e0360000)
  from space 21824K,  33% used [0x00000007e0360000, 0x00000007e0a7d090, 0x00000007e18b0000)
  to   space 21824K,   0% used [0x00000007e18b0000, 0x00000007e18b0000, 0x00000007e2e00000)
 concurrent mark-sweep generation total 393216K, used 16612K [0x00000007e2e00000, 0x00000007fae00000, 0x00000007fae00000)
 concurrent-mark-sweep perm gen total 34112K, used 34013K [0x00000007fae00000, 0x00000007fcf50000, 0x0000000800000000)
2015-04-04T06:19:24.294-0100: 21294.746: [GC2015-04-04T06:19:24.295-0100: 21294.747: [ParNew
Desired survivor size 20112992 bytes, new threshold 8 (max 8)
- age   1:    1981320 bytes,    1981320 total
- age   2:     412912 bytes,    2394232 total
- age   3:     107504 bytes,    2501736 total
- age   4:      41360 bytes,    2543096 total
- age   5:     813152 bytes,    3356248 total
- age   6:     400152 bytes,    3756400 total
- age   7:      90136 bytes,    3846536 total
- age   8:      66560 bytes,    3913096 total
: 94708K->4038K(109248K), 0.0401640 secs] 111320K->21081K(502464K), 0.0410000 secs] [Times: user=0.03 sys=0.08, real=0.04 secs] 
Heap after GC invocations=23 (full 0):
 par new generation   total 109248K, used 4038K [0x00000007dae00000, 0x00000007e2e00000, 0x00000007e2e00000)
  eden space 87424K,   0% used [0x00000007dae00000, 0x00000007dae00000, 0x00000007e0360000)
  from space 21824K,  18% used [0x00000007e18b0000, 0x00000007e1ca1a80, 0x00000007e2e00000)
  to   space 21824K,   0% used [0x00000007e0360000, 0x00000007e0360000, 0x00000007e18b0000)
 concurrent mark-sweep generation total 393216K, used 17043K [0x00000007e2e00000, 0x00000007fae00000, 0x00000007fae00000)
 concurrent-mark-sweep perm gen total 34112K, used 34013K [0x00000007fae00000, 0x00000007fcf50000, 0x0000000800000000)
}
2015-04-04T06:19:24.335-0100: 21294.787: Total time for which application threads were stopped: 0.0596920 seconds
2015-04-04T08:43:27.403-0100: 29937.860: Total time for which application threads were stopped: 2.4180130 seconds
2015-04-04T08:43:27.418-0100: 29937.870: Total time for which application threads were stopped: 0.0001910 seconds
2015-04-04T08:43:28.127-0100: 29938.579: Total time for which application threads were stopped: 0.0839820 seconds
2015-04-04T08:43:28.145-0100: 29938.597: Total time for which application threads were stopped: 0.0067120 seconds
2015-04-04T08:43:28.160-0100: 29938.612: Total time for which application threads were stopped: 0.0004190 seconds
2015-04-04T08:43:28.160-0100: 29938.613: Total time for which application threads were stopped: 0.0002010 seconds
2015-04-04T08:43:28.173-0100: 29938.626: Total time for which application threads were stopped: 0.0004300 seconds
2015-04-04T08:43:28.174-0100: 29938.626: Total time for which application threads were stopped: 0.0001700 seconds
2015-04-04T08:43:28.208-0100: 29938.660: Total time for which application threads were stopped: 0.0002490 seconds
2015-04-04T08:43:28.338-0100: 29938.790: Total time for which application threads were stopped: 0.0015680 seconds
2015-04-04T08:43:28.339-0100: 29938.791: Total time for which application threads were stopped: 0.0004370 seconds
2015-04-04T08:43:28.339-0100: 29938.791: Total time for which application threads were stopped: 0.0002970 seconds
2015-04-04T08:43:28.343-0100: 29938.795: Total time for which application threads were stopped: 0.0003590 seconds
2015-04-04T08:43:28.431-0100: 29938.883: Total time for which application threads were stopped: 0.0002390 seconds
2015-04-04T08:43:28.516-0100: 29938.968: Total time for which application threads were stopped: 0.0016350 seconds
2015-04-04T08:43:28.566-0100: 29939.018: Total time for which application threads were stopped: 0.0306260 seconds
2015-04-04T08:43:28.720-0100: 29939.172: Total time for which application threads were stopped: 0.1435030 seconds
2015-04-04T08:43:28.726-0100: 29939.178: Total time for which application threads were stopped: 0.0008890 seconds
2015-04-04T08:43:28.731-0100: 29939.183: Total time for which application threads were stopped: 0.0007650 seconds
2015-04-04T08:43:28.788-0100: 29939.240: Total time for which application threads were stopped: 0.0001970 seconds
2015-04-04T08:43:28.805-0100: 29939.258: Total time for which application threads were stopped: 0.0002780 seconds
2015-04-04T08:43:28.806-0100: 29939.258: Total time for which application threads were stopped: 0.0002640 seconds
2015-04-04T08:43:28.806-0100: 29939.259: Total time for which application threads were stopped: 0.0003510 seconds
2015-04-04T08:43:28.807-0100: 29939.259: Total time for which application threads were stopped: 0.0001590 seconds
2015-04-04T08:43:28.819-0100: 29939.271: Total time for which application threads were stopped: 0.0001750 seconds
2015-04-04T08:43:28.874-0100: 29939.326: Total time for which application threads were stopped: 0.0001740 seconds
2015-04-04T08:43:28.903-0100: 29939.355: Total time for which application threads were stopped: 0.0003370 seconds
2015-04-04T08:43:28.903-0100: 29939.355: Total time for which application threads were stopped: 0.0001570 seconds
2015-04-04T08:43:29.001-0100: 29939.453: Total time for which application threads were stopped: 0.0001730 seconds
2015-04-04T08:43:29.001-0100: 29939.454: Total time for which application threads were stopped: 0.0006490 seconds
2015-04-04T08:43:29.003-0100: 29939.455: Total time for which application threads were stopped: 0.0001850 seconds
2015-04-04T08:43:29.005-0100: 29939.458: Total time for which application threads were stopped: 0.0002570 seconds
2015-04-04T08:43:29.008-0100: 29939.460: Total time for which application threads were stopped: 0.0002000 seconds
2015-04-04T08:43:29.019-0100: 29939.472: Total time for which application threads were stopped: 0.0002380 seconds
2015-04-04T08:43:29.020-0100: 29939.472: Total time for which application threads were stopped: 0.0002100 seconds
2015-04-04T08:43:29.021-0100: 29939.473: Total time for which application threads were stopped: 0.0002470 seconds
2015-04-04T08:43:29.024-0100: 29939.476: Total time for which application threads were stopped: 0.0002840 seconds
2015-04-04T08:43:29.032-0100: 29939.485: Total time for which application threads were stopped: 0.0001910 seconds
2015-04-04T08:43:29.076-0100: 29939.529: Total time for which application threads were stopped: 0.0002090 seconds
2015-04-04T08:43:33.652-0100: 29944.104: Total time for which application threads were stopped: 0.0173790 seconds
2015-04-04T08:43:33.652-0100: 29944.104: Total time for which application threads were stopped: 0.0001580 seconds
2015-04-04T08:43:33.697-0100: 29944.149: Total time for which application threads were stopped: 0.0003000 seconds
2015-04-04T08:43:33.701-0100: 29944.153: Total time for which application threads were stopped: 0.0003690 seconds
2015-04-04T08:43:33.703-0100: 29944.155: Total time for which application threads were stopped: 0.0012430 seconds
2015-04-04T08:43:33.867-0100: 29944.319: Total time for which application threads were stopped: 0.0002240 seconds
2015-04-04T08:43:33.867-0100: 29944.320: Total time for which application threads were stopped: 0.0001160 seconds
2015-04-04T08:43:33.868-0100: 29944.320: Total time for which application threads were stopped: 0.0001300 seconds
2015-04-04T08:43:33.868-0100: 29944.320: Total time for which application threads were stopped: 0.0001480 seconds
2015-04-04T08:43:33.941-0100: 29944.393: Total time for which application threads were stopped: 0.0001920 seconds
2015-04-04T08:43:33.959-0100: 29944.411: Total time for which application threads were stopped: 0.0002930 seconds
2015-04-04T08:43:33.960-0100: 29944.412: Total time for which application threads were stopped: 0.0001970 seconds
2015-04-04T08:43:34.047-0100: 29944.499: Total time for which application threads were stopped: 0.0139900 seconds
2015-04-04T08:43:34.050-0100: 29944.502: Total time for which application threads were stopped: 0.0001870 seconds
2015-04-04T08:43:34.050-0100: 29944.502: Total time for which application threads were stopped: 0.0001380 seconds
2015-04-04T08:43:34.050-0100: 29944.502: Total time for which application threads were stopped: 0.0001240 seconds
2015-04-04T08:43:34.052-0100: 29944.504: Total time for which application threads were stopped: 0.0011790 seconds
2015-04-04T08:43:34.052-0100: 29944.504: Total time for which application threads were stopped: 0.0001870 seconds
2015-04-04T08:43:34.086-0100: 29944.538: Total time for which application threads were stopped: 0.0002470 seconds
2015-04-04T08:43:34.091-0100: 29944.543: Total time for which application threads were stopped: 0.0018800 seconds
2015-04-04T08:43:34.108-0100: 29944.560: Total time for which application threads were stopped: 0.0003370 seconds
2015-04-04T08:43:34.175-0100: 29944.628: Total time for which application threads were stopped: 0.0273630 seconds
2015-04-04T08:43:34.176-0100: 29944.628: Total time for which application threads were stopped: 0.0001550 seconds
2015-04-04T08:43:34.374-0100: 29944.827: Total time for which application threads were stopped: 0.0001680 seconds
2015-04-04T08:43:34.394-0100: 29944.846: Total time for which application threads were stopped: 0.0002070 seconds
2015-04-04T08:43:34.461-0100: 29944.914: Total time for which application threads were stopped: 0.0001740 seconds
2015-04-04T08:43:39.596-0100: 29950.050: Total time for which application threads were stopped: 0.0801200 seconds
2015-04-04T08:44:24.564-0100: 29995.016: Total time for which application threads were stopped: 0.0895430 seconds
2015-04-04T08:44:24.565-0100: 29995.017: Total time for which application threads were stopped: 0.0002850 seconds
2015-04-04T08:44:31.024-0100: 30001.477: Total time for which application threads were stopped: 0.0412080 seconds
2015-04-04T08:44:31.026-0100: 30001.478: Total time for which application threads were stopped: 0.0009800 seconds
2015-04-04T08:44:31.229-0100: 30001.682: Total time for which application threads were stopped: 0.0004280 seconds
2015-04-04T08:44:31.237-0100: 30001.690: Total time for which application threads were stopped: 0.0020240 seconds
2015-04-04T08:44:31.239-0100: 30001.692: Total time for which application threads were stopped: 0.0014470 seconds
2015-04-04T08:44:31.240-0100: 30001.692: Total time for which application threads were stopped: 0.0001470 seconds
2015-04-04T08:44:31.245-0100: 30001.697: Total time for which application threads were stopped: 0.0044060 seconds
2015-04-04T08:44:31.248-0100: 30001.700: Total time for which application threads were stopped: 0.0018020 seconds
2015-04-04T08:44:31.289-0100: 30001.742: Total time for which application threads were stopped: 0.0010120 seconds
2015-04-04T08:44:31.291-0100: 30001.743: Total time for which application threads were stopped: 0.0012920 seconds
2015-04-04T08:44:31.353-0100: 30001.806: Total time for which application threads were stopped: 0.0001900 seconds
2015-04-04T08:44:31.410-0100: 30001.863: Total time for which application threads were stopped: 0.0038610 seconds
2015-04-04T08:44:31.412-0100: 30001.864: Total time for which application threads were stopped: 0.0014960 seconds
2015-04-04T08:44:31.413-0100: 30001.866: Total time for which application threads were stopped: 0.0014820 seconds
2015-04-04T08:44:31.414-0100: 30001.866: Total time for which application threads were stopped: 0.0002860 seconds
2015-04-04T08:44:31.532-0100: 30001.984: Total time for which application threads were stopped: 0.0246710 seconds
2015-04-04T08:44:31.539-0100: 30001.991: Total time for which application threads were stopped: 0.0011270 seconds
2015-04-04T08:44:31.543-0100: 30001.996: Total time for which application threads were stopped: 0.0009700 seconds
2015-04-04T08:44:31.545-0100: 30001.997: Total time for which application threads were stopped: 0.0011220 seconds
2015-04-04T08:44:31.646-0100: 30002.098: Total time for which application threads were stopped: 0.0002710 seconds
2015-04-04T08:44:31.647-0100: 30002.099: Total time for which application threads were stopped: 0.0001910 seconds
2015-04-04T08:44:31.726-0100: 30002.179: Total time for which application threads were stopped: 0.0002590 seconds
2015-04-04T08:44:31.728-0100: 30002.181: Total time for which application threads were stopped: 0.0011930 seconds
2015-04-04T08:44:31.729-0100: 30002.181: Total time for which application threads were stopped: 0.0001340 seconds
2015-04-04T08:44:31.731-0100: 30002.183: Total time for which application threads were stopped: 0.0006390 seconds
2015-04-04T08:44:31.777-0100: 30002.229: Total time for which application threads were stopped: 0.0002120 seconds
2015-04-04T08:44:31.891-0100: 30002.343: Total time for which application threads were stopped: 0.0001730 seconds
2015-04-04T08:44:31.895-0100: 30002.348: Total time for which application threads were stopped: 0.0010970 seconds
2015-04-04T08:44:32.044-0100: 30002.497: Total time for which application threads were stopped: 0.0114040 seconds
2015-04-04T08:44:32.045-0100: 30002.497: Total time for which application threads were stopped: 0.0001750 seconds
2015-04-04T08:44:37.507-0100: 30007.959: Total time for which application threads were stopped: 0.0464110 seconds
2015-04-04T08:44:37.507-0100: 30007.959: Total time for which application threads were stopped: 0.0001790 seconds
2015-04-04T08:44:37.583-0100: 30008.035: Total time for which application threads were stopped: 0.0001780 seconds
2015-04-04T08:44:37.599-0100: 30008.051: Total time for which application threads were stopped: 0.0036240 seconds
2015-04-04T08:44:37.604-0100: 30008.056: Total time for which application threads were stopped: 0.0021560 seconds
2015-04-04T08:44:37.673-0100: 30008.125: Total time for which application threads were stopped: 0.0001900 seconds
2015-04-04T08:44:37.757-0100: 30008.209: Total time for which application threads were stopped: 0.0001580 seconds
2015-04-04T08:44:37.757-0100: 30008.210: Total time for which application threads were stopped: 0.0000980 seconds
2015-04-04T08:44:37.758-0100: 30008.210: Total time for which application threads were stopped: 0.0001420 seconds
2015-04-04T08:44:37.758-0100: 30008.210: Total time for which application threads were stopped: 0.0000920 seconds
2015-04-04T08:44:37.849-0100: 30008.302: Total time for which application threads were stopped: 0.0001600 seconds
2015-04-04T08:44:37.954-0100: 30008.406: Total time for which application threads were stopped: 0.0002170 seconds
{Heap before GC invocations=23 (full 0):
 par new generation   total 109248K, used 91462K [0x00000007dae00000, 0x00000007e2e00000, 0x00000007e2e00000)
  eden space 87424K, 100% used [0x00000007dae00000, 0x00000007e0360000, 0x00000007e0360000)
  from space 21824K,  18% used [0x00000007e18b0000, 0x00000007e1ca1a80, 0x00000007e2e00000)
  to   space 21824K,   0% used [0x00000007e0360000, 0x00000007e0360000, 0x00000007e18b0000)
 concurrent mark-sweep generation total 393216K, used 17043K [0x00000007e2e00000, 0x00000007fae00000, 0x00000007fae00000)
 concurrent-mark-sweep perm gen total 34112K, used 34027K [0x00000007fae00000, 0x00000007fcf50000, 0x0000000800000000)
2015-04-04T08:44:38.002-0100: 30008.455: [GC2015-04-04T08:44:38.002-0100: 30008.455: [ParNew
Desired survivor size 20112992 bytes, new threshold 8 (max 8)
- age   1:    1800912 bytes,    1800912 total
- age   2:     570856 bytes,    2371768 total
- age   3:     103904 bytes,    2475672 total
- age   4:      57072 bytes,    2532744 total
- age   5:      39696 bytes,    2572440 total
- age   6:     812536 bytes,    3384976 total
- age   7:     400152 bytes,    3785128 total
- age   8:      90136 bytes,    3875264 total
: 91462K->6299K(109248K), 0.1038450 secs] 108505K->23409K(502464K), 0.1039540 secs] [Times: user=0.03 sys=0.07, real=0.10 secs] 
Heap after GC invocations=24 (full 0):
 par new generation   total 109248K, used 6299K [0x00000007dae00000, 0x00000007e2e00000, 0x00000007e2e00000)
  eden space 87424K,   0% used [0x00000007dae00000, 0x00000007dae00000, 0x00000007e0360000)
  from space 21824K,  28% used [0x00000007e0360000, 0x00000007e0986dc0, 0x00000007e18b0000)
  to   space 21824K,   0% used [0x00000007e18b0000, 0x00000007e18b0000, 0x00000007e2e00000)
 concurrent mark-sweep generation total 393216K, used 17109K [0x00000007e2e00000, 0x00000007fae00000, 0x00000007fae00000)
 concurrent-mark-sweep perm gen total 34112K, used 34027K [0x00000007fae00000, 0x00000007fcf50000, 0x0000000800000000)
}
2015-04-04T08:44:38.106-0100: 30008.559: Total time for which application threads were stopped: 0.1168260 seconds
2015-04-04T08:44:38.140-0100: 30008.592: Total time for which application threads were stopped: 0.0001990 seconds
2015-04-04T08:44:38.316-0100: 30008.769: Total time for which application threads were stopped: 0.0002130 seconds
2015-04-04T08:44:38.557-0100: 30009.009: Total time for which application threads were stopped: 0.0079520 seconds
2015-04-04T08:44:42.406-0100: 30012.858: Total time for which application threads were stopped: 0.0053250 seconds
2015-04-04T08:44:48.784-0100: 30019.236: Total time for which application threads were stopped: 0.0634800 seconds
2015-04-04T08:44:48.784-0100: 30019.236: Total time for which application threads were stopped: 0.0002760 seconds
2015-04-04T08:44:48.892-0100: 30019.345: Total time for which application threads were stopped: 0.0009860 seconds
2015-04-04T08:44:48.904-0100: 30019.356: Total time for which application threads were stopped: 0.0007640 seconds
2015-04-04T08:44:48.905-0100: 30019.358: Total time for which application threads were stopped: 0.0014470 seconds
2015-04-04T08:44:48.941-0100: 30019.393: Total time for which application threads were stopped: 0.0002110 seconds
2015-04-04T08:44:49.030-0100: 30019.482: Total time for which application threads were stopped: 0.0036180 seconds
2015-04-04T08:44:49.035-0100: 30019.487: Total time for which application threads were stopped: 0.0044920 seconds
2015-04-04T08:44:49.035-0100: 30019.487: Total time for which application threads were stopped: 0.0001740 seconds
2015-04-04T08:44:49.179-0100: 30019.632: Total time for which application threads were stopped: 0.0001960 seconds
2015-04-04T08:44:49.191-0100: 30019.643: Total time for which application threads were stopped: 0.0007110 seconds
2015-04-04T08:44:49.191-0100: 30019.644: Total time for which application threads were stopped: 0.0001070 seconds
2015-04-04T08:44:49.368-0100: 30019.821: Total time for which application threads were stopped: 0.0253750 seconds
2015-04-04T08:44:49.369-0100: 30019.821: Total time for which application threads were stopped: 0.0002050 seconds
2015-04-04T08:44:49.371-0100: 30019.823: Total time for which application threads were stopped: 0.0012900 seconds
2015-04-04T08:44:49.462-0100: 30019.914: Total time for which application threads were stopped: 0.0003450 seconds
2015-04-04T08:44:49.586-0100: 30020.038: Total time for which application threads were stopped: 0.0021520 seconds
2015-04-04T08:44:53.621-0100: 30024.074: Total time for which application threads were stopped: 0.0269220 seconds
2015-04-04T08:44:53.622-0100: 30024.074: Total time for which application threads were stopped: 0.0001810 seconds
2015-04-04T08:44:53.684-0100: 30024.137: Total time for which application threads were stopped: 0.0013430 seconds
2015-04-04T08:44:53.693-0100: 30024.146: Total time for which application threads were stopped: 0.0002370 seconds
2015-04-04T08:44:53.695-0100: 30024.147: Total time for which application threads were stopped: 0.0005300 seconds
2015-04-04T08:44:53.801-0100: 30024.253: Total time for which application threads were stopped: 0.0001770 seconds
2015-04-04T08:44:53.801-0100: 30024.253: Total time for which application threads were stopped: 0.0001050 seconds
2015-04-04T08:44:53.801-0100: 30024.254: Total time for which application threads were stopped: 0.0001200 seconds
2015-04-04T08:44:53.802-0100: 30024.254: Total time for which application threads were stopped: 0.0004740 seconds
2015-04-04T08:44:53.918-0100: 30024.370: Total time for which application threads were stopped: 0.0002260 seconds
2015-04-04T08:44:53.974-0100: 30024.426: Total time for which application threads were stopped: 0.0002000 seconds
2015-04-04T08:44:53.974-0100: 30024.426: Total time for which application threads were stopped: 0.0001830 seconds
2015-04-04T08:44:54.044-0100: 30024.496: Total time for which application threads were stopped: 0.0009270 seconds
2015-04-04T08:44:54.181-0100: 30024.633: Total time for which application threads were stopped: 0.0089150 seconds
2015-04-04T08:44:54.193-0100: 30024.646: Total time for which application threads were stopped: 0.0001860 seconds
2015-04-04T08:44:54.194-0100: 30024.646: Total time for which application threads were stopped: 0.0001210 seconds
2015-04-04T08:44:54.230-0100: 30024.683: Total time for which application threads were stopped: 0.0001760 seconds
2015-04-04T08:44:54.327-0100: 30024.779: Total time for which application threads were stopped: 0.0002080 seconds
2015-04-04T08:44:54.327-0100: 30024.779: Total time for which application threads were stopped: 0.0000860 seconds
2015-04-04T08:44:54.327-0100: 30024.779: Total time for which application threads were stopped: 0.0000940 seconds
2015-04-04T08:44:54.327-0100: 30024.779: Total time for which application threads were stopped: 0.0001280 seconds
2015-04-04T08:44:54.327-0100: 30024.780: Total time for which application threads were stopped: 0.0001140 seconds
2015-04-04T08:45:39.696-0100: 30070.148: Total time for which application threads were stopped: 0.0856620 seconds
2015-04-04T08:45:44.224-0100: 30074.677: Total time for which application threads were stopped: 0.0316820 seconds
2015-04-04T08:45:44.363-0100: 30074.815: Total time for which application threads were stopped: 0.0002200 seconds
2015-04-04T08:46:59.051-0100: 30149.503: Total time for which application threads were stopped: 0.0914950 seconds
2015-04-04T08:46:59.052-0100: 30149.504: Total time for which application threads were stopped: 0.0001580 seconds
2015-04-04T08:46:59.361-0100: 30149.813: Total time for which application threads were stopped: 0.0003450 seconds
2015-04-04T08:46:59.377-0100: 30149.829: Total time for which application threads were stopped: 0.0122480 seconds
2015-04-04T08:46:59.379-0100: 30149.831: Total time for which application threads were stopped: 0.0019050 seconds
2015-04-04T08:46:59.385-0100: 30149.837: Total time for which application threads were stopped: 0.0014060 seconds
2015-04-04T08:46:59.388-0100: 30149.840: Total time for which application threads were stopped: 0.0011970 seconds
2015-04-04T08:46:59.398-0100: 30149.851: Total time for which application threads were stopped: 0.0014370 seconds
2015-04-04T08:46:59.399-0100: 30149.851: Total time for which application threads were stopped: 0.0001620 seconds
2015-04-04T08:46:59.522-0100: 30149.974: Total time for which application threads were stopped: 0.0387990 seconds
2015-04-04T08:46:59.650-0100: 30150.103: Total time for which application threads were stopped: 0.0003220 seconds
2015-04-04T08:46:59.651-0100: 30150.103: Total time for which application threads were stopped: 0.0001810 seconds
2015-04-04T08:46:59.651-0100: 30150.103: Total time for which application threads were stopped: 0.0001220 seconds
2015-04-04T08:46:59.659-0100: 30150.111: Total time for which application threads were stopped: 0.0002430 seconds
2015-04-04T08:46:59.764-0100: 30150.217: Total time for which application threads were stopped: 0.0013720 seconds
2015-04-04T08:46:59.768-0100: 30150.221: Total time for which application threads were stopped: 0.0022510 seconds
2015-04-04T08:46:59.769-0100: 30150.221: Total time for which application threads were stopped: 0.0001970 seconds
2015-04-04T08:46:59.799-0100: 30150.252: Total time for which application threads were stopped: 0.0003220 seconds
2015-04-04T08:46:59.800-0100: 30150.252: Total time for which application threads were stopped: 0.0001750 seconds
2015-04-04T08:46:59.833-0100: 30150.286: Total time for which application threads were stopped: 0.0008170 seconds
2015-04-04T08:46:59.910-0100: 30150.362: Total time for which application threads were stopped: 0.0002310 seconds
2015-04-04T08:46:59.910-0100: 30150.362: Total time for which application threads were stopped: 0.0001820 seconds
2015-04-04T08:46:59.911-0100: 30150.363: Total time for which application threads were stopped: 0.0010410 seconds
2015-04-04T08:46:59.914-0100: 30150.366: Total time for which application threads were stopped: 0.0004720 seconds
2015-04-04T08:47:00.103-0100: 30150.555: Total time for which application threads were stopped: 0.0265730 seconds
2015-04-04T08:47:00.113-0100: 30150.565: Total time for which application threads were stopped: 0.0020440 seconds
2015-04-04T08:47:00.113-0100: 30150.566: Total time for which application threads were stopped: 0.0002110 seconds
2015-04-04T08:47:00.172-0100: 30150.624: Total time for which application threads were stopped: 0.0002160 seconds
2015-04-04T08:47:00.297-0100: 30150.749: Total time for which application threads were stopped: 0.0001980 seconds
2015-04-04T08:47:00.297-0100: 30150.749: Total time for which application threads were stopped: 0.0001240 seconds
2015-04-04T08:47:00.297-0100: 30150.749: Total time for which application threads were stopped: 0.0000910 seconds
2015-04-04T08:47:00.297-0100: 30150.750: Total time for which application threads were stopped: 0.0001010 seconds
2015-04-04T08:47:00.297-0100: 30150.750: Total time for which application threads were stopped: 0.0000890 seconds
2015-04-04T08:47:05.596-0100: 30156.048: Total time for which application threads were stopped: 0.0195750 seconds
2015-04-04T08:47:05.596-0100: 30156.049: Total time for which application threads were stopped: 0.0001550 seconds
2015-04-04T08:47:05.707-0100: 30156.159: Total time for which application threads were stopped: 0.0004110 seconds
2015-04-04T08:47:05.717-0100: 30156.169: Total time for which application threads were stopped: 0.0011000 seconds
2015-04-04T08:47:05.718-0100: 30156.170: Total time for which application threads were stopped: 0.0001660 seconds
2015-04-04T08:47:05.856-0100: 30156.308: Total time for which application threads were stopped: 0.0001760 seconds
2015-04-04T08:47:05.857-0100: 30156.309: Total time for which application threads were stopped: 0.0011030 seconds
2015-04-04T08:47:05.857-0100: 30156.309: Total time for which application threads were stopped: 0.0001810 seconds
2015-04-04T08:47:05.857-0100: 30156.310: Total time for which application threads were stopped: 0.0001220 seconds
2015-04-04T08:47:05.963-0100: 30156.415: Total time for which application threads were stopped: 0.0003060 seconds
2015-04-04T08:47:05.965-0100: 30156.417: Total time for which application threads were stopped: 0.0017030 seconds
2015-04-04T08:47:06.123-0100: 30156.575: Total time for which application threads were stopped: 0.0109490 seconds
2015-04-04T08:47:06.123-0100: 30156.575: Total time for which application threads were stopped: 0.0002220 seconds
2015-04-04T08:47:06.246-0100: 30156.699: Total time for which application threads were stopped: 0.0002730 seconds
2015-04-04T08:47:06.350-0100: 30156.802: Total time for which application threads were stopped: 0.0015140 seconds
2015-04-04T08:47:06.352-0100: 30156.804: Total time for which application threads were stopped: 0.0001610 seconds
2015-04-04T08:47:50.414-0100: 30200.866: Total time for which application threads were stopped: 0.0747320 seconds
2015-04-04T08:47:56.308-0100: 30206.760: Total time for which application threads were stopped: 0.0443330 seconds
2015-04-04T08:47:56.376-0100: 30206.829: Total time for which application threads were stopped: 0.0103300 seconds
2015-04-04T08:48:06.371-0100: 30216.823: Total time for which application threads were stopped: 0.1092140 seconds
2015-04-04T08:48:06.371-0100: 30216.824: Total time for which application threads were stopped: 0.0003110 seconds
2015-04-04T08:48:06.372-0100: 30216.824: Total time for which application threads were stopped: 0.0002580 seconds
2015-04-04T08:49:06.403-0100: 30276.856: Total time for which application threads were stopped: 0.1360100 seconds
2015-04-04T08:49:06.405-0100: 30276.857: Total time for which application threads were stopped: 0.0001490 seconds
2015-04-04T08:49:06.688-0100: 30277.140: Total time for which application threads were stopped: 0.0013870 seconds
2015-04-04T08:49:06.692-0100: 30277.144: Total time for which application threads were stopped: 0.0005110 seconds
2015-04-04T08:49:06.694-0100: 30277.147: Total time for which application threads were stopped: 0.0014280 seconds
2015-04-04T08:49:06.695-0100: 30277.147: Total time for which application threads were stopped: 0.0002080 seconds
2015-04-04T08:49:06.695-0100: 30277.147: Total time for which application threads were stopped: 0.0001420 seconds
2015-04-04T08:49:06.699-0100: 30277.152: Total time for which application threads were stopped: 0.0027290 seconds
2015-04-04T08:49:06.786-0100: 30277.238: Total time for which application threads were stopped: 0.0002570 seconds
2015-04-04T08:49:06.787-0100: 30277.239: Total time for which application threads were stopped: 0.0001590 seconds
2015-04-04T08:49:06.874-0100: 30277.326: Total time for which application threads were stopped: 0.0288140 seconds
2015-04-04T08:49:06.945-0100: 30277.397: Total time for which application threads were stopped: 0.0003340 seconds
2015-04-04T08:49:06.945-0100: 30277.398: Total time for which application threads were stopped: 0.0001310 seconds
2015-04-04T08:49:06.946-0100: 30277.398: Total time for which application threads were stopped: 0.0001020 seconds
2015-04-04T08:49:06.955-0100: 30277.407: Total time for which application threads were stopped: 0.0002490 seconds
2015-04-04T08:49:07.146-0100: 30277.598: Total time for which application threads were stopped: 0.0002060 seconds
2015-04-04T08:49:07.146-0100: 30277.599: Total time for which application threads were stopped: 0.0001480 seconds
2015-04-04T08:49:07.171-0100: 30277.623: Total time for which application threads were stopped: 0.0016770 seconds
2015-04-04T08:49:07.171-0100: 30277.624: Total time for which application threads were stopped: 0.0004870 seconds
2015-04-04T08:49:07.285-0100: 30277.738: Total time for which application threads were stopped: 0.0026560 seconds
2015-04-04T08:49:07.388-0100: 30277.840: Total time for which application threads were stopped: 0.0196280 seconds
2015-04-04T08:49:07.388-0100: 30277.841: Total time for which application threads were stopped: 0.0001580 seconds
2015-04-04T08:49:07.388-0100: 30277.841: Total time for which application threads were stopped: 0.0001060 seconds
2015-04-04T08:49:07.389-0100: 30277.841: Total time for which application threads were stopped: 0.0002720 seconds
2015-04-04T08:49:07.389-0100: 30277.842: Total time for which application threads were stopped: 0.0001250 seconds
2015-04-04T08:49:07.389-0100: 30277.842: Total time for which application threads were stopped: 0.0001050 seconds
2015-04-04T08:49:07.666-0100: 30278.119: Total time for which application threads were stopped: 0.0002910 seconds
2015-04-04T08:49:07.673-0100: 30278.125: Total time for which application threads were stopped: 0.0052610 seconds
2015-04-04T08:49:07.675-0100: 30278.127: Total time for which application threads were stopped: 0.0009070 seconds
2015-04-04T08:49:07.956-0100: 30278.408: Total time for which application threads were stopped: 0.0218380 seconds
2015-04-04T08:49:07.956-0100: 30278.408: Total time for which application threads were stopped: 0.0001990 seconds
2015-04-04T08:49:26.718-0100: 30297.170: Total time for which application threads were stopped: 0.0838250 seconds
2015-04-04T08:49:31.510-0100: 30301.962: Total time for which application threads were stopped: 0.0642480 seconds
2015-04-04T08:49:31.511-0100: 30301.963: Total time for which application threads were stopped: 0.0001640 seconds
2015-04-04T08:49:31.721-0100: 30302.173: Total time for which application threads were stopped: 0.0003570 seconds
2015-04-04T08:49:31.739-0100: 30302.191: Total time for which application threads were stopped: 0.0015130 seconds
2015-04-04T08:49:31.740-0100: 30302.192: Total time for which application threads were stopped: 0.0002790 seconds
2015-04-04T08:49:32.038-0100: 30302.490: Total time for which application threads were stopped: 0.0548010 seconds
2015-04-04T08:49:32.038-0100: 30302.491: Total time for which application threads were stopped: 0.0002320 seconds
2015-04-04T08:49:32.039-0100: 30302.491: Total time for which application threads were stopped: 0.0001820 seconds
2015-04-04T08:49:32.044-0100: 30302.496: Total time for which application threads were stopped: 0.0002470 seconds
2015-04-04T08:49:32.342-0100: 30302.794: Total time for which application threads were stopped: 0.0002110 seconds
2015-04-04T08:49:32.435-0100: 30302.887: Total time for which application threads were stopped: 0.0143520 seconds
2015-04-04T08:49:32.438-0100: 30302.890: Total time for which application threads were stopped: 0.0013690 seconds
2015-04-04T08:49:32.615-0100: 30303.067: Total time for which application threads were stopped: 0.0314630 seconds
2015-04-04T08:49:32.616-0100: 30303.068: Total time for which application threads were stopped: 0.0002080 seconds
2015-04-04T08:49:32.667-0100: 30303.119: Total time for which application threads were stopped: 0.0001820 seconds
2015-04-04T08:49:32.667-0100: 30303.119: Total time for which application threads were stopped: 0.0001100 seconds
2015-04-04T08:49:32.667-0100: 30303.119: Total time for which application threads were stopped: 0.0000890 seconds
2015-04-04T08:49:32.668-0100: 30303.121: Total time for which application threads were stopped: 0.0014150 seconds
2015-04-04T08:49:32.674-0100: 30303.126: Total time for which application threads were stopped: 0.0002870 seconds
2015-04-04T08:49:32.752-0100: 30303.204: Total time for which application threads were stopped: 0.0002220 seconds
2015-04-04T08:49:32.758-0100: 30303.211: Total time for which application threads were stopped: 0.0002200 seconds
2015-04-04T08:49:32.759-0100: 30303.211: Total time for which application threads were stopped: 0.0001030 seconds
2015-04-04T08:49:32.769-0100: 30303.221: Total time for which application threads were stopped: 0.0002110 seconds
2015-04-04T08:49:32.794-0100: 30303.246: Total time for which application threads were stopped: 0.0002370 seconds
2015-04-04T08:49:32.794-0100: 30303.246: Total time for which application threads were stopped: 0.0001600 seconds
2015-04-04T08:49:32.794-0100: 30303.247: Total time for which application threads were stopped: 0.0001190 seconds
2015-04-04T08:49:32.795-0100: 30303.247: Total time for which application threads were stopped: 0.0001490 seconds
2015-04-04T08:49:32.795-0100: 30303.247: Total time for which application threads were stopped: 0.0001490 seconds
2015-04-04T08:49:57.891-0100: 30328.344: Total time for which application threads were stopped: 0.1056950 seconds
2015-04-04T08:50:22.894-0100: 30353.347: Total time for which application threads were stopped: 0.1255360 seconds
2015-04-04T08:50:22.898-0100: 30353.351: Total time for which application threads were stopped: 0.0002970 seconds
2015-04-04T08:50:32.794-0100: 30363.247: Total time for which application threads were stopped: 0.0277990 seconds
2015-04-04T08:50:32.796-0100: 30363.249: Total time for which application threads were stopped: 0.0001890 seconds
2015-04-04T08:50:32.805-0100: 30363.257: Total time for which application threads were stopped: 0.0001720 seconds
2015-04-04T08:50:34.901-0100: 30365.353: Total time for which application threads were stopped: 0.0528560 seconds
2015-04-04T08:50:34.902-0100: 30365.354: Total time for which application threads were stopped: 0.0001620 seconds
2015-04-04T08:50:35.172-0100: 30365.625: Total time for which application threads were stopped: 0.0029500 seconds
2015-04-04T08:50:35.181-0100: 30365.633: Total time for which application threads were stopped: 0.0009200 seconds
2015-04-04T08:50:35.183-0100: 30365.635: Total time for which application threads were stopped: 0.0011520 seconds
2015-04-04T08:50:35.186-0100: 30365.639: Total time for which application threads were stopped: 0.0039840 seconds
2015-04-04T08:50:35.207-0100: 30365.659: Total time for which application threads were stopped: 0.0121710 seconds
2015-04-04T08:50:35.211-0100: 30365.663: Total time for which application threads were stopped: 0.0039490 seconds
2015-04-04T08:50:35.218-0100: 30365.670: Total time for which application threads were stopped: 0.0012430 seconds
2015-04-04T08:50:35.268-0100: 30365.720: Total time for which application threads were stopped: 0.0497200 seconds
2015-04-04T08:50:35.325-0100: 30365.778: Total time for which application threads were stopped: 0.0197530 seconds
2015-04-04T08:50:35.418-0100: 30365.870: Total time for which application threads were stopped: 0.0229540 seconds
2015-04-04T08:50:35.418-0100: 30365.871: Total time for which application threads were stopped: 0.0001800 seconds
2015-04-04T08:50:35.418-0100: 30365.871: Total time for which application threads were stopped: 0.0001180 seconds
2015-04-04T08:50:35.420-0100: 30365.873: Total time for which application threads were stopped: 0.0001940 seconds
2015-04-04T08:50:35.519-0100: 30365.972: Total time for which application threads were stopped: 0.0001940 seconds
2015-04-04T08:50:35.525-0100: 30365.978: Total time for which application threads were stopped: 0.0002710 seconds
2015-04-04T08:50:35.526-0100: 30365.978: Total time for which application threads were stopped: 0.0001420 seconds
2015-04-04T08:50:35.551-0100: 30366.004: Total time for which application threads were stopped: 0.0001800 seconds
2015-04-04T08:50:35.625-0100: 30366.077: Total time for which application threads were stopped: 0.0005770 seconds
2015-04-04T08:50:35.627-0100: 30366.079: Total time for which application threads were stopped: 0.0009630 seconds
2015-04-04T08:50:35.627-0100: 30366.079: Total time for which application threads were stopped: 0.0002210 seconds
2015-04-04T08:50:35.629-0100: 30366.082: Total time for which application threads were stopped: 0.0009300 seconds
2015-04-04T08:50:35.632-0100: 30366.084: Total time for which application threads were stopped: 0.0010890 seconds
2015-04-04T08:50:35.635-0100: 30366.088: Total time for which application threads were stopped: 0.0002310 seconds
2015-04-04T08:50:35.691-0100: 30366.143: Total time for which application threads were stopped: 0.0001850 seconds
2015-04-04T08:50:35.731-0100: 30366.183: Total time for which application threads were stopped: 0.0003520 seconds
2015-04-04T08:50:35.732-0100: 30366.185: Total time for which application threads were stopped: 0.0001940 seconds
2015-04-04T08:50:35.738-0100: 30366.190: Total time for which application threads were stopped: 0.0002060 seconds
2015-04-04T08:50:35.741-0100: 30366.193: Total time for which application threads were stopped: 0.0002140 seconds
2015-04-04T08:50:35.754-0100: 30366.207: Total time for which application threads were stopped: 0.0001890 seconds
2015-04-04T08:50:35.778-0100: 30366.231: Total time for which application threads were stopped: 0.0002190 seconds
2015-04-04T08:50:35.779-0100: 30366.231: Total time for which application threads were stopped: 0.0002640 seconds
2015-04-04T08:50:35.849-0100: 30366.301: Total time for which application threads were stopped: 0.0691960 seconds
2015-04-04T08:51:16.995-0100: 30407.449: Total time for which application threads were stopped: 0.0892250 seconds
2015-04-04T08:51:16.999-0100: 30407.451: Total time for which application threads were stopped: 0.0002050 seconds
2015-04-04T08:51:17.141-0100: 30407.593: Total time for which application threads were stopped: 0.0003860 seconds
2015-04-04T08:51:17.150-0100: 30407.603: Total time for which application threads were stopped: 0.0009340 seconds
2015-04-04T08:51:17.153-0100: 30407.605: Total time for which application threads were stopped: 0.0016950 seconds
2015-04-04T08:51:17.246-0100: 30407.698: Total time for which application threads were stopped: 0.0002400 seconds
2015-04-04T08:51:17.246-0100: 30407.698: Total time for which application threads were stopped: 0.0002700 seconds
2015-04-04T08:51:17.247-0100: 30407.699: Total time for which application threads were stopped: 0.0001800 seconds
2015-04-04T08:51:17.247-0100: 30407.700: Total time for which application threads were stopped: 0.0002520 seconds
2015-04-04T08:51:17.253-0100: 30407.705: Total time for which application threads were stopped: 0.0044930 seconds
2015-04-04T08:51:17.461-0100: 30407.913: Total time for which application threads were stopped: 0.0507440 seconds
2015-04-04T08:51:17.469-0100: 30407.921: Total time for which application threads were stopped: 0.0007260 seconds
2015-04-04T08:51:17.469-0100: 30407.922: Total time for which application threads were stopped: 0.0002320 seconds
2015-04-04T08:51:17.495-0100: 30407.947: Total time for which application threads were stopped: 0.0002080 seconds
2015-04-04T08:51:17.549-0100: 30408.001: Total time for which application threads were stopped: 0.0002330 seconds
2015-04-04T08:51:17.549-0100: 30408.001: Total time for which application threads were stopped: 0.0001390 seconds
2015-04-04T08:51:17.549-0100: 30408.002: Total time for which application threads were stopped: 0.0001260 seconds
2015-04-04T08:51:17.634-0100: 30408.086: Total time for which application threads were stopped: 0.0001970 seconds
2015-04-04T08:51:17.662-0100: 30408.115: Total time for which application threads were stopped: 0.0008790 seconds
2015-04-04T08:51:20.570-0100: 30411.022: Total time for which application threads were stopped: 0.0430170 seconds
2015-04-04T08:51:25.929-0100: 30416.381: Total time for which application threads were stopped: 0.0356680 seconds
2015-04-04T08:51:58.760-0100: 30449.212: Total time for which application threads were stopped: 0.0824980 seconds
2015-04-04T08:51:58.761-0100: 30449.213: Total time for which application threads were stopped: 0.0001630 seconds
2015-04-04T08:51:59.028-0100: 30449.481: Total time for which application threads were stopped: 0.0004080 seconds
2015-04-04T08:51:59.063-0100: 30449.515: Total time for which application threads were stopped: 0.0003040 seconds
2015-04-04T08:51:59.063-0100: 30449.516: Total time for which application threads were stopped: 0.0001540 seconds
2015-04-04T08:51:59.113-0100: 30449.566: Total time for which application threads were stopped: 0.0002910 seconds
2015-04-04T08:51:59.164-0100: 30449.616: Total time for which application threads were stopped: 0.0003290 seconds
2015-04-04T08:51:59.165-0100: 30449.618: Total time for which application threads were stopped: 0.0016130 seconds
2015-04-04T08:51:59.166-0100: 30449.618: Total time for which application threads were stopped: 0.0001870 seconds
2015-04-04T08:51:59.166-0100: 30449.618: Total time for which application threads were stopped: 0.0001280 seconds
2015-04-04T08:51:59.167-0100: 30449.620: Total time for which application threads were stopped: 0.0012120 seconds
2015-04-04T08:52:00.427-0100: 30450.879: Total time for which application threads were stopped: 0.0595580 seconds
2015-04-04T08:52:00.516-0100: 30450.968: Total time for which application threads were stopped: 0.0015860 seconds
2015-04-04T08:52:00.523-0100: 30450.976: Total time for which application threads were stopped: 0.0052860 seconds
2015-04-04T08:52:00.931-0100: 30451.383: Total time for which application threads were stopped: 0.0179530 seconds
2015-04-04T08:52:00.940-0100: 30451.392: Total time for which application threads were stopped: 0.0004150 seconds
2015-04-04T08:52:00.940-0100: 30451.393: Total time for which application threads were stopped: 0.0005100 seconds
2015-04-04T08:52:00.958-0100: 30451.410: Total time for which application threads were stopped: 0.0002310 seconds
2015-04-04T08:52:00.958-0100: 30451.411: Total time for which application threads were stopped: 0.0001620 seconds
2015-04-04T08:52:01.033-0100: 30451.485: Total time for which application threads were stopped: 0.0006190 seconds
2015-04-04T08:52:01.033-0100: 30451.486: Total time for which application threads were stopped: 0.0002060 seconds
2015-04-04T08:52:01.034-0100: 30451.486: Total time for which application threads were stopped: 0.0001320 seconds
2015-04-04T08:52:01.034-0100: 30451.486: Total time for which application threads were stopped: 0.0001310 seconds
2015-04-04T08:52:01.035-0100: 30451.487: Total time for which application threads were stopped: 0.0001850 seconds
2015-04-04T08:52:05.524-0100: 30455.976: Total time for which application threads were stopped: 0.0587420 seconds
2015-04-04T08:52:51.096-0100: 30501.548: Total time for which application threads were stopped: 0.1341580 seconds
2015-04-04T08:52:51.097-0100: 30501.550: Total time for which application threads were stopped: 0.0001640 seconds
2015-04-04T08:53:01.011-0100: 30511.463: Total time for which application threads were stopped: 0.0596250 seconds
2015-04-04T08:53:01.052-0100: 30511.504: Total time for which application threads were stopped: 0.0001870 seconds
2015-04-04T08:53:01.114-0100: 30511.567: Total time for which application threads were stopped: 0.0004650 seconds
2015-04-04T09:00:36.162-0100: 30966.614: Total time for which application threads were stopped: 0.3273550 seconds
2015-04-04T09:00:36.167-0100: 30966.619: Total time for which application threads were stopped: 0.0002050 seconds
2015-04-04T09:00:36.815-0100: 30967.268: Total time for which application threads were stopped: 0.0790070 seconds
2015-04-04T09:00:36.819-0100: 30967.271: Total time for which application threads were stopped: 0.0002580 seconds
2015-04-04T09:00:36.821-0100: 30967.273: Total time for which application threads were stopped: 0.0013600 seconds
2015-04-04T09:00:36.826-0100: 30967.278: Total time for which application threads were stopped: 0.0009240 seconds
2015-04-04T09:00:36.826-0100: 30967.278: Total time for which application threads were stopped: 0.0001930 seconds
2015-04-04T09:00:36.829-0100: 30967.281: Total time for which application threads were stopped: 0.0019550 seconds
2015-04-04T09:00:36.830-0100: 30967.283: Total time for which application threads were stopped: 0.0012080 seconds
2015-04-04T09:00:36.871-0100: 30967.323: Total time for which application threads were stopped: 0.0104800 seconds
2015-04-04T09:00:36.986-0100: 30967.438: Total time for which application threads were stopped: 0.0002550 seconds
2015-04-04T09:00:36.990-0100: 30967.442: Total time for which application threads were stopped: 0.0007150 seconds
2015-04-04T09:00:36.990-0100: 30967.442: Total time for which application threads were stopped: 0.0001900 seconds
2015-04-04T09:00:37.071-0100: 30967.523: Total time for which application threads were stopped: 0.0009920 seconds
2015-04-04T09:00:37.120-0100: 30967.572: Total time for which application threads were stopped: 0.0002280 seconds
2015-04-04T09:00:37.131-0100: 30967.583: Total time for which application threads were stopped: 0.0106040 seconds
2015-04-04T09:00:37.158-0100: 30967.611: Total time for which application threads were stopped: 0.0009590 seconds
2015-04-04T09:00:37.161-0100: 30967.613: Total time for which application threads were stopped: 0.0008610 seconds
{Heap before GC invocations=24 (full 0):
 par new generation   total 109248K, used 93723K [0x00000007dae00000, 0x00000007e2e00000, 0x00000007e2e00000)
  eden space 87424K, 100% used [0x00000007dae00000, 0x00000007e0360000, 0x00000007e0360000)
  from space 21824K,  28% used [0x00000007e0360000, 0x00000007e0986dc0, 0x00000007e18b0000)
  to   space 21824K,   0% used [0x00000007e18b0000, 0x00000007e18b0000, 0x00000007e2e00000)
 concurrent mark-sweep generation total 393216K, used 17109K [0x00000007e2e00000, 0x00000007fae00000, 0x00000007fae00000)
 concurrent-mark-sweep perm gen total 34112K, used 34050K [0x00000007fae00000, 0x00000007fcf50000, 0x0000000800000000)
2015-04-04T09:00:37.213-0100: 30967.665: [GC2015-04-04T09:00:37.214-0100: 30967.666: [ParNew
Desired survivor size 20112992 bytes, new threshold 8 (max 8)
- age   1:    2301216 bytes,    2301216 total
- age   2:     325264 bytes,    2626480 total
- age   3:      26112 bytes,    2652592 total
- age   4:      33872 bytes,    2686464 total
- age   5:      56616 bytes,    2743080 total
- age   6:      38224 bytes,    2781304 total
- age   7:     812304 bytes,    3593608 total
- age   8:     400152 bytes,    3993760 total
: 93723K->5339K(109248K), 0.3368310 secs] 110833K->22539K(502464K), 0.3373120 secs] [Times: user=0.03 sys=0.11, real=0.34 secs] 
Heap after GC invocations=25 (full 0):
 par new generation   total 109248K, used 5339K [0x00000007dae00000, 0x00000007e2e00000, 0x00000007e2e00000)
  eden space 87424K,   0% used [0x00000007dae00000, 0x00000007dae00000, 0x00000007e0360000)
  from space 21824K,  24% used [0x00000007e18b0000, 0x00000007e1de6d88, 0x00000007e2e00000)
  to   space 21824K,   0% used [0x00000007e0360000, 0x00000007e0360000, 0x00000007e18b0000)
 concurrent mark-sweep generation total 393216K, used 17199K [0x00000007e2e00000, 0x00000007fae00000, 0x00000007fae00000)
 concurrent-mark-sweep perm gen total 34112K, used 34050K [0x00000007fae00000, 0x00000007fcf50000, 0x0000000800000000)
}
2015-04-04T09:00:37.551-0100: 30968.003: Total time for which application threads were stopped: 0.3376480 seconds
2015-04-04T09:00:37.566-0100: 30968.018: Total time for which application threads were stopped: 0.0146990 seconds
2015-04-04T09:00:37.571-0100: 30968.023: Total time for which application threads were stopped: 0.0001920 seconds
2015-04-04T09:00:37.600-0100: 30968.052: Total time for which application threads were stopped: 0.0002340 seconds
2015-04-04T09:00:37.600-0100: 30968.053: Total time for which application threads were stopped: 0.0001170 seconds
2015-04-04T09:00:37.600-0100: 30968.053: Total time for which application threads were stopped: 0.0001210 seconds
2015-04-04T09:00:37.601-0100: 30968.053: Total time for which application threads were stopped: 0.0001760 seconds
2015-04-04T09:00:37.637-0100: 30968.090: Total time for which application threads were stopped: 0.0003430 seconds
2015-04-04T09:00:37.638-0100: 30968.090: Total time for which application threads were stopped: 0.0001650 seconds
2015-04-04T09:00:37.644-0100: 30968.096: Total time for which application threads were stopped: 0.0002780 seconds
2015-04-04T09:00:37.645-0100: 30968.097: Total time for which application threads were stopped: 0.0004650 seconds
2015-04-04T09:00:37.679-0100: 30968.131: Total time for which application threads were stopped: 0.0002080 seconds
2015-04-04T09:00:37.696-0100: 30968.148: Total time for which application threads were stopped: 0.0001990 seconds
2015-04-04T09:00:37.696-0100: 30968.149: Total time for which application threads were stopped: 0.0001370 seconds
2015-04-04T09:00:37.699-0100: 30968.151: Total time for which application threads were stopped: 0.0023960 seconds
2015-04-04T09:00:37.699-0100: 30968.151: Total time for which application threads were stopped: 0.0001370 seconds
2015-04-04T09:00:37.699-0100: 30968.151: Total time for which application threads were stopped: 0.0001320 seconds
2015-04-04T09:00:54.297-0100: 30984.749: Total time for which application threads were stopped: 0.0786480 seconds
2015-04-04T09:00:54.301-0100: 30984.753: Total time for which application threads were stopped: 0.0002190 seconds
2015-04-04T09:00:54.484-0100: 30984.936: Total time for which application threads were stopped: 0.0002540 seconds
2015-04-04T09:00:54.490-0100: 30984.943: Total time for which application threads were stopped: 0.0037180 seconds
2015-04-04T09:00:54.505-0100: 30984.957: Total time for which application threads were stopped: 0.0018060 seconds
2015-04-04T09:00:54.509-0100: 30984.961: Total time for which application threads were stopped: 0.0024100 seconds
2015-04-04T09:00:54.565-0100: 30985.017: Total time for which application threads were stopped: 0.0002770 seconds
2015-04-04T09:00:54.618-0100: 30985.070: Total time for which application threads were stopped: 0.0015440 seconds
2015-04-04T09:00:54.619-0100: 30985.072: Total time for which application threads were stopped: 0.0012050 seconds
2015-04-04T09:00:54.620-0100: 30985.073: Total time for which application threads were stopped: 0.0006990 seconds
2015-04-04T09:00:54.621-0100: 30985.073: Total time for which application threads were stopped: 0.0004190 seconds
2015-04-04T09:00:54.880-0100: 30985.332: Total time for which application threads were stopped: 0.0588890 seconds
2015-04-04T09:00:54.887-0100: 30985.339: Total time for which application threads were stopped: 0.0001710 seconds
2015-04-04T09:00:54.888-0100: 30985.341: Total time for which application threads were stopped: 0.0010290 seconds
2015-04-04T09:00:54.930-0100: 30985.382: Total time for which application threads were stopped: 0.0002160 seconds
2015-04-04T09:00:54.930-0100: 30985.382: Total time for which application threads were stopped: 0.0001900 seconds
2015-04-04T09:00:54.931-0100: 30985.383: Total time for which application threads were stopped: 0.0001690 seconds
2015-04-04T09:00:55.000-0100: 30985.452: Total time for which application threads were stopped: 0.0001980 seconds
2015-04-04T09:00:55.005-0100: 30985.457: Total time for which application threads were stopped: 0.0003270 seconds
2015-04-04T09:00:55.017-0100: 30985.469: Total time for which application threads were stopped: 0.0105390 seconds
2015-04-04T09:00:55.024-0100: 30985.476: Total time for which application threads were stopped: 0.0001980 seconds
2015-04-04T09:00:55.024-0100: 30985.476: Total time for which application threads were stopped: 0.0001200 seconds
2015-04-04T09:00:55.058-0100: 30985.510: Total time for which application threads were stopped: 0.0009240 seconds
2015-04-04T09:00:55.061-0100: 30985.513: Total time for which application threads were stopped: 0.0002160 seconds
2015-04-04T09:00:55.061-0100: 30985.514: Total time for which application threads were stopped: 0.0001790 seconds
2015-04-04T09:01:00.991-0100: 30991.444: Total time for which application threads were stopped: 0.0558970 seconds
2015-04-04T09:01:00.999-0100: 30991.451: Total time for which application threads were stopped: 0.0001950 seconds
2015-04-04T09:01:01.060-0100: 30991.512: Total time for which application threads were stopped: 0.0003980 seconds
2015-04-04T09:01:01.069-0100: 30991.521: Total time for which application threads were stopped: 0.0003290 seconds
2015-04-04T09:01:01.069-0100: 30991.522: Total time for which application threads were stopped: 0.0001960 seconds
2015-04-04T09:01:01.139-0100: 30991.591: Total time for which application threads were stopped: 0.0002990 seconds
2015-04-04T09:01:01.139-0100: 30991.591: Total time for which application threads were stopped: 0.0001600 seconds
2015-04-04T09:01:01.139-0100: 30991.591: Total time for which application threads were stopped: 0.0001340 seconds
2015-04-04T09:01:01.140-0100: 30991.592: Total time for which application threads were stopped: 0.0001490 seconds
2015-04-04T09:01:01.245-0100: 30991.697: Total time for which application threads were stopped: 0.0002030 seconds
2015-04-04T09:01:01.326-0100: 30991.778: Total time for which application threads were stopped: 0.0002250 seconds
2015-04-04T09:01:01.434-0100: 30991.887: Total time for which application threads were stopped: 0.0002260 seconds
2015-04-04T09:01:01.461-0100: 30991.913: Total time for which application threads were stopped: 0.0207780 seconds
2015-04-04T09:01:01.461-0100: 30991.913: Total time for which application threads were stopped: 0.0003300 seconds
2015-04-04T09:01:01.539-0100: 30991.991: Total time for which application threads were stopped: 0.0002290 seconds
2015-04-04T09:01:01.540-0100: 30991.992: Total time for which application threads were stopped: 0.0002010 seconds
2015-04-04T09:01:01.569-0100: 30992.022: Total time for which application threads were stopped: 0.0025140 seconds
2015-04-04T09:01:01.570-0100: 30992.023: Total time for which application threads were stopped: 0.0006900 seconds
2015-04-04T09:01:01.571-0100: 30992.023: Total time for which application threads were stopped: 0.0001770 seconds
2015-04-04T09:01:01.571-0100: 30992.023: Total time for which application threads were stopped: 0.0001360 seconds
2015-04-04T09:01:06.246-0100: 30996.698: Total time for which application threads were stopped: 0.0285610 seconds
2015-04-04T09:01:06.246-0100: 30996.699: Total time for which application threads were stopped: 0.0001460 seconds
2015-04-04T09:01:06.280-0100: 30996.732: Total time for which application threads were stopped: 0.0001690 seconds
2015-04-04T09:01:06.314-0100: 30996.767: Total time for which application threads were stopped: 0.0001720 seconds
2015-04-04T09:01:06.351-0100: 30996.806: Total time for which application threads were stopped: 0.0028000 seconds
2015-04-04T09:01:06.355-0100: 30996.807: Total time for which application threads were stopped: 0.0002370 seconds
2015-04-04T09:01:06.364-0100: 30996.816: Total time for which application threads were stopped: 0.0001610 seconds
2015-04-04T09:01:11.436-0100: 31001.888: Total time for which application threads were stopped: 0.0232880 seconds
2015-04-04T09:01:11.436-0100: 31001.888: Total time for which application threads were stopped: 0.0001620 seconds
2015-04-04T09:01:32.733-0100: 31023.185: Total time for which application threads were stopped: 0.0487020 seconds
2015-04-04T09:01:32.733-0100: 31023.186: Total time for which application threads were stopped: 0.0001910 seconds
2015-04-04T09:01:45.138-0100: 31035.590: Total time for which application threads were stopped: 0.0490190 seconds
2015-04-04T09:01:51.126-0100: 31041.578: Total time for which application threads were stopped: 0.0537260 seconds
2015-04-04T09:02:01.552-0100: 31052.004: Total time for which application threads were stopped: 0.0837740 seconds
2015-04-04T09:02:01.553-0100: 31052.005: Total time for which application threads were stopped: 0.0002590 seconds
2015-04-04T09:02:01.553-0100: 31052.005: Total time for which application threads were stopped: 0.0001370 seconds
2015-04-04T09:02:01.584-0100: 31052.037: Total time for which application threads were stopped: 0.0015300 seconds
2015-04-04T09:02:08.351-0100: 31058.804: Total time for which application threads were stopped: 0.0695240 seconds
2015-04-04T09:02:08.353-0100: 31058.805: Total time for which application threads were stopped: 0.0005920 seconds
2015-04-04T09:02:08.516-0100: 31058.969: Total time for which application threads were stopped: 0.0002090 seconds
2015-04-04T09:02:08.521-0100: 31058.973: Total time for which application threads were stopped: 0.0001910 seconds
2015-04-04T09:02:08.522-0100: 31058.975: Total time for which application threads were stopped: 0.0010220 seconds
2015-04-04T09:02:08.524-0100: 31058.976: Total time for which application threads were stopped: 0.0011330 seconds
2015-04-04T09:02:08.529-0100: 31058.981: Total time for which application threads were stopped: 0.0003520 seconds
2015-04-04T09:02:08.530-0100: 31058.982: Total time for which application threads were stopped: 0.0001930 seconds
2015-04-04T09:02:08.551-0100: 31059.003: Total time for which application threads were stopped: 0.0002170 seconds
2015-04-04T09:02:08.594-0100: 31059.046: Total time for which application threads were stopped: 0.0001780 seconds
2015-04-04T09:02:08.594-0100: 31059.046: Total time for which application threads were stopped: 0.0001520 seconds
2015-04-04T09:02:08.594-0100: 31059.046: Total time for which application threads were stopped: 0.0000870 seconds
2015-04-04T09:02:08.600-0100: 31059.053: Total time for which application threads were stopped: 0.0002290 seconds
2015-04-04T09:02:08.691-0100: 31059.143: Total time for which application threads were stopped: 0.0013810 seconds
2015-04-04T09:02:08.693-0100: 31059.145: Total time for which application threads were stopped: 0.0011810 seconds
2015-04-04T09:02:08.694-0100: 31059.146: Total time for which application threads were stopped: 0.0001640 seconds
2015-04-04T09:02:08.711-0100: 31059.163: Total time for which application threads were stopped: 0.0009190 seconds
2015-04-04T09:02:08.743-0100: 31059.195: Total time for which application threads were stopped: 0.0002420 seconds
2015-04-04T09:02:08.743-0100: 31059.195: Total time for which application threads were stopped: 0.0001610 seconds
2015-04-04T09:02:08.873-0100: 31059.326: Total time for which application threads were stopped: 0.0219770 seconds
2015-04-04T09:02:08.906-0100: 31059.358: Total time for which application threads were stopped: 0.0189180 seconds
2015-04-04T09:02:08.908-0100: 31059.360: Total time for which application threads were stopped: 0.0010090 seconds
2015-04-04T09:02:08.920-0100: 31059.372: Total time for which application threads were stopped: 0.0047060 seconds
2015-04-04T09:02:08.921-0100: 31059.373: Total time for which application threads were stopped: 0.0003050 seconds
2015-04-04T09:02:08.945-0100: 31059.397: Total time for which application threads were stopped: 0.0002330 seconds
2015-04-04T09:02:08.945-0100: 31059.398: Total time for which application threads were stopped: 0.0001740 seconds
2015-04-04T09:02:08.946-0100: 31059.398: Total time for which application threads were stopped: 0.0001330 seconds
2015-04-04T09:02:08.946-0100: 31059.398: Total time for which application threads were stopped: 0.0001290 seconds
2015-04-04T09:02:13.392-0100: 31063.844: Total time for which application threads were stopped: 0.0245900 seconds
2015-04-04T09:02:13.393-0100: 31063.845: Total time for which application threads were stopped: 0.0002070 seconds
2015-04-04T09:02:13.445-0100: 31063.898: Total time for which application threads were stopped: 0.0002040 seconds
2015-04-04T09:02:13.452-0100: 31063.904: Total time for which application threads were stopped: 0.0002110 seconds
2015-04-04T09:02:13.452-0100: 31063.905: Total time for which application threads were stopped: 0.0001480 seconds
2015-04-04T09:02:13.496-0100: 31063.949: Total time for which application threads were stopped: 0.0002660 seconds
2015-04-04T09:02:13.497-0100: 31063.949: Total time for which application threads were stopped: 0.0001290 seconds
2015-04-04T09:02:13.497-0100: 31063.949: Total time for which application threads were stopped: 0.0001290 seconds
2015-04-04T09:02:13.497-0100: 31063.949: Total time for which application threads were stopped: 0.0001050 seconds
2015-04-04T09:02:13.644-0100: 31064.096: Total time for which application threads were stopped: 0.0002230 seconds
2015-04-04T09:02:13.753-0100: 31064.205: Total time for which application threads were stopped: 0.0002090 seconds
2015-04-04T09:02:13.806-0100: 31064.258: Total time for which application threads were stopped: 0.0002160 seconds
2015-04-04T09:02:13.811-0100: 31064.263: Total time for which application threads were stopped: 0.0002900 seconds
2015-04-04T09:02:13.811-0100: 31064.263: Total time for which application threads were stopped: 0.0001890 seconds
2015-04-04T09:02:13.836-0100: 31064.288: Total time for which application threads were stopped: 0.0002070 seconds
2015-04-04T09:02:13.836-0100: 31064.289: Total time for which application threads were stopped: 0.0000920 seconds
2015-04-04T09:02:13.847-0100: 31064.300: Total time for which application threads were stopped: 0.0002350 seconds
2015-04-04T09:02:13.848-0100: 31064.300: Total time for which application threads were stopped: 0.0001780 seconds
2015-04-04T09:02:13.849-0100: 31064.301: Total time for which application threads were stopped: 0.0001790 seconds
2015-04-04T09:02:17.704-0100: 31068.156: Total time for which application threads were stopped: 0.0151700 seconds
2015-04-04T09:02:20.382-0100: 31070.834: Total time for which application threads were stopped: 0.0458800 seconds
2015-04-04T09:02:20.382-0100: 31070.834: Total time for which application threads were stopped: 0.0001680 seconds
2015-04-04T09:02:20.387-0100: 31070.839: Total time for which application threads were stopped: 0.0005450 seconds
2015-04-04T09:02:20.400-0100: 31070.852: Total time for which application threads were stopped: 0.0001880 seconds
2015-04-04T09:02:20.486-0100: 31070.938: Total time for which application threads were stopped: 0.0004380 seconds
2015-04-04T09:02:20.486-0100: 31070.938: Total time for which application threads were stopped: 0.0001530 seconds
2015-04-04T09:02:20.488-0100: 31070.940: Total time for which application threads were stopped: 0.0010270 seconds
2015-04-04T09:02:20.488-0100: 31070.941: Total time for which application threads were stopped: 0.0002290 seconds
2015-04-04T09:02:20.489-0100: 31070.942: Total time for which application threads were stopped: 0.0002170 seconds
2015-04-04T09:02:20.492-0100: 31070.945: Total time for which application threads were stopped: 0.0003080 seconds
2015-04-04T09:02:20.497-0100: 31070.949: Total time for which application threads were stopped: 0.0002360 seconds
2015-04-04T09:02:25.524-0100: 31075.977: Total time for which application threads were stopped: 0.0250100 seconds
2015-04-04T09:02:59.104-0100: 31109.557: Total time for which application threads were stopped: 0.0996910 seconds
2015-04-04T09:03:03.897-0100: 31114.349: Total time for which application threads were stopped: 0.0764650 seconds
2015-04-04T09:03:03.898-0100: 31114.350: Total time for which application threads were stopped: 0.0001700 seconds
2015-04-04T09:03:10.547-0100: 31120.999: Total time for which application threads were stopped: 0.0460470 seconds
2015-04-04T09:03:10.548-0100: 31121.001: Total time for which application threads were stopped: 0.0011800 seconds
2015-04-04T09:03:10.549-0100: 31121.001: Total time for which application threads were stopped: 0.0000920 seconds
2015-04-04T09:03:13.845-0100: 31124.297: Total time for which application threads were stopped: 0.0260310 seconds
2015-04-04T09:03:13.845-0100: 31124.298: Total time for which application threads were stopped: 0.0001610 seconds
2015-04-04T09:03:13.860-0100: 31124.313: Total time for which application threads were stopped: 0.0001580 seconds
2015-04-04T09:03:13.879-0100: 31124.331: Total time for which application threads were stopped: 0.0002030 seconds
2015-04-04T09:03:41.659-0100: 31152.111: Total time for which application threads were stopped: 0.0911560 seconds
2015-04-04T09:03:41.662-0100: 31152.114: Total time for which application threads were stopped: 0.0001650 seconds
2015-04-04T09:03:41.686-0100: 31152.139: Total time for which application threads were stopped: 0.0001700 seconds
2015-04-04T09:03:41.687-0100: 31152.139: Total time for which application threads were stopped: 0.0002370 seconds
2015-04-04T09:03:41.704-0100: 31152.156: Total time for which application threads were stopped: 0.0008880 seconds
2015-04-04T09:03:41.721-0100: 31152.173: Total time for which application threads were stopped: 0.0001960 seconds
2015-04-04T09:03:41.901-0100: 31152.354: Total time for which application threads were stopped: 0.0046200 seconds
2015-04-04T09:03:41.911-0100: 31152.363: Total time for which application threads were stopped: 0.0001600 seconds
2015-04-04T09:03:41.938-0100: 31152.390: Total time for which application threads were stopped: 0.0002280 seconds
2015-04-04T09:03:41.938-0100: 31152.391: Total time for which application threads were stopped: 0.0002360 seconds
2015-04-04T09:03:41.977-0100: 31152.429: Total time for which application threads were stopped: 0.0002270 seconds
2015-04-04T09:03:47.072-0100: 31157.524: Total time for which application threads were stopped: 0.0337110 seconds
2015-04-04T09:03:47.072-0100: 31157.525: Total time for which application threads were stopped: 0.0001980 seconds
2015-04-04T09:04:32.160-0100: 31202.613: Total time for which application threads were stopped: 0.1170500 seconds
2015-04-04T09:04:47.499-0100: 31217.953: Total time for which application threads were stopped: 0.1054160 seconds
2015-04-04T09:04:47.521-0100: 31217.973: Total time for which application threads were stopped: 0.0001940 seconds
2015-04-04T09:04:47.845-0100: 31218.297: Total time for which application threads were stopped: 0.0141510 seconds
2015-04-04T09:04:47.845-0100: 31218.298: Total time for which application threads were stopped: 0.0002560 seconds
2015-04-04T09:04:47.941-0100: 31218.393: Total time for which application threads were stopped: 0.0217500 seconds
2015-04-04T09:04:47.942-0100: 31218.394: Total time for which application threads were stopped: 0.0002190 seconds
2015-04-04T09:04:47.986-0100: 31218.439: Total time for which application threads were stopped: 0.0002490 seconds
2015-04-04T09:04:48.025-0100: 31218.478: Total time for which application threads were stopped: 0.0003830 seconds
2015-04-04T09:04:48.027-0100: 31218.479: Total time for which application threads were stopped: 0.0001620 seconds
2015-04-04T09:04:53.093-0100: 31223.545: Total time for which application threads were stopped: 0.0367280 seconds
2015-04-04T09:04:53.093-0100: 31223.546: Total time for which application threads were stop