2015-04-04T00:24:35.616-0100: 0.238: Total time for which application threads were stopped: 0.0002350 seconds
2015-04-04T00:24:35.640-0100: 0.262: Total time for which application threads were stopped: 0.0000620 seconds
2015-04-04T00:24:36.644-0100: 1.266: Total time for which application threads were stopped: 0.0002010 seconds
2015-04-04T00:24:37.647-0100: 2.269: Total time for which application threads were stopped: 0.0006220 seconds
2015-04-04T00:24:38.648-0100: 3.271: Total time for which application threads were stopped: 0.0003300 seconds
{Heap before GC invocations=0 (full 0):
 par new generation   total 109248K, used 87424K [0x00000007dae00000, 0x00000007e2e00000, 0x00000007e2e00000)
  eden space 87424K, 100% used [0x00000007dae00000, 0x00000007e0360000, 0x00000007e0360000)
  from space 21824K,   0% used [0x00000007e0360000, 0x00000007e0360000, 0x00000007e18b0000)
  to   space 21824K,   0% used [0x00000007e18b0000, 0x00000007e18b0000, 0x00000007e2e00000)
 concurrent mark-sweep generation total 393216K, used 0K [0x00000007e2e00000, 0x00000007fae00000, 0x00000007fae00000)
 concurrent-mark-sweep perm gen total 21248K, used 17170K [0x00000007fae00000, 0x00000007fc2c0000, 0x0000000800000000)
2015-04-04T00:24:39.206-0100: 3.828: [GC2015-04-04T00:24:39.206-0100: 3.828: [ParNew
Desired survivor size 20112992 bytes, new threshold 8 (max 8)
- age   1:   11757624 bytes,   11757624 total
: 87424K->11607K(109248K), 0.0219150 secs] 87424K->11607K(502464K), 0.0220040 secs] [Times: user=0.04 sys=0.01, real=0.02 secs] 
Heap after GC invocations=1 (full 0):
 par new generation   total 109248K, used 11607K [0x00000007dae00000, 0x00000007e2e00000, 0x00000007e2e00000)
  eden space 87424K,   0% used [0x00000007dae00000, 0x00000007dae00000, 0x00000007e0360000)
  from space 21824K,  53% used [0x00000007e18b0000, 0x00000007e2405e28, 0x00000007e2e00000)
  to   space 21824K,   0% used [0x00000007e0360000, 0x00000007e0360000, 0x00000007e18b0000)
 concurrent mark-sweep generation total 393216K, used 0K [0x00000007e2e00000, 0x00000007fae00000, 0x00000007fae00000)
 concurrent-mark-sweep perm gen total 21248K, used 17170K [0x00000007fae00000, 0x00000007fc2c0000, 0x0000000800000000)
}
2015-04-04T00:24:39.228-0100: 3.850: Total time for which application threads were stopped: 0.0221530 seconds
2015-04-04T00:24:39.494-0100: 4.116: Total time for which application threads were stopped: 0.0002970 seconds
2015-04-04T00:24:42.735-0100: 7.358: Total time for which application threads were stopped: 0.0001650 seconds
2015-04-04T00:24:42.748-0100: 7.370: Total time for which application threads were stopped: 0.0000610 seconds
2015-04-04T00:24:42.749-0100: 7.372: Total time for which application threads were stopped: 0.0001010 seconds
2015-04-04T00:24:42.750-0100: 7.372: Total time for which application threads were stopped: 0.0000500 seconds
2015-04-04T00:24:42.758-0100: 7.380: Total time for which application threads were stopped: 0.0001240 seconds
2015-04-04T00:24:42.931-0100: 7.553: Total time for which application threads were stopped: 0.0002230 seconds
2015-04-04T00:24:43.959-0100: 8.582: Total time for which application threads were stopped: 0.0001900 seconds
2015-04-04T00:24:44.075-0100: 8.697: Total time for which application threads were stopped: 0.0002230 seconds
2015-04-04T00:24:44.110-0100: 8.733: Total time for which application threads were stopped: 0.0001220 seconds
2015-04-04T00:24:44.113-0100: 8.735: Total time for which application threads were stopped: 0.0000870 seconds
2015-04-04T00:24:44.183-0100: 8.806: Total time for which application threads were stopped: 0.0105340 seconds
2015-04-04T00:24:44.184-0100: 8.807: Total time for which application threads were stopped: 0.0000980 seconds
2015-04-04T00:24:44.322-0100: 8.945: Total time for which application threads were stopped: 0.0001130 seconds
2015-04-04T00:24:44.949-0100: 9.571: Total time for which application threads were stopped: 0.0002640 seconds
2015-04-04T00:24:44.951-0100: 9.573: Total time for which application threads were stopped: 0.0001170 seconds
2015-04-04T00:24:44.951-0100: 9.574: Total time for which application threads were stopped: 0.0000620 seconds
2015-04-04T00:24:44.952-0100: 9.574: Total time for which application threads were stopped: 0.0000780 seconds
2015-04-04T00:24:44.954-0100: 9.576: Total time for which application threads were stopped: 0.0002330 seconds
2015-04-04T00:24:44.954-0100: 9.576: Total time for which application threads were stopped: 0.0000660 seconds
2015-04-04T00:24:44.954-0100: 9.576: Total time for which application threads were stopped: 0.0000690 seconds
2015-04-04T00:24:44.954-0100: 9.577: Total time for which application threads were stopped: 0.0000830 seconds
2015-04-04T00:24:44.954-0100: 9.577: Total time for which application threads were stopped: 0.0000680 seconds
2015-04-04T00:24:44.955-0100: 9.577: Total time for which application threads were stopped: 0.0000960 seconds
2015-04-04T00:24:44.955-0100: 9.578: Total time for which application threads were stopped: 0.0000800 seconds
2015-04-04T00:24:44.955-0100: 9.578: Total time for which application threads were stopped: 0.0000660 seconds
2015-04-04T00:24:44.956-0100: 9.578: Total time for which application threads were stopped: 0.0000920 seconds
2015-04-04T00:24:44.956-0100: 9.578: Total time for which application threads were stopped: 0.0000840 seconds
2015-04-04T00:24:44.956-0100: 9.579: Total time for which application threads were stopped: 0.0000740 seconds
2015-04-04T00:24:44.957-0100: 9.579: Total time for which application threads were stopped: 0.0000620 seconds
2015-04-04T00:24:44.957-0100: 9.579: Total time for which application threads were stopped: 0.0000960 seconds
2015-04-04T00:24:44.960-0100: 9.582: Total time for which application threads were stopped: 0.0000940 seconds
2015-04-04T00:24:44.962-0100: 9.585: Total time for which application threads were stopped: 0.0002790 seconds
2015-04-04T00:24:44.964-0100: 9.587: Total time for which application threads were stopped: 0.0001000 seconds
2015-04-04T00:24:45.069-0100: 9.692: Total time for which application threads were stopped: 0.0002920 seconds
{Heap before GC invocations=1 (full 0):
 par new generation   total 109248K, used 99031K [0x00000007dae00000, 0x00000007e2e00000, 0x00000007e2e00000)
  eden space 87424K, 100% used [0x00000007dae00000, 0x00000007e0360000, 0x00000007e0360000)
  from space 21824K,  53% used [0x00000007e18b0000, 0x00000007e2405e28, 0x00000007e2e00000)
  to   space 21824K,   0% used [0x00000007e0360000, 0x00000007e0360000, 0x00000007e18b0000)
 concurrent mark-sweep generation total 393216K, used 0K [0x00000007e2e00000, 0x00000007fae00000, 0x00000007fae00000)
 concurrent-mark-sweep perm gen total 21248K, used 19452K [0x00000007fae00000, 0x00000007fc2c0000, 0x0000000800000000)
2015-04-04T00:24:45.289-0100: 9.911: [GC2015-04-04T00:24:45.289-0100: 9.911: [ParNew
Desired survivor size 20112992 bytes, new threshold 8 (max 8)
- age   1:    4037520 bytes,    4037520 total
- age   2:    4094128 bytes,    8131648 total
: 99031K->13333K(109248K), 0.0232250 secs] 99031K->13333K(502464K), 0.0233030 secs] [Times: user=0.03 sys=0.01, real=0.03 secs] 
Heap after GC invocations=2 (full 0):
 par new generation   total 109248K, used 13333K [0x00000007dae00000, 0x00000007e2e00000, 0x00000007e2e00000)
  eden space 87424K,   0% used [0x00000007dae00000, 0x00000007dae00000, 0x00000007e0360000)
  from space 21824K,  61% used [0x00000007e0360000, 0x00000007e1065480, 0x00000007e18b0000)
  to   space 21824K,   0% used [0x00000007e18b0000, 0x00000007e18b0000, 0x00000007e2e00000)
 concurrent mark-sweep generation total 393216K, used 0K [0x00000007e2e00000, 0x00000007fae00000, 0x00000007fae00000)
 concurrent-mark-sweep perm gen total 21248K, used 19452K [0x00000007fae00000, 0x00000007fc2c0000, 0x0000000800000000)
}
2015-04-04T00:24:45.312-0100: 9.934: Total time for which application threads were stopped: 0.0234910 seconds
2015-04-04T00:24:45.312-0100: 9.935: Total time for which application threads were stopped: 0.0000550 seconds
2015-04-04T00:24:45.312-0100: 9.935: Total time for which application threads were stopped: 0.0000530 seconds
2015-04-04T00:24:45.312-0100: 9.935: Total time for which application threads were stopped: 0.0000460 seconds
2015-04-04T00:24:45.312-0100: 9.935: Total time for which application threads were stopped: 0.0000530 seconds
2015-04-04T00:24:45.312-0100: 9.935: Total time for which application threads were stopped: 0.0000460 seconds
2015-04-04T00:24:45.313-0100: 9.935: Total time for which application threads were stopped: 0.0000500 seconds
2015-04-04T00:24:45.313-0100: 9.935: Total time for which application threads were stopped: 0.0000470 seconds
2015-04-04T00:24:45.313-0100: 9.935: Total time for which application threads were stopped: 0.0000490 seconds
2015-04-04T00:24:45.313-0100: 9.935: Total time for which application threads were stopped: 0.0000390 seconds
2015-04-04T00:24:45.313-0100: 9.935: Total time for which application threads were stopped: 0.0001080 seconds
2015-04-04T00:24:45.313-0100: 9.935: Total time for which application threads were stopped: 0.0000500 seconds
2015-04-04T00:24:45.313-0100: 9.936: Total time for which application threads were stopped: 0.0000490 seconds
2015-04-04T00:24:45.313-0100: 9.936: Total time for which application threads were stopped: 0.0000400 seconds
2015-04-04T00:24:45.314-0100: 9.936: Total time for which application threads were stopped: 0.0000570 seconds
2015-04-04T00:24:45.314-0100: 9.936: Total time for which application threads were stopped: 0.0000450 seconds
2015-04-04T00:24:45.314-0100: 9.936: Total time for which application threads were stopped: 0.0000430 seconds
2015-04-04T00:24:45.314-0100: 9.936: Total time for which application threads were stopped: 0.0000560 seconds
2015-04-04T00:24:45.314-0100: 9.936: Total time for which application threads were stopped: 0.0000380 seconds
2015-04-04T00:24:45.314-0100: 9.936: Total time for which application threads were stopped: 0.0000580 seconds
2015-04-04T00:24:45.314-0100: 9.937: Total time for which application threads were stopped: 0.0001680 seconds
2015-04-04T00:24:45.314-0100: 9.937: Total time for which application threads were stopped: 0.0000400 seconds
2015-04-04T00:24:45.314-0100: 9.937: Total time for which application threads were stopped: 0.0001020 seconds
2015-04-04T00:24:45.314-0100: 9.937: Total time for which application threads were stopped: 0.0000420 seconds
2015-04-04T00:24:45.315-0100: 9.937: Total time for which application threads were stopped: 0.0002400 seconds
2015-04-04T00:24:45.315-0100: 9.937: Total time for which application threads were stopped: 0.0000310 seconds
2015-04-04T00:24:45.315-0100: 9.937: Total time for which application threads were stopped: 0.0000500 seconds
2015-04-04T00:24:45.315-0100: 9.937: Total time for which application threads were stopped: 0.0000540 seconds
2015-04-04T00:24:45.315-0100: 9.937: Total time for which application threads were stopped: 0.0000530 seconds
2015-04-04T00:24:45.315-0100: 9.938: Total time for which application threads were stopped: 0.0000550 seconds
2015-04-04T00:24:45.315-0100: 9.938: Total time for which application threads were stopped: 0.0000530 seconds
2015-04-04T00:24:45.315-0100: 9.938: Total time for which application threads were stopped: 0.0000930 seconds
2015-04-04T00:24:45.316-0100: 9.938: Total time for which application threads were stopped: 0.0000470 seconds
2015-04-04T00:24:45.316-0100: 9.938: Total time for which application threads were stopped: 0.0000980 seconds
2015-04-04T00:24:45.316-0100: 9.938: Total time for which application threads were stopped: 0.0000570 seconds
2015-04-04T00:24:45.316-0100: 9.938: Total time for which application threads were stopped: 0.0002420 seconds
2015-04-04T00:24:45.316-0100: 9.939: Total time for which application threads were stopped: 0.0000310 seconds
2015-04-04T00:24:45.316-0100: 9.939: Total time for which application threads were stopped: 0.0000570 seconds
2015-04-04T00:24:45.316-0100: 9.939: Total time for which application threads were stopped: 0.0000600 seconds
2015-04-04T00:24:45.316-0100: 9.939: Total time for which application threads were stopped: 0.0000520 seconds
2015-04-04T00:24:45.317-0100: 9.939: Total time for which application threads were stopped: 0.0001510 seconds
2015-04-04T00:24:45.318-0100: 9.941: Total time for which application threads were stopped: 0.0001770 seconds
2015-04-04T00:24:45.319-0100: 9.941: Total time for which application threads were stopped: 0.0004410 seconds
2015-04-04T00:24:45.426-0100: 10.048: Total time for which application threads were stopped: 0.0105670 seconds
2015-04-04T00:24:45.427-0100: 10.050: Total time for which application threads were stopped: 0.0001080 seconds
2015-04-04T00:24:45.818-0100: 10.440: Total time for which application threads were stopped: 0.0001810 seconds
2015-04-04T00:24:45.820-0100: 10.442: Total time for which application threads were stopped: 0.0005940 seconds
2015-04-04T00:24:45.820-0100: 10.442: Total time for which application threads were stopped: 0.0000880 seconds
2015-04-04T00:24:45.820-0100: 10.443: Total time for which application threads were stopped: 0.0000770 seconds
2015-04-04T00:24:45.821-0100: 10.443: Total time for which application threads were stopped: 0.0000600 seconds
2015-04-04T00:24:45.821-0100: 10.443: Total time for which application threads were stopped: 0.0000630 seconds
2015-04-04T00:24:45.821-0100: 10.443: Total time for which application threads were stopped: 0.0000700 seconds
2015-04-04T00:24:45.821-0100: 10.444: Total time for which application threads were stopped: 0.0000590 seconds
2015-04-04T00:24:45.831-0100: 10.453: Total time for which application threads were stopped: 0.0002400 seconds
2015-04-04T00:24:45.831-0100: 10.453: Total time for which application threads were stopped: 0.0001500 seconds
2015-04-04T00:24:45.832-0100: 10.454: Total time for which application threads were stopped: 0.0001070 seconds
2015-04-04T00:24:45.833-0100: 10.456: Total time for which application threads were stopped: 0.0002160 seconds
2015-04-04T00:24:45.835-0100: 10.458: Total time for which application threads were stopped: 0.0001940 seconds
2015-04-04T00:24:45.837-0100: 10.460: Total time for which application threads were stopped: 0.0001680 seconds
2015-04-04T00:24:45.858-0100: 10.480: Total time for which application threads were stopped: 0.0001690 seconds
2015-04-04T00:24:45.870-0100: 10.493: Total time for which application threads were stopped: 0.0001500 seconds
2015-04-04T00:24:45.874-0100: 10.497: Total time for which application threads were stopped: 0.0000910 seconds
2015-04-04T00:24:45.875-0100: 10.497: Total time for which application threads were stopped: 0.0000570 seconds
2015-04-04T00:24:45.875-0100: 10.497: Total time for which application threads were stopped: 0.0000630 seconds
2015-04-04T00:24:45.875-0100: 10.498: Total time for which application threads were stopped: 0.0000770 seconds
2015-04-04T00:24:45.875-0100: 10.498: Total time for which application threads were stopped: 0.0000780 seconds
2015-04-04T00:24:45.876-0100: 10.498: Total time for which application threads were stopped: 0.0000570 seconds
2015-04-04T00:24:45.876-0100: 10.499: Total time for which application threads were stopped: 0.0000810 seconds
2015-04-04T00:24:45.887-0100: 10.509: Total time for which application threads were stopped: 0.0001840 seconds
2015-04-04T00:24:45.887-0100: 10.510: Total time for which application threads were stopped: 0.0001710 seconds
2015-04-04T00:24:45.918-0100: 10.541: Total time for which application threads were stopped: 0.0003420 seconds
{Heap before GC invocations=2 (full 0):
 par new generation   total 109248K, used 100757K [0x00000007dae00000, 0x00000007e2e00000, 0x00000007e2e00000)
  eden space 87424K, 100% used [0x00000007dae00000, 0x00000007e0360000, 0x00000007e0360000)
  from space 21824K,  61% used [0x00000007e0360000, 0x00000007e1065480, 0x00000007e18b0000)
  to   space 21824K,   0% used [0x00000007e18b0000, 0x00000007e18b0000, 0x00000007e2e00000)
 concurrent mark-sweep generation total 393216K, used 0K [0x00000007e2e00000, 0x00000007fae00000, 0x00000007fae00000)
 concurrent-mark-sweep perm gen total 21248K, used 19927K [0x00000007fae00000, 0x00000007fc2c0000, 0x0000000800000000)
2015-04-04T00:24:46.463-0100: 11.086: [GC2015-04-04T00:24:46.463-0100: 11.086: [ParNew
Desired survivor size 20112992 bytes, new threshold 8 (max 8)
- age   1:    2555496 bytes,    2555496 total
- age   2:    1780208 bytes,    4335704 total
- age   3:    4063488 bytes,    8399192 total
: 100757K->10042K(109248K), 0.0199050 secs] 100757K->10042K(502464K), 0.0200050 secs] [Times: user=0.04 sys=0.00, real=0.02 secs] 
Heap after GC invocations=3 (full 0):
 par new generation   total 109248K, used 10042K [0x00000007dae00000, 0x00000007e2e00000, 0x00000007e2e00000)
  eden space 87424K,   0% used [0x00000007dae00000, 0x00000007dae00000, 0x00000007e0360000)
  from space 21824K,  46% used [0x00000007e18b0000, 0x00000007e227eaf8, 0x00000007e2e00000)
  to   space 21824K,   0% used [0x00000007e0360000, 0x00000007e0360000, 0x00000007e18b0000)
 concurrent mark-sweep generation total 393216K, used 0K [0x00000007e2e00000, 0x00000007fae00000, 0x00000007fae00000)
 concurrent-mark-sweep perm gen total 21248K, used 19927K [0x00000007fae00000, 0x00000007fc2c0000, 0x0000000800000000)
}
2015-04-04T00:24:46.483-0100: 11.106: Total time for which application threads were stopped: 0.0202870 seconds
2015-04-04T00:24:46.484-0100: 11.106: Total time for which application threads were stopped: 0.0000890 seconds
2015-04-04T00:24:46.484-0100: 11.106: Total time for which application threads were stopped: 0.0000700 seconds
{Heap before GC invocations=3 (full 0):
 par new generation   total 109248K, used 97466K [0x00000007dae00000, 0x00000007e2e00000, 0x00000007e2e00000)
  eden space 87424K, 100% used [0x00000007dae00000, 0x00000007e0360000, 0x00000007e0360000)
  from space 21824K,  46% used [0x00000007e18b0000, 0x00000007e227eaf8, 0x00000007e2e00000)
  to   space 21824K,   0% used [0x00000007e0360000, 0x00000007e0360000, 0x00000007e18b0000)
 concurrent mark-sweep generation total 393216K, used 0K [0x00000007e2e00000, 0x00000007fae00000, 0x00000007fae00000)
 concurrent-mark-sweep perm gen total 21248K, used 20732K [0x00000007fae00000, 0x00000007fc2c0000, 0x0000000800000000)
2015-04-04T00:24:47.128-0100: 11.751: [GC2015-04-04T00:24:47.128-0100: 11.751: [ParNew
Desired survivor size 20112992 bytes, new threshold 8 (max 8)
- age   1:     955168 bytes,     955168 total
- age   2:    1664744 bytes,    2619912 total
- age   3:    1760032 bytes,    4379944 total
- age   4:    4062344 bytes,    8442288 total
: 97466K->12363K(109248K), 0.0392040 secs] 97466K->12363K(502464K), 0.0393310 secs] [Times: user=0.05 sys=0.00, real=0.04 secs] 
Heap after GC invocations=4 (full 0):
 par new generation   total 109248K, used 12363K [0x00000007dae00000, 0x00000007e2e00000, 0x00000007e2e00000)
  eden space 87424K,   0% used [0x00000007dae00000, 0x00000007dae00000, 0x00000007e0360000)
  from space 21824K,  56% used [0x00000007e0360000, 0x00000007e0f72cd0, 0x00000007e18b0000)
  to   space 21824K,   0% used [0x00000007e18b0000, 0x00000007e18b0000, 0x00000007e2e00000)
 concurrent mark-sweep generation total 393216K, used 0K [0x00000007e2e00000, 0x00000007fae00000, 0x00000007fae00000)
 concurrent-mark-sweep perm gen total 21248K, used 20732K [0x00000007fae00000, 0x00000007fc2c0000, 0x0000000800000000)
}
2015-04-04T00:24:47.168-0100: 11.790: Total time for which application threads were stopped: 0.0397100 seconds
{Heap before GC invocations=4 (full 0):
 par new generation   total 109248K, used 99787K [0x00000007dae00000, 0x00000007e2e00000, 0x00000007e2e00000)
  eden space 87424K, 100% used [0x00000007dae00000, 0x00000007e0360000, 0x00000007e0360000)
  from space 21824K,  56% used [0x00000007e0360000, 0x00000007e0f72cd0, 0x00000007e18b0000)
  to   space 21824K,   0% used [0x00000007e18b0000, 0x00000007e18b0000, 0x00000007e2e00000)
 concurrent mark-sweep generation total 393216K, used 0K [0x00000007e2e00000, 0x00000007fae00000, 0x00000007fae00000)
 concurrent-mark-sweep perm gen total 21248K, used 20800K [0x00000007fae00000, 0x00000007fc2c0000, 0x0000000800000000)
2015-04-04T00:24:47.834-0100: 12.457: [GC2015-04-04T00:24:47.834-0100: 12.457: [ParNew
Desired survivor size 20112992 bytes, new threshold 8 (max 8)
- age   1:     467104 bytes,     467104 total
- age   2:     157744 bytes,     624848 total
- age   3:    1664648 bytes,    2289496 total
- age   4:    1760032 bytes,    4049528 total
- age   5:    4062192 bytes,    8111720 total
: 99787K->10930K(109248K), 0.0203600 secs] 99787K->10930K(502464K), 0.0204960 secs] [Times: user=0.03 sys=0.00, real=0.02 secs] 
Heap after GC invocations=5 (full 0):
 par new generation   total 109248K, used 10930K [0x00000007dae00000, 0x00000007e2e00000, 0x00000007e2e00000)
  eden space 87424K,   0% used [0x00000007dae00000, 0x00000007dae00000, 0x00000007e0360000)
  from space 21824K,  50% used [0x00000007e18b0000, 0x00000007e235c808, 0x00000007e2e00000)
  to   space 21824K,   0% used [0x00000007e0360000, 0x00000007e0360000, 0x00000007e18b0000)
 concurrent mark-sweep generation total 393216K, used 0K [0x00000007e2e00000, 0x00000007fae00000, 0x00000007fae00000)
 concurrent-mark-sweep perm gen total 21248K, used 20800K [0x00000007fae00000, 0x00000007fc2c0000, 0x0000000800000000)
}
2015-04-04T00:24:47.855-0100: 12.477: Total time for which application threads were stopped: 0.0209350 seconds
{Heap before GC invocations=5 (full 0):
 par new generation   total 109248K, used 98354K [0x00000007dae00000, 0x00000007e2e00000, 0x00000007e2e00000)
  eden space 87424K, 100% used [0x00000007dae00000, 0x00000007e0360000, 0x00000007e0360000)
  from space 21824K,  50% used [0x00000007e18b0000, 0x00000007e235c808, 0x00000007e2e00000)
  to   space 21824K,   0% used [0x00000007e0360000, 0x00000007e0360000, 0x00000007e18b0000)
 concurrent mark-sweep generation total 393216K, used 0K [0x00000007e2e00000, 0x00000007fae00000, 0x00000007fae00000)
 concurrent-mark-sweep perm gen total 21632K, used 21609K [0x00000007fae00000, 0x00000007fc320000, 0x0000000800000000)
2015-04-04T00:24:48.659-0100: 13.282: [GC2015-04-04T00:24:48.659-0100: 13.282: [ParNew
Desired survivor size 20112992 bytes, new threshold 8 (max 8)
- age   1:     573200 bytes,     573200 total
- age   2:      88336 bytes,     661536 total
- age   3:     157352 bytes,     818888 total
- age   4:    1663968 bytes,    2482856 total
- age   5:    1759936 bytes,    4242792 total
- age   6:    4056072 bytes,    8298864 total
: 98354K->9416K(109248K), 0.0195510 secs] 98354K->9416K(502464K), 0.0196270 secs] [Times: user=0.04 sys=0.01, real=0.02 secs] 
Heap after GC invocations=6 (full 0):
 par new generation   total 109248K, used 9416K [0x00000007dae00000, 0x00000007e2e00000, 0x00000007e2e00000)
  eden space 87424K,   0% used [0x00000007dae00000, 0x00000007dae00000, 0x00000007e0360000)
  from space 21824K,  43% used [0x00000007e0360000, 0x00000007e0c92148, 0x00000007e18b0000)
  to   space 21824K,   0% used [0x00000007e18b0000, 0x00000007e18b0000, 0x00000007e2e00000)
 concurrent mark-sweep generation total 393216K, used 0K [0x00000007e2e00000, 0x00000007fae00000, 0x00000007fae00000)
 concurrent-mark-sweep perm gen total 21632K, used 21609K [0x00000007fae00000, 0x00000007fc320000, 0x0000000800000000)
}
2015-04-04T00:24:48.679-0100: 13.301: Total time for which application threads were stopped: 0.0198690 seconds
2015-04-04T00:24:48.683-0100: 13.305: Total time for which application threads were stopped: 0.0001360 seconds
2015-04-04T00:24:48.828-0100: 13.451: Total time for which application threads were stopped: 0.0001480 seconds
2015-04-04T00:24:48.836-0100: 13.459: Total time for which application threads were stopped: 0.0001290 seconds
2015-04-04T00:24:48.841-0100: 13.464: Total time for which application threads were stopped: 0.0003060 seconds
2015-04-04T00:24:48.980-0100: 13.603: Total time for which application threads were stopped: 0.0001180 seconds
2015-04-04T00:24:49.013-0100: 13.636: Total time for which application threads were stopped: 0.0001990 seconds
2015-04-04T00:24:49.080-0100: 13.702: Total time for which application threads were stopped: 0.0105610 seconds
2015-04-04T00:24:49.104-0100: 13.726: Total time for which application threads were stopped: 0.0002530 seconds
2015-04-04T00:24:49.105-0100: 13.728: Total time for which application threads were stopped: 0.0001470 seconds
2015-04-04T00:24:49.218-0100: 13.840: Total time for which application threads were stopped: 0.0082950 seconds
2015-04-04T00:24:49.246-0100: 13.868: Total time for which application threads were stopped: 0.0078870 seconds
2015-04-04T00:24:49.256-0100: 13.878: Total time for which application threads were stopped: 0.0001080 seconds
2015-04-04T00:24:49.258-0100: 13.880: Total time for which application threads were stopped: 0.0001100 seconds
2015-04-04T00:24:49.326-0100: 13.948: Total time for which application threads were stopped: 0.0003120 seconds
2015-04-04T00:24:49.330-0100: 13.952: Total time for which application threads were stopped: 0.0001040 seconds
2015-04-04T00:24:49.336-0100: 13.958: Total time for which application threads were stopped: 0.0001270 seconds
2015-04-04T00:24:49.345-0100: 13.967: Total time for which application threads were stopped: 0.0001130 seconds
2015-04-04T00:24:49.439-0100: 14.061: Total time for which application threads were stopped: 0.0002610 seconds
2015-04-04T00:24:49.446-0100: 14.068: Total time for which application threads were stopped: 0.0001050 seconds
2015-04-04T00:24:49.446-0100: 14.069: Total time for which application threads were stopped: 0.0001000 seconds
2015-04-04T00:24:49.447-0100: 14.070: Total time for which application threads were stopped: 0.0000820 seconds
2015-04-04T00:24:49.448-0100: 14.070: Total time for which application threads were stopped: 0.0000720 seconds
2015-04-04T00:24:49.448-0100: 14.070: Total time for which application threads were stopped: 0.0001400 seconds
2015-04-04T00:24:49.455-0100: 14.077: Total time for which application threads were stopped: 0.0000970 seconds
2015-04-04T00:24:49.471-0100: 14.093: Total time for which application threads were stopped: 0.0001730 seconds
2015-04-04T00:24:49.507-0100: 14.130: Total time for which application threads were stopped: 0.0002720 seconds
2015-04-04T00:24:49.512-0100: 14.134: Total time for which application threads were stopped: 0.0000950 seconds
2015-04-04T00:24:49.579-0100: 14.201: Total time for which application threads were stopped: 0.0005240 seconds
2015-04-04T00:24:49.582-0100: 14.204: Total time for which application threads were stopped: 0.0000850 seconds
2015-04-04T00:24:49.583-0100: 14.205: Total time for which application threads were stopped: 0.0000770 seconds
2015-04-04T00:24:49.597-0100: 14.220: Total time for which application threads were stopped: 0.0001160 seconds
2015-04-04T00:24:49.663-0100: 14.285: Total time for which application threads were stopped: 0.0001720 seconds
2015-04-04T00:24:49.671-0100: 14.293: Total time for which application threads were stopped: 0.0000740 seconds
2015-04-04T00:24:49.672-0100: 14.295: Total time for which application threads were stopped: 0.0001080 seconds
2015-04-04T00:24:49.673-0100: 14.295: Total time for which application threads were stopped: 0.0000690 seconds
2015-04-04T00:24:49.955-0100: 14.577: Total time for which application threads were stopped: 0.0003690 seconds
2015-04-04T00:24:49.970-0100: 14.593: Total time for which application threads were stopped: 0.0001070 seconds
2015-04-04T00:24:49.974-0100: 14.596: Total time for which application threads were stopped: 0.0001000 seconds
2015-04-04T00:24:49.983-0100: 14.605: Total time for which application threads were stopped: 0.0001470 seconds
2015-04-04T00:24:49.983-0100: 14.605: Total time for which application threads were stopped: 0.0000830 seconds
2015-04-04T00:24:49.985-0100: 14.608: Total time for which application threads were stopped: 0.0001100 seconds
2015-04-04T00:24:50.037-0100: 14.659: Total time for which application threads were stopped: 0.0075200 seconds
2015-04-04T00:24:50.038-0100: 14.660: Total time for which application threads were stopped: 0.0001180 seconds
2015-04-04T00:24:50.038-0100: 14.661: Total time for which application threads were stopped: 0.0001420 seconds
2015-04-04T00:24:50.039-0100: 14.661: Total time for which application threads were stopped: 0.0001070 seconds
2015-04-04T00:24:50.050-0100: 14.672: Total time for which application threads were stopped: 0.0000880 seconds
2015-04-04T00:24:50.066-0100: 14.688: Total time for which application threads were stopped: 0.0001800 seconds
2015-04-04T00:24:50.086-0100: 14.709: Total time for which application threads were stopped: 0.0002010 seconds
2015-04-04T00:24:50.139-0100: 14.761: Total time for which application threads were stopped: 0.0105210 seconds
2015-04-04T00:24:50.214-0100: 14.836: Total time for which application threads were stopped: 0.0000960 seconds
2015-04-04T00:24:50.289-0100: 14.912: Total time for which application threads were stopped: 0.0003840 seconds
2015-04-04T00:24:50.388-0100: 15.010: Total time for which application threads were stopped: 0.0001710 seconds
2015-04-04T00:24:50.411-0100: 15.034: Total time for which application threads were stopped: 0.0005020 seconds
2015-04-04T00:24:50.412-0100: 15.034: Total time for which application threads were stopped: 0.0001560 seconds
2015-04-04T00:24:50.412-0100: 15.034: Total time for which application threads were stopped: 0.0001370 seconds
2015-04-04T00:24:50.438-0100: 15.060: Total time for which application threads were stopped: 0.0000980 seconds
2015-04-04T00:24:50.454-0100: 15.076: Total time for which application threads were stopped: 0.0002260 seconds
2015-04-04T00:24:50.596-0100: 15.218: Total time for which application threads were stopped: 0.0002180 seconds
2015-04-04T00:24:50.616-0100: 15.238: Total time for which application threads were stopped: 0.0001180 seconds
2015-04-04T00:24:50.626-0100: 15.249: Total time for which application threads were stopped: 0.0002540 seconds
2015-04-04T00:24:50.650-0100: 15.272: Total time for which application threads were stopped: 0.0002780 seconds
2015-04-04T00:24:50.653-0100: 15.275: Total time for which application threads were stopped: 0.0002470 seconds
2015-04-04T00:24:50.667-0100: 15.290: Total time for which application threads were stopped: 0.0002670 seconds
2015-04-04T00:24:50.756-0100: 15.379: Total time for which application threads were stopped: 0.0001150 seconds
2015-04-04T00:24:51.207-0100: 15.829: Total time for which application threads were stopped: 0.0003000 seconds
2015-04-04T00:24:51.207-0100: 15.830: Total time for which application threads were stopped: 0.0001040 seconds
2015-04-04T00:24:51.214-0100: 15.837: Total time for which application threads were stopped: 0.0000860 seconds
2015-04-04T00:24:51.258-0100: 15.881: Total time for which application threads were stopped: 0.0000560 seconds
2015-04-04T00:24:51.259-0100: 15.881: Total time for which application threads were stopped: 0.0000300 seconds
2015-04-04T00:24:51.259-0100: 15.882: Total time for which application threads were stopped: 0.0000650 seconds
2015-04-04T00:24:51.773-0100: 16.396: Total time for which application threads were stopped: 0.0009690 seconds
2015-04-04T00:24:51.776-0100: 16.398: Total time for which application threads were stopped: 0.0001980 seconds
2015-04-04T00:24:51.776-0100: 16.399: Total time for which application threads were stopped: 0.0000470 seconds
2015-04-04T00:24:51.777-0100: 16.399: Total time for which application threads were stopped: 0.0000710 seconds
2015-04-04T00:24:51.777-0100: 16.400: Total time for which application threads were stopped: 0.0000760 seconds
2015-04-04T00:24:51.799-0100: 16.421: Total time for which application threads were stopped: 0.0001080 seconds
2015-04-04T00:24:51.813-0100: 16.435: Total time for which application threads were stopped: 0.0001350 seconds
2015-04-04T00:24:51.813-0100: 16.435: Total time for which application threads were stopped: 0.0000530 seconds
2015-04-04T00:24:51.843-0100: 16.466: Total time for which application threads were stopped: 0.0001070 seconds
{Heap before GC invocations=6 (full 0):
 par new generation   total 109248K, used 96840K [0x00000007dae00000, 0x00000007e2e00000, 0x00000007e2e00000)
  eden space 87424K, 100% used [0x00000007dae00000, 0x00000007e0360000, 0x00000007e0360000)
  from space 21824K,  43% used [0x00000007e0360000, 0x00000007e0c92148, 0x00000007e18b0000)
  to   space 21824K,   0% used [0x00000007e18b0000, 0x00000007e18b0000, 0x00000007e2e00000)
 concurrent mark-sweep generation total 393216K, used 0K [0x00000007e2e00000, 0x00000007fae00000, 0x00000007fae00000)
 concurrent-mark-sweep perm gen total 27392K, used 27195K [0x00000007fae00000, 0x00000007fc8c0000, 0x0000000800000000)
2015-04-04T00:24:51.853-0100: 16.475: [GC2015-04-04T00:24:51.853-0100: 16.475: [ParNew
Desired survivor size 20112992 bytes, new threshold 8 (max 8)
- age   1:    6551432 bytes,    6551432 total
- age   2:     206656 bytes,    6758088 total
- age   3:      87464 bytes,    6845552 total
- age   4:     155288 bytes,    7000840 total
- age   5:     196872 bytes,    7197712 total
- age   6:    1739432 bytes,    8937144 total
- age   7:    4048176 bytes,   12985320 total
: 96840K->17811K(109248K), 0.0270240 secs] 96840K->17811K(502464K), 0.0271660 secs] [Times: user=0.07 sys=0.01, real=0.03 secs] 
Heap after GC invocations=7 (full 0):
 par new generation   total 109248K, used 17811K [0x00000007dae00000, 0x00000007e2e00000, 0x00000007e2e00000)
  eden space 87424K,   0% used [0x00000007dae00000, 0x00000007dae00000, 0x00000007e0360000)
  from space 21824K,  81% used [0x00000007e18b0000, 0x00000007e2a14c60, 0x00000007e2e00000)
  to   space 21824K,   0% used [0x00000007e0360000, 0x00000007e0360000, 0x00000007e18b0000)
 concurrent mark-sweep generation total 393216K, used 0K [0x00000007e2e00000, 0x00000007fae00000, 0x00000007fae00000)
 concurrent-mark-sweep perm gen total 27392K, used 27195K [0x00000007fae00000, 0x00000007fc8c0000, 0x0000000800000000)
}
2015-04-04T00:24:51.880-0100: 16.503: Total time for which application threads were stopped: 0.0273990 seconds
2015-04-04T00:24:51.923-0100: 16.546: Total time for which application threads were stopped: 0.0001580 seconds
2015-04-04T00:24:51.969-0100: 16.592: Total time for which application threads were stopped: 0.0002680 seconds
2015-04-04T00:24:51.987-0100: 16.610: Total time for which application threads were stopped: 0.0002200 seconds
2015-04-04T00:24:51.989-0100: 16.611: Total time for which application threads were stopped: 0.0007560 seconds
2015-04-04T00:24:51.989-0100: 16.612: Total time for which application threads were stopped: 0.0001330 seconds
2015-04-04T00:24:54.000-0100: 18.623: Total time for which application threads were stopped: 0.0001400 seconds
2015-04-04T00:24:54.005-0100: 18.628: Total time for which application threads were stopped: 0.0006720 seconds
2015-04-04T00:24:54.010-0100: 18.632: Total time for which application threads were stopped: 0.0000920 seconds
2015-04-04T00:24:54.031-0100: 18.653: Total time for which application threads were stopped: 0.0000690 seconds
2015-04-04T00:24:54.031-0100: 18.654: Total time for which application threads were stopped: 0.0000480 seconds
2015-04-04T00:24:54.049-0100: 18.671: Total time for which application threads were stopped: 0.0000960 seconds
2015-04-04T00:24:54.049-0100: 18.671: Total time for which application threads were stopped: 0.0000470 seconds
2015-04-04T00:24:59.017-0100: 23.639: Total time for which application threads were stopped: 0.0001020 seconds
2015-04-04T00:25:12.972-0100: 37.594: Total time for which application threads were stopped: 0.0002240 seconds
2015-04-04T00:25:12.973-0100: 37.596: Total time for which application threads were stopped: 0.0000740 seconds
2015-04-04T00:25:12.974-0100: 37.597: Total time for which application threads were stopped: 0.0000660 seconds
2015-04-04T00:25:12.975-0100: 37.598: Total time for which application threads were stopped: 0.0000680 seconds
2015-04-04T00:25:13.006-0100: 37.628: Total time for which application threads were stopped: 0.0009240 seconds
2015-04-04T00:25:13.134-0100: 37.757: Total time for which application threads were stopped: 0.0001740 seconds
2015-04-04T00:25:13.134-0100: 37.757: Total time for which application threads were stopped: 0.0000700 seconds
2015-04-04T00:25:13.134-0100: 37.757: Total time for which application threads were stopped: 0.0000730 seconds
{Heap before GC invocations=7 (full 0):
 par new generation   total 109248K, used 105235K [0x00000007dae00000, 0x00000007e2e00000, 0x00000007e2e00000)
  eden space 87424K, 100% used [0x00000007dae00000, 0x00000007e0360000, 0x00000007e0360000)
  from space 21824K,  81% used [0x00000007e18b0000, 0x00000007e2a14c60, 0x00000007e2e00000)
  to   space 21824K,   0% used [0x00000007e0360000, 0x00000007e0360000, 0x00000007e18b0000)
 concurrent mark-sweep generation total 393216K, used 0K [0x00000007e2e00000, 0x00000007fae00000, 0x00000007fae00000)
 concurrent-mark-sweep perm gen total 28544K, used 28412K [0x00000007fae00000, 0x00000007fc9e0000, 0x0000000800000000)
2015-04-04T00:25:13.477-0100: 38.099: [GC2015-04-04T00:25:13.477-0100: 38.099: [ParNew
Desired survivor size 20112992 bytes, new threshold 8 (max 8)
- age   1:    2463032 bytes,    2463032 total
- age   2:    2239088 bytes,    4702120 total
- age   3:     206656 bytes,    4908776 total
- age   4:      87464 bytes,    4996240 total
- age   5:     155288 bytes,    5151528 total
- age   6:     196640 bytes,    5348168 total
- age   7:    1739320 bytes,    7087488 total
- age   8:    4048152 bytes,   11135640 total
: 105235K->16341K(109248K), 0.0427260 secs] 105235K->16341K(502464K), 0.0428580 secs] [Times: user=0.07 sys=0.01, real=0.04 secs] 
Heap after GC invocations=8 (full 0):
 par new generation   total 109248K, used 16341K [0x00000007dae00000, 0x00000007e2e00000, 0x00000007e2e00000)
  eden space 87424K,   0% used [0x00000007dae00000, 0x00000007dae00000, 0x00000007e0360000)
  from space 21824K,  74% used [0x00000007e0360000, 0x00000007e13554b0, 0x00000007e18b0000)
  to   space 21824K,   0% used [0x00000007e18b0000, 0x00000007e18b0000, 0x00000007e2e00000)
 concurrent mark-sweep generation total 393216K, used 0K [0x00000007e2e00000, 0x00000007fae00000, 0x00000007fae00000)
 concurrent-mark-sweep perm gen total 28544K, used 28412K [0x00000007fae00000, 0x00000007fc9e0000, 0x0000000800000000)
}
2015-04-04T00:25:13.520-0100: 38.142: Total time for which application threads were stopped: 0.0432040 seconds
{Heap before GC invocations=8 (full 0):
 par new generation   total 109248K, used 103765K [0x00000007dae00000, 0x00000007e2e00000, 0x00000007e2e00000)
  eden space 87424K, 100% used [0x00000007dae00000, 0x00000007e0360000, 0x00000007e0360000)
  from space 21824K,  74% used [0x00000007e0360000, 0x00000007e13554b0, 0x00000007e18b0000)
  to   space 21824K,   0% used [0x00000007e18b0000, 0x00000007e18b0000, 0x00000007e2e00000)
 concurrent mark-sweep generation total 393216K, used 0K [0x00000007e2e00000, 0x00000007fae00000, 0x00000007fae00000)
 concurrent-mark-sweep perm gen total 28544K, used 28441K [0x00000007fae00000, 0x00000007fc9e0000, 0x0000000800000000)
2015-04-04T00:25:14.107-0100: 38.730: [GC2015-04-04T00:25:14.107-0100: 38.730: [ParNew
Desired survivor size 20112992 bytes, new threshold 8 (max 8)
- age   1:     525640 bytes,     525640 total
- age   2:    1511320 bytes,    2036960 total
- age   3:    2237648 bytes,    4274608 total
- age   4:     206656 bytes,    4481264 total
- age   5:      87464 bytes,    4568728 total
- age   6:     155000 bytes,    4723728 total
- age   7:     196448 bytes,    4920176 total
- age   8:    1739320 bytes,    6659496 total
: 103765K->8705K(109248K), 0.0347470 secs] 103765K->13086K(502464K), 0.0348750 secs] [Times: user=0.10 sys=0.01, real=0.04 secs] 
Heap after GC invocations=9 (full 0):
 par new generation   total 109248K, used 8705K [0x00000007dae00000, 0x00000007e2e00000, 0x00000007e2e00000)
  eden space 87424K,   0% used [0x00000007dae00000, 0x00000007dae00000, 0x00000007e0360000)
  from space 21824K,  39% used [0x00000007e18b0000, 0x00000007e2130600, 0x00000007e2e00000)
  to   space 21824K,   0% used [0x00000007e0360000, 0x00000007e0360000, 0x00000007e18b0000)
 concurrent mark-sweep generation total 393216K, used 4380K [0x00000007e2e00000, 0x00000007fae00000, 0x00000007fae00000)
 concurrent-mark-sweep perm gen total 28544K, used 28441K [0x00000007fae00000, 0x00000007fc9e0000, 0x0000000800000000)
}
2015-04-04T00:25:14.142-0100: 38.765: Total time for which application threads were stopped: 0.0357360 seconds
{Heap before GC invocations=9 (full 0):
 par new generation   total 109248K, used 96129K [0x00000007dae00000, 0x00000007e2e00000, 0x00000007e2e00000)
  eden space 87424K, 100% used [0x00000007dae00000, 0x00000007e0360000, 0x00000007e0360000)
  from space 21824K,  39% used [0x00000007e18b0000, 0x00000007e2130600, 0x00000007e2e00000)
  to   space 21824K,   0% used [0x00000007e0360000, 0x00000007e0360000, 0x00000007e18b0000)
 concurrent mark-sweep generation total 393216K, used 4380K [0x00000007e2e00000, 0x00000007fae00000, 0x00000007fae00000)
 concurrent-mark-sweep perm gen total 28544K, used 28461K [0x00000007fae00000, 0x00000007fc9e0000, 0x0000000800000000)
2015-04-04T00:25:14.379-0100: 39.001: [GC2015-04-04T00:25:14.379-0100: 39.002: [ParNew
Desired survivor size 20112992 bytes, new threshold 8 (max 8)
- age   1:     245416 bytes,     245416 total
- age   2:      89240 bytes,     334656 total
- age   3:    1511320 bytes,    1845976 total
- age   4:    2237648 bytes,    4083624 total
- age   5:     206656 bytes,    4290280 total
- age   6:      87368 bytes,    4377648 total
- age   7:     155000 bytes,    4532648 total
- age   8:     196448 bytes,    4729096 total
: 96129K->6172K(109248K), 0.0228020 secs] 100510K->12263K(502464K), 0.0229230 secs] [Times: user=0.05 sys=0.01, real=0.03 secs] 
Heap after GC invocations=10 (full 0):
 par new generation   total 109248K, used 6172K [0x00000007dae00000, 0x00000007e2e00000, 0x00000007e2e00000)
  eden space 87424K,   0% used [0x00000007dae00000, 0x00000007dae00000, 0x00000007e0360000)
  from space 21824K,  28% used [0x00000007e0360000, 0x00000007e09670c8, 0x00000007e18b0000)
  to   space 21824K,   0% used [0x00000007e18b0000, 0x00000007e18b0000, 0x00000007e2e00000)
 concurrent mark-sweep generation total 393216K, used 6091K [0x00000007e2e00000, 0x00000007fae00000, 0x00000007fae00000)
 concurrent-mark-sweep perm gen total 28544K, used 28461K [0x00000007fae00000, 0x00000007fc9e0000, 0x0000000800000000)
}
2015-04-04T00:25:14.402-0100: 39.024: Total time for which application threads were stopped: 0.0249680 seconds
2015-04-04T00:25:14.666-0100: 39.289: Total time for which application threads were stopped: 0.0002960 seconds
2015-04-04T00:25:14.857-0100: 39.480: Total time for which application threads were stopped: 0.0002910 seconds
2015-04-04T00:25:14.858-0100: 39.481: Total time for which application threads were stopped: 0.0002210 seconds
2015-04-04T00:25:14.914-0100: 39.536: Total time for which application threads were stopped: 0.0001170 seconds
2015-04-04T00:25:14.953-0100: 39.576: Total time for which application threads were stopped: 0.0000990 seconds
2015-04-04T00:25:14.984-0100: 39.607: Total time for which application threads were stopped: 0.0000830 seconds
2015-04-04T00:25:14.985-0100: 39.607: Total time for which application threads were stopped: 0.0000580 seconds
2015-04-04T00:25:14.985-0100: 39.607: Total time for which application threads were stopped: 0.0000610 seconds
2015-04-04T00:25:14.985-0100: 39.607: Total time for which application threads were stopped: 0.0000460 seconds
2015-04-04T00:25:14.989-0100: 39.612: Total time for which application threads were stopped: 0.0001240 seconds
2015-04-04T00:25:15.002-0100: 39.625: Total time for which application threads were stopped: 0.0018960 seconds
2015-04-04T00:25:15.004-0100: 39.626: Total time for which application threads were stopped: 0.0001310 seconds
2015-04-04T00:25:15.004-0100: 39.626: Total time for which application threads were stopped: 0.0000680 seconds
2015-04-04T00:25:15.004-0100: 39.626: Total time for which application threads were stopped: 0.0000560 seconds
2015-04-04T00:25:15.004-0100: 39.626: Total time for which application threads were stopped: 0.0000590 seconds
2015-04-04T00:25:15.005-0100: 39.627: Total time for which application threads were stopped: 0.0000850 seconds
2015-04-04T00:25:15.008-0100: 39.631: Total time for which application threads were stopped: 0.0002270 seconds
2015-04-04T00:25:15.009-0100: 39.631: Total time for which application threads were stopped: 0.0001000 seconds
2015-04-04T00:25:15.016-0100: 39.638: Total time for which application threads were stopped: 0.0005930 seconds
2015-04-04T00:25:15.016-0100: 39.639: Total time for which application threads were stopped: 0.0000800 seconds
2015-04-04T00:25:15.122-0100: 39.744: Total time for which application threads were stopped: 0.0001710 seconds
2015-04-04T00:25:15.123-0100: 39.745: Total time for which application threads were stopped: 0.0000910 seconds
2015-04-04T00:25:15.131-0100: 39.753: Total time for which application threads were stopped: 0.0000980 seconds
2015-04-04T00:25:15.136-0100: 39.758: Total time for which application threads were stopped: 0.0032660 seconds
2015-04-04T00:25:15.136-0100: 39.758: Total time for which application threads were stopped: 0.0000410 seconds
2015-04-04T00:25:15.140-0100: 39.762: Total time for which application threads were stopped: 0.0001070 seconds
2015-04-04T00:25:15.140-0100: 39.763: Total time for which application threads were stopped: 0.0001880 seconds
2015-04-04T00:25:15.141-0100: 39.764: Total time for which application threads were stopped: 0.0003200 seconds
2015-04-04T00:25:15.141-0100: 39.764: Total time for which application threads were stopped: 0.0000420 seconds
{Heap before GC invocations=10 (full 0):
 par new generation   total 109248K, used 93596K [0x00000007dae00000, 0x00000007e2e00000, 0x00000007e2e00000)
  eden space 87424K, 100% used [0x00000007dae00000, 0x00000007e0360000, 0x00000007e0360000)
  from space 21824K,  28% used [0x00000007e0360000, 0x00000007e09670c8, 0x00000007e18b0000)
  to   space 21824K,   0% used [0x00000007e18b0000, 0x00000007e18b0000, 0x00000007e2e00000)
 concurrent mark-sweep generation total 393216K, used 6091K [0x00000007e2e00000, 0x00000007fae00000, 0x00000007fae00000)
 concurrent-mark-sweep perm gen total 29696K, used 29523K [0x00000007fae00000, 0x00000007fcb00000, 0x0000000800000000)
2015-04-04T00:25:15.152-0100: 39.774: [GC2015-04-04T00:25:15.152-0100: 39.774: [ParNew
Desired survivor size 20112992 bytes, new threshold 8 (max 8)
- age   1:    4307464 bytes,    4307464 total
- age   2:      87392 bytes,    4394856 total
- age   3:      87112 bytes,    4481968 total
- age   4:     375344 bytes,    4857312 total
- age   5:    2233208 bytes,    7090520 total
- age   6:     195376 bytes,    7285896 total
- age   7:      87368 bytes,    7373264 total
- age   8:     154200 bytes,    7527464 total
: 93596K->8710K(109248K), 0.0088230 secs] 99687K->14995K(502464K), 0.0088770 secs] [Times: user=0.03 sys=0.00, real=0.01 secs] 
Heap after GC invocations=11 (full 0):
 par new generation   total 109248K, used 8710K [0x00000007dae00000, 0x00000007e2e00000, 0x00000007e2e00000)
  eden space 87424K,   0% used [0x00000007dae00000, 0x00000007dae00000, 0x00000007e0360000)
  from space 21824K,  39% used [0x00000007e18b0000, 0x00000007e2131800, 0x00000007e2e00000)
  to   space 21824K,   0% used [0x00000007e0360000, 0x00000007e0360000, 0x00000007e18b0000)
 concurrent mark-sweep generation total 393216K, used 6285K [0x00000007e2e00000, 0x00000007fae00000, 0x00000007fae00000)
 concurrent-mark-sweep perm gen total 29696K, used 29523K [0x00000007fae00000, 0x00000007fcb00000, 0x0000000800000000)
}
2015-04-04T00:25:15.161-0100: 39.783: Total time for which application threads were stopped: 0.0090570 seconds
2015-04-04T00:25:15.174-0100: 39.796: Total time for which application threads were stopped: 0.0001690 seconds
2015-04-04T00:25:15.175-0100: 39.798: Total time for which application threads were stopped: 0.0000650 seconds
2015-04-04T00:25:15.175-0100: 39.798: Total time for which application threads were stopped: 0.0000510 seconds
2015-04-04T00:25:15.176-0100: 39.798: Total time for which application threads were stopped: 0.0000960 seconds
2015-04-04T00:25:15.176-0100: 39.798: Total time for which application threads were stopped: 0.0000660 seconds
2015-04-04T00:25:15.176-0100: 39.798: Total time for which application threads were stopped: 0.0000570 seconds
2015-04-04T00:25:15.176-0100: 39.799: Total time for which application threads were stopped: 0.0000640 seconds
2015-04-04T00:25:41.801-0100: 66.423: Total time for which application threads were stopped: 0.0001680 seconds
2015-04-04T00:26:05.184-0100: 89.806: Total time for which application threads were stopped: 0.0002500 seconds
2015-04-04T00:26:05.184-0100: 89.806: Total time for which application threads were stopped: 0.0000550 seconds
2015-04-04T00:35:13.458-0100: 638.080: Total time for which application threads were stopped: 0.0001180 seconds
2015-04-04T00:35:13.458-0100: 638.081: Total time for which application threads were stopped: 0.0000290 seconds
2015-04-04T00:36:03.495-0100: 688.117: Total time for which application threads were stopped: 0.0001130 seconds
2015-04-04T00:47:01.297-0100: 1345.919: Total time for which application threads were stopped: 0.0003480 seconds
2015-04-04T00:47:01.297-0100: 1345.919: Total time for which application threads were stopped: 0.0000510 seconds
2015-04-04T00:47:27.057-0100: 1371.679: Total time for which application threads were stopped: 0.0002700 seconds
2015-04-04T00:47:27.057-0100: 1371.679: Total time for which application threads were stopped: 0.0000540 seconds
2015-04-04T00:47:27.058-0100: 1371.680: Total time for which application threads were stopped: 0.0000660 seconds
2015-04-04T00:47:27.058-0100: 1371.681: Total time for which application threads were stopped: 0.0000560 seconds
2015-04-04T00:47:27.059-0100: 1371.681: Total time for which application threads were stopped: 0.0001000 seconds
2015-04-04T00:48:17.065-0100: 1421.687: Total time for which application threads were stopped: 0.0004000 seconds
2015-04-04T00:48:17.068-0100: 1421.691: Total time for which application threads were stopped: 0.0000720 seconds
2015-04-04T00:50:34.725-0100: 1559.347: Total time for which application threads were stopped: 0.0003230 seconds
2015-04-04T00:50:34.725-0100: 1559.348: Total time for which application threads were stopped: 0.0000380 seconds
2015-04-04T00:50:34.726-0100: 1559.349: Total time for which application threads were stopped: 0.0000390 seconds
2015-04-04T00:51:24.734-0100: 1609.357: Total time for which application threads were stopped: 0.0003660 seconds
2015-04-04T00:56:03.370-0100: 1887.993: Total time for which application threads were stopped: 0.0003380 seconds
2015-04-04T00:56:03.371-0100: 1887.993: Total time for which application threads were stopped: 0.0000330 seconds
2015-04-04T00:56:53.386-0100: 1938.009: Total time for which application threads were stopped: 0.0003230 seconds
2015-04-04T01:13:42.036-0100: 2946.658: Total time for which application threads were stopped: 0.0022180 seconds
2015-04-04T01:13:42.038-0100: 2946.660: Total time for which application threads were stopped: 0.0000570 seconds
2015-04-04T01:13:42.045-0100: 2946.667: Total time for which application threads were stopped: 0.0001250 seconds
2015-04-04T01:13:42.062-0100: 2946.684: Total time for which application threads were stopped: 0.0000910 seconds
2015-04-04T01:13:42.062-0100: 2946.684: Total time for which application threads were stopped: 0.0000410 seconds
2015-04-04T01:13:42.066-0100: 2946.689: Total time for which application threads were stopped: 0.0001060 seconds
2015-04-04T01:13:43.072-0100: 2947.695: Total time for which application threads were stopped: 0.0014050 seconds
2015-04-04T01:14:32.074-0100: 2996.696: Total time for which application threads were stopped: 0.0019770 seconds
2015-04-04T01:14:32.088-0100: 2996.711: Total time for which application threads were stopped: 0.0000720 seconds
2015-04-04T01:16:03.766-0100: 3088.388: Total time for which application threads were stopped: 0.0011750 seconds
2015-04-04T01:16:03.766-0100: 3088.388: Total time for which application threads were stopped: 0.0000440 seconds
2015-04-04T01:16:53.781-0100: 3138.403: Total time for which application threads were stopped: 0.0017430 seconds
2015-04-04T01:17:33.222-0100: 3177.845: Total time for which application threads were stopped: 0.0011480 seconds
2015-04-04T01:17:33.223-0100: 3177.845: Total time for which application threads were stopped: 0.0000380 seconds
2015-04-04T01:18:23.239-0100: 3227.861: Total time for which application threads were stopped: 0.0019930 seconds
2015-04-04T01:22:24.810-0100: 3469.433: Total time for which application threads were stopped: 0.0013940 seconds
2015-04-04T01:22:24.811-0100: 3469.433: Total time for which application threads were stopped: 0.0000410 seconds
2015-04-04T01:22:24.825-0100: 3469.447: Total time for which application threads were stopped: 0.0000520 seconds
2015-04-04T01:22:24.825-0100: 3469.448: Total time for which application threads were stopped: 0.0000310 seconds
2015-04-04T01:22:24.827-0100: 3469.449: Total time for which application threads were stopped: 0.0000660 seconds
2015-04-04T01:23:14.835-0100: 3519.458: Total time for which application threads were stopped: 0.0015420 seconds
2015-04-04T01:23:14.835-0100: 3519.458: Total time for which application threads were stopped: 0.0000380 seconds
2015-04-04T01:26:23.273-0100: 3707.895: Total time for which application threads were stopped: 0.0015570 seconds
2015-04-04T01:30:24.932-0100: 3949.554: Total time for which application threads were stopped: 0.0012560 seconds
2015-04-04T01:30:24.932-0100: 3949.554: Total time for which application threads were stopped: 0.0000440 seconds
2015-04-04T01:30:25.003-0100: 3949.626: Total time for which application threads were stopped: 0.0001820 seconds
2015-04-04T01:30:25.004-0100: 3949.626: Total time for which application threads were stopped: 0.0000930 seconds
2015-04-04T01:30:25.008-0100: 3949.630: Total time for which application threads were stopped: 0.0000780 seconds
2015-04-04T01:30:25.044-0100: 3949.667: Total time for which application threads were stopped: 0.0000610 seconds
2015-04-04T01:30:25.045-0100: 3949.667: Total time for which application threads were stopped: 0.0000870 seconds
2015-04-04T01:30:25.047-0100: 3949.669: Total time for which application threads were stopped: 0.0000550 seconds
2015-04-04T01:30:25.052-0100: 3949.675: Total time for which application threads were stopped: 0.0000910 seconds
2015-04-04T01:30:25.055-0100: 3949.677: Total time for which application threads were stopped: 0.0000880 seconds
2015-04-04T01:30:25.067-0100: 3949.689: Total time for which application threads were stopped: 0.0000800 seconds
2015-04-04T01:30:25.069-0100: 3949.691: Total time for which application threads were stopped: 0.0000690 seconds
2015-04-04T01:30:25.069-0100: 3949.691: Total time for which application threads were stopped: 0.0000780 seconds
2015-04-04T01:30:25.069-0100: 3949.691: Total time for which application threads were stopped: 0.0000480 seconds
2015-04-04T01:30:25.069-0100: 3949.692: Total time for which application threads were stopped: 0.0000520 seconds
2015-04-04T01:30:25.069-0100: 3949.692: Total time for which application threads were stopped: 0.0000380 seconds
2015-04-04T01:30:25.070-0100: 3949.692: Total time for which application threads were stopped: 0.0000350 seconds
2015-04-04T01:30:25.070-0100: 3949.692: Total time for which application threads were stopped: 0.0000310 seconds
2015-04-04T01:30:25.070-0100: 3949.692: Total time for which application threads were stopped: 0.0000280 seconds
2015-04-04T01:30:25.087-0100: 3949.709: Total time for which application threads were stopped: 0.0000570 seconds
2015-04-04T01:30:25.088-0100: 3949.710: Total time for which application threads were stopped: 0.0000380 seconds
2015-04-04T01:30:25.088-0100: 3949.711: Total time for which application threads were stopped: 0.0000360 seconds
2015-04-04T01:30:25.101-0100: 3949.723: Total time for which application threads were stopped: 0.0000670 seconds
2015-04-04T01:30:25.101-0100: 3949.723: Total time for which application threads were stopped: 0.0000580 seconds
2015-04-04T01:30:25.102-0100: 3949.724: Total time for which application threads were stopped: 0.0000540 seconds
2015-04-04T01:30:25.118-0100: 3949.741: Total time for which application threads were stopped: 0.0000680 seconds
2015-04-04T01:30:25.120-0100: 3949.743: Total time for which application threads were stopped: 0.0000770 seconds
2015-04-04T01:31:15.142-0100: 3999.764: Total time for which application threads were stopped: 0.0011110 seconds
2015-04-04T01:31:15.145-0100: 3999.768: Total time for which application threads were stopped: 0.0002600 seconds
2015-04-04T01:31:49.425-0100: 4034.047: Total time for which application threads were stopped: 0.0008880 seconds
2015-04-04T01:31:49.426-0100: 4034.048: Total time for which application threads were stopped: 0.0001210 seconds
2015-04-04T01:31:49.442-0100: 4034.064: Total time for which application threads were stopped: 0.0000520 seconds
2015-04-04T01:31:49.442-0100: 4034.064: Total time for which application threads were stopped: 0.0000810 seconds
2015-04-04T01:31:49.449-0100: 4034.072: Total time for which application threads were stopped: 0.0001840 seconds
2015-04-04T01:31:49.450-0100: 4034.072: Total time for which application threads were stopped: 0.0001060 seconds
2015-04-04T01:31:49.453-0100: 4034.075: Total time for which application threads were stopped: 0.0000840 seconds
2015-04-04T01:31:49.469-0100: 4034.091: Total time for which application threads were stopped: 0.0000580 seconds
2015-04-04T01:31:49.469-0100: 4034.092: Total time for which application threads were stopped: 0.0000380 seconds
2015-04-04T01:31:49.470-0100: 4034.092: Total time for which application threads were stopped: 0.0000300 seconds
2015-04-04T01:31:49.480-0100: 4034.102: Total time for which application threads were stopped: 0.0001580 seconds
2015-04-04T01:31:49.483-0100: 4034.105: Total time for which application threads were stopped: 0.0000730 seconds
2015-04-04T01:31:49.483-0100: 4034.105: Total time for which application threads were stopped: 0.0000300 seconds
2015-04-04T01:31:49.486-0100: 4034.108: Total time for which application threads were stopped: 0.0000800 seconds
2015-04-04T01:31:49.507-0100: 4034.129: Total time for which application threads were stopped: 0.0001190 seconds
2015-04-04T01:31:49.516-0100: 4034.139: Total time for which application threads were stopped: 0.0001050 seconds
2015-04-04T01:31:49.517-0100: 4034.140: Total time for which application threads were stopped: 0.0000670 seconds
2015-04-04T01:31:49.567-0100: 4034.190: Total time for which application threads were stopped: 0.0000680 seconds
2015-04-04T01:32:39.552-0100: 4084.174: Total time for which application threads were stopped: 0.0015330 seconds
2015-04-04T01:32:39.554-0100: 4084.177: Total time for which application threads were stopped: 0.0000620 seconds
2015-04-04T01:32:39.574-0100: 4084.197: Total time for which application threads were stopped: 0.0001040 seconds
2015-04-04T01:33:13.168-0100: 4117.795: Total time for which application threads were stopped: 0.0059630 seconds
2015-04-04T01:33:13.173-0100: 4117.796: Total time for which application threads were stopped: 0.0000900 seconds
2015-04-04T01:33:13.174-0100: 4117.796: Total time for which application threads were stopped: 0.0000570 seconds
2015-04-04T01:33:13.182-0100: 4117.804: Total time for which application threads were stopped: 0.0000660 seconds
2015-04-04T01:33:13.182-0100: 4117.805: Total time for which application threads were stopped: 0.0000630 seconds
2015-04-04T01:33:13.192-0100: 4117.814: Total time for which application threads were stopped: 0.0000750 seconds
2015-04-04T01:33:13.193-0100: 4117.815: Total time for which application threads were stopped: 0.0000780 seconds
2015-04-04T01:33:13.195-0100: 4117.817: Total time for which application threads were stopped: 0.0000730 seconds
2015-04-04T01:33:13.197-0100: 4117.819: Total time for which application threads were stopped: 0.0001130 seconds
2015-04-04T01:33:13.219-0100: 4117.841: Total time for which application threads were stopped: 0.0001960 seconds
2015-04-04T01:33:13.222-0100: 4117.844: Total time for which application threads were stopped: 0.0003420 seconds
2015-04-04T01:33:13.222-0100: 4117.844: Total time for which application threads were stopped: 0.0000580 seconds
2015-04-04T01:33:13.239-0100: 4117.861: Total time for which application threads were stopped: 0.0000760 seconds
2015-04-04T01:33:13.242-0100: 4117.864: Total time for which application threads were stopped: 0.0000900 seconds
2015-04-04T01:33:13.243-0100: 4117.865: Total time for which application threads were stopped: 0.0000680 seconds
2015-04-04T01:33:13.243-0100: 4117.865: Total time for which application threads were stopped: 0.0000340 seconds
2015-04-04T01:34:03.184-0100: 4167.806: Total time for which application threads were stopped: 0.0008570 seconds
2015-04-04T01:34:03.267-0100: 4167.889: Total time for which application threads were stopped: 0.0000940 seconds
2015-04-04T01:34:03.276-0100: 4167.899: Total time for which application threads were stopped: 0.0001050 seconds
2015-04-04T01:34:03.285-0100: 4167.907: Total time for which application threads were stopped: 0.0000740 seconds
2015-04-04T01:36:19.066-0100: 4303.688: Total time for which application threads were stopped: 0.0008490 seconds
2015-04-04T01:36:19.066-0100: 4303.688: Total time for which application threads were stopped: 0.0000370 seconds
2015-04-04T01:36:19.076-0100: 4303.698: Total time for which application threads were stopped: 0.0000850 seconds
2015-04-04T01:36:19.076-0100: 4303.699: Total time for which application threads were stopped: 0.0000740 seconds
2015-04-04T01:36:19.083-0100: 4303.705: Total time for which application threads were stopped: 0.0000800 seconds
2015-04-04T01:36:19.352-0100: 4303.975: Total time for which application threads were stopped: 0.0000910 seconds
{Heap before GC invocations=11 (full 0):
 par new generation   total 109248K, used 96134K [0x00000007dae00000, 0x00000007e2e00000, 0x00000007e2e00000)
  eden space 87424K, 100% used [0x00000007dae00000, 0x00000007e0360000, 0x00000007e0360000)
  from space 21824K,  39% used [0x00000007e18b0000, 0x00000007e2131800, 0x00000007e2e00000)
  to   space 21824K,   0% used [0x00000007e0360000, 0x00000007e0360000, 0x00000007e18b0000)
 concurrent mark-sweep generation total 393216K, used 6285K [0x00000007e2e00000, 0x00000007fae00000, 0x00000007fae00000)
 concurrent-mark-sweep perm gen total 30656K, used 30540K [0x00000007fae00000, 0x00000007fcbf0000, 0x0000000800000000)
2015-04-04T01:36:19.635-0100: 4304.257: [GC2015-04-04T01:36:19.635-0100: 4304.257: [ParNew
Desired survivor size 20112992 bytes, new threshold 8 (max 8)
- age   1:    2995752 bytes,    2995752 total
- age   2:    5732448 bytes,    8728200 total
- age   3:      87392 bytes,    8815592 total
- age   4:      87184 bytes,    8902776 total
- age   5:     322288 bytes,    9225064 total
- age   6:    2213664 bytes,   11438728 total
- age   7:     195376 bytes,   11634104 total
- age   8:      87368 bytes,   11721472 total
: 96134K->14555K(109248K), 0.0443300 secs] 102419K->20994K(502464K), 0.0444260 secs] [Times: user=0.05 sys=0.07, real=0.04 secs] 
Heap after GC invocations=12 (full 0):
 par new generation   total 109248K, used 14555K [0x00000007dae00000, 0x00000007e2e00000, 0x00000007e2e00000)
  eden space 87424K,   0% used [0x00000007dae00000, 0x00000007dae00000, 0x00000007e0360000)
  from space 21824K,  66% used [0x00000007e0360000, 0x00000007e1196c50, 0x00000007e18b0000)
  to   space 21824K,   0% used [0x00000007e18b0000, 0x00000007e18b0000, 0x00000007e2e00000)
 concurrent mark-sweep generation total 393216K, used 6438K [0x00000007e2e00000, 0x00000007fae00000, 0x00000007fae00000)
 concurrent-mark-sweep perm gen total 30656K, used 30540K [0x00000007fae00000, 0x00000007fcbf0000, 0x0000000800000000)
}
2015-04-04T01:36:19.679-0100: 4304.302: Total time for which application threads were stopped: 0.0457440 seconds
{Heap before GC invocations=12 (full 0):
 par new generation   total 109248K, used 101979K [0x00000007dae00000, 0x00000007e2e00000, 0x00000007e2e00000)
  eden space 87424K, 100% used [0x00000007dae00000, 0x00000007e0360000, 0x00000007e0360000)
  from space 21824K,  66% used [0x00000007e0360000, 0x00000007e1196c50, 0x00000007e18b0000)
  to   space 21824K,   0% used [0x00000007e18b0000, 0x00000007e18b0000, 0x00000007e2e00000)
 concurrent mark-sweep generation total 393216K, used 6438K [0x00000007e2e00000, 0x00000007fae00000, 0x00000007fae00000)
 concurrent-mark-sweep perm gen total 30656K, used 30544K [0x00000007fae00000, 0x00000007fcbf0000, 0x0000000800000000)
2015-04-04T01:36:19.843-0100: 4304.466: [GC2015-04-04T01:36:19.843-0100: 4304.466: [ParNew
Desired survivor size 20112992 bytes, new threshold 8 (max 8)
- age   1:     724808 bytes,     724808 total
- age   2:    2011440 bytes,    2736248 total
- age   3:    3498360 bytes,    6234608 total
- age   4:      87368 bytes,    6321976 total
- age   5:      86992 bytes,    6408968 total
- age   6:     320840 bytes,    6729808 total
- age   7:    2114200 bytes,    8844008 total
- age   8:     176648 bytes,    9020656 total
: 101979K->9764K(109248K), 0.0130800 secs] 108418K->16290K(502464K), 0.0131810 secs] [Times: user=0.03 sys=0.00, real=0.01 secs] 
Heap after GC invocations=13 (full 0):
 par new generation   total 109248K, used 9764K [0x00000007dae00000, 0x00000007e2e00000, 0x00000007e2e00000)
  eden space 87424K,   0% used [0x00000007dae00000, 0x00000007dae00000, 0x00000007e0360000)
  from space 21824K,  44% used [0x00000007e18b0000, 0x00000007e2239150, 0x00000007e2e00000)
  to   space 21824K,   0% used [0x00000007e0360000, 0x00000007e0360000, 0x00000007e18b0000)
 concurrent mark-sweep generation total 393216K, used 6526K [0x00000007e2e00000, 0x00000007fae00000, 0x00000007fae00000)
 concurrent-mark-sweep perm gen total 30656K, used 30544K [0x00000007fae00000, 0x00000007fcbf0000, 0x0000000800000000)
}
2015-04-04T01:36:19.856-0100: 4304.479: Total time for which application threads were stopped: 0.0134770 seconds
{Heap before GC invocations=13 (full 0):
 par new generation   total 109248K, used 97188K [0x00000007dae00000, 0x00000007e2e00000, 0x00000007e2e00000)
  eden space 87424K, 100% used [0x00000007dae00000, 0x00000007e0360000, 0x00000007e0360000)
  from space 21824K,  44% used [0x00000007e18b0000, 0x00000007e2239150, 0x00000007e2e00000)
  to   space 21824K,   0% used [0x00000007e0360000, 0x00000007e0360000, 0x00000007e18b0000)
 concurrent mark-sweep generation total 393216K, used 6526K [0x00000007e2e00000, 0x00000007fae00000, 0x00000007fae00000)
 concurrent-mark-sweep perm gen total 30656K, used 30551K [0x00000007fae00000, 0x00000007fcbf0000, 0x0000000800000000)
2015-04-04T01:36:19.991-0100: 4304.613: [GC2015-04-04T01:36:19.991-0100: 4304.613: [ParNew
Desired survivor size 20112992 bytes, new threshold 8 (max 8)
- age   1:     703280 bytes,     703280 total
- age   2:      70760 bytes,     774040 total
- age   3:    2011464 bytes,    2785504 total
- age   4:    3498360 bytes,    6283864 total
- age   5:      87368 bytes,    6371232 total
- age   6:      86992 bytes,    6458224 total
- age   7:     320840 bytes,    6779064 total
- age   8:    2114200 bytes,    8893264 total
: 97188K->12541K(109248K), 0.0103900 secs] 103714K->19247K(502464K), 0.0104610 secs] [Times: user=0.03 sys=0.00, real=0.01 secs] 
Heap after GC invocations=14 (full 0):
 par new generation   total 109248K, used 12541K [0x00000007dae00000, 0x00000007e2e00000, 0x00000007e2e00000)
  eden space 87424K,   0% used [0x00000007dae00000, 0x00000007dae00000, 0x00000007e0360000)
  from space 21824K,  57% used [0x00000007e0360000, 0x00000007e0f9f7e8, 0x00000007e18b0000)
  to   space 21824K,   0% used [0x00000007e18b0000, 0x00000007e18b0000, 0x00000007e2e00000)
 concurrent mark-sweep generation total 393216K, used 6705K [0x00000007e2e00000, 0x00000007fae00000, 0x00000007fae00000)
 concurrent-mark-sweep perm gen total 30656K, used 30551K [0x00000007fae00000, 0x00000007fcbf0000, 0x0000000800000000)
}
2015-04-04T01:36:20.001-0100: 4304.624: Total time for which application threads were stopped: 0.0106320 seconds
2015-04-04T01:36:20.186-0100: 4304.809: Total time for which application threads were stopped: 0.0005340 seconds
2015-04-04T01:36:20.189-0100: 4304.812: Total time for which application threads were stopped: 0.0000750 seconds
{Heap before GC invocations=14 (full 0):
 par new generation   total 109248K, used 99965K [0x00000007dae00000, 0x00000007e2e00000, 0x00000007e2e00000)
  eden space 87424K, 100% used [0x00000007dae00000, 0x00000007e0360000, 0x00000007e0360000)
  from space 21824K,  57% used [0x00000007e0360000, 0x00000007e0f9f7e8, 0x00000007e18b0000)
  to   space 21824K,   0% used [0x00000007e18b0000, 0x00000007e18b0000, 0x00000007e2e00000)
 concurrent mark-sweep generation total 393216K, used 6705K [0x00000007e2e00000, 0x00000007fae00000, 0x00000007fae00000)
 concurrent-mark-sweep perm gen total 30656K, used 30559K [0x00000007fae00000, 0x00000007fcbf0000, 0x0000000800000000)
2015-04-04T01:36:20.226-0100: 4304.848: [GC2015-04-04T01:36:20.226-0100: 4304.848: [ParNew
Desired survivor size 20112992 bytes, new threshold 8 (max 8)
- age   1:     697872 bytes,     697872 total
- age   2:      93328 bytes,     791200 total
- age   3:      68464 bytes,     859664 total
- age   4:    1618000 bytes,    2477664 total
- age   5:    3491624 bytes,    5969288 total
- age   6:      87368 bytes,    6056656 total
- age   7:      86992 bytes,    6143648 total
- age   8:     317944 bytes,    6461592 total
: 99965K->7615K(109248K), 0.0132420 secs] 106671K->16409K(502464K), 0.0133380 secs] [Times: user=0.04 sys=0.01, real=0.01 secs] 
Heap after GC invocations=15 (full 0):
 par new generation   total 109248K, used 7615K [0x00000007dae00000, 0x00000007e2e00000, 0x00000007e2e00000)
  eden space 87424K,   0% used [0x00000007dae00000, 0x00000007dae00000, 0x00000007e0360000)
  from space 21824K,  34% used [0x00000007e18b0000, 0x00000007e201fc10, 0x00000007e2e00000)
  to   space 21824K,   0% used [0x00000007e0360000, 0x00000007e0360000, 0x00000007e18b0000)
 concurrent mark-sweep generation total 393216K, used 8794K [0x00000007e2e00000, 0x00000007fae00000, 0x00000007fae00000)
 concurrent-mark-sweep perm gen total 30656K, used 30559K [0x00000007fae00000, 0x00000007fcbf0000, 0x0000000800000000)
}
2015-04-04T01:36:20.239-0100: 4304.861: Total time for which application threads were stopped: 0.0135230 seconds
2015-04-04T01:36:20.292-0100: 4304.914: Total time for which application threads were stopped: 0.0000590 seconds
2015-04-04T01:36:20.292-0100: 4304.915: Total time for which application threads were stopped: 0.0000460 seconds
2015-04-04T01:36:21.296-0100: 4305.918: Total time for which application threads were stopped: 0.0004680 seconds
2015-04-04T01:36:35.292-0100: 4319.914: Total time for which application threads were stopped: 0.0006200 seconds
2015-04-04T01:36:35.293-0100: 4319.915: Total time for which application threads were stopped: 0.0000370 seconds
2015-04-04T01:36:35.293-0100: 4319.916: Total time for which application threads were stopped: 0.0000400 seconds
2015-04-04T01:36:35.317-0100: 4319.940: Total time for which application threads were stopped: 0.0000920 seconds
2015-04-04T01:36:35.319-0100: 4319.941: Total time for which application threads were stopped: 0.0000720 seconds
2015-04-04T01:36:35.319-0100: 4319.941: Total time for which application threads were stopped: 0.0000380 seconds
2015-04-04T01:36:35.319-0100: 4319.941: Total time for which application threads were stopped: 0.0000320 seconds
2015-04-04T01:36:36.298-0100: 4320.921: Total time for which application threads were stopped: 0.0003880 seconds
2015-04-04T01:36:36.299-0100: 4320.921: Total time for which application threads were stopped: 0.0000630 seconds
2015-04-04T01:36:36.299-0100: 4320.922: Total time for which application threads were stopped: 0.0000780 seconds
2015-04-04T01:36:36.300-0100: 4320.922: Total time for which application threads were stopped: 0.0000350 seconds
2015-04-04T01:36:36.300-0100: 4320.922: Total time for which application threads were stopped: 0.0000570 seconds
2015-04-04T01:36:36.315-0100: 4320.937: Total time for which application threads were stopped: 0.0001810 seconds
2015-04-04T01:36:36.316-0100: 4320.938: Total time for which application threads were stopped: 0.0000640 seconds
2015-04-04T01:36:36.326-0100: 4320.949: Total time for which application threads were stopped: 0.0000620 seconds
2015-04-04T01:36:36.327-0100: 4320.949: Total time for which application threads were stopped: 0.0000340 seconds
2015-04-04T01:36:36.327-0100: 4320.949: Total time for which application threads were stopped: 0.0000340 seconds
2015-04-04T01:36:36.327-0100: 4320.949: Total time for which application threads were stopped: 0.0000300 seconds
2015-04-04T01:36:36.327-0100: 4320.949: Total time for which application threads were stopped: 0.0000370 seconds
2015-04-04T01:36:36.327-0100: 4320.949: Total time for which application threads were stopped: 0.0000310 seconds
2015-04-04T01:36:36.327-0100: 4320.949: Total time for which application threads were stopped: 0.0000390 seconds
2015-04-04T01:36:36.329-0100: 4320.952: Total time for which application threads were stopped: 0.0000770 seconds
2015-04-04T01:36:51.353-0100: 4335.975: Total time for which application threads were stopped: 0.0004650 seconds
2015-04-04T01:36:51.354-0100: 4335.976: Total time for which application threads were stopped: 0.0000480 seconds
2015-04-04T01:36:51.355-0100: 4335.977: Total time for which application threads were stopped: 0.0000310 seconds
2015-04-04T01:36:51.375-0100: 4335.997: Total time for which application threads were stopped: 0.0000640 seconds
2015-04-04T01:36:51.375-0100: 4335.998: Total time for which application threads were stopped: 0.0000440 seconds
2015-04-04T01:36:51.375-0100: 4335.998: Total time for which application threads were stopped: 0.0000350 seconds
2015-04-04T01:37:10.079-0100: 4354.702: Total time for which application threads were stopped: 0.0004020 seconds
2015-04-04T01:37:10.087-0100: 4354.710: Total time for which application threads were stopped: 0.0000850 seconds
2015-04-04T01:37:10.093-0100: 4354.715: Total time for which application threads were stopped: 0.0000520 seconds
2015-04-04T01:37:10.093-0100: 4354.715: Total time for which application threads were stopped: 0.0000220 seconds
2015-04-04T01:37:10.093-0100: 4354.715: Total time for which application threads were stopped: 0.0000210 seconds
2015-04-04T01:37:10.093-0100: 4354.715: Total time for which application threads were stopped: 0.0000210 seconds
2015-04-04T01:37:10.093-0100: 4354.715: Total time for which application threads were stopped: 0.0000210 seconds
2015-04-04T01:37:10.095-0100: 4354.717: Total time for which application threads were stopped: 0.0000950 seconds
2015-04-04T01:37:10.095-0100: 4354.717: Total time for which application threads were stopped: 0.0000650 seconds
2015-04-04T01:37:10.095-0100: 4354.717: Total time for which application threads were stopped: 0.0000570 seconds
2015-04-04T01:37:10.096-0100: 4354.718: Total time for which application threads were stopped: 0.0000390 seconds
2015-04-04T01:37:10.108-0100: 4354.730: Total time for which application threads were stopped: 0.0000680 seconds
2015-04-04T01:37:10.114-0100: 4354.736: Total time for which application threads were stopped: 0.0001030 seconds
2015-04-04T01:37:10.115-0100: 4354.737: Total time for which application threads were stopped: 0.0005240 seconds
2015-04-04T01:37:10.115-0100: 4354.737: Total time for which application threads were stopped: 0.0001270 seconds
2015-04-04T01:37:10.130-0100: 4354.752: Total time for which application threads were stopped: 0.0000920 seconds
2015-04-04T01:37:10.130-0100: 4354.753: Total time for which application threads were stopped: 0.0000850 seconds
2015-04-04T01:37:10.130-0100: 4354.753: Total time for which application threads were stopped: 0.0000640 seconds
2015-04-04T01:37:10.130-0100: 4354.753: Total time for which application threads were stopped: 0.0000610 seconds
2015-04-04T01:37:10.131-0100: 4354.753: Total time for which application threads were stopped: 0.0000460 seconds
2015-04-04T01:37:10.131-0100: 4354.753: Total time for which application threads were stopped: 0.0000640 seconds
2015-04-04T01:37:10.144-0100: 4354.766: Total time for which application threads were stopped: 0.0000840 seconds
2015-04-04T01:37:26.306-0100: 4370.929: Total time for which application threads were stopped: 0.0007060 seconds
2015-04-04T01:38:00.123-0100: 4404.745: Total time for which application threads were stopped: 0.0006890 seconds
2015-04-04T01:38:00.138-0100: 4404.760: Total time for which application threads were stopped: 0.0000700 seconds
2015-04-04T01:38:00.150-0100: 4404.773: Total time for which application threads were stopped: 0.0001380 seconds
2015-04-04T01:38:36.244-0100: 4440.866: Total time for which application threads were stopped: 0.0005500 seconds
2015-04-04T01:40:07.377-0100: 4532.000: Total time for which application threads were stopped: 0.0003860 seconds
2015-04-04T01:40:07.378-0100: 4532.000: Total time for which application threads were stopped: 0.0000370 seconds
2015-04-04T01:40:07.385-0100: 4532.007: Total time for which application threads were stopped: 0.0000720 seconds
2015-04-04T01:40:07.386-0100: 4532.008: Total time for which application threads were stopped: 0.0000510 seconds
2015-04-04T01:40:07.387-0100: 4532.010: Total time for which application threads were stopped: 0.0000670 seconds
2015-04-04T01:40:07.392-0100: 4532.014: Total time for which application threads were stopped: 0.0000620 seconds
2015-04-04T01:40:57.396-0100: 4582.019: Total time for which application threads were stopped: 0.0005930 seconds
2015-04-04T01:40:57.397-0100: 4582.019: Total time for which application threads were stopped: 0.0000460 seconds
2015-04-04T01:41:20.837-0100: 4605.460: Total time for which application threads were stopped: 0.0005250 seconds
2015-04-04T01:41:20.838-0100: 4605.460: Total time for which application threads were stopped: 0.0000310 seconds
2015-04-04T01:41:20.839-0100: 4605.462: Total time for which application threads were stopped: 0.0000680 seconds
2015-04-04T01:41:20.849-0100: 4605.472: Total time for which application threads were stopped: 0.0001270 seconds
2015-04-04T01:41:20.857-0100: 4605.479: Total time for which application threads were stopped: 0.0000970 seconds
2015-04-04T01:41:20.857-0100: 4605.479: Total time for which application threads were stopped: 0.0000330 seconds
2015-04-04T01:41:20.874-0100: 4605.496: Total time for which application threads were stopped: 0.0000640 seconds
2015-04-04T01:41:20.874-0100: 4605.496: Total time for which application threads were stopped: 0.0000450 seconds
2015-04-04T01:41:20.875-0100: 4605.498: Total time for which application threads were stopped: 0.0001190 seconds
2015-04-04T01:41:20.876-0100: 4605.498: Total time for which application threads were stopped: 0.0000820 seconds
2015-04-04T01:41:20.876-0100: 4605.498: Total time for which application threads were stopped: 0.0000580 seconds
2015-04-04T01:41:20.879-0100: 4605.501: Total time for which application threads were stopped: 0.0001000 seconds
2015-04-04T01:41:20.886-0100: 4605.508: Total time for which application threads were stopped: 0.0000810 seconds
2015-04-04T01:41:20.889-0100: 4605.512: Total time for which application threads were stopped: 0.0000790 seconds
2015-04-04T01:41:20.896-0100: 4605.518: Total time for which application threads were stopped: 0.0001080 seconds
2015-04-04T01:41:20.897-0100: 4605.519: Total time for which application threads were stopped: 0.0000730 seconds
2015-04-04T01:41:20.897-0100: 4605.519: Total time for which application threads were stopped: 0.0000370 seconds
2015-04-04T01:41:26.721-0100: 4611.343: Total time for which application threads were stopped: 0.0004580 seconds
2015-04-04T01:41:26.722-0100: 4611.344: Total time for which application threads were stopped: 0.0000670 seconds
2015-04-04T01:41:26.722-0100: 4611.344: Total time for which application threads were stopped: 0.0000300 seconds
2015-04-04T01:41:26.748-0100: 4611.371: Total time for which application threads were stopped: 0.0001150 seconds
2015-04-04T01:41:26.749-0100: 4611.371: Total time for which application threads were stopped: 0.0000750 seconds
2015-04-04T01:41:26.749-0100: 4611.371: Total time for which application threads were stopped: 0.0000540 seconds
2015-04-04T01:41:26.750-0100: 4611.372: Total time for which application threads were stopped: 0.0000570 seconds
2015-04-04T01:41:57.461-0100: 4642.084: Total time for which application threads were stopped: 0.0005470 seconds
2015-04-04T01:41:57.470-0100: 4642.093: Total time for which application threads were stopped: 0.0001060 seconds
2015-04-04T01:42:02.855-0100: 4647.478: Total time for which application threads were stopped: 0.0005150 seconds
2015-04-04T01:42:02.856-0100: 4647.478: Total time for which application threads were stopped: 0.0000540 seconds
2015-04-04T01:42:02.857-0100: 4647.479: Total time for which application threads were stopped: 0.0000890 seconds
2015-04-04T01:42:02.857-0100: 4647.479: Total time for which application threads were stopped: 0.0000640 seconds
2015-04-04T01:42:02.857-0100: 4647.479: Total time for which application threads were stopped: 0.0000480 seconds
2015-04-04T01:42:02.857-0100: 4647.480: Total time for which application threads were stopped: 0.0000440 seconds
2015-04-04T01:42:02.857-0100: 4647.480: Total time for which application threads were stopped: 0.0000500 seconds
2015-04-04T01:42:47.476-0100: 4692.098: Total time for which application threads were stopped: 0.0004020 seconds
2015-04-04T01:42:52.834-0100: 4697.457: Total time for which application threads were stopped: 0.0005310 seconds
2015-04-04T01:42:52.862-0100: 4697.485: Total time for which application threads were stopped: 0.0001240 seconds
2015-04-04T01:42:52.870-0100: 4697.492: Total time for which application threads were stopped: 0.0001000 seconds
2015-04-04T01:43:49.175-0100: 4753.797: Total time for which application threads were stopped: 0.0004480 seconds
2015-04-04T01:43:49.175-0100: 4753.797: Total time for which application threads were stopped: 0.0000350 seconds
2015-04-04T01:43:49.175-0100: 4753.797: Total time for which application threads were stopped: 0.0000260 seconds
2015-04-04T01:44:39.188-0100: 4803.810: Total time for which application threads were stopped: 0.0005370 seconds
2015-04-04T01:45:40.567-0100: 4865.189: Total time for which application threads were stopped: 0.0005050 seconds
2015-04-04T01:45:40.567-0100: 4865.189: Total time for which application threads were stopped: 0.0000320 seconds
2015-04-04T01:45:40.582-0100: 4865.205: Total time for which application threads were stopped: 0.0000740 seconds
2015-04-04T01:45:40.583-0100: 4865.205: Total time for which application threads were stopped: 0.0000530 seconds
2015-04-04T01:45:40.585-0100: 4865.207: Total time for which application threads were stopped: 0.0000800 seconds
2015-04-04T01:45:40.585-0100: 4865.208: Total time for which application threads were stopped: 0.0000460 seconds
2015-04-04T01:45:40.609-0100: 4865.232: Total time for which application threads were stopped: 0.0000740 seconds
2015-04-04T01:45:40.609-0100: 4865.232: Total time for which application threads were stopped: 0.0000410 seconds
2015-04-04T01:45:40.611-0100: 4865.233: Total time for which application threads were stopped: 0.0000860 seconds
2015-04-04T01:45:40.611-0100: 4865.234: Total time for which application threads were stopped: 0.0000440 seconds
2015-04-04T01:45:40.612-0100: 4865.235: Total time for which application threads were stopped: 0.0000800 seconds
2015-04-04T01:45:40.612-0100: 4865.235: Total time for which application threads were stopped: 0.0000430 seconds
2015-04-04T01:45:40.612-0100: 4865.235: Total time for which application threads were stopped: 0.0000330 seconds
2015-04-04T01:45:40.613-0100: 4865.235: Total time for which application threads were stopped: 0.0000310 seconds
2015-04-04T01:45:40.613-0100: 4865.235: Total time for which application threads were stopped: 0.0000270 seconds
2015-04-04T01:46:03.397-0100: 4888.019: Total time for which application threads were stopped: 0.0006620 seconds
2015-04-04T01:46:03.412-0100: 4888.035: Total time for which application threads were stopped: 0.0000650 seconds
2015-04-04T01:46:03.412-0100: 4888.035: Total time for which application threads were stopped: 0.0000930 seconds
2015-04-04T01:46:03.413-0100: 4888.035: Total time for which application threads were stopped: 0.0000290 seconds
2015-04-04T01:46:03.413-0100: 4888.035: Total time for which application threads were stopped: 0.0000530 seconds
2015-04-04T01:46:03.413-0100: 4888.035: Total time for which application threads were stopped: 0.0001000 seconds
2015-04-04T01:46:03.414-0100: 4888.036: Total time for which application threads were stopped: 0.0000410 seconds
2015-04-04T01:46:03.414-0100: 4888.036: Total time for which application threads were stopped: 0.0000280 seconds
2015-04-04T01:46:03.414-0100: 4888.036: Total time for which application threads were stopped: 0.0000370 seconds
2015-04-04T01:46:03.414-0100: 4888.036: Total time for which application threads were stopped: 0.0000450 seconds
2015-04-04T01:46:03.414-0100: 4888.037: Total time for which application threads were stopped: 0.0000380 seconds
2015-04-04T01:46:53.402-0100: 4938.024: Total time for which application threads were stopped: 0.0005660 seconds
2015-04-04T01:46:53.421-0100: 4938.044: Total time for which application threads were stopped: 0.0001620 seconds
2015-04-04T01:50:00.104-0100: 5124.726: Total time for which application threads were stopped: 0.0004340 seconds
2015-04-04T01:50:00.104-0100: 5124.726: Total time for which application threads were stopped: 0.0000350 seconds
2015-04-04T01:50:00.119-0100: 5124.741: Total time for which application threads were stopped: 0.0001240 seconds
2015-04-04T01:50:00.119-0100: 5124.742: Total time for which application threads were stopped: 0.0003920 seconds
2015-04-04T01:50:00.126-0100: 5124.748: Total time for which application threads were stopped: 0.0000620 seconds
2015-04-04T01:50:00.126-0100: 5124.749: Total time for which application threads were stopped: 0.0000510 seconds
2015-04-04T01:50:30.571-0100: 5155.194: Total time for which application threads were stopped: 0.0004880 seconds
2015-04-04T01:50:30.577-0100: 5155.200: Total time for which application threads were stopped: 0.0000620 seconds
2015-04-04T01:50:30.577-0100: 5155.200: Total time for which application threads were stopped: 0.0000270 seconds
2015-04-04T01:50:30.578-0100: 5155.200: Total time for which application threads were stopped: 0.0000260 seconds
2015-04-04T01:50:30.600-0100: 5155.223: Total time for which application threads were stopped: 0.0001030 seconds
2015-04-04T01:50:30.636-0100: 5155.258: Total time for which application threads were stopped: 0.0001170 seconds
2015-04-04T01:50:30.636-0100: 5155.259: Total time for which application threads were stopped: 0.0000710 seconds
2015-04-04T01:50:30.643-0100: 5155.265: Total time for which application threads were stopped: 0.0000790 seconds
2015-04-04T01:50:30.643-0100: 5155.266: Total time for which application threads were stopped: 0.0000530 seconds
2015-04-04T01:50:35.508-0100: 5160.131: Total time for which application threads were stopped: 0.0004620 seconds
2015-04-04T01:50:35.538-0100: 5160.160: Total time for which application threads were stopped: 0.0001060 seconds
2015-04-04T01:50:35.539-0100: 5160.162: Total time for which application threads were stopped: 0.0001860 seconds
2015-04-04T01:50:35.599-0100: 5160.221: Total time for which application threads were stopped: 0.0000850 seconds
2015-04-04T01:50:35.599-0100: 5160.221: Total time for which application threads were stopped: 0.0000990 seconds
2015-04-04T01:51:25.513-0100: 5210.136: Total time for which application threads were stopped: 0.0005730 seconds
2015-04-04T01:51:25.576-0100: 5210.198: Total time for which application threads were stopped: 0.0000740 seconds
2015-04-04T01:51:25.605-0100: 5210.227: Total time for which application threads were stopped: 0.0000800 seconds
2015-04-04T01:51:25.614-0100: 5210.237: Total time for which application threads were stopped: 0.0001180 seconds
2015-04-04T01:56:07.897-0100: 5492.520: Total time for which application threads were stopped: 0.0004020 seconds
2015-04-04T01:56:07.897-0100: 5492.520: Total time for which application threads were stopped: 0.0000290 seconds
2015-04-04T01:56:07.919-0100: 5492.541: Total time for which application threads were stopped: 0.0000560 seconds
2015-04-04T01:56:07.919-0100: 5492.541: Total time for which application threads were stopped: 0.0000390 seconds
2015-04-04T01:56:07.927-0100: 5492.549: Total time for which application threads were stopped: 0.0000830 seconds
2015-04-04T01:56:07.942-0100: 5492.565: Total time for which application threads were stopped: 0.0000930 seconds
2015-04-04T01:56:07.944-0100: 5492.566: Total time for which application threads were stopped: 0.0000800 seconds
2015-04-04T01:56:07.944-0100: 5492.566: Total time for which application threads were stopped: 0.0000440 seconds
2015-04-04T01:56:07.944-0100: 5492.566: Total time for which application threads were stopped: 0.0000390 seconds
2015-04-04T01:56:07.944-0100: 5492.566: Total time for which application threads were stopped: 0.0000340 seconds
2015-04-04T01:56:07.944-0100: 5492.566: Total time for which application threads were stopped: 0.0000320 seconds
2015-04-04T01:56:13.260-0100: 5497.883: Total time for which application threads were stopped: 0.0004080 seconds
2015-04-04T01:56:13.260-0100: 5497.883: Total time for which application threads were stopped: 0.0000230 seconds
2015-04-04T01:56:13.260-0100: 5497.883: Total time for which application threads were stopped: 0.0000250 seconds
2015-04-04T01:56:13.325-0100: 5497.948: Total time for which application threads were stopped: 0.0001440 seconds
2015-04-04T01:56:13.326-0100: 5497.949: Total time for which application threads were stopped: 0.0003650 seconds
2015-04-04T01:56:13.327-0100: 5497.949: Total time for which application threads were stopped: 0.0000740 seconds
2015-04-04T01:56:13.327-0100: 5497.949: Total time for which application threads were stopped: 0.0000600 seconds
2015-04-04T01:56:13.327-0100: 5497.949: Total time for which application threads were stopped: 0.0000790 seconds
2015-04-04T01:56:13.327-0100: 5497.950: Total time for which application threads were stopped: 0.0000570 seconds
2015-04-04T01:56:39.887-0100: 5524.510: Total time for which application threads were stopped: 0.0005990 seconds
2015-04-04T01:56:39.891-0100: 5524.513: Total time for which application threads were stopped: 0.0001850 seconds
2015-04-04T01:56:39.896-0100: 5524.519: Total time for which application threads were stopped: 0.0002350 seconds
2015-04-04T01:56:39.907-0100: 5524.529: Total time for which application threads were stopped: 0.0000890 seconds
2015-04-04T01:56:39.928-0100: 5524.550: Total time for which application threads were stopped: 0.0000940 seconds
2015-04-04T01:56:39.928-0100: 5524.550: Total time for which application threads were stopped: 0.0000690 seconds
2015-04-04T01:56:39.929-0100: 5524.551: Total time for which application threads were stopped: 0.0000630 seconds
2015-04-04T01:56:39.929-0100: 5524.552: Total time for which application threads were stopped: 0.0001310 seconds
2015-04-04T01:56:39.930-0100: 5524.552: Total time for which application threads were stopped: 0.0001250 seconds
2015-04-04T01:56:39.930-0100: 5524.552: Total time for which application threads were stopped: 0.0000680 seconds
2015-04-04T01:56:39.930-0100: 5524.553: Total time for which application threads were stopped: 0.0000540 seconds
2015-04-04T01:57:03.268-0100: 5547.890: Total time for which application threads were stopped: 0.0004480 seconds
2015-04-04T01:57:20.219-0100: 5564.841: Total time for which application threads were stopped: 0.0003610 seconds
2015-04-04T01:57:20.219-0100: 5564.841: Total time for which application threads were stopped: 0.0000380 seconds
2015-04-04T01:57:20.251-0100: 5564.873: Total time for which application threads were stopped: 0.0001420 seconds
2015-04-04T01:57:20.252-0100: 5564.874: Total time for which application threads were stopped: 0.0000870 seconds
2015-04-04T01:57:20.252-0100: 5564.874: Total time for which application threads were stopped: 0.0000760 seconds
2015-04-04T01:57:20.259-0100: 5564.881: Total time for which application threads were stopped: 0.0000720 seconds
2015-04-04T01:57:20.285-0100: 5564.908: Total time for which application threads were stopped: 0.0001560 seconds
2015-04-04T01:57:20.285-0100: 5564.908: Total time for which application threads were stopped: 0.0000570 seconds
2015-04-04T01:57:20.286-0100: 5564.908: Total time for which application threads were stopped: 0.0001740 seconds
2015-04-04T01:57:20.286-0100: 5564.909: Total time for which application threads were stopped: 0.0000870 seconds
2015-04-04T01:57:20.287-0100: 5564.909: Total time for which application threads were stopped: 0.0000730 seconds
2015-04-04T01:57:20.287-0100: 5564.910: Total time for which application threads were stopped: 0.0000750 seconds
2015-04-04T01:57:20.288-0100: 5564.910: Total time for which application threads were stopped: 0.0002930 seconds
2015-04-04T01:57:45.478-0100: 5590.100: Total time for which application threads were stopped: 0.0004000 seconds
2015-04-04T01:57:45.526-0100: 5590.148: Total time for which application threads were stopped: 0.0000830 seconds
2015-04-04T01:57:45.527-0100: 5590.149: Total time for which application threads were stopped: 0.0000800 seconds
2015-04-04T01:58:28.709-0100: 5633.332: Total time for which application threads were stopped: 0.0004790 seconds
2015-04-04T01:58:28.710-0100: 5633.332: Total time for which application threads were stopped: 0.0000810 seconds
2015-04-04T01:58:28.710-0100: 5633.333: Total time for which application threads were stopped: 0.0000670 seconds
2015-04-04T01:58:28.752-0100: 5633.375: Total time for which application threads were stopped: 0.0001470 seconds
2015-04-04T01:58:28.753-0100: 5633.375: Total time for which application threads were stopped: 0.0000860 seconds
2015-04-04T01:58:28.754-0100: 5633.376: Total time for which application threads were stopped: 0.0000870 seconds
2015-04-04T01:58:35.559-0100: 5640.181: Total time for which application threads were stopped: 0.0004400 seconds
2015-04-04T01:58:47.263-0100: 5651.886: Total time for which application threads were stopped: 0.0003580 seconds
2015-04-04T01:58:47.263-0100: 5651.886: Total time for which application threads were stopped: 0.0000340 seconds
2015-04-04T01:58:47.328-0100: 5651.951: Total time for which application threads were stopped: 0.0001520 seconds
2015-04-04T01:58:47.330-0100: 5651.952: Total time for which application threads were stopped: 0.0000960 seconds
2015-04-04T01:58:47.330-0100: 5651.952: Total time for which application threads were stopped: 0.0000740 seconds
2015-04-04T01:58:47.330-0100: 5651.952: Total time for which application threads were stopped: 0.0000660 seconds
2015-04-04T01:58:47.330-0100: 5651.953: Total time for which application threads were stopped: 0.0000720 seconds
2015-04-04T01:58:47.330-0100: 5651.953: Total time for which application threads were stopped: 0.0000740 seconds
2015-04-04T01:58:48.332-0100: 5652.954: Total time for which application threads were stopped: 0.0005990 seconds
2015-04-04T01:59:12.623-0100: 5677.245: Total time for which application threads were stopped: 0.0004110 seconds
2015-04-04T01:59:12.624-0100: 5677.246: Total time for which application threads were stopped: 0.0000770 seconds
2015-04-04T01:59:12.624-0100: 5677.246: Total time for which application threads were stopped: 0.0000670 seconds
2015-04-04T01:59:12.624-0100: 5677.246: Total time for which application threads were stopped: 0.0000550 seconds
2015-04-04T01:59:12.624-0100: 5677.246: Total time for which application threads were stopped: 0.0000550 seconds
2015-04-04T01:59:12.624-0100: 5677.247: Total time for which application threads were stopped: 0.0000510 seconds
2015-04-04T01:59:29.148-0100: 5693.770: Total time for which application threads were stopped: 0.0004580 seconds
2015-04-04T01:59:29.149-0100: 5693.771: Total time for which application threads were stopped: 0.0000880 seconds
2015-04-04T01:59:29.149-0100: 5693.772: Total time for which application threads were stopped: 0.0000480 seconds
2015-04-04T01:59:29.149-0100: 5693.772: Total time for which application threads were stopped: 0.0000440 seconds
2015-04-04T01:59:29.149-0100: 5693.772: Total time for which application threads were stopped: 0.0000400 seconds
2015-04-04T01:59:29.149-0100: 5693.772: Total time for which application threads were stopped: 0.0000380 seconds
2015-04-04T02:00:02.664-0100: 5727.287: Total time for which application threads were stopped: 0.0003440 seconds
2015-04-04T02:00:19.119-0100: 5743.741: Total time for which application threads were stopped: 0.0004950 seconds
2015-04-04T02:00:19.157-0100: 5743.780: Total time for which application threads were stopped: 0.0000720 seconds
2015-04-04T02:15:31.626-0100: 6656.248: Total time for which application threads were stopped: 0.0025580 seconds
2015-04-04T02:15:31.626-0100: 6656.249: Total time for which application threads were stopped: 0.0000370 seconds
2015-04-04T02:15:31.674-0100: 6656.296: Total time for which application threads were stopped: 0.0000690 seconds
2015-04-04T02:15:31.674-0100: 6656.296: Total time for which application threads were stopped: 0.0000630 seconds
2015-04-04T02:15:31.685-0100: 6656.308: Total time for which application threads were stopped: 0.0000630 seconds
2015-04-04T02:15:31.686-0100: 6656.308: Total time for which application threads were stopped: 0.0000380 seconds
2015-04-04T02:15:31.709-0100: 6656.331: Total time for which application threads were stopped: 0.0000700 seconds
2015-04-04T02:15:31.712-0100: 6656.335: Total time for which application threads were stopped: 0.0001210 seconds
2015-04-04T02:15:31.713-0100: 6656.336: Total time for which application threads were stopped: 0.0001140 seconds
2015-04-04T02:15:31.715-0100: 6656.338: Total time for which application threads were stopped: 0.0001670 seconds
2015-04-04T02:15:31.716-0100: 6656.338: Total time for which application threads were stopped: 0.0004990 seconds
2015-04-04T02:15:31.730-0100: 6656.352: Total time for which application threads were stopped: 0.0000510 seconds
2015-04-04T02:15:31.747-0100: 6656.370: Total time for which application threads were stopped: 0.0000820 seconds
2015-04-04T02:15:31.758-0100: 6656.381: Total time for which application threads were stopped: 0.0001790 seconds
2015-04-04T02:15:31.759-0100: 6656.382: Total time for which application threads were stopped: 0.0001560 seconds
2015-04-04T02:15:31.760-0100: 6656.382: Total time for which application threads were stopped: 0.0000780 seconds
2015-04-04T02:15:31.765-0100: 6656.388: Total time for which application threads were stopped: 0.0000660 seconds
2015-04-04T02:15:31.791-0100: 6656.414: Total time for which application threads were stopped: 0.0001050 seconds
2015-04-04T02:15:31.792-0100: 6656.414: Total time for which application threads were stopped: 0.0000730 seconds
2015-04-04T02:15:31.792-0100: 6656.414: Total time for which application threads were stopped: 0.0000470 seconds
2015-04-04T02:15:31.792-0100: 6656.415: Total time for which application threads were stopped: 0.0000610 seconds
2015-04-04T02:15:31.804-0100: 6656.427: Total time for which application threads were stopped: 0.0000720 seconds
2015-04-04T02:15:31.890-0100: 6656.513: Total time for which application threads were stopped: 0.0000880 seconds
2015-04-04T02:15:31.891-0100: 6656.513: Total time for which application threads were stopped: 0.0000720 seconds
2015-04-04T02:15:31.891-0100: 6656.514: Total time for which application threads were stopped: 0.0000490 seconds
2015-04-04T02:15:31.920-0100: 6656.543: Total time for which application threads were stopped: 0.0024460 seconds
2015-04-04T02:15:31.935-0100: 6656.557: Total time for which application threads were stopped: 0.0000860 seconds
2015-04-04T02:15:31.935-0100: 6656.557: Total time for which application threads were stopped: 0.0000600 seconds
2015-04-04T02:15:31.935-0100: 6656.557: Total time for which application threads were stopped: 0.0000460 seconds
2015-04-04T02:15:31.937-0100: 6656.560: Total time for which application threads were stopped: 0.0001220 seconds
2015-04-04T02:15:31.937-0100: 6656.560: Total time for which application threads were stopped: 0.0000690 seconds
2015-04-04T02:15:31.938-0100: 6656.560: Total time for which application threads were stopped: 0.0000670 seconds
2015-04-04T02:15:31.938-0100: 6656.560: Total time for which application threads were stopped: 0.0000550 seconds
2015-04-04T02:15:31.959-0100: 6656.581: Total time for which application threads were stopped: 0.0000780 seconds
2015-04-04T02:15:31.959-0100: 6656.581: Total time for which application threads were stopped: 0.0000480 seconds
2015-04-04T02:15:31.960-0100: 6656.583: Total time for which application threads were stopped: 0.0001020 seconds
2015-04-04T02:15:31.960-0100: 6656.583: Total time for which application threads were stopped: 0.0000490 seconds
2015-04-04T02:15:31.960-0100: 6656.583: Total time for which application threads were stopped: 0.0000430 seconds
2015-04-04T02:15:31.961-0100: 6656.583: Total time for which application threads were stopped: 0.0000780 seconds
2015-04-04T02:15:31.962-0100: 6656.584: Total time for which application threads were stopped: 0.0000970 seconds
2015-04-04T02:15:31.962-0100: 6656.584: Total time for which application threads were stopped: 0.0000650 seconds
2015-04-04T02:15:31.962-0100: 6656.584: Total time for which application threads were stopped: 0.0000540 seconds
2015-04-04T02:15:31.962-0100: 6656.584: Total time for which application threads were stopped: 0.0000510 seconds
2015-04-04T02:15:31.962-0100: 6656.585: Total time for which application threads were stopped: 0.0000480 seconds
2015-04-04T02:15:32.088-0100: 6656.710: Total time for which application threads were stopped: 0.0002050 seconds
2015-04-04T02:15:32.088-0100: 6656.711: Total time for which application threads were stopped: 0.0001110 seconds
2015-04-04T02:15:32.090-0100: 6656.712: Total time for which application threads were stopped: 0.0001090 seconds
2015-04-04T02:15:32.098-0100: 6656.721: Total time for which application threads were stopped: 0.0001730 seconds
2015-04-04T02:15:32.098-0100: 6656.721: Total time for which application threads were stopped: 0.0000530 seconds
2015-04-04T02:15:32.119-0100: 6656.741: Total time for which application threads were stopped: 0.0000730 seconds
2015-04-04T02:15:32.119-0100: 6656.742: Total time for which application threads were stopped: 0.0000480 seconds
2015-04-04T02:15:42.653-0100: 6667.275: Total time for which application threads were stopped: 0.0015590 seconds
2015-04-04T02:15:42.655-0100: 6667.277: Total time for which application threads were stopped: 0.0000810 seconds
2015-04-04T02:15:42.655-0100: 6667.277: Total time for which application threads were stopped: 0.0000620 seconds
2015-04-04T02:15:42.655-0100: 6667.278: Total time for which application threads were stopped: 0.0001270 seconds
2015-04-04T02:15:42.729-0100: 6667.351: Total time for which application threads were stopped: 0.0000730 seconds
2015-04-04T02:15:42.774-0100: 6667.397: Total time for which application threads were stopped: 0.0001140 seconds
2015-04-04T02:15:42.785-0100: 6667.407: Total time for which application threads were stopped: 0.0107110 seconds
2015-04-04T02:15:42.791-0100: 6667.413: Total time for which application threads were stopped: 0.0000720 seconds
2015-04-04T02:15:42.791-0100: 6667.413: Total time for which application threads were stopped: 0.0001640 seconds
2015-04-04T02:15:42.810-0100: 6667.433: Total time for which application threads were stopped: 0.0000800 seconds
2015-04-04T02:15:42.810-0100: 6667.433: Total time for which application threads were stopped: 0.0000650 seconds
2015-04-04T02:15:42.810-0100: 6667.433: Total time for which application threads were stopped: 0.0000390 seconds
2015-04-04T02:15:42.811-0100: 6667.433: Total time for which application threads were stopped: 0.0000760 seconds
2015-04-04T02:15:42.868-0100: 6667.490: Total time for which application threads were stopped: 0.0000990 seconds
2015-04-04T02:15:52.618-0100: 6677.240: Total time for which application threads were stopped: 0.0013540 seconds
2015-04-04T02:15:52.654-0100: 6677.276: Total time for which application threads were stopped: 0.0001270 seconds
2015-04-04T02:15:52.655-0100: 6677.278: Total time for which application threads were stopped: 0.0000720 seconds
2015-04-04T02:15:52.659-0100: 6677.282: Total time for which application threads were stopped: 0.0000600 seconds
2015-04-04T02:15:52.674-0100: 6677.296: Total time for which application threads were stopped: 0.0000640 seconds
2015-04-04T02:15:52.674-0100: 6677.296: Total time for which application threads were stopped: 0.0000530 seconds
2015-04-04T02:15:52.674-0100: 6677.296: Total time for which application threads were stopped: 0.0000460 seconds
2015-04-04T02:15:52.674-0100: 6677.297: Total time for which application threads were stopped: 0.0000950 seconds
2015-04-04T02:15:52.734-0100: 6677.356: Total time for which application threads were stopped: 0.0000900 seconds
2015-04-04T02:16:42.722-0100: 6727.344: Total time for which application threads were stopped: 0.0015920 seconds
2015-04-04T02:16:42.744-0100: 6727.366: Total time for which application threads were stopped: 0.0000660 seconds
2015-04-04T02:16:42.777-0100: 6727.399: Total time for which application threads were stopped: 0.0000720 seconds
2015-04-04T02:16:42.786-0100: 6727.409: Total time for which application threads were stopped: 0.0000710 seconds
2015-04-04T04:11:52.492-0100: 13637.115: Total time for which application threads were stopped: 0.0031670 seconds
2015-04-04T04:11:52.499-0100: 13637.121: Total time for which application threads were stopped: 0.0000620 seconds
2015-04-04T04:11:52.563-0100: 13637.185: Total time for which application threads were stopped: 0.0000730 seconds
2015-04-04T04:11:52.563-0100: 13637.186: Total time for which application threads were stopped: 0.0003310 seconds
2015-04-04T04:11:52.584-0100: 13637.206: Total time for which application threads were stopped: 0.0001060 seconds
2015-04-04T04:11:52.632-0100: 13637.254: Total time for which application threads were stopped: 0.0003090 seconds
2015-04-04T04:11:52.633-0100: 13637.256: Total time for which application threads were stopped: 0.0000970 seconds
2015-04-04T04:11:52.709-0100: 13637.331: Total time for which application threads were stopped: 0.0001080 seconds
2015-04-04T04:11:52.710-0100: 13637.332: Total time for which application threads were stopped: 0.0004210 seconds
2015-04-04T04:11:52.715-0100: 13637.338: Total time for which application threads were stopped: 0.0000560 seconds
2015-04-04T04:11:52.716-0100: 13637.338: Total time for which application threads were stopped: 0.0000350 seconds
2015-04-04T04:11:52.734-0100: 13637.357: Total time for which application threads were stopped: 0.0001110 seconds
2015-04-04T04:11:52.735-0100: 13637.357: Total time for which application threads were stopped: 0.0003210 seconds
2015-04-04T04:11:52.735-0100: 13637.357: Total time for which application threads were stopped: 0.0000500 seconds
2015-04-04T04:11:52.735-0100: 13637.358: Total time for which application threads were stopped: 0.0000660 seconds
2015-04-04T04:11:52.778-0100: 13637.400: Total time for which application threads were stopped: 0.0000700 seconds
2015-04-04T04:11:52.778-0100: 13637.401: Total time for which application threads were stopped: 0.0000580 seconds
2015-04-04T04:11:52.782-0100: 13637.405: Total time for which application threads were stopped: 0.0000530 seconds
{Heap before GC invocations=15 (full 0):
 par new generation   total 109248K, used 95039K [0x00000007dae00000, 0x00000007e2e00000, 0x00000007e2e00000)
  eden space 87424K, 100% used [0x00000007dae00000, 0x00000007e0360000, 0x00000007e0360000)
  from space 21824K,  34% used [0x00000007e18b0000, 0x00000007e201fc10, 0x00000007e2e00000)
  to   space 21824K,   0% used [0x00000007e0360000, 0x00000007e0360000, 0x00000007e18b0000)
 concurrent mark-sweep generation total 393216K, used 8794K [0x00000007e2e00000, 0x00000007fae00000, 0x00000007fae00000)
 concurrent-mark-sweep perm gen total 30848K, used 30760K [0x00000007fae00000, 0x00000007fcc20000, 0x0000000800000000)
2015-04-04T04:11:52.800-0100: 13637.422: [GC2015-04-04T04:11:52.800-0100: 13637.422: [ParNew
Desired survivor size 20112992 bytes, new threshold 8 (max 8)
- age   1:    2246008 bytes,    2246008 total
- age   2:     695040 bytes,    2941048 total
- age   3:      93328 bytes,    3034376 total
- age   4:      68464 bytes,    3102840 total
- age   5:     355048 bytes,    3457888 total
- age   6:    5155936 bytes,    8613824 total
- age   7:      46568 bytes,    8660392 total
- age   8:      45200 bytes,    8705592 total
: 95039K->9646K(109248K), 0.0475090 secs] 103833K->18687K(502464K), 0.0476080 secs] [Times: user=0.03 sys=0.09, real=0.04 secs] 
Heap after GC invocations=16 (full 0):
 par new generation   total 109248K, used 9646K [0x00000007dae00000, 0x00000007e2e00000, 0x00000007e2e00000)
  eden space 87424K,   0% used [0x00000007dae00000, 0x00000007dae00000, 0x00000007e0360000)
  from space 21824K,  44% used [0x00000007e0360000, 0x00000007e0ccbb40, 0x00000007e18b0000)
  to   space 21824K,   0% used [0x00000007e18b0000, 0x00000007e18b0000, 0x00000007e2e00000)
 concurrent mark-sweep generation total 393216K, used 9040K [0x00000007e2e00000, 0x00000007fae00000, 0x00000007fae00000)
 concurrent-mark-sweep perm gen total 30848K, used 30760K [0x00000007fae00000, 0x00000007fcc20000, 0x0000000800000000)
}
2015-04-04T04:11:52.847-0100: 13637.470: Total time for which application threads were stopped: 0.0478300 seconds
2015-04-04T04:11:52.849-0100: 13637.472: Total time for which application threads were stopped: 0.0003040 seconds
2015-04-04T04:11:52.853-0100: 13637.475: Total time for which application threads were stopped: 0.0001360 seconds
2015-04-04T04:11:52.853-0100: 13637.475: Total time for which application threads were stopped: 0.0000830 seconds
2015-04-04T04:11:52.853-0100: 13637.476: Total time for which application threads were stopped: 0.0000770 seconds
2015-04-04T04:11:52.853-0100: 13637.476: Total time for which application threads were stopped: 0.0000910 seconds
2015-04-04T04:11:52.863-0100: 13637.485: Total time for which application threads were stopped: 0.0000820 seconds
2015-04-04T04:11:52.863-0100: 13637.485: Total time for which application threads were stopped: 0.0000350 seconds
2015-04-04T04:12:42.781-0100: 13687.403: Total time for which application threads were stopped: 0.0011230 seconds
2015-04-04T04:12:42.863-0100: 13687.485: Total time for which application threads were stopped: 0.0000770 seconds
2015-04-04T04:12:42.908-0100: 13687.530: Total time for which application threads were stopped: 0.0000800 seconds
2015-04-04T04:14:38.952-0100: 13803.574: Total time for which application threads were stopped: 0.0046590 seconds
2015-04-04T04:14:38.952-0100: 13803.575: Total time for which application threads were stopped: 0.0000990 seconds
2015-04-04T04:14:38.988-0100: 13803.610: Total time for which application threads were stopped: 0.0000580 seconds
2015-04-04T04:14:38.988-0100: 13803.610: Total time for which application threads were stopped: 0.0000460 seconds
2015-04-04T04:14:38.995-0100: 13803.617: Total time for which application threads were stopped: 0.0000890 seconds
2015-04-04T04:14:39.015-0100: 13803.637: Total time for which application threads were stopped: 0.0000750 seconds
2015-04-04T04:14:39.018-0100: 13803.640: Total time for which application threads were stopped: 0.0001000 seconds
2015-04-04T04:14:39.019-0100: 13803.642: Total time for which application threads were stopped: 0.0001220 seconds
2015-04-04T04:14:39.080-0100: 13803.702: Total time for which application threads were stopped: 0.0000750 seconds
2015-04-04T04:14:39.105-0100: 13803.727: Total time for which application threads were stopped: 0.0000990 seconds
2015-04-04T04:14:39.156-0100: 13803.779: Total time for which application threads were stopped: 0.0000960 seconds
2015-04-04T04:14:39.157-0100: 13803.779: Total time for which application threads were stopped: 0.0000790 seconds
2015-04-04T04:14:39.161-0100: 13803.783: Total time for which application threads were stopped: 0.0000610 seconds
2015-04-04T04:14:39.175-0100: 13803.797: Total time for which application threads were stopped: 0.0000940 seconds
2015-04-04T04:14:39.175-0100: 13803.797: Total time for which application threads were stopped: 0.0000480 seconds
2015-04-04T04:14:39.175-0100: 13803.797: Total time for which application threads were stopped: 0.0000590 seconds
2015-04-04T04:14:39.186-0100: 13803.808: Total time for which application threads were stopped: 0.0000760 seconds
2015-04-04T04:14:39.186-0100: 13803.809: Total time for which application threads were stopped: 0.0000420 seconds
2015-04-04T04:14:39.203-0100: 13803.826: Total time for which application threads were stopped: 0.0000700 seconds
2015-04-04T04:15:29.164-0100: 13853.794: Total time for which application threads were stopped: 0.0093870 seconds
2015-04-04T04:15:29.182-0100: 13853.805: Total time for which application threads were stopped: 0.0002040 seconds
2015-04-04T04:15:29.192-0100: 13853.814: Total time for which application threads were stopped: 0.0002550 seconds
2015-04-04T04:18:11.602-0100: 14016.224: Total time for which application threads were stopped: 0.0013830 seconds
2015-04-04T05:04:43.223-0100: 16807.845: Total time for which application threads were stopped: 0.0038870 seconds
2015-04-04T05:15:04.427-0100: 17429.049: Total time for which application threads were stopped: 0.0026810 seconds
2015-04-04T05:15:04.428-0100: 17429.050: Total time for which application threads were stopped: 0.0000580 seconds
2015-04-04T05:15:04.522-0100: 17429.144: Total time for which application threads were stopped: 0.0002020 seconds
2015-04-04T05:15:04.522-0100: 17429.145: Total time for which application threads were stopped: 0.0001210 seconds
2015-04-04T05:15:04.576-0100: 17429.198: Total time for which application threads were stopped: 0.0005150 seconds
2015-04-04T05:15:04.636-0100: 17429.258: Total time for which application threads were stopped: 0.0002700 seconds
2015-04-04T05:15:04.731-0100: 17429.354: Total time for which application threads were stopped: 0.0000800 seconds
2015-04-04T05:15:04.757-0100: 17429.379: Total time for which application threads were stopped: 0.0000950 seconds
2015-04-04T05:15:04.842-0100: 17429.464: Total time for which application threads were stopped: 0.0001040 seconds
2015-04-04T05:15:04.842-0100: 17429.464: Total time for which application threads were stopped: 0.0000560 seconds
2015-04-04T05:15:04.852-0100: 17429.475: Total time for which application threads were stopped: 0.0000810 seconds
2015-04-04T05:15:04.853-0100: 17429.475: Total time for which application threads were stopped: 0.0000530 seconds
2015-04-04T05:15:54.805-0100: 17479.427: Total time for which application threads were stopped: 0.0018700 seconds
2015-04-04T05:15:54.853-0100: 17479.475: Total time for which application threads were stopped: 0.0000770 seconds
2015-04-04T05:15:54.906-0100: 17479.528: Total time for which application threads were stopped: 0.0000770 seconds
2015-04-04T05:19:21.687-0100: 17686.310: Total time for which application threads were stopped: 0.0059340 seconds
2015-04-04T05:19:21.689-0100: 17686.311: Total time for which application threads were stopped: 0.0000770 seconds
2015-04-04T05:19:21.761-0100: 17686.383: Total time for which application threads were stopped: 0.0000630 seconds
2015-04-04T05:19:21.761-0100: 17686.384: Total time for which application threads were stopped: 0.0000660 seconds
2015-04-04T05:19:21.767-0100: 17686.390: Total time for which application threads were stopped: 0.0002860 seconds
2015-04-04T05:19:21.769-0100: 17686.391: Total time for which application threads were stopped: 0.0014350 seconds
2015-04-04T05:19:21.776-0100: 17686.399: Total time for which application threads were stopped: 0.0001070 seconds
2015-04-04T05:19:21.816-0100: 17686.438: Total time for which application threads were stopped: 0.0004190 seconds
2015-04-04T05:19:21.819-0100: 17686.441: Total time for which application threads were stopped: 0.0028890 seconds
2015-04-04T05:19:21.819-0100: 17686.442: Total time for which application threads were stopped: 0.0000980 seconds
2015-04-04T05:19:21.823-0100: 17686.445: Total time for which application threads were stopped: 0.0000610 seconds
2015-04-04T05:19:21.823-0100: 17686.445: Total time for which application threads were stopped: 0.0000570 seconds
2015-04-04T05:19:21.864-0100: 17686.486: Total time for which application threads were stopped: 0.0000460 seconds
2015-04-04T05:19:21.864-0100: 17686.486: Total time for which application threads were stopped: 0.0000230 seconds
2015-04-04T05:19:21.884-0100: 17686.507: Total time for which application threads were stopped: 0.0000730 seconds
2015-04-04T05:19:21.885-0100: 17686.507: Total time for which application threads were stopped: 0.0000840 seconds
2015-04-04T05:19:21.923-0100: 17686.546: Total time for which application threads were stopped: 0.0007390 seconds
2015-04-04T05:19:21.924-0100: 17686.547: Total time for which application threads were stopped: 0.0001150 seconds
2015-04-04T05:19:21.929-0100: 17686.551: Total time for which application threads were stopped: 0.0000750 seconds
2015-04-04T05:19:21.945-0100: 17686.568: Total time for which application threads were stopped: 0.0001000 seconds
2015-04-04T05:19:21.946-0100: 17686.568: Total time for which application threads were stopped: 0.0001260 seconds
2015-04-04T05:19:21.946-0100: 17686.568: Total time for which application threads were stopped: 0.0000650 seconds
2015-04-04T05:19:21.946-0100: 17686.568: Total time for which application threads were stopped: 0.0000680 seconds
2015-04-04T05:19:21.962-0100: 17686.584: Total time for which application threads were stopped: 0.0000970 seconds
2015-04-04T05:19:21.962-0100: 17686.585: Total time for which application threads were stopped: 0.0000580 seconds
2015-04-04T05:20:11.935-0100: 17736.558: Total time for which application threads were stopped: 0.0020070 seconds
2015-04-04T05:20:11.956-0100: 17736.578: Total time for which application threads were stopped: 0.0000680 seconds
2015-04-04T05:20:11.971-0100: 17736.593: Total time for which application threads were stopped: 0.0000790 seconds
2015-04-04T05:21:19.052-0100: 17803.675: Total time for which application threads were stopped: 0.0084320 seconds
2015-04-04T05:21:19.053-0100: 17803.676: Total time for which application threads were stopped: 0.0000670 seconds
2015-04-04T05:21:19.151-0100: 17803.774: Total time for which application threads were stopped: 0.0000660 seconds
2015-04-04T05:21:19.152-0100: 17803.774: Total time for which application threads were stopped: 0.0000590 seconds
2015-04-04T05:21:19.161-0100: 17803.783: Total time for which application threads were stopped: 0.0050340 seconds
2015-04-04T05:21:19.169-0100: 17803.791: Total time for which application threads were stopped: 0.0001570 seconds
2015-04-04T05:21:19.181-0100: 17803.803: Total time for which application threads were stopped: 0.0000790 seconds
2015-04-04T05:21:19.217-0100: 17803.840: Total time for which application threads were stopped: 0.0001040 seconds
2015-04-04T05:21:19.218-0100: 17803.841: Total time for which application threads were stopped: 0.0000740 seconds
2015-04-04T05:21:19.221-0100: 17803.844: Total time for which application threads were stopped: 0.0000820 seconds
2015-04-04T05:21:19.221-0100: 17803.844: Total time for which application threads were stopped: 0.0000470 seconds
2015-04-04T05:21:19.224-0100: 17803.846: Total time for which application threads were stopped: 0.0010660 seconds
2015-04-04T05:21:19.309-0100: 17803.931: Total time for which application threads were stopped: 0.0001060 seconds
2015-04-04T05:21:19.310-0100: 17803.932: Total time for which application threads were stopped: 0.0000720 seconds
2015-04-04T05:21:19.328-0100: 17803.950: Total time for which application threads were stopped: 0.0000690 seconds
2015-04-04T05:21:19.363-0100: 17803.986: Total time for which application threads were stopped: 0.0002310 seconds
2015-04-04T05:21:19.364-0100: 17803.987: Total time for which application threads were stopped: 0.0002810 seconds
2015-04-04T05:21:19.365-0100: 17803.988: Total time for which application threads were stopped: 0.0008770 seconds
2015-04-04T05:21:19.366-0100: 17803.988: Total time for which application threads were stopped: 0.0002470 seconds
2015-04-04T05:21:19.429-0100: 17804.051: Total time for which application threads were stopped: 0.0001780 seconds
2015-04-04T05:21:19.429-0100: 17804.052: Total time for which application threads were stopped: 0.0001090 seconds
2015-04-04T05:21:19.436-0100: 17804.058: Total time for which application threads were stopped: 0.0000830 seconds
2015-04-04T05:21:19.457-0100: 17804.080: Total time for which application threads were stopped: 0.0001010 seconds
2015-04-04T05:21:19.458-0100: 17804.080: Total time for which application threads were stopped: 0.0000570 seconds
2015-04-04T05:21:19.458-0100: 17804.081: Total time for which application threads were stopped: 0.0000840 seconds
2015-04-04T05:21:19.458-0100: 17804.081: Total time for which application threads were stopped: 0.0000970 seconds
2015-04-04T05:21:19.476-0100: 17804.099: Total time for which application threads were stopped: 0.0001020 seconds
2015-04-04T05:21:19.477-0100: 17804.099: Total time for which application threads were stopped: 0.0000620 seconds
2015-04-04T05:21:19.497-0100: 17804.120: Total time for which application threads were stopped: 0.0000920 seconds
2015-04-04T05:21:19.498-0100: 17804.120: Total time for which application threads were stopped: 0.0000940 seconds
2015-04-04T05:21:19.515-0100: 17804.137: Total time for which application threads were stopped: 0.0000810 seconds
2015-04-04T05:21:19.515-0100: 17804.137: Total time for which application threads were stopped: 0.0001230 seconds
2015-04-04T05:21:19.515-0100: 17804.138: Total time for which application threads were stopped: 0.0001640 seconds
2015-04-04T05:21:19.553-0100: 17804.176: Total time for which application threads were stopped: 0.0018480 seconds
2015-04-04T05:22:09.443-0100: 17854.065: Total time for which application threads were stopped: 0.0017450 seconds
2015-04-04T05:22:09.464-0100: 17854.087: Total time for which application threads were stopped: 0.0000850 seconds
2015-04-04T05:22:09.569-0100: 17854.191: Total time for which application threads were stopped: 0.0000750 seconds
2015-04-04T05:23:14.311-0100: 17918.933: Total time for which application threads were stopped: 0.0022680 seconds
2015-04-04T05:23:14.312-0100: 17918.934: Total time for which application threads were stopped: 0.0000470 seconds
2015-04-04T05:23:14.372-0100: 17918.994: Total time for which application threads were stopped: 0.0000640 seconds
2015-04-04T05:23:14.372-0100: 17918.995: Total time for which application threads were stopped: 0.0000700 seconds
2015-04-04T05:23:14.415-0100: 17919.038: Total time for which application threads were stopped: 0.0001320 seconds
2015-04-04T05:23:14.462-0100: 17919.084: Total time for which application threads were stopped: 0.0001540 seconds
2015-04-04T05:23:14.462-0100: 17919.084: Total time for which application threads were stopped: 0.0002370 seconds
2015-04-04T05:23:14.463-0100: 17919.085: Total time for which application threads were stopped: 0.0001420 seconds
2015-04-04T05:23:14.534-0100: 17919.156: Total time for which application threads were stopped: 0.0000990 seconds
2015-04-04T05:23:14.553-0100: 17919.175: Total time for which application threads were stopped: 0.0001350 seconds
2015-04-04T05:23:14.648-0100: 17919.270: Total time for which application threads were stopped: 0.0002100 seconds
2015-04-04T05:23:14.687-0100: 17919.309: Total time for which application threads were stopped: 0.0000760 seconds
2015-04-04T05:23:14.687-0100: 17919.309: Total time for which application threads were stopped: 0.0000740 seconds
2015-04-04T05:23:14.687-0100: 17919.310: Total time for which application threads were stopped: 0.0000790 seconds
2015-04-04T05:23:14.687-0100: 17919.310: Total time for which application threads were stopped: 0.0000590 seconds
2015-04-04T05:23:14.765-0100: 17919.387: Total time for which application threads were stopped: 0.0001310 seconds
2015-04-04T05:24:04.645-0100: 17969.267: Total time for which application threads were stopped: 0.0131570 seconds
2015-04-04T05:24:04.658-0100: 17969.281: Total time for which application threads were stopped: 0.0000710 seconds
2015-04-04T05:24:04.698-0100: 17969.320: Total time for which application threads were stopped: 0.0000820 seconds
2015-04-04T05:24:04.777-0100: 17969.399: Total time for which application threads were stopped: 0.0000740 seconds
2015-04-04T05:24:25.805-0100: 17990.427: Total time for which application threads were stopped: 0.0241650 seconds
2015-04-04T05:24:25.805-0100: 17990.428: Total time for which application threads were stopped: 0.0000430 seconds
2015-04-04T05:24:25.838-0100: 17990.460: Total time for which application threads were stopped: 0.0000880 seconds
2015-04-04T05:24:25.838-0100: 17990.461: Total time for which application threads were stopped: 0.0001030 seconds
2015-04-04T05:24:25.857-0100: 17990.479: Total time for which application threads were stopped: 0.0000760 seconds
2015-04-04T05:24:25.899-0100: 17990.521: Total time for which application threads were stopped: 0.0001320 seconds
2015-04-04T05:24:25.906-0100: 17990.528: Total time for which application threads were stopped: 0.0067450 seconds
2015-04-04T05:24:26.064-0100: 17990.686: Total time for which application threads were stopped: 0.0001880 seconds
2015-04-04T05:24:26.081-0100: 17990.703: Total time for which application threads were stopped: 0.0011720 seconds
2015-04-04T05:24:26.081-0100: 17990.704: Total time for which application threads were stopped: 0.0001900 seconds
2015-04-04T05:24:26.082-0100: 17990.704: Total time for which application threads were stopped: 0.0000570 seconds
2015-04-04T05:24:26.132-0100: 17990.755: Total time for which application threads were stopped: 0.0001320 seconds
2015-04-04T05:24:26.134-0100: 17990.756: Total time for which application threads were stopped: 0.0011180 seconds
2015-04-04T05:24:26.143-0100: 17990.765: Total time for which application threads were stopped: 0.0000800 seconds
2015-04-04T05:24:26.143-0100: 17990.765: Total time for which application threads were stopped: 0.0000540 seconds
2015-04-04T05:24:26.158-0100: 17990.780: Total time for which application threads were stopped: 0.0001000 seconds
2015-04-04T05:24:26.158-0100: 17990.781: Total time for which application threads were stopped: 0.0000790 seconds
2015-04-04T05:24:26.159-0100: 17990.781: Total time for which application threads were stopped: 0.0000670 seconds
2015-04-04T05:24:26.215-0100: 17990.837: Total time for which application threads were stopped: 0.0000710 seconds
2015-04-04T05:24:26.215-0100: 17990.837: Total time for which application threads were stopped: 0.0000590 seconds
2015-04-04T05:24:52.732-0100: 18017.354: Total time for which application threads were stopped: 0.0087190 seconds
2015-04-04T05:24:52.732-0100: 18017.354: Total time for which application threads were stopped: 0.0001060 seconds
2015-04-04T05:24:52.784-0100: 18017.407: Total time for which application threads were stopped: 0.0000730 seconds
2015-04-04T05:24:52.785-0100: 18017.407: Total time for which application threads were stopped: 0.0000630 seconds
2015-04-04T05:24:52.794-0100: 18017.417: Total time for which application threads were stopped: 0.0000880 seconds
2015-04-04T05:24:52.835-0100: 18017.457: Total time for which application threads were stopped: 0.0001060 seconds
2015-04-04T05:24:52.835-0100: 18017.457: Total time for which application threads were stopped: 0.0000620 seconds
2015-04-04T05:24:52.835-0100: 18017.457: Total time for which application threads were stopped: 0.0000690 seconds
2015-04-04T05:24:52.835-0100: 18017.458: Total time for which application threads were stopped: 0.0000660 seconds
2015-04-04T05:24:52.835-0100: 18017.458: Total time for which application threads were stopped: 0.0000850 seconds
2015-04-04T05:24:52.881-0100: 18017.503: Total time for which application threads were stopped: 0.0001290 seconds
2015-04-04T05:24:52.881-0100: 18017.503: Total time for which application threads were stopped: 0.0000800 seconds
2015-04-04T05:24:52.886-0100: 18017.508: Total time for which application threads were stopped: 0.0000720 seconds
2015-04-04T05:24:52.902-0100: 18017.524: Total time for which application threads were stopped: 0.0000970 seconds
2015-04-04T05:24:52.902-0100: 18017.524: Total time for which application threads were stopped: 0.0000730 seconds
2015-04-04T05:24:52.902-0100: 18017.524: Total time for which application threads were stopped: 0.0000640 seconds
2015-04-04T05:24:52.902-0100: 18017.524: Total time for which application threads were stopped: 0.0000960 seconds
2015-04-04T05:24:52.914-0100: 18017.536: Total time for which application threads were stopped: 0.0000770 seconds
2015-04-04T05:24:52.914-0100: 18017.537: Total time for which application threads were stopped: 0.0000580 seconds
2015-04-04T05:24:52.933-0100: 18017.555: Total time for which application threads were stopped: 0.0000810 seconds
2015-04-04T05:24:53.017-0100: 18017.639: Total time for which application threads were stopped: 0.0001300 seconds
2015-04-04T05:24:53.018-0100: 18017.640: Total time for which application threads were stopped: 0.0000730 seconds
2015-04-04T05:24:53.023-0100: 18017.645: Total time for which application threads were stopped: 0.0002120 seconds
2015-04-04T05:25:23.094-0100: 18047.716: Total time for which application threads were stopped: 0.0206060 seconds
2015-04-04T05:25:23.097-0100: 18047.720: Total time for which application threads were stopped: 0.0002030 seconds
2015-04-04T05:25:23.106-0100: 18047.728: Total time for which application threads were stopped: 0.0000820 seconds
2015-04-04T05:25:23.123-0100: 18047.745: Total time for which application threads were stopped: 0.0000970 seconds
2015-04-04T05:25:23.123-0100: 18047.745: Total time for which application threads were stopped: 0.0000390 seconds
2015-04-04T05:25:23.123-0100: 18047.746: Total time for which application threads were stopped: 0.0000350 seconds
2015-04-04T05:25:23.125-0100: 18047.747: Total time for which application threads were stopped: 0.0012640 seconds
2015-04-04T05:25:23.125-0100: 18047.747: Total time for which application threads were stopped: 0.0000520 seconds
2015-04-04T05:25:23.166-0100: 18047.789: Total time for which application threads were stopped: 0.0001180 seconds
2015-04-04T05:25:23.167-0100: 18047.789: Total time for which application threads were stopped: 0.0001070 seconds
2015-04-04T05:25:23.192-0100: 18047.814: Total time for which application threads were stopped: 0.0001060 seconds
2015-04-04T05:25:23.193-0100: 18047.815: Total time for which application threads were stopped: 0.0000960 seconds
2015-04-04T05:25:23.193-0100: 18047.815: Total time for which application threads were stopped: 0.0000720 seconds
2015-04-04T05:25:23.237-0100: 18047.860: Total time for which application threads were stopped: 0.0001170 seconds
2015-04-04T05:25:23.238-0100: 18047.860: Total time for which application threads were stopped: 0.0000960 seconds
2015-04-04T05:25:23.243-0100: 18047.865: Total time for which application threads were stopped: 0.0000810 seconds
2015-04-04T05:25:23.243-0100: 18047.865: Total time for which application threads were stopped: 0.0000550 seconds
2015-04-04T05:25:23.261-0100: 18047.883: Total time for which application threads were stopped: 0.0000730 seconds
2015-04-04T05:25:23.261-0100: 18047.883: Total time for which application threads were stopped: 0.0000590 seconds
2015-04-04T05:25:23.261-0100: 18047.884: Total time for which application threads were stopped: 0.0000500 seconds
2015-04-04T05:25:23.261-0100: 18047.884: Total time for which application threads were stopped: 0.0000610 seconds
2015-04-04T05:25:43.039-0100: 18067.661: Total time for which application threads were stopped: 0.0114850 seconds
2015-04-04T05:25:45.412-0100: 18070.034: Total time for which application threads were stopped: 0.0076900 seconds
2015-04-04T05:25:45.413-0100: 18070.036: Total time for which application threads were stopped: 0.0006030 seconds
2015-04-04T05:25:45.417-0100: 18070.039: Total time for which application threads were stopped: 0.0000910 seconds
2015-04-04T05:25:45.440-0100: 18070.063: Total time for which application threads were stopped: 0.0002640 seconds
2015-04-04T05:25:45.440-0100: 18070.063: Total time for which application threads were stopped: 0.0000740 seconds
2015-04-04T05:25:45.441-0100: 18070.063: Total time for which application threads were stopped: 0.0000660 seconds
2015-04-04T05:25:45.441-0100: 18070.064: Total time for which application threads were stopped: 0.0000710 seconds
2015-04-04T05:25:45.487-0100: 18070.110: Total time for which application threads were stopped: 0.0000890 seconds
2015-04-04T05:25:45.502-0100: 18070.125: Total time for which application threads were stopped: 0.0000980 seconds
2015-04-04T05:25:45.556-0100: 18070.179: Total time for which application threads were stopped: 0.0001080 seconds
2015-04-04T05:25:45.557-0100: 18070.180: Total time for which application threads were stopped: 0.0001100 seconds
2015-04-04T05:25:45.561-0100: 18070.183: Total time for which application threads were stopped: 0.0000600 seconds
2015-04-04T05:25:45.580-0100: 18070.203: Total time for which application threads were stopped: 0.0001170 seconds
2015-04-04T05:25:45.580-0100: 18070.203: Total time for which application threads were stopped: 0.0000660 seconds
2015-04-04T05:25:45.580-0100: 18070.203: Total time for which application threads were stopped: 0.0000720 seconds
2015-04-04T05:25:45.581-0100: 18070.203: Total time for which application threads were stopped: 0.0000870 seconds
2015-04-04T05:25:45.581-0100: 18070.203: Total time for which application threads were stopped: 0.0000840 seconds
2015-04-04T05:25:45.591-0100: 18070.214: Total time for which application threads were stopped: 0.0000710 seconds
2015-04-04T05:25:45.591-0100: 18070.214: Total time for which application threads were stopped: 0.0000770 seconds
2015-04-04T05:25:45.634-0100: 18070.256: Total time for which application threads were stopped: 0.0001060 seconds
2015-04-04T05:25:45.663-0100: 18070.286: Total time for which application threads were stopped: 0.0000650 seconds
2015-04-04T05:25:45.688-0100: 18070.310: Total time for which application threads were stopped: 0.0000670 seconds
2015-04-04T05:25:45.689-0100: 18070.311: Total time for which application threads were stopped: 0.0000510 seconds
2015-04-04T05:26:29.744-0100: 18114.367: Total time for which application threads were stopped: 0.0185040 seconds
2015-04-04T05:26:29.744-0100: 18114.367: Total time for which application threads were stopped: 0.0000630 seconds
2015-04-04T05:26:29.780-0100: 18114.403: Total time for which application threads were stopped: 0.0001030 seconds
2015-04-04T05:26:29.781-0100: 18114.403: Total time for which application threads were stopped: 0.0000330 seconds
2015-04-04T05:26:29.781-0100: 18114.403: Total time for which application threads were stopped: 0.0000480 seconds
2015-04-04T05:26:29.781-0100: 18114.403: Total time for which application threads were stopped: 0.0000450 seconds
2015-04-04T05:26:29.822-0100: 18114.444: Total time for which application threads were stopped: 0.0000560 seconds
2015-04-04T05:26:29.836-0100: 18114.459: Total time for which application threads were stopped: 0.0001040 seconds
2015-04-04T05:26:29.948-0100: 18114.570: Total time for which application threads were stopped: 0.0001210 seconds
2015-04-04T05:26:29.948-0100: 18114.571: Total time for which application threads were stopped: 0.0000500 seconds
2015-04-04T05:26:29.976-0100: 18114.598: Total time for which application threads were stopped: 0.0000710 seconds
2015-04-04T05:26:30.070-0100: 18114.693: Total time for which application threads were stopped: 0.0000630 seconds
2015-04-04T05:26:30.077-0100: 18114.700: Total time for which application threads were stopped: 0.0001060 seconds
2015-04-04T05:26:38.787-0100: 18123.409: Total time for which application threads were stopped: 0.0078860 seconds
2015-04-04T05:26:38.787-0100: 18123.410: Total time for which application threads were stopped: 0.0000940 seconds
2015-04-04T05:26:38.799-0100: 18123.421: Total time for which application threads were stopped: 0.0000840 seconds
2015-04-04T05:26:38.817-0100: 18123.440: Total time for which application threads were stopped: 0.0003000 seconds
2015-04-04T05:26:38.817-0100: 18123.440: Total time for which application threads were stopped: 0.0001270 seconds
2015-04-04T05:26:38.818-0100: 18123.440: Total time for which application threads were stopped: 0.0000640 seconds
2015-04-04T05:26:38.818-0100: 18123.440: Total time for which application threads were stopped: 0.0001080 seconds
2015-04-04T05:26:38.865-0100: 18123.487: Total time for which application threads were stopped: 0.0001510 seconds
2015-04-04T05:26:38.865-0100: 18123.488: Total time for which application threads were stopped: 0.0000840 seconds
2015-04-04T05:26:38.887-0100: 18123.509: Total time for which application threads were stopped: 0.0000930 seconds
2015-04-04T05:26:38.888-0100: 18123.510: Total time for which application threads were stopped: 0.0000880 seconds
2015-04-04T05:26:38.892-0100: 18123.514: Total time for which application threads were stopped: 0.0000950 seconds
2015-04-04T05:26:38.893-0100: 18123.515: Total time for which application threads were stopped: 0.0000720 seconds
{Heap before GC invocations=16 (full 0):
 par new generation   total 109248K, used 97070K [0x00000007dae00000, 0x00000007e2e00000, 0x00000007e2e00000)
  eden space 87424K, 100% used [0x00000007dae00000, 0x00000007e0360000, 0x00000007e0360000)
  from space 21824K,  44% used [0x00000007e0360000, 0x00000007e0ccbb40, 0x00000007e18b0000)
  to   space 21824K,   0% used [0x00000007e18b0000, 0x00000007e18b0000, 0x00000007e2e00000)
 concurrent mark-sweep generation total 393216K, used 9040K [0x00000007e2e00000, 0x00000007fae00000, 0x00000007fae00000)
 concurrent-mark-sweep perm gen total 31040K, used 30866K [0x00000007fae00000, 0x00000007fcc50000, 0x0000000800000000)
2015-04-04T05:26:38.956-0100: 18123.578: [GC2015-04-04T05:26:38.956-0100: 18123.578: [ParNew
Desired survivor size 20112992 bytes, new threshold 8 (max 8)
- age   1:    2020000 bytes,    2020000 total
- age   2:     556344 bytes,    2576344 total
- age   3:     688880 bytes,    3265224 total
- age   4:      91384 bytes,    3356608 total
- age   5:      68440 bytes,    3425048 total
- age   6:     281240 bytes,    3706288 total
- age   7:    5088680 bytes,    8794968 total
- age   8:      46568 bytes,    8841536 total
: 97070K->8834K(109248K), 0.0709490 secs] 106111K->17919K(502464K), 0.0710700 secs] [Times: user=0.03 sys=0.08, real=0.07 secs] 
Heap after GC invocations=17 (full 0):
 par new generation   total 109248K, used 8834K [0x00000007dae00000, 0x00000007e2e00000, 0x00000007e2e00000)
  eden space 87424K,   0% used [0x00000007dae00000, 0x00000007dae00000, 0x00000007e0360000)
  from space 21824K,  40% used [0x00000007e18b0000, 0x00000007e2150878, 0x00000007e2e00000)
  to   space 21824K,   0% used [0x00000007e0360000, 0x00000007e0360000, 0x00000007e18b0000)
 concurrent mark-sweep generation total 393216K, used 9085K [0x00000007e2e00000, 0x00000007fae00000, 0x00000007fae00000)
 concurrent-mark-sweep perm gen total 31040K, used 30866K [0x00000007fae00000, 0x00000007fcc50000, 0x0000000800000000)
}
2015-04-04T05:26:39.027-0100: 18123.649: Total time for which application threads were stopped: 0.0713390 seconds
2015-04-04T05:26:39.028-0100: 18123.651: Total time for which application threads were stopped: 0.0011570 seconds
2015-04-04T05:26:39.080-0100: 18123.703: Total time for which application threads were stopped: 0.0028500 seconds
2015-04-04T05:26:39.081-0100: 18123.704: Total time for which application threads were stopped: 0.0001640 seconds
2015-04-04T05:26:40.092-0100: 18124.715: Total time for which application threads were stopped: 0.0068400 seconds
2015-04-04T05:27:28.946-0100: 18173.569: Total time for which application threads were stopped: 0.0099670 seconds
2015-04-04T05:27:29.041-0100: 18173.663: Total time for which application threads were stopped: 0.0000710 seconds
2015-04-04T05:27:29.087-0100: 18173.710: Total time for which application threads were stopped: 0.0000760 seconds
2015-04-04T05:27:29.189-0100: 18173.811: Total time for which application threads were stopped: 0.0000720 seconds
2015-04-04T05:35:59.672-0100: 18684.295: Total time for which application threads were stopped: 0.0215400 seconds
2015-04-04T05:35:59.673-0100: 18684.296: Total time for which application threads were stopped: 0.0000630 seconds
2015-04-04T05:35:59.740-0100: 18684.362: Total time for which application threads were stopped: 0.0000610 seconds
2015-04-04T05:35:59.741-0100: 18684.363: Total time for which application threads were stopped: 0.0000550 seconds
2015-04-04T05:35:59.752-0100: 18684.375: Total time for which application threads were stopped: 0.0000770 seconds
2015-04-04T05:35:59.782-0100: 18684.405: Total time for which application threads were stopped: 0.0000600 seconds
2015-04-04T05:35:59.782-0100: 18684.405: Total time for which application threads were stopped: 0.0000540 seconds
2015-04-04T05:35:59.782-0100: 18684.405: Total time for which application threads were stopped: 0.0000400 seconds
2015-04-04T05:35:59.783-0100: 18684.405: Total time for which application threads were stopped: 0.0000300 seconds
2015-04-04T05:35:59.784-0100: 18684.407: Total time for which application threads were stopped: 0.0001730 seconds
2015-04-04T05:35:59.785-0100: 18684.407: Total time for which application threads were stopped: 0.0001140 seconds
2015-04-04T05:35:59.853-0100: 18684.475: Total time for which application threads were stopped: 0.0001360 seconds
2015-04-04T05:35:59.854-0100: 18684.476: Total time for which application threads were stopped: 0.0000750 seconds
2015-04-04T05:35:59.858-0100: 18684.481: Total time for which application threads were stopped: 0.0000680 seconds
2015-04-04T05:35:59.858-0100: 18684.481: Total time for which application threads were stopped: 0.0000570 seconds
2015-04-04T05:35:59.880-0100: 18684.502: Total time for which application threads were stopped: 0.0000880 seconds
2015-04-04T05:35:59.882-0100: 18684.504: Total time for which application threads were stopped: 0.0013190 seconds
2015-04-04T05:35:59.886-0100: 18684.508: Total time for which application threads were stopped: 0.0019070 seconds
2015-04-04T05:35:59.948-0100: 18684.571: Total time for which application threads were stopped: 0.0000910 seconds
2015-04-04T05:35:59.963-0100: 18684.585: Total time for which application threads were stopped: 0.0000900 seconds
2015-04-04T05:35:59.963-0100: 18684.585: Total time for which application threads were stopped: 0.0000650 seconds
2015-04-04T05:36:00.184-0100: 18684.806: Total time for which application threads were stopped: 0.0069220 seconds
2015-04-04T05:36:00.184-0100: 18684.807: Total time for which application threads were stopped: 0.0001760 seconds
2015-04-04T05:36:00.185-0100: 18684.808: Total time for which application threads were stopped: 0.0000950 seconds
2015-04-04T05:36:00.187-0100: 18684.809: Total time for which application threads were stopped: 0.0000680 seconds
2015-04-04T05:36:00.203-0100: 18684.826: Total time for which application threads were stopped: 0.0000760 seconds
2015-04-04T05:36:00.235-0100: 18684.857: Total time for which application threads were stopped: 0.0001070 seconds
2015-04-04T05:36:49.960-0100: 18734.583: Total time for which application threads were stopped: 0.0265420 seconds
2015-04-04T05:36:58.301-0100: 18742.923: Total time for which application threads were stopped: 0.0078090 seconds
2015-04-04T05:36:58.301-0100: 18742.923: Total time for which application threads were stopped: 0.0000360 seconds
2015-04-04T05:36:58.326-0100: 18742.949: Total time for which application threads were stopped: 0.0001510 seconds
2015-04-04T05:36:58.327-0100: 18742.949: Total time for which application threads were stopped: 0.0000380 seconds
2015-04-04T05:36:58.342-0100: 18742.964: Total time for which application threads were stopped: 0.0000770 seconds
2015-04-04T05:36:58.362-0100: 18742.984: Total time for which application threads were stopped: 0.0000910 seconds
2015-04-04T05:36:58.397-0100: 18743.019: Total time for which application threads were stopped: 0.0001190 seconds
2015-04-04T05:36:58.397-0100: 18743.020: Total time for which application threads were stopped: 0.0001180 seconds
2015-04-04T05:36:58.401-0100: 18743.024: Total time for which application threads were stopped: 0.0000460 seconds
2015-04-04T05:36:58.401-0100: 18743.024: Total time for which application threads were stopped: 0.0000230 seconds
2015-04-04T05:36:58.419-0100: 18743.041: Total time for which application threads were stopped: 0.0001990 seconds
2015-04-04T05:36:58.419-0100: 18743.042: Total time for which application threads were stopped: 0.0000650 seconds
2015-04-04T05:36:58.420-0100: 18743.042: Total time for which application threads were stopped: 0.0000900 seconds
2015-04-04T05:36:58.421-0100: 18743.043: Total time for which application threads were stopped: 0.0000870 seconds
2015-04-04T05:36:58.577-0100: 18743.200: Total time for which application threads were stopped: 0.0001140 seconds
2015-04-04T05:36:58.578-0100: 18743.200: Total time for which application threads were stopped: 0.0000570 seconds
2015-04-04T05:36:58.585-0100: 18743.207: Total time for which application threads were stopped: 0.0000990 seconds
2015-04-04T05:36:58.608-0100: 18743.231: Total time for which application threads were stopped: 0.0001140 seconds
2015-04-04T05:36:58.611-0100: 18743.234: Total time for which application threads were stopped: 0.0002370 seconds
2015-04-04T05:36:58.611-0100: 18743.234: Total time for which application threads were stopped: 0.0000890 seconds
2015-04-04T05:36:58.651-0100: 18743.274: Total time for which application threads were stopped: 0.0000750 seconds
2015-04-04T05:36:58.652-0100: 18743.274: Total time for which application threads were stopped: 0.0000620 seconds
2015-04-04T05:36:58.667-0100: 18743.290: Total time for which application threads were stopped: 0.0000820 seconds
2015-04-04T05:36:58.668-0100: 18743.290: Total time for which application threads were stopped: 0.0000590 seconds
2015-04-04T05:36:58.691-0100: 18743.313: Total time for which application threads were stopped: 0.0000710 seconds
2015-04-04T05:36:58.703-0100: 18743.325: Total time for which application threads were stopped: 0.0002540 seconds
2015-04-04T05:36:58.704-0100: 18743.326: Total time for which application threads were stopped: 0.0000760 seconds
2015-04-04T05:36:58.708-0100: 18743.331: Total time for which application threads were stopped: 0.0000900 seconds
2015-04-04T05:36:58.768-0100: 18743.391: Total time for which application threads were stopped: 0.0000850 seconds
2015-04-04T05:37:24.988-0100: 18769.612: Total time for which application threads were stopped: 0.0252520 seconds
2015-04-04T05:37:24.991-0100: 18769.613: Total time for which application threads were stopped: 0.0001370 seconds
2015-04-04T05:37:24.995-0100: 18769.618: Total time for which application threads were stopped: 0.0000580 seconds
2015-04-04T05:37:25.008-0100: 18769.631: Total time for which application threads were stopped: 0.0001060 seconds
2015-04-04T05:37:25.008-0100: 18769.631: Total time for which application threads were stopped: 0.0000710 seconds
2015-04-04T05:37:25.009-0100: 18769.631: Total time for which application threads were stopped: 0.0000520 seconds
2015-04-04T05:37:25.009-0100: 18769.631: Total time for which application threads were stopped: 0.0000750 seconds
2015-04-04T05:37:25.048-0100: 18769.671: Total time for which application threads were stopped: 0.0001310 seconds
2015-04-04T05:37:25.049-0100: 18769.671: Total time for which application threads were stopped: 0.0001280 seconds
2015-04-04T05:37:25.068-0100: 18769.691: Total time for which application threads were stopped: 0.0000910 seconds
2015-04-04T05:37:25.069-0100: 18769.692: Total time for which application threads were stopped: 0.0000820 seconds
2015-04-04T05:37:25.069-0100: 18769.692: Total time for which application threads were stopped: 0.0000730 seconds
2015-04-04T05:37:25.070-0100: 18769.692: Total time for which application threads were stopped: 0.0000650 seconds
2015-04-04T05:37:25.132-0100: 18769.754: Total time for which application threads were stopped: 0.0001090 seconds
2015-04-04T05:37:25.198-0100: 18769.821: Total time for which application threads were stopped: 0.0000720 seconds
2015-04-04T05:37:25.199-0100: 18769.821: Total time for which application threads were stopped: 0.0000650 seconds
2015-04-04T05:37:25.266-0100: 18769.888: Total time for which application threads were stopped: 0.0002270 seconds
2015-04-04T05:37:25.302-0100: 18769.925: Total time for which application threads were stopped: 0.0001850 seconds
2015-04-04T05:37:25.319-0100: 18769.941: Total time for which application threads were stopped: 0.0002530 seconds
2015-04-04T05:37:25.349-0100: 18769.971: Total time for which application threads were stopped: 0.0001060 seconds
2015-04-04T05:38:15.134-0100: 18819.756: Total time for which application threads were stopped: 0.0159950 seconds
2015-04-04T05:38:15.141-0100: 18819.763: Total time for which application threads were stopped: 0.0000640 seconds
2015-04-04T05:38:15.394-0100: 18820.016: Total time for which application threads were stopped: 0.0000750 seconds
2015-04-04T05:39:50.376-0100: 18914.999: Total time for which application threads were stopped: 0.0371230 seconds
2015-04-04T05:39:50.378-0100: 18915.000: Total time for which application threads were stopped: 0.0000490 seconds
2015-04-04T05:39:50.467-0100: 18915.090: Total time for which application threads were stopped: 0.0000660 seconds
2015-04-04T05:39:50.468-0100: 18915.090: Total time for which application threads were stopped: 0.0000470 seconds
2015-04-04T05:39:50.473-0100: 18915.095: Total time for which application threads were stopped: 0.0002650 seconds
2015-04-04T05:39:50.473-0100: 18915.096: Total time for which application threads were stopped: 0.0000730 seconds
2015-04-04T05:39:50.481-0100: 18915.104: Total time for which application threads were stopped: 0.0002820 seconds
2015-04-04T05:39:50.502-0100: 18915.124: Total time for which application threads were stopped: 0.0003660 seconds
2015-04-04T05:39:50.502-0100: 18915.125: Total time for which application threads were stopped: 0.0003780 seconds
2015-04-04T05:39:50.503-0100: 18915.125: Total time for which application threads were stopped: 0.0000730 seconds
2015-04-04T05:39:50.503-0100: 18915.125: Total time for which application threads were stopped: 0.0000420 seconds
2015-04-04T05:39:50.503-0100: 18915.126: Total time for which application threads were stopped: 0.0000520 seconds
2015-04-04T05:39:50.573-0100: 18915.195: Total time for which application threads were stopped: 0.0002180 seconds
2015-04-04T05:39:50.574-0100: 18915.197: Total time for which application threads were stopped: 0.0000970 seconds
2015-04-04T05:39:50.629-0100: 18915.252: Total time for which application threads were stopped: 0.0001960 seconds
2015-04-04T05:39:50.630-0100: 18915.252: Total time for which application threads were stopped: 0.0003780 seconds
2015-04-04T05:39:50.635-0100: 18915.257: Total time for which application threads were stopped: 0.0001730 seconds
2015-04-04T05:39:50.659-0100: 18915.282: Total time for which application threads were stopped: 0.0001060 seconds
2015-04-04T05:39:50.660-0100: 18915.282: Total time for which application threads were stopped: 0.0000470 seconds
2015-04-04T05:39:50.660-0100: 18915.282: Total time for which application threads were stopped: 0.0002150 seconds
2015-04-04T05:39:50.660-0100: 18915.282: Total time for which application threads were stopped: 0.0000640 seconds
2015-04-04T05:39:50.660-0100: 18915.282: Total time for which application threads were stopped: 0.0000620 seconds
2015-04-04T05:39:50.671-0100: 18915.293: Total time for which application threads were stopped: 0.0000920 seconds
2015-04-04T05:39:50.671-0100: 18915.293: Total time for which application threads were stopped: 0.0000650 seconds
2015-04-04T05:39:50.734-0100: 18915.357: Total time for which application threads were stopped: 0.0000630 seconds
2015-04-04T05:39:50.734-0100: 18915.357: Total time for which application threads were stopped: 0.0000410 seconds
2015-04-04T05:39:50.737-0100: 18915.359: Total time for which application threads were stopped: 0.0014700 seconds
2015-04-04T05:39:50.738-0100: 18915.361: Total time for which application threads were stopped: 0.0000800 seconds
2015-04-04T05:39:50.887-0100: 18915.510: Total time for which application threads were stopped: 0.0115670 seconds
2015-04-04T05:39:50.900-0100: 18915.522: Total time for which application threads were stopped: 0.0000830 seconds
2015-04-04T05:39:50.901-0100: 18915.523: Total time for which application threads were stopped: 0.0001230 seconds
2015-04-04T05:39:58.327-0100: 18922.949: Total time for which application threads were stopped: 0.0025290 seconds
2015-04-04T05:39:58.327-0100: 18922.949: Total time for which application threads were stopped: 0.0001000 seconds
2015-04-04T05:39:58.391-0100: 18923.014: Total time for which application threads were stopped: 0.0001430 seconds
2015-04-04T05:39:58.454-0100: 18923.076: Total time for which application threads were stopped: 0.0000910 seconds
2015-04-04T05:39:58.503-0100: 18923.125: Total time for which application threads were stopped: 0.0001510 seconds
2015-04-04T05:39:59.513-0100: 18924.135: Total time for which application threads were stopped: 0.0094970 seconds
2015-04-04T05:40:27.606-0100: 18952.228: Total time for which application threads were stopped: 0.0051280 seconds
2015-04-04T05:40:27.606-0100: 18952.229: Total time for which application threads were stopped: 0.0000720 seconds
2015-04-04T05:40:27.614-0100: 18952.236: Total time for which application threads were stopped: 0.0000810 seconds
2015-04-04T05:40:27.631-0100: 18952.254: Total time for which application threads were stopped: 0.0001150 seconds
2015-04-04T05:40:27.632-0100: 18952.255: Total time for which application threads were stopped: 0.0000710 seconds
2015-04-04T05:40:27.633-0100: 18952.255: Total time for which application threads were stopped: 0.0000580 seconds
2015-04-04T05:40:27.633-0100: 18952.255: Total time for which application threads were stopped: 0.0000390 seconds
2015-04-04T05:40:27.675-0100: 18952.297: Total time for which application threads were stopped: 0.0000900 seconds
2015-04-04T05:40:27.675-0100: 18952.298: Total time for which application threads were stopped: 0.0000570 seconds
2015-04-04T05:40:27.709-0100: 18952.331: Total time for which application threads were stopped: 0.0008740 seconds
2015-04-04T05:40:27.712-0100: 18952.335: Total time for which application threads were stopped: 0.0000870 seconds
2015-04-04T05:40:27.712-0100: 18952.335: Total time for which application threads were stopped: 0.0000590 seconds
2015-04-04T05:40:27.713-0100: 18952.335: Total time for which application threads were stopped: 0.0000650 seconds
2015-04-04T05:40:27.778-0100: 18952.401: Total time for which application threads were stopped: 0.0001020 seconds
2015-04-04T05:40:48.504-0100: 18973.127: Total time for which application threads were stopped: 0.0105870 seconds
2015-04-04T05:41:17.779-0100: 19002.401: Total time for which application threads were stopped: 0.0102440 seconds
2015-04-04T05:41:17.786-0100: 19002.408: Total time for which application threads were stopped: 0.0000900 seconds
2015-04-04T05:41:17.895-0100: 19002.518: Total time for which application threads were stopped: 0.0000740 seconds
2015-04-04T05:46:17.034-0100: 19301.656: Total time for which application threads were stopped: 0.0210310 seconds
2015-04-04T05:46:17.035-0100: 19301.657: Total time for which application threads were stopped: 0.0000390 seconds
2015-04-04T05:46:17.090-0100: 19301.712: Total time for which application threads were stopped: 0.0002970 seconds
2015-04-04T05:46:17.090-0100: 19301.713: Total time for which application threads were stopped: 0.0000750 seconds
2015-04-04T05:46:17.146-0100: 19301.768: Total time for which application threads were stopped: 0.0002590 seconds
2015-04-04T05:46:17.211-0100: 19301.833: Total time for which application threads were stopped: 0.0001120 seconds
2015-04-04T05:46:17.211-0100: 19301.833: Total time for which application threads were stopped: 0.0000520 seconds
2015-04-04T05:46:17.251-0100: 19301.874: Total time for which application threads were stopped: 0.0017160 seconds
2015-04-04T05:46:17.319-0100: 19301.942: Total time for which application threads were stopped: 0.0001430 seconds
2015-04-04T05:46:17.320-0100: 19301.942: Total time for which application threads were stopped: 0.0001160 seconds
2015-04-04T05:46:17.324-0100: 19301.946: Total time for which application threads were stopped: 0.0000810 seconds
2015-04-04T05:46:17.352-0100: 19301.974: Total time for which application threads were stopped: 0.0003080 seconds
2015-04-04T05:46:17.360-0100: 19301.983: Total time for which application threads were stopped: 0.0081990 seconds
2015-04-04T05:46:17.361-0100: 19301.983: Total time for which application threads were stopped: 0.0000670 seconds
2015-04-04T05:46:17.399-0100: 19302.021: Total time for which application threads were stopped: 0.0001170 seconds
2015-04-04T05:46:17.399-0100: 19302.021: Total time for which application threads were stopped: 0.0000800 seconds
2015-04-04T05:46:17.399-0100: 19302.022: Total time for which application threads were stopped: 0.0000710 seconds
2015-04-04T05:46:17.399-0100: 19302.022: Total time for which application threads were stopped: 0.0000670 seconds
2015-04-04T05:46:17.506-0100: 19302.129: Total time for which application threads were stopped: 0.0000860 seconds
2015-04-04T05:46:17.507-0100: 19302.130: Total time for which application threads were stopped: 0.0001340 seconds
2015-04-04T05:46:17.525-0100: 19302.148: Total time for which application threads were stopped: 0.0062740 seconds
2015-04-04T05:46:17.526-0100: 19302.148: Total time for which application threads were stopped: 0.0000930 seconds
2015-04-04T05:46:17.526-0100: 19302.148: Total time for which application threads were stopped: 0.0000610 seconds
2015-04-04T05:46:17.551-0100: 19302.173: Total time for which application threads were stopped: 0.0001140 seconds
2015-04-04T05:46:17.559-0100: 19302.181: Total time for which application threads were stopped: 0.0001500 seconds
2015-04-04T05:47:07.371-0100: 19351.993: Total time for which application threads were stopped: 0.0419240 seconds
2015-04-04T05:47:07.371-0100: 19351.994: Total time for which application threads were stopped: 0.0000430 seconds
2015-04-04T05:47:07.512-0100: 19352.135: Total time for which application threads were stopped: 0.0000840 seconds
2015-04-04T05:47:07.613-0100: 19352.236: Total time for which application threads were stopped: 0.0000590 seconds
2015-04-04T07:39:49.644-0100: 26114.268: Total time for which application threads were stopped: 0.1137260 seconds
2015-04-04T08:43:27.753-0100: 29932.375: Total time for which application threads were stopped: 0.1591690 seconds
2015-04-04T08:43:27.760-0100: 29932.383: Total time for which application threads were stopped: 0.0001520 seconds
2015-04-04T08:43:28.225-0100: 29932.848: Total time for which application threads were stopped: 0.0580210 seconds
2015-04-04T08:43:28.231-0100: 29932.853: Total time for which application threads were stopped: 0.0016280 seconds
2015-04-04T08:43:28.237-0100: 29932.860: Total time for which application threads were stopped: 0.0035670 seconds
2015-04-04T08:43:28.407-0100: 29933.030: Total time for which application threads were stopped: 0.0003110 seconds
2015-04-04T08:43:28.617-0100: 29933.239: Total time for which application threads were stopped: 0.0085620 seconds
2015-04-04T08:43:28.640-0100: 29933.262: Total time for which application threads were stopped: 0.0230340 seconds
2015-04-04T08:43:28.757-0100: 29933.380: Total time for which application threads were stopped: 0.0758720 seconds
2015-04-04T08:43:28.804-0100: 29933.426: Total time for which application threads were stopped: 0.0000870 seconds
2015-04-04T08:43:28.804-0100: 29933.426: Total time for which application threads were stopped: 0.0000630 seconds
2015-04-04T08:43:28.804-0100: 29933.426: Total time for which application threads were stopped: 0.0000450 seconds
2015-04-04T08:43:28.806-0100: 29933.428: Total time for which application threads were stopped: 0.0005350 seconds
2015-04-04T08:43:28.809-0100: 29933.431: Total time for which application threads were stopped: 0.0000940 seconds
2015-04-04T08:43:28.917-0100: 29933.539: Total time for which application threads were stopped: 0.0000880 seconds
2015-04-04T08:43:28.917-0100: 29933.539: Total time for which application threads were stopped: 0.0000620 seconds
2015-04-04T08:43:28.928-0100: 29933.550: Total time for which application threads were stopped: 0.0001610 seconds
2015-04-04T08:43:28.928-0100: 29933.551: Total time for which application threads were stopped: 0.0000510 seconds
2015-04-04T08:43:28.928-0100: 29933.551: Total time for which application threads were stopped: 0.0000390 seconds
2015-04-04T08:43:28.928-0100: 29933.551: Total time for which application threads were stopped: 0.0000800 seconds
2015-04-04T08:43:28.989-0100: 29933.611: Total time for which application threads were stopped: 0.0001340 seconds
2015-04-04T08:43:28.989-0100: 29933.612: Total time for which application threads were stopped: 0.0000610 seconds
2015-04-04T08:43:28.989-0100: 29933.612: Total time for which application threads were stopped: 0.0000490 seconds
2015-04-04T08:43:29.003-0100: 29933.625: Total time for which application threads were stopped: 0.0000820 seconds
2015-04-04T08:43:33.720-0100: 29938.343: Total time for which application threads were stopped: 0.0190970 seconds
2015-04-04T08:43:33.721-0100: 29938.344: Total time for which application threads were stopped: 0.0001820 seconds
2015-04-04T08:43:33.749-0100: 29938.371: Total time for which application threads were stopped: 0.0003310 seconds
2015-04-04T08:43:33.749-0100: 29938.371: Total time for which application threads were stopped: 0.0000430 seconds
2015-04-04T08:43:33.749-0100: 29938.371: Total time for which application threads were stopped: 0.0000480 seconds
2015-04-04T08:43:33.749-0100: 29938.371: Total time for which application threads were stopped: 0.0000560 seconds
2015-04-04T08:43:33.962-0100: 29938.585: Total time for which application threads were stopped: 0.0000870 seconds
2015-04-04T08:43:33.962-0100: 29938.585: Total time for which application threads were stopped: 0.0000330 seconds
2015-04-04T08:43:34.024-0100: 29938.646: Total time for which application threads were stopped: 0.0033900 seconds
2015-04-04T08:43:34.028-0100: 29938.650: Total time for which application threads were stopped: 0.0004410 seconds
2015-04-04T08:43:34.353-0100: 29938.976: Total time for which application threads were stopped: 0.0068930 seconds
2015-04-04T08:43:34.353-0100: 29938.976: Total time for which application threads were stopped: 0.0000880 seconds
2015-04-04T08:43:34.479-0100: 29939.101: Total time for which application threads were stopped: 0.0000730 seconds
2015-04-04T08:43:34.479-0100: 29939.101: Total time for which application threads were stopped: 0.0000460 seconds
2015-04-04T08:43:34.480-0100: 29939.102: Total time for which application threads were stopped: 0.0000470 seconds
2015-04-04T08:43:34.490-0100: 29939.113: Total time for which application threads were stopped: 0.0000780 seconds
2015-04-04T08:43:34.491-0100: 29939.113: Total time for which application threads were stopped: 0.0000500 seconds
2015-04-04T08:43:34.506-0100: 29939.128: Total time for which application threads were stopped: 0.0010060 seconds
2015-04-04T08:44:24.224-0100: 29988.848: Total time for which application threads were stopped: 0.0848570 seconds
2015-04-04T08:44:24.362-0100: 29988.984: Total time for which application threads were stopped: 0.0000710 seconds
2015-04-04T08:44:24.518-0100: 29989.141: Total time for which application threads were stopped: 0.0018440 seconds
2015-04-04T08:44:24.519-0100: 29989.141: Total time for which application threads were stopped: 0.0000360 seconds
2015-04-04T08:44:31.110-0100: 29995.732: Total time for which application threads were stopped: 0.0344200 seconds
2015-04-04T08:44:31.112-0100: 29995.734: Total time for which application threads were stopped: 0.0000630 seconds
2015-04-04T08:44:31.240-0100: 29995.863: Total time for which application threads were stopped: 0.0001070 seconds
2015-04-04T08:44:31.241-0100: 29995.864: Total time for which application threads were stopped: 0.0000630 seconds
2015-04-04T08:44:31.261-0100: 29995.883: Total time for which application threads were stopped: 0.0004060 seconds
2015-04-04T08:44:31.263-0100: 29995.885: Total time for which application threads were stopped: 0.0002100 seconds
2015-04-04T08:44:31.293-0100: 29995.915: Total time for which application threads were stopped: 0.0000580 seconds
2015-04-04T08:44:31.373-0100: 29995.995: Total time for which application threads were stopped: 0.0001830 seconds
2015-04-04T08:44:31.373-0100: 29995.995: Total time for which application threads were stopped: 0.0000620 seconds
2015-04-04T08:44:31.373-0100: 29995.996: Total time for which application threads were stopped: 0.0000590 seconds
2015-04-04T08:44:31.373-0100: 29995.996: Total time for which application threads were stopped: 0.0000500 seconds
2015-04-04T08:44:31.376-0100: 29995.998: Total time for which application threads were stopped: 0.0007240 seconds
2015-04-04T08:44:31.550-0100: 29996.173: Total time for which application threads were stopped: 0.0000540 seconds
2015-04-04T08:44:31.550-0100: 29996.173: Total time for which application threads were stopped: 0.0000380 seconds
{Heap before GC invocations=17 (full 0):
 par new generation   total 109248K, used 96258K [0x00000007dae00000, 0x00000007e2e00000, 0x00000007e2e00000)
  eden space 87424K, 100% used [0x00000007dae00000, 0x00000007e0360000, 0x00000007e0360000)
  from space 21824K,  40% used [0x00000007e18b0000, 0x00000007e2150878, 0x00000007e2e00000)
  to   space 21824K,   0% used [0x00000007e0360000, 0x00000007e0360000, 0x00000007e18b0000)
 concurrent mark-sweep generation total 393216K, used 9085K [0x00000007e2e00000, 0x00000007fae00000, 0x00000007fae00000)
 concurrent-mark-sweep perm gen total 31040K, used 30935K [0x00000007fae00000, 0x00000007fcc50000, 0x0000000800000000)
2015-04-04T08:44:31.564-0100: 29996.186: [GC2015-04-04T08:44:31.566-0100: 29996.189: [ParNew
Desired survivor size 20112992 bytes, new threshold 8 (max 8)
- age   1:    1809152 bytes,    1809152 total
- age   2:     133584 bytes,    1942736 total
- age   3:     550200 bytes,    2492936 total
- age   4:     688880 bytes,    3181816 total
- age   5:      91384 bytes,    3273200 total
- age   6:      68440 bytes,    3341640 total
- age   7:     280864 bytes,    3622504 total
- age   8:    2860440 bytes,    6482944 total
: 96258K->8017K(109248K), 0.1783080 secs] 105343K->17149K(502464K), 0.1807350 secs] [Times: user=0.03 sys=0.10, real=0.18 secs] 
Heap after GC invocations=18 (full 0):
 par new generation   total 109248K, used 8017K [0x00000007dae00000, 0x00000007e2e00000, 0x00000007e2e00000)
  eden space 87424K,   0% used [0x00000007dae00000, 0x00000007dae00000, 0x00000007e0360000)
  from space 21824K,  36% used [0x00000007e0360000, 0x00000007e0b346b8, 0x00000007e18b0000)
  to   space 21824K,   0% used [0x00000007e18b0000, 0x00000007e18b0000, 0x00000007e2e00000)
 concurrent mark-sweep generation total 393216K, used 9132K [0x00000007e2e00000, 0x00000007fae00000, 0x00000007fae00000)
 concurrent-mark-sweep perm gen total 31040K, used 30935K [0x00000007fae00000, 0x00000007fcc50000, 0x0000000800000000)
}
2015-04-04T08:44:31.745-0100: 29996.367: Total time for which application threads were stopped: 0.1824750 seconds
2015-04-04T08:44:31.768-0100: 29996.391: Total time for which application threads were stopped: 0.0153870 seconds
2015-04-04T08:44:31.768-0100: 29996.391: Total time for which application threads were stopped: 0.0000490 seconds
2015-04-04T08:44:31.770-0100: 29996.392: Total time for which application threads were stopped: 0.0000690 seconds
2015-04-04T08:44:31.770-0100: 29996.392: Total time for which application threads were stopped: 0.0000580 seconds
2015-04-04T08:44:31.770-0100: 29996.393: Total time for which application threads were stopped: 0.0000650 seconds
2015-04-04T08:44:31.898-0100: 29996.521: Total time for which application threads were stopped: 0.0000930 seconds
2015-04-04T08:44:31.899-0100: 29996.521: Total time for which application threads were stopped: 0.0000330 seconds
2015-04-04T08:44:31.905-0100: 29996.527: Total time for which application threads were stopped: 0.0000600 seconds
2015-04-04T08:44:31.930-0100: 29996.552: Total time for which application threads were stopped: 0.0007490 seconds
2015-04-04T08:44:31.930-0100: 29996.553: Total time for which application threads were stopped: 0.0006020 seconds
2015-04-04T08:44:31.930-0100: 29996.553: Total time for which application threads were stopped: 0.0000620 seconds
2015-04-04T08:44:31.931-0100: 29996.553: Total time for which application threads were stopped: 0.0000560 seconds
2015-04-04T08:44:31.933-0100: 29996.555: Total time for which application threads were stopped: 0.0014870 seconds
2015-04-04T08:44:37.671-0100: 30002.293: Total time for which application threads were stopped: 0.0678650 seconds
2015-04-04T08:44:37.692-0100: 30002.315: Total time for which application threads were stopped: 0.0000760 seconds
2015-04-04T08:44:37.693-0100: 30002.315: Total time for which application threads were stopped: 0.0000540 seconds
2015-04-04T08:44:37.859-0100: 30002.481: Total time for which application threads were stopped: 0.0001000 seconds
2015-04-04T08:44:37.859-0100: 30002.482: Total time for which application threads were stopped: 0.0000600 seconds
2015-04-04T08:44:37.870-0100: 30002.492: Total time for which application threads were stopped: 0.0000790 seconds
2015-04-04T08:44:37.887-0100: 30002.509: Total time for which application threads were stopped: 0.0000980 seconds
2015-04-04T08:44:37.887-0100: 30002.509: Total time for which application threads were stopped: 0.0000560 seconds
2015-04-04T08:44:37.887-0100: 30002.509: Total time for which application threads were stopped: 0.0000550 seconds
2015-04-04T08:44:38.186-0100: 30002.808: Total time for which application threads were stopped: 0.0150680 seconds
2015-04-04T08:44:38.187-0100: 30002.809: Total time for which application threads were stopped: 0.0000960 seconds
2015-04-04T08:44:48.948-0100: 30013.570: Total time for which application threads were stopped: 0.0489970 seconds
2015-04-04T08:44:48.948-0100: 30013.570: Total time for which application threads were stopped: 0.0000430 seconds
2015-04-04T08:44:48.996-0100: 30013.618: Total time for which application threads were stopped: 0.0000820 seconds
2015-04-04T08:44:48.996-0100: 30013.618: Total time for which application threads were stopped: 0.0000670 seconds
2015-04-04T08:44:48.996-0100: 30013.618: Total time for which application threads were stopped: 0.0000390 seconds
2015-04-04T08:44:48.996-0100: 30013.619: Total time for which application threads were stopped: 0.0007210 seconds
2015-04-04T08:44:49.183-0100: 30013.806: Total time for which application threads were stopped: 0.0001520 seconds
2015-04-04T08:44:49.189-0100: 30013.811: Total time for which application threads were stopped: 0.0048910 seconds
2015-04-04T08:44:49.237-0100: 30013.859: Total time for which application threads were stopped: 0.0001040 seconds
2015-04-04T08:44:49.237-0100: 30013.860: Total time for which application threads were stopped: 0.0000550 seconds
2015-04-04T08:44:49.237-0100: 30013.860: Total time for which application threads were stopped: 0.0000260 seconds
2015-04-04T08:44:49.238-0100: 30013.860: Total time for which application threads were stopped: 0.0000850 seconds
2015-04-04T08:44:49.555-0100: 30014.177: Total time for which application threads were stopped: 0.0412100 seconds
2015-04-04T08:44:53.713-0100: 30018.335: Total time for which application threads were stopped: 0.0184700 seconds
2015-04-04T08:44:53.726-0100: 30018.348: Total time for which application threads were stopped: 0.0011640 seconds
2015-04-04T08:44:53.922-0100: 30018.544: Total time for which application threads were stopped: 0.0000850 seconds
2015-04-04T08:44:53.922-0100: 30018.545: Total time for which application threads were stopped: 0.0000560 seconds
2015-04-04T08:44:53.932-0100: 30018.554: Total time for which application threads were stopped: 0.0000660 seconds
2015-04-04T08:44:53.932-0100: 30018.554: Total time for which application threads were stopped: 0.0000360 seconds
2015-04-04T08:44:53.946-0100: 30018.568: Total time for which application threads were stopped: 0.0000710 seconds
2015-04-04T08:44:53.946-0100: 30018.568: Total time for which application threads were stopped: 0.0000640 seconds
2015-04-04T08:44:53.946-0100: 30018.568: Total time for which application threads were stopped: 0.0000430 seconds
2015-04-04T08:44:53.946-0100: 30018.568: Total time for which application threads were stopped: 0.0000550 seconds
2015-04-04T08:44:54.193-0100: 30018.815: Total time for which application threads were stopped: 0.0017900 seconds
2015-04-04T08:44:54.194-0100: 30018.816: Total time for which application threads were stopped: 0.0000940 seconds
2015-04-04T08:44:54.222-0100: 30018.845: Total time for which application threads were stopped: 0.0135560 seconds
2015-04-04T08:44:54.239-0100: 30018.861: Total time for which application threads were stopped: 0.0014610 seconds
2015-04-04T08:44:54.239-0100: 30018.861: Total time for which application threads were stopped: 0.0000540 seconds
2015-04-04T08:44:54.239-0100: 30018.861: Total time for which application threads were stopped: 0.0000310 seconds
2015-04-04T08:44:54.239-0100: 30018.861: Total time for which application threads were stopped: 0.0000360 seconds
2015-04-04T08:44:54.239-0100: 30018.861: Total time for which application threads were stopped: 0.0000440 seconds
2015-04-04T08:44:54.239-0100: 30018.862: Total time for which application threads were stopped: 0.0000420 seconds
2015-04-04T08:44:54.239-0100: 30018.862: Total time for which application threads were stopped: 0.0000350 seconds
2015-04-04T08:45:44.282-0100: 30068.904: Total time for which application threads were stopped: 0.0822790 seconds
2015-04-04T08:45:44.284-0100: 30068.906: Total time for which application threads were stopped: 0.0000850 seconds
2015-04-04T08:46:59.186-0100: 30143.808: Total time for which application threads were stopped: 0.0715660 seconds
2015-04-04T08:46:59.187-0100: 30143.809: Total time for which application threads were stopped: 0.0000600 seconds
2015-04-04T08:46:59.425-0100: 30144.047: Total time for which application threads were stopped: 0.0256920 seconds
2015-04-04T08:46:59.427-0100: 30144.049: Total time for which application threads were stopped: 0.0017340 seconds
2015-04-04T08:46:59.474-0100: 30144.096: Total time for which application threads were stopped: 0.0000890 seconds
2015-04-04T08:46:59.549-0100: 30144.171: Total time for which application threads were stopped: 0.0001370 seconds
2015-04-04T08:46:59.834-0100: 30144.457: Total time for which application threads were stopped: 0.0609180 seconds
2015-04-04T08:46:59.835-0100: 30144.457: Total time for which application threads were stopped: 0.0000640 seconds
2015-04-04T08:46:59.847-0100: 30144.470: Total time for which application threads were stopped: 0.0001930 seconds
2015-04-04T08:46:59.871-0100: 30144.493: Total time for which application threads were stopped: 0.0001180 seconds
2015-04-04T08:46:59.871-0100: 30144.494: Total time for which application threads were stopped: 0.0000770 seconds
2015-04-04T08:46:59.871-0100: 30144.494: Total time for which application threads were stopped: 0.0000600 seconds
2015-04-04T08:46:59.871-0100: 30144.494: Total time for which application threads were stopped: 0.0000640 seconds
2015-04-04T08:46:59.872-0100: 30144.494: Total time for which application threads were stopped: 0.0000590 seconds
2015-04-04T08:46:59.872-0100: 30144.494: Total time for which application threads were stopped: 0.0000570 seconds
2015-04-04T08:47:00.161-0100: 30144.784: Total time for which application threads were stopped: 0.0018580 seconds
2015-04-04T08:47:00.162-0100: 30144.784: Total time for which application threads were stopped: 0.0000820 seconds
2015-04-04T08:47:00.162-0100: 30144.784: Total time for which application threads were stopped: 0.0000540 seconds
2015-04-04T08:47:05.784-0100: 30150.407: Total time for which application threads were stopped: 0.0360580 seconds
2015-04-04T08:47:06.012-0100: 30150.634: Total time for which application threads were stopped: 0.0000970 seconds
2015-04-04T08:47:06.298-0100: 30150.920: Total time for which application threads were stopped: 0.0117260 seconds
2015-04-04T08:47:56.379-0100: 30201.002: Total time for which application threads were stopped: 0.1051090 seconds
2015-04-04T08:47:56.380-0100: 30201.003: Total time for which application threads were stopped: 0.0007290 seconds
2015-04-04T08:49:06.520-0100: 30271.143: Total time for which application threads were stopped: 0.0766000 seconds
2015-04-04T08:49:06.525-0100: 30271.148: Total time for which application threads were stopped: 0.0000610 seconds
2015-04-04T08:49:06.700-0100: 30271.323: Total time for which application threads were stopped: 0.0000850 seconds
2015-04-04T08:49:06.701-0100: 30271.323: Total time for which application threads were stopped: 0.0000500 seconds
2015-04-04T08:49:06.789-0100: 30271.412: Total time for which application threads were stopped: 0.0000600 seconds
2015-04-04T08:49:06.821-0100: 30271.443: Total time for which application threads were stopped: 0.0007890 seconds
2015-04-04T08:49:07.214-0100: 30271.837: Total time for which application threads were stopped: 0.0304380 seconds
2015-04-04T08:49:07.215-0100: 30271.837: Total time for which application threads were stopped: 0.0000460 seconds
2015-04-04T08:49:07.266-0100: 30271.889: Total time for which application threads were stopped: 0.0003430 seconds
2015-04-04T08:49:07.267-0100: 30271.889: Total time for which application threads were stopped: 0.0000680 seconds
2015-04-04T08:49:07.267-0100: 30271.889: Total time for which application threads were stopped: 0.0000360 seconds
2015-04-04T08:49:07.684-0100: 30272.307: Total time for which application threads were stopped: 0.0000820 seconds
2015-04-04T08:49:07.730-0100: 30272.352: Total time for which application threads were stopped: 0.0449000 seconds
2015-04-04T08:49:07.740-0100: 30272.363: Total time for which application threads were stopped: 0.0000970 seconds
2015-04-04T08:49:07.815-0100: 30272.437: Total time for which application threads were stopped: 0.0002710 seconds
2015-04-04T08:49:07.815-0100: 30272.437: Total time for which application threads were stopped: 0.0001490 seconds
2015-04-04T08:49:07.817-0100: 30272.439: Total time for which application threads were stopped: 0.0000900 seconds
2015-04-04T08:49:07.817-0100: 30272.439: Total time for which application threads were stopped: 0.0000620 seconds
2015-04-04T08:49:31.848-0100: 30296.471: Total time for which application threads were stopped: 0.1116770 seconds
2015-04-04T08:49:31.850-0100: 30296.472: Total time for which application threads were stopped: 0.0001910 seconds
2015-04-04T08:49:31.987-0100: 30296.610: Total time for which application threads were stopped: 0.0019630 seconds
2015-04-04T08:49:31.988-0100: 30296.610: Total time for which application threads were stopped: 0.0000670 seconds
2015-04-04T08:49:31.988-0100: 30296.610: Total time for which application threads were stopped: 0.0000610 seconds
2015-04-04T08:49:31.989-0100: 30296.611: Total time for which application threads were stopped: 0.0009350 seconds
2015-04-04T08:49:32.526-0100: 30297.149: Total time for which application threads were stopped: 0.1060850 seconds
2015-04-04T08:49:32.528-0100: 30297.151: Total time for which application threads were stopped: 0.0013540 seconds
2015-04-04T08:49:32.612-0100: 30297.234: Total time for which application threads were stopped: 0.0001180 seconds
2015-04-04T08:49:32.612-0100: 30297.235: Total time for which application threads were stopped: 0.0001840 seconds
2015-04-04T08:49:32.613-0100: 30297.235: Total time for which application threads were stopped: 0.0000590 seconds
2015-04-04T08:49:32.759-0100: 30297.381: Total time for which application threads were stopped: 0.0013950 seconds
2015-04-04T08:49:32.760-0100: 30297.383: Total time for which application threads were stopped: 0.0000730 seconds
2015-04-04T08:49:32.767-0100: 30297.389: Total time for which application threads were stopped: 0.0000750 seconds
2015-04-04T08:49:32.767-0100: 30297.389: Total time for which application threads were stopped: 0.0000260 seconds
2015-04-04T08:49:32.785-0100: 30297.408: Total time for which application threads were stopped: 0.0000710 seconds
2015-04-04T08:49:32.785-0100: 30297.408: Total time for which application threads were stopped: 0.0000500 seconds
2015-04-04T08:49:32.785-0100: 30297.408: Total time for which application threads were stopped: 0.0000530 seconds
2015-04-04T08:49:32.786-0100: 30297.408: Total time for which application threads were stopped: 0.0000510 seconds
2015-04-04T08:49:32.787-0100: 30297.409: Total time for which application threads were stopped: 0.0011750 seconds
2015-04-04T08:50:22.903-0100: 30347.526: Total time for which application threads were stopped: 0.1287260 seconds
2015-04-04T08:50:22.908-0100: 30347.530: Total time for which application threads were stopped: 0.0001260 seconds
2015-04-04T08:50:35.028-0100: 30359.651: Total time for which application threads were stopped: 0.0822230 seconds
2015-04-04T08:50:35.032-0100: 30359.654: Total time for which application threads were stopped: 0.0000620 seconds
2015-04-04T08:50:35.194-0100: 30359.817: Total time for which application threads were stopped: 0.0000680 seconds
2015-04-04T08:50:35.194-0100: 30359.817: Total time for which application threads were stopped: 0.0000310 seconds
2015-04-04T08:50:35.205-0100: 30359.827: Total time for which application threads were stopped: 0.0000930 seconds
2015-04-04T08:50:35.205-0100: 30359.828: Total time for which application threads were stopped: 0.0000300 seconds
2015-04-04T08:50:35.238-0100: 30359.861: Total time for which application threads were stopped: 0.0000620 seconds
2015-04-04T08:50:35.298-0100: 30359.920: Total time for which application threads were stopped: 0.0010400 seconds
2015-04-04T08:50:35.298-0100: 30359.921: Total time for which application threads were stopped: 0.0005610 seconds
2015-04-04T08:50:35.303-0100: 30359.927: Total time for which application threads were stopped: 0.0059090 seconds
2015-04-04T08:50:35.305-0100: 30359.927: Total time for which application threads were stopped: 0.0001170 seconds
2015-04-04T08:50:35.590-0100: 30360.213: Total time for which application threads were stopped: 0.0652340 seconds
2015-04-04T08:50:35.593-0100: 30360.215: Total time for which application threads were stopped: 0.0017700 seconds
2015-04-04T08:50:35.620-0100: 30360.242: Total time for which application threads were stopped: 0.0001550 seconds
2015-04-04T08:50:35.679-0100: 30360.302: Total time for which application threads were stopped: 0.0000700 seconds
2015-04-04T08:50:35.680-0100: 30360.302: Total time for which application threads were stopped: 0.0000540 seconds
2015-04-04T08:50:35.680-0100: 30360.302: Total time for which application threads were stopped: 0.0000700 seconds
2015-04-04T08:50:35.741-0100: 30360.363: Total time for which application threads were stopped: 0.0002020 seconds
2015-04-04T08:50:35.743-0100: 30360.365: Total time for which application threads were stopped: 0.0011770 seconds
2015-04-04T08:50:35.752-0100: 30360.374: Total time for which application threads were stopped: 0.0000780 seconds
2015-04-04T08:50:35.766-0100: 30360.388: Total time for which application threads were stopped: 0.0001060 seconds
2015-04-04T08:50:35.777-0100: 30360.399: Total time for which application threads were stopped: 0.0104100 seconds
2015-04-04T08:50:35.850-0100: 30360.472: Total time for which application threads were stopped: 0.0722590 seconds
2015-04-04T08:51:17.311-0100: 30401.934: Total time for which application threads were stopped: 0.0462370 seconds
2015-04-04T08:51:17.470-0100: 30402.093: Total time for which application threads were stopped: 0.0011070 seconds
2015-04-04T08:51:17.471-0100: 30402.094: Total time for which application threads were stopped: 0.0004610 seconds
2015-04-04T08:51:17.510-0100: 30402.133: Total time for which application threads were stopped: 0.0001240 seconds
2015-04-04T08:51:17.582-0100: 30402.204: Total time for which application threads were stopped: 0.0000790 seconds
2015-04-04T08:51:17.582-0100: 30402.204: Total time for which application threads were stopped: 0.0000430 seconds
2015-04-04T08:51:17.582-0100: 30402.204: Total time for which application threads were stopped: 0.0000640 seconds
2015-04-04T08:51:17.583-0100: 30402.205: Total time for which application threads were stopped: 0.0011860 seconds
2015-04-04T08:51:17.945-0100: 30402.567: Total time for which application threads were stopped: 0.0275720 seconds
2015-04-04T08:51:59.537-0100: 30444.161: Total time for which application threads were stopped: 0.3088860 seconds
2015-04-04T08:51:59.975-0100: 30444.598: Total time for which application threads were stopped: 0.0419820 seconds
2015-04-04T08:52:00.504-0100: 30445.127: Total time for which application threads were stopped: 0.0689430 seconds
2015-04-04T08:52:00.515-0100: 30445.137: Total time for which application threads were stopped: 0.0102560 seconds
2015-04-04T08:52:00.742-0100: 30445.364: Total time for which application threads were stopped: 0.0001790 seconds
2015-04-04T08:52:00.745-0100: 30445.367: Total time for which application threads were stopped: 0.0000860 seconds
2015-04-04T08:52:00.792-0100: 30445.415: Total time for which application threads were stopped: 0.0001920 seconds
2015-04-04T08:52:00.792-0100: 30445.415: Total time for which application threads were stopped: 0.0000660 seconds
2015-04-04T08:52:00.793-0100: 30445.415: Total time for which application threads were stopped: 0.0000430 seconds
2015-04-04T08:52:00.794-0100: 30445.416: Total time for which application threads were stopped: 0.0010680 seconds
2015-04-04T08:52:00.795-0100: 30445.417: Total time for which application threads were stopped: 0.0005190 seconds
2015-04-04T08:52:00.799-0100: 30445.422: Total time for which application threads were stopped: 0.0032000 seconds
2015-04-04T08:52:01.003-0100: 30445.626: Total time for which application threads were stopped: 0.0496750 seconds
2015-04-04T08:52:01.004-0100: 30445.626: Total time for which application threads were stopped: 0.0000740 seconds
2015-04-04T08:52:01.077-0100: 30445.700: Total time for which application threads were stopped: 0.0000880 seconds
2015-04-04T08:52:01.093-0100: 30445.715: Total time for which application threads were stopped: 0.0001000 seconds
2015-04-04T08:52:01.093-0100: 30445.715: Total time for which application threads were stopped: 0.0000410 seconds
2015-04-04T08:52:01.093-0100: 30445.715: Total time for which application threads were stopped: 0.0000370 seconds
2015-04-04T08:52:01.097-0100: 30445.719: Total time for which application threads were stopped: 0.0036280 seconds
2015-04-04T08:52:01.097-0100: 30445.719: Total time for which application threads were stopped: 0.0000830 seconds
2015-04-04T08:52:01.097-0100: 30445.720: Total time for which application threads were stopped: 0.0001030 seconds
2015-04-04T08:52:51.106-0100: 30495.728: Total time for which application threads were stopped: 0.1510920 seconds
2015-04-04T08:52:51.111-0100: 30495.733: Total time for which application threads were stopped: 0.0000570 seconds
2015-04-04T09:00:36.490-0100: 30961.112: Total time for which application threads were stopped: 0.1768220 seconds
2015-04-04T09:00:36.496-0100: 30961.119: Total time for which application threads were stopped: 0.0053070 seconds
2015-04-04T09:00:36.910-0100: 30961.533: Total time for which application threads were stopped: 0.0809560 seconds
2015-04-04T09:00:36.910-0100: 30961.533: Total time for which application threads were stopped: 0.0000630 seconds
2015-04-04T09:00:37.051-0100: 30961.674: Total time for which application threads were stopped: 0.0001790 seconds
2015-04-04T09:00:37.138-0100: 30961.760: Total time for which application threads were stopped: 0.0001460 seconds
2015-04-04T09:00:37.138-0100: 30961.760: Total time for which application threads were stopped: 0.0000690 seconds
2015-04-04T09:00:37.183-0100: 30961.805: Total time for which application threads were stopped: 0.0002930 seconds
2015-04-04T09:00:37.239-0100: 30961.861: Total time for which application threads were stopped: 0.0050780 seconds
2015-04-04T09:00:37.239-0100: 30961.862: Total time for which application threads were stopped: 0.0000830 seconds
2015-04-04T09:00:37.240-0100: 30961.862: Total time for which application threads were stopped: 0.0000670 seconds
2015-04-04T09:00:37.240-0100: 30961.862: Total time for which application threads were stopped: 0.0000550 seconds
2015-04-04T09:00:37.240-0100: 30961.862: Total time for which application threads were stopped: 0.0000520 seconds
2015-04-04T09:00:37.246-0100: 30961.868: Total time for which application threads were stopped: 0.0003680 seconds
2015-04-04T09:00:37.701-0100: 30962.323: Total time for which application threads were stopped: 0.0285040 seconds
2015-04-04T09:00:54.675-0100: 30979.298: Total time for which application threads were stopped: 0.0932290 seconds
2015-04-04T09:00:54.759-0100: 30979.381: Total time for which application threads were stopped: 0.0047450 seconds
2015-04-04T09:00:54.933-0100: 30979.556: Total time for which application threads were stopped: 0.0089230 seconds
2015-04-04T09:00:55.050-0100: 30979.672: Total time for which application threads were stopped: 0.0023460 seconds
2015-04-04T09:00:56.078-0100: 30980.701: Total time for which application threads were stopped: 0.0256600 seconds
2015-04-04T09:01:01.147-0100: 30985.769: Total time for which application threads were stopped: 0.0224130 seconds
2015-04-04T09:01:01.159-0100: 30985.782: Total time for which application threads were stopped: 0.0001200 seconds
{Heap before GC invocations=18 (full 0):
 par new generation   total 109248K, used 95441K [0x00000007dae00000, 0x00000007e2e00000, 0x00000007e2e00000)
  eden space 87424K, 100% used [0x00000007dae00000, 0x00000007e0360000, 0x00000007e0360000)
  from space 21824K,  36% used [0x00000007e0360000, 0x00000007e0b346b8, 0x00000007e18b0000)
  to   space 21824K,   0% used [0x00000007e18b0000, 0x00000007e18b0000, 0x00000007e2e00000)
 concurrent mark-sweep generation total 393216K, used 9132K [0x00000007e2e00000, 0x00000007fae00000, 0x00000007fae00000)
 concurrent-mark-sweep perm gen total 31040K, used 30968K [0x00000007fae00000, 0x00000007fcc50000, 0x0000000800000000)
2015-04-04T09:01:01.268-0100: 30985.890: [GC2015-04-04T09:01:01.269-0100: 30985.892: [ParNew
Desired survivor size 20112992 bytes, new threshold 8 (max 8)
- age   1:    1726456 bytes,    1726456 total
- age   2:     102016 bytes,    1828472 total
- age   3:     124832 bytes,    1953304 total
- age   4:     548944 bytes,    2502248 total
- age   5:     688880 bytes,    3191128 total
- age   6:      91384 bytes,    3282512 total
- age   7:      68440 bytes,    3350952 total
- age   8:     280864 bytes,    3631816 total
: 95441K->4913K(109248K), 0.1110940 secs] 104573K->16846K(502464K), 0.1122980 secs] [Times: user=0.03 sys=0.06, real=0.12 secs] 
Heap after GC invocations=19 (full 0):
 par new generation   total 109248K, used 4913K [0x00000007dae00000, 0x00000007e2e00000, 0x00000007e2e00000)
  eden space 87424K,   0% used [0x00000007dae00000, 0x00000007dae00000, 0x00000007e0360000)
  from space 21824K,  22% used [0x00000007e18b0000, 0x00000007e1d7c520, 0x00000007e2e00000)
  to   space 21824K,   0% used [0x00000007e0360000, 0x00000007e0360000, 0x00000007e18b0000)
 concurrent mark-sweep generation total 393216K, used 11932K [0x00000007e2e00000, 0x00000007fae00000, 0x00000007fae00000)
 concurrent-mark-sweep perm gen total 31040K, used 30968K [0x00000007fae00000, 0x00000007fcc50000, 0x0000000800000000)
}
2015-04-04T09:01:01.383-0100: 30986.006: Total time for which application threads were stopped: 0.1153610 seconds
2015-04-04T09:01:01.393-0100: 30986.016: Total time for which application threads were stopped: 0.0000650 seconds
2015-04-04T09:01:01.469-0100: 30986.091: Total time for which application threads were stopped: 0.0002050 seconds
2015-04-04T09:01:01.470-0100: 30986.092: Total time for which application threads were stopped: 0.0000940 seconds
2015-04-04T09:01:06.245-0100: 30990.868: Total time for which application threads were stopped: 0.0364260 seconds
2015-04-04T09:01:06.245-0100: 30990.868: Total time for which application threads were stopped: 0.0000390 seconds
2015-04-04T09:01:07.283-0100: 30991.905: Total time for which application threads were stopped: 0.0325990 seconds
2015-04-04T09:01:51.511-0100: 31036.133: Total time for which application threads were stopped: 0.0644860 seconds
2015-04-04T09:01:51.512-0100: 31036.134: Total time for which application threads were stopped: 0.0001750 seconds
2015-04-04T09:02:08.425-0100: 31053.048: Total time for which application threads were stopped: 0.0493390 seconds
2015-04-04T09:02:08.426-0100: 31053.048: Total time for which application threads were stopped: 0.0000410 seconds
2015-04-04T09:02:08.528-0100: 31053.150: Total time for which application threads were stopped: 0.0001090 seconds
2015-04-04T09:02:08.530-0100: 31053.152: Total time for which application threads were stopped: 0.0000830 seconds
2015-04-04T09:02:08.539-0100: 31053.162: Total time for which application threads were stopped: 0.0000790 seconds
2015-04-04T09:02:08.580-0100: 31053.203: Total time for which application threads were stopped: 0.0002700 seconds
2015-04-04T09:02:08.710-0100: 31053.332: Total time for which application threads were stopped: 0.0000840 seconds
2015-04-04T09:02:08.710-0100: 31053.332: Total time for which application threads were stopped: 0.0000540 seconds
2015-04-04T09:02:08.743-0100: 31053.366: Total time for which application threads were stopped: 0.0001340 seconds
2015-04-04T09:02:08.744-0100: 31053.366: Total time for which application threads were stopped: 0.0000870 seconds
2015-04-04T09:02:08.984-0100: 31053.607: Total time for which application threads were stopped: 0.0296550 seconds
2015-04-04T09:02:08.984-0100: 31053.607: Total time for which application threads were stopped: 0.0000860 seconds
2015-04-04T09:02:13.498-0100: 31058.120: Total time for which application threads were stopped: 0.0238440 seconds
2015-04-04T09:02:13.696-0100: 31058.318: Total time for which application threads were stopped: 0.0005630 seconds
2015-04-04T09:02:13.812-0100: 31058.434: Total time for which application threads were stopped: 0.0017470 seconds
2015-04-04T09:02:13.812-0100: 31058.434: Total time for which application threads were stopped: 0.0000990 seconds
2015-04-04T09:02:13.839-0100: 31058.461: Total time for which application threads were stopped: 0.0003080 seconds
2015-04-04T09:02:13.867-0100: 31058.490: Total time for which application threads were stopped: 0.0000950 seconds
2015-04-04T09:02:13.867-0100: 31058.490: Total time for which application threads were stopped: 0.0000510 seconds
2015-04-04T09:02:13.867-0100: 31058.490: Total time for which application threads were stopped: 0.0000340 seconds
2015-04-04T09:02:13.868-0100: 31058.490: Total time for which application threads were stopped: 0.0000600 seconds
2015-04-0